======================================================================
  Test Run: 2026-09-25 14:05:11  |  Result: ALL PASSED
  116 tests: 116 passed, 0 failed
======================================================================
    PASS  tests/test_calculations.py::TestCalculateAvoidedCosts::test_output_columns_exist
    PASS  tests/test_calculations.py::TestCalculateAvoidedCosts::test_output_length_8760
    PASS  tests/test_calculations.py::TestCalculateAvoidedCosts::test_gen_capacity_formula
    PASS  tests/test_calculations.py::TestCalculateAvoidedCosts::test_transmission_uses_pcaf
    PASS  tests/test_calculations.py::TestCalculateAvoidedCosts::test_emissions_formula
    PASS  tests/test_calculations.py::TestCalculateAvoidedCosts::test_total_is_sum_of_components
    PASS  tests/test_calculations.py::TestCalculateAvoidedCosts::test_zero_scalars_only_energy
    PASS  tests/test_calculations.py::TestCalculateUrdbBill::test_flat_rate_constant_load
    PASS  tests/test_calculations.py::TestCalculateUrdbBill::test_flat_rate_monthly_proportionality
    PASS  tests/test_calculations.py::TestCalculateUrdbBill::test_zero_load_only_fixed
    PASS  tests/test_calculations.py::TestCalculateUrdbBill::test_demand_charge
    PASS  tests/test_calculations.py::TestCalculateUrdbBill::test_gp_r31_seasonal_tiers
    PASS  tests/test_calculations.py::TestCalculateUrdbBill::test_bill_increases_with_load
    PASS  tests/test_calculations.py::TestGetHourlyEnergyRate::test_flat_rate_constant_everywhere
    PASS  tests/test_calculations.py::TestGetHourlyEnergyRate::test_gp_r31_seasonal_rate_changes
    PASS  tests/test_calculations.py::TestGetHourlyEnergyRate::test_no_energy_structure_returns_zeros
    PASS  tests/test_calculations.py::TestNPVDiscounting::test_discount_factors_sum
    PASS  tests/test_calculations.py::TestNPVDiscounting::test_zero_discount_rate
    PASS  tests/test_calculations.py::TestNPVDiscounting::test_npv_known_answer
    PASS  tests/test_calculations.py::TestNPVDiscounting::test_rim_ratio_calculation
    PASS  tests/test_calculations.py::TestNPVDiscounting::test_rim_zero_lost_revenue
    PASS  tests/test_calculations.py::TestCapacityMetrics::test_epc_uniform_cwft
    PASS  tests/test_calculations.py::TestCapacityMetrics::test_epc_peaked_cwft_higher_for_peaky_load
    PASS  tests/test_calculations.py::TestCapacityMetrics::test_epc_reduction
    PASS  tests/test_calculations.py::TestCapacityMetrics::test_elcc_proxy_formula
    PASS  tests/test_calculations.py::TestCapacityMetrics::test_elcc_proxy_peaky_load
    PASS  tests/test_calculations.py::TestCapacityMetrics::test_cwft_sums_to_one
    PASS  tests/test_calculations.py::TestFindPeakWeek::test_finds_true_spike_outside_fixed_window
    PASS  tests/test_calculations.py::TestFindPeakWeek::test_window_stays_within_month_filter
    PASS  tests/test_calculations.py::TestFindPeakWeek::test_min_mode_finds_lowest_stress_window
    PASS  tests/test_calculations.py::TestFindPeakWeek::test_returns_none_when_no_window_fits
    PASS  tests/test_calculations.py::TestDispatchDrProgram::test_respects_hour_limit
    PASS  tests/test_calculations.py::TestDispatchDrProgram::test_respects_daily_limit
    PASS  tests/test_calculations.py::TestDispatchDrProgram::test_summer_only_season
    PASS  tests/test_calculations.py::TestDispatchDrProgram::test_reduction_capped_at_load
    PASS  tests/test_calculations.py::TestDispatchDrProgram::test_returns_correct_shapes
    PASS  tests/test_calculations.py::TestConfig::test_scenario_options_nonempty
    PASS  tests/test_calculations.py::TestConfig::test_scenario_descriptions_complete
    PASS  tests/test_calculations.py::TestConfig::test_planning_year_options
    PASS  tests/test_calculations.py::TestConfig::test_default_values_positive
    PASS  tests/test_calculations.py::TestConfig::test_grid_components_has_5
    PASS  tests/test_calculations.py::TestConfig::test_week_windows_valid
    PASS  tests/test_calculations.py::TestConfig::test_weather_sensitivity_function
    PASS  tests/test_calculations.py::TestConfig::test_custom_css_nonempty
    PASS  tests/test_calculations.py::TestConfig::test_financial_metric_card_html
    PASS  tests/test_calculations.py::TestVisualizations::test_weekly_overlay_returns_figure
    PASS  tests/test_calculations.py::TestVisualizations::test_weekly_load_and_temp_chart
    PASS  tests/test_calculations.py::TestVisualizations::test_weekly_grid_economics_chart
    PASS  tests/test_calculations.py::TestVisualizations::test_weekly_grid_economics_chart_signed_area_split
    PASS  tests/test_calculations.py::TestVisualizations::test_weekly_grid_economics_chart_revenue_gain_hour_is_distinct_from_grid_value
    PASS  tests/test_calculations.py::TestVisualizations::test_annual_avoided_cost_returns_figure
    PASS  tests/test_calculations.py::TestVisualizations::test_annual_avoided_cost_monthly_boxplot
    PASS  tests/test_calculations.py::TestVisualizations::test_annual_avoided_cost_boxplot_caps_yaxis_and_annotates_outliers
    PASS  tests/test_calculations.py::TestVisualizations::test_stacked_components_returns_figure
    PASS  tests/test_calculations.py::TestVisualizations::test_stacked_components_no_legend
    PASS  tests/test_calculations.py::TestVisualizations::test_winter_summer_comparison_shares_one_legend
    PASS  tests/test_calculations.py::TestVisualizations::test_winter_summer_comparison_y_range_caps_both_panels
    PASS  tests/test_calculations.py::TestVisualizations::test_cost_duration_chart_returns_figure
    PASS  tests/test_calculations.py::TestVisualizations::test_cost_duration_chart_change_matches_baseline_minus_proposed
    PASS  tests/test_calculations.py::TestVisualizations::test_cost_duration_chart_y_range_caps_row1_axis
    PASS  tests/test_calculations.py::TestVisualizations::test_cost_duration_chart_no_y_range_means_no_cap
    PASS  tests/test_calculations.py::TestVisualizations::test_hour_month_heatmap_returns_figure
    PASS  tests/test_calculations.py::TestVisualizations::test_hour_month_heatmap_colorbar_labels_good_and_bad
    PASS  tests/test_calculations.py::TestVisualizations::test_day_hour_heatmap_returns_figure
    PASS  tests/test_calculations.py::TestVisualizations::test_day_hour_heatmap_colorbar_labels_good_and_bad
    PASS  tests/test_calculations.py::TestVisualizations::test_cumulative_cost_chart_returns_figure
    PASS  tests/test_calculations.py::TestVisualizations::test_cumulative_cost_chart_is_the_proposed_minus_baseline_running_total
    PASS  tests/test_calculations.py::TestVisualizations::test_cumulative_cost_chart_shows_added_cost_when_proposed_is_more_expensive
    PASS  tests/test_calculations.py::TestVisualizations::test_lifetime_npv_returns_figure
    PASS  tests/test_calculations.py::TestVisualizations::test_lifetime_npv_lost_revenue_is_negative_and_cumulative_nets_out
    PASS  tests/test_calculations.py::TestVisualizations::test_lifetime_npv_customer_perspective_adds_year_zero_upfront_cost
    PASS  tests/test_calculations.py::TestVisualizations::test_lifetime_npv_utility_combines_recurring_cost_and_upfront_program_cost
    PASS  tests/test_calculations.py::TestVisualizations::test_lifetime_npv_chart_has_no_in_figure_title
    PASS  tests/test_calculations.py::TestVisualizations::test_lifetime_npv_colors_follow_sign_not_fixed_category
    PASS  tests/test_calculations.py::TestVisualizations::test_economic_balance_chart_returns_figure
    PASS  tests/test_calculations.py::TestVisualizations::test_economic_balance_chart_adds_program_cost_bar_when_given
    PASS  tests/test_calculations.py::TestVisualizations::test_economic_balance_chart_labels_follow_actual_sign_not_hardcoded_prefix
    PASS  tests/test_calculations.py::TestVisualizations::test_two_sided_cost_effectiveness_chart_returns_figure
    PASS  tests/test_calculations.py::TestVisualizations::test_bubble_chart_handles_nan_load_defensively
    PASS  tests/test_calculations.py::TestIntegrationPipeline::test_grid_to_avoided_costs_column_contract
    PASS  tests/test_calculations.py::TestIntegrationPipeline::test_full_pipeline_grid_to_npv
    PASS  tests/test_calculations.py::TestIntegrationPipeline::test_dr_dispatch_feeds_into_billing
    PASS  tests/test_calculations.py::TestIntegrationPipeline::test_avoided_costs_feed_into_visualizations
    PASS  tests/test_calculations.py::TestIntegrationPipeline::test_config_defaults_work_with_calculations
    PASS  tests/test_calculations.py::TestLoadProfileIngestion::test_beopt_raw_file_parsing
    PASS  tests/test_calculations.py::TestLoadProfileIngestion::test_load_profiles_directory_scan
    PASS  tests/test_calculations.py::TestLoadProfileIngestion::test_excel_file_parsing
    PASS  tests/test_calculations.py::TestLoadProfileIngestion::test_missing_hour_is_interpolated_not_left_as_nan
    PASS  tests/test_calculations.py::TestLoadProfileIngestion::test_beopt_native_export_format_parsing
    PASS  tests/test_calculations.py::TestLoadProfileIngestion::test_beopt_battery_example_shows_charge_discharge_shift
    PASS  tests/test_calculations.py::TestCostEffectivenessTests::test_trc_and_pct_ratios
    PASS  tests/test_calculations.py::TestCostEffectivenessTests::test_zero_cost_ratios_are_infinite_not_misleadingly_zero
    PASS  tests/test_calculations.py::TestCostEffectivenessTests::test_zero_cost_and_zero_benefit_ratio_is_neutral_zero
    PASS  tests/test_calculations.py::TestCostEffectivenessTests::test_negative_cost_basis_returns_nan_not_a_sign_flipped_ratio
    PASS  tests/test_calculations.py::TestSoutheastUtilityCapacityEngine::test_regulated_fcr_bounds
    PASS  tests/test_calculations.py::TestSoutheastUtilityCapacityEngine::test_regulated_fcr_zero_tax
    PASS  tests/test_calculations.py::TestSoutheastUtilityCapacityEngine::test_ct_carrying_cost_gross_and_net
    PASS  tests/test_calculations.py::TestSoutheastUtilityCapacityEngine::test_southeast_dual_peak_cwf_sums_and_shape
    PASS  tests/test_calculations.py::TestSoutheastUtilityCapacityEngine::test_southeast_dual_peak_cwf_exceedance_with_load
    PASS  tests/test_calculations.py::TestSoutheastUtilityCapacityEngine::test_cwf_lolp_proxy
    PASS  tests/test_calculations.py::TestSoutheastUtilityCapacityEngine::test_cwf_top_n_uniform_and_exceedance
    PASS  tests/test_calculations.py::TestSoutheastUtilityCapacityEngine::test_cwf_peaker_rent
    PASS  tests/test_calculations.py::TestSoutheastUtilityCapacityEngine::test_feeder_pcaf_weights
    PASS  tests/test_calculations.py::TestSoutheastUtilityCapacityEngine::test_avoided_costs_decoupled_td_weights
    PASS  tests/test_calculations.py::TestSoutheastUtilityCapacityEngine::test_new_visualization_functions
    PASS  tests/test_calculations.py::TestSoutheastUtilityCapacityEngine::test_cwf_temperature_exceedance_sums_and_shape
    PASS  tests/test_calculations.py::TestSoutheastUtilityCapacityEngine::test_cwf_temperature_exceedance_colder_gets_more_weight
    PASS  tests/test_calculations.py::TestSoutheastUtilityCapacityEngine::test_cwf_temperature_exceedance_seasonal_split_and_fallback
    PASS  tests/test_cambium_downloader.py::TestCambiumDownloaderConfig::test_southeast_states_covered
    PASS  tests/test_cambium_downloader.py::TestCambiumDownloaderConfig::test_scenario_package_map_structure
    PASS  tests/test_cambium_downloader.py::TestRemoteZipReader::test_seek_and_tell
    PASS  tests/test_cambium_downloader.py::TestRemoteZipReader::test_invalid_whence
    PASS  tests/test_cambium_downloader.py::TestRemoteZipReader::test_read_boundary
    PASS  tests/test_cambium_downloader.py::TestMissingDataDetection::test_empty_directory_flags_all
    PASS  tests/test_cambium_downloader.py::TestMissingDataDetection::test_detected_file_reduces_missing
    PASS  tests/test_cambium_downloader.py::TestMissingDataDetection::test_pd_read_first_rows

======================================================================
  Test Run: 2026-09-25 11:07:04  |  Result: ALL PASSED
  116 tests: 116 passed, 0 failed
======================================================================
    PASS  tests/test_calculations.py::TestCalculateAvoidedCosts::test_output_columns_exist
    PASS  tests/test_calculations.py::TestCalculateAvoidedCosts::test_output_length_8760
    PASS  tests/test_calculations.py::TestCalculateAvoidedCosts::test_gen_capacity_formula
    PASS  tests/test_calculations.py::TestCalculateAvoidedCosts::test_transmission_uses_pcaf
    PASS  tests/test_calculations.py::TestCalculateAvoidedCosts::test_emissions_formula
    PASS  tests/test_calculations.py::TestCalculateAvoidedCosts::test_total_is_sum_of_components
    PASS  tests/test_calculations.py::TestCalculateAvoidedCosts::test_zero_scalars_only_energy
    PASS  tests/test_calculations.py::TestCalculateUrdbBill::test_flat_rate_constant_load
    PASS  tests/test_calculations.py::TestCalculateUrdbBill::test_flat_rate_monthly_proportionality
    PASS  tests/test_calculations.py::TestCalculateUrdbBill::test_zero_load_only_fixed
    PASS  tests/test_calculations.py::TestCalculateUrdbBill::test_demand_charge
    PASS  tests/test_calculations.py::TestCalculateUrdbBill::test_gp_r31_seasonal_tiers
    PASS  tests/test_calculations.py::TestCalculateUrdbBill::test_bill_increases_with_load
    PASS  tests/test_calculations.py::TestGetHourlyEnergyRate::test_flat_rate_constant_everywhere
    PASS  tests/test_calculations.py::TestGetHourlyEnergyRate::test_gp_r31_seasonal_rate_changes
    PASS  tests/test_calculations.py::TestGetHourlyEnergyRate::test_no_energy_structure_returns_zeros
    PASS  tests/test_calculations.py::TestNPVDiscounting::test_discount_factors_sum
    PASS  tests/test_calculations.py::TestNPVDiscounting::test_zero_discount_rate
    PASS  tests/test_calculations.py::TestNPVDiscounting::test_npv_known_answer
    PASS  tests/test_calculations.py::TestNPVDiscounting::test_rim_ratio_calculation
    PASS  tests/test_calculations.py::TestNPVDiscounting::test_rim_zero_lost_revenue
    PASS  tests/test_calculations.py::TestCapacityMetrics::test_epc_uniform_cwft
    PASS  tests/test_calculations.py::TestCapacityMetrics::test_epc_peaked_cwft_higher_for_peaky_load
    PASS  tests/test_calculations.py::TestCapacityMetrics::test_epc_reduction
    PASS  tests/test_calculations.py::TestCapacityMetrics::test_elcc_proxy_formula
    PASS  tests/test_calculations.py::TestCapacityMetrics::test_elcc_proxy_peaky_load
    PASS  tests/test_calculations.py::TestCapacityMetrics::test_cwft_sums_to_one
    PASS  tests/test_calculations.py::TestFindPeakWeek::test_finds_true_spike_outside_fixed_window
    PASS  tests/test_calculations.py::TestFindPeakWeek::test_window_stays_within_month_filter
    PASS  tests/test_calculations.py::TestFindPeakWeek::test_min_mode_finds_lowest_stress_window
    PASS  tests/test_calculations.py::TestFindPeakWeek::test_returns_none_when_no_window_fits
    PASS  tests/test_calculations.py::TestDispatchDrProgram::test_respects_hour_limit
    PASS  tests/test_calculations.py::TestDispatchDrProgram::test_respects_daily_limit
    PASS  tests/test_calculations.py::TestDispatchDrProgram::test_summer_only_season
    PASS  tests/test_calculations.py::TestDispatchDrProgram::test_reduction_capped_at_load
    PASS  tests/test_calculations.py::TestDispatchDrProgram::test_returns_correct_shapes
    PASS  tests/test_calculations.py::TestConfig::test_scenario_options_nonempty
    PASS  tests/test_calculations.py::TestConfig::test_scenario_descriptions_complete
    PASS  tests/test_calculations.py::TestConfig::test_planning_year_options
    PASS  tests/test_calculations.py::TestConfig::test_default_values_positive
    PASS  tests/test_calculations.py::TestConfig::test_grid_components_has_5
    PASS  tests/test_calculations.py::TestConfig::test_week_windows_valid
    PASS  tests/test_calculations.py::TestConfig::test_weather_sensitivity_function
    PASS  tests/test_calculations.py::TestConfig::test_custom_css_nonempty
    PASS  tests/test_calculations.py::TestConfig::test_financial_metric_card_html
    PASS  tests/test_calculations.py::TestVisualizations::test_weekly_overlay_returns_figure
    PASS  tests/test_calculations.py::TestVisualizations::test_weekly_load_and_temp_chart
    PASS  tests/test_calculations.py::TestVisualizations::test_weekly_grid_economics_chart
    PASS  tests/test_calculations.py::TestVisualizations::test_weekly_grid_economics_chart_signed_area_split
    PASS  tests/test_calculations.py::TestVisualizations::test_weekly_grid_economics_chart_revenue_gain_hour_is_distinct_from_grid_value
    PASS  tests/test_calculations.py::TestVisualizations::test_annual_avoided_cost_returns_figure
    PASS  tests/test_calculations.py::TestVisualizations::test_annual_avoided_cost_monthly_boxplot
    PASS  tests/test_calculations.py::TestVisualizations::test_annual_avoided_cost_boxplot_caps_yaxis_and_annotates_outliers
    PASS  tests/test_calculations.py::TestVisualizations::test_stacked_components_returns_figure
    PASS  tests/test_calculations.py::TestVisualizations::test_stacked_components_no_legend
    PASS  tests/test_calculations.py::TestVisualizations::test_winter_summer_comparison_shares_one_legend
    PASS  tests/test_calculations.py::TestVisualizations::test_winter_summer_comparison_y_range_caps_both_panels
    PASS  tests/test_calculations.py::TestVisualizations::test_cost_duration_chart_returns_figure
    PASS  tests/test_calculations.py::TestVisualizations::test_cost_duration_chart_change_matches_baseline_minus_proposed
    PASS  tests/test_calculations.py::TestVisualizations::test_cost_duration_chart_y_range_caps_row1_axis
    PASS  tests/test_calculations.py::TestVisualizations::test_cost_duration_chart_no_y_range_means_no_cap
    PASS  tests/test_calculations.py::TestVisualizations::test_hour_month_heatmap_returns_figure
    PASS  tests/test_calculations.py::TestVisualizations::test_hour_month_heatmap_colorbar_labels_good_and_bad
    PASS  tests/test_calculations.py::TestVisualizations::test_day_hour_heatmap_returns_figure
    PASS  tests/test_calculations.py::TestVisualizations::test_day_hour_heatmap_colorbar_labels_good_and_bad
    PASS  tests/test_calculations.py::TestVisualizations::test_cumulative_cost_chart_returns_figure
    PASS  tests/test_calculations.py::TestVisualizations::test_cumulative_cost_chart_is_the_proposed_minus_baseline_running_total
    PASS  tests/test_calculations.py::TestVisualizations::test_cumulative_cost_chart_shows_added_cost_when_proposed_is_more_expensive
    PASS  tests/test_calculations.py::TestVisualizations::test_lifetime_npv_returns_figure
    PASS  tests/test_calculations.py::TestVisualizations::test_lifetime_npv_lost_revenue_is_negative_and_cumulative_nets_out
    PASS  tests/test_calculations.py::TestVisualizations::test_lifetime_npv_customer_perspective_adds_year_zero_upfront_cost
    PASS  tests/test_calculations.py::TestVisualizations::test_lifetime_npv_utility_combines_recurring_cost_and_upfront_program_cost
    PASS  tests/test_calculations.py::TestVisualizations::test_lifetime_npv_chart_has_no_in_figure_title
    PASS  tests/test_calculations.py::TestVisualizations::test_lifetime_npv_colors_follow_sign_not_fixed_category
    PASS  tests/test_calculations.py::TestVisualizations::test_economic_balance_chart_returns_figure
    PASS  tests/test_calculations.py::TestVisualizations::test_economic_balance_chart_adds_program_cost_bar_when_given
    PASS  tests/test_calculations.py::TestVisualizations::test_economic_balance_chart_labels_follow_actual_sign_not_hardcoded_prefix
    PASS  tests/test_calculations.py::TestVisualizations::test_two_sided_cost_effectiveness_chart_returns_figure
    PASS  tests/test_calculations.py::TestVisualizations::test_bubble_chart_handles_nan_load_defensively
    PASS  tests/test_calculations.py::TestIntegrationPipeline::test_grid_to_avoided_costs_column_contract
    PASS  tests/test_calculations.py::TestIntegrationPipeline::test_full_pipeline_grid_to_npv
    PASS  tests/test_calculations.py::TestIntegrationPipeline::test_dr_dispatch_feeds_into_billing
    PASS  tests/test_calculations.py::TestIntegrationPipeline::test_avoided_costs_feed_into_visualizations
    PASS  tests/test_calculations.py::TestIntegrationPipeline::test_config_defaults_work_with_calculations
    PASS  tests/test_calculations.py::TestLoadProfileIngestion::test_beopt_raw_file_parsing
    PASS  tests/test_calculations.py::TestLoadProfileIngestion::test_load_profiles_directory_scan
    PASS  tests/test_calculations.py::TestLoadProfileIngestion::test_excel_file_parsing
    PASS  tests/test_calculations.py::TestLoadProfileIngestion::test_missing_hour_is_interpolated_not_left_as_nan
    PASS  tests/test_calculations.py::TestLoadProfileIngestion::test_beopt_native_export_format_parsing
    PASS  tests/test_calculations.py::TestLoadProfileIngestion::test_beopt_battery_example_shows_charge_discharge_shift
    PASS  tests/test_calculations.py::TestCostEffectivenessTests::test_trc_and_pct_ratios
    PASS  tests/test_calculations.py::TestCostEffectivenessTests::test_zero_cost_ratios_are_infinite_not_misleadingly_zero
    PASS  tests/test_calculations.py::TestCostEffectivenessTests::test_zero_cost_and_zero_benefit_ratio_is_neutral_zero
    PASS  tests/test_calculations.py::TestCostEffectivenessTests::test_negative_cost_basis_returns_nan_not_a_sign_flipped_ratio
    PASS  tests/test_calculations.py::TestSoutheastUtilityCapacityEngine::test_regulated_fcr_bounds
    PASS  tests/test_calculations.py::TestSoutheastUtilityCapacityEngine::test_regulated_fcr_zero_tax
    PASS  tests/test_calculations.py::TestSoutheastUtilityCapacityEngine::test_ct_carrying_cost_gross_and_net
    PASS  tests/test_calculations.py::TestSoutheastUtilityCapacityEngine::test_southeast_dual_peak_cwf_sums_and_shape
    PASS  tests/test_calculations.py::TestSoutheastUtilityCapacityEngine::test_southeast_dual_peak_cwf_exceedance_with_load
    PASS  tests/test_calculations.py::TestSoutheastUtilityCapacityEngine::test_cwf_lolp_proxy
    PASS  tests/test_calculations.py::TestSoutheastUtilityCapacityEngine::test_cwf_top_n_uniform_and_exceedance
    PASS  tests/test_calculations.py::TestSoutheastUtilityCapacityEngine::test_cwf_peaker_rent
    PASS  tests/test_calculations.py::TestSoutheastUtilityCapacityEngine::test_feeder_pcaf_weights
    PASS  tests/test_calculations.py::TestSoutheastUtilityCapacityEngine::test_avoided_costs_decoupled_td_weights
    PASS  tests/test_calculations.py::TestSoutheastUtilityCapacityEngine::test_new_visualization_functions
    PASS  tests/test_calculations.py::TestSoutheastUtilityCapacityEngine::test_cwf_temperature_exceedance_sums_and_shape
    PASS  tests/test_calculations.py::TestSoutheastUtilityCapacityEngine::test_cwf_temperature_exceedance_colder_gets_more_weight
    PASS  tests/test_calculations.py::TestSoutheastUtilityCapacityEngine::test_cwf_temperature_exceedance_seasonal_split_and_fallback
    PASS  tests/test_cambium_downloader.py::TestCambiumDownloaderConfig::test_southeast_states_covered
    PASS  tests/test_cambium_downloader.py::TestCambiumDownloaderConfig::test_scenario_package_map_structure
    PASS  tests/test_cambium_downloader.py::TestRemoteZipReader::test_seek_and_tell
    PASS  tests/test_cambium_downloader.py::TestRemoteZipReader::test_invalid_whence
    PASS  tests/test_cambium_downloader.py::TestRemoteZipReader::test_read_boundary
    PASS  tests/test_cambium_downloader.py::TestMissingDataDetection::test_empty_directory_flags_all
    PASS  tests/test_cambium_downloader.py::TestMissingDataDetection::test_detected_file_reduces_missing
    PASS  tests/test_cambium_downloader.py::TestMissingDataDetection::test_pd_read_first_rows

======================================================================
  Test Run: 2026-09-25 11:06:07  |  Result: ALL PASSED
  6 tests: 6 passed, 0 failed
======================================================================
    PASS  tests/test_calculations.py::TestVisualizations::test_economic_balance_chart_returns_figure
    PASS  tests/test_calculations.py::TestVisualizations::test_economic_balance_chart_adds_program_cost_bar_when_given
    PASS  tests/test_calculations.py::TestVisualizations::test_economic_balance_chart_labels_follow_actual_sign_not_hardcoded_prefix
    PASS  tests/test_calculations.py::TestCostEffectivenessTests::test_zero_cost_ratios_are_infinite_not_misleadingly_zero
    PASS  tests/test_calculations.py::TestCostEffectivenessTests::test_zero_cost_and_zero_benefit_ratio_is_neutral_zero
    PASS  tests/test_calculations.py::TestCostEffectivenessTests::test_negative_cost_basis_returns_nan_not_a_sign_flipped_ratio

======================================================================
  Test Run: 2026-09-25 10:49:28  |  Result: ALL PASSED
  114 tests: 114 passed, 0 failed
======================================================================
    PASS  tests/test_calculations.py::TestCalculateAvoidedCosts::test_output_columns_exist
    PASS  tests/test_calculations.py::TestCalculateAvoidedCosts::test_output_length_8760
    PASS  tests/test_calculations.py::TestCalculateAvoidedCosts::test_gen_capacity_formula
    PASS  tests/test_calculations.py::TestCalculateAvoidedCosts::test_transmission_uses_pcaf
    PASS  tests/test_calculations.py::TestCalculateAvoidedCosts::test_emissions_formula
    PASS  tests/test_calculations.py::TestCalculateAvoidedCosts::test_total_is_sum_of_components
    PASS  tests/test_calculations.py::TestCalculateAvoidedCosts::test_zero_scalars_only_energy
    PASS  tests/test_calculations.py::TestCalculateUrdbBill::test_flat_rate_constant_load
    PASS  tests/test_calculations.py::TestCalculateUrdbBill::test_flat_rate_monthly_proportionality
    PASS  tests/test_calculations.py::TestCalculateUrdbBill::test_zero_load_only_fixed
    PASS  tests/test_calculations.py::TestCalculateUrdbBill::test_demand_charge
    PASS  tests/test_calculations.py::TestCalculateUrdbBill::test_gp_r31_seasonal_tiers
    PASS  tests/test_calculations.py::TestCalculateUrdbBill::test_bill_increases_with_load
    PASS  tests/test_calculations.py::TestGetHourlyEnergyRate::test_flat_rate_constant_everywhere
    PASS  tests/test_calculations.py::TestGetHourlyEnergyRate::test_gp_r31_seasonal_rate_changes
    PASS  tests/test_calculations.py::TestGetHourlyEnergyRate::test_no_energy_structure_returns_zeros
    PASS  tests/test_calculations.py::TestNPVDiscounting::test_discount_factors_sum
    PASS  tests/test_calculations.py::TestNPVDiscounting::test_zero_discount_rate
    PASS  tests/test_calculations.py::TestNPVDiscounting::test_npv_known_answer
    PASS  tests/test_calculations.py::TestNPVDiscounting::test_rim_ratio_calculation
    PASS  tests/test_calculations.py::TestNPVDiscounting::test_rim_zero_lost_revenue
    PASS  tests/test_calculations.py::TestCapacityMetrics::test_epc_uniform_cwft
    PASS  tests/test_calculations.py::TestCapacityMetrics::test_epc_peaked_cwft_higher_for_peaky_load
    PASS  tests/test_calculations.py::TestCapacityMetrics::test_epc_reduction
    PASS  tests/test_calculations.py::TestCapacityMetrics::test_elcc_proxy_formula
    PASS  tests/test_calculations.py::TestCapacityMetrics::test_elcc_proxy_peaky_load
    PASS  tests/test_calculations.py::TestCapacityMetrics::test_cwft_sums_to_one
    PASS  tests/test_calculations.py::TestFindPeakWeek::test_finds_true_spike_outside_fixed_window
    PASS  tests/test_calculations.py::TestFindPeakWeek::test_window_stays_within_month_filter
    PASS  tests/test_calculations.py::TestFindPeakWeek::test_min_mode_finds_lowest_stress_window
    PASS  tests/test_calculations.py::TestFindPeakWeek::test_returns_none_when_no_window_fits
    PASS  tests/test_calculations.py::TestDispatchDrProgram::test_respects_hour_limit
    PASS  tests/test_calculations.py::TestDispatchDrProgram::test_respects_daily_limit
    PASS  tests/test_calculations.py::TestDispatchDrProgram::test_summer_only_season
    PASS  tests/test_calculations.py::TestDispatchDrProgram::test_reduction_capped_at_load
    PASS  tests/test_calculations.py::TestDispatchDrProgram::test_returns_correct_shapes
    PASS  tests/test_calculations.py::TestConfig::test_scenario_options_nonempty
    PASS  tests/test_calculations.py::TestConfig::test_scenario_descriptions_complete
    PASS  tests/test_calculations.py::TestConfig::test_planning_year_options
    PASS  tests/test_calculations.py::TestConfig::test_default_values_positive
    PASS  tests/test_calculations.py::TestConfig::test_grid_components_has_5
    PASS  tests/test_calculations.py::TestConfig::test_week_windows_valid
    PASS  tests/test_calculations.py::TestConfig::test_weather_sensitivity_function
    PASS  tests/test_calculations.py::TestConfig::test_custom_css_nonempty
    PASS  tests/test_calculations.py::TestConfig::test_financial_metric_card_html
    PASS  tests/test_calculations.py::TestVisualizations::test_weekly_overlay_returns_figure
    PASS  tests/test_calculations.py::TestVisualizations::test_weekly_load_and_temp_chart
    PASS  tests/test_calculations.py::TestVisualizations::test_weekly_grid_economics_chart
    PASS  tests/test_calculations.py::TestVisualizations::test_weekly_grid_economics_chart_signed_area_split
    PASS  tests/test_calculations.py::TestVisualizations::test_weekly_grid_economics_chart_revenue_gain_hour_is_distinct_from_grid_value
    PASS  tests/test_calculations.py::TestVisualizations::test_annual_avoided_cost_returns_figure
    PASS  tests/test_calculations.py::TestVisualizations::test_annual_avoided_cost_monthly_boxplot
    PASS  tests/test_calculations.py::TestVisualizations::test_annual_avoided_cost_boxplot_caps_yaxis_and_annotates_outliers
    PASS  tests/test_calculations.py::TestVisualizations::test_stacked_components_returns_figure
    PASS  tests/test_calculations.py::TestVisualizations::test_stacked_components_no_legend
    PASS  tests/test_calculations.py::TestVisualizations::test_winter_summer_comparison_shares_one_legend
    PASS  tests/test_calculations.py::TestVisualizations::test_winter_summer_comparison_y_range_caps_both_panels
    PASS  tests/test_calculations.py::TestVisualizations::test_cost_duration_chart_returns_figure
    PASS  tests/test_calculations.py::TestVisualizations::test_cost_duration_chart_change_matches_baseline_minus_proposed
    PASS  tests/test_calculations.py::TestVisualizations::test_cost_duration_chart_y_range_caps_row1_axis
    PASS  tests/test_calculations.py::TestVisualizations::test_cost_duration_chart_no_y_range_means_no_cap
    PASS  tests/test_calculations.py::TestVisualizations::test_hour_month_heatmap_returns_figure
    PASS  tests/test_calculations.py::TestVisualizations::test_hour_month_heatmap_colorbar_labels_good_and_bad
    PASS  tests/test_calculations.py::TestVisualizations::test_day_hour_heatmap_returns_figure
    PASS  tests/test_calculations.py::TestVisualizations::test_day_hour_heatmap_colorbar_labels_good_and_bad
    PASS  tests/test_calculations.py::TestVisualizations::test_cumulative_cost_chart_returns_figure
    PASS  tests/test_calculations.py::TestVisualizations::test_cumulative_cost_chart_is_the_proposed_minus_baseline_running_total
    PASS  tests/test_calculations.py::TestVisualizations::test_cumulative_cost_chart_shows_added_cost_when_proposed_is_more_expensive
    PASS  tests/test_calculations.py::TestVisualizations::test_lifetime_npv_returns_figure
    PASS  tests/test_calculations.py::TestVisualizations::test_lifetime_npv_lost_revenue_is_negative_and_cumulative_nets_out
    PASS  tests/test_calculations.py::TestVisualizations::test_lifetime_npv_customer_perspective_adds_year_zero_upfront_cost
    PASS  tests/test_calculations.py::TestVisualizations::test_lifetime_npv_utility_combines_recurring_cost_and_upfront_program_cost
    PASS  tests/test_calculations.py::TestVisualizations::test_lifetime_npv_chart_has_no_in_figure_title
    PASS  tests/test_calculations.py::TestVisualizations::test_lifetime_npv_colors_follow_sign_not_fixed_category
    PASS  tests/test_calculations.py::TestVisualizations::test_economic_balance_chart_returns_figure
    PASS  tests/test_calculations.py::TestVisualizations::test_economic_balance_chart_adds_program_cost_bar_when_given
    PASS  tests/test_calculations.py::TestVisualizations::test_two_sided_cost_effectiveness_chart_returns_figure
    PASS  tests/test_calculations.py::TestVisualizations::test_bubble_chart_handles_nan_load_defensively
    PASS  tests/test_calculations.py::TestIntegrationPipeline::test_grid_to_avoided_costs_column_contract
    PASS  tests/test_calculations.py::TestIntegrationPipeline::test_full_pipeline_grid_to_npv
    PASS  tests/test_calculations.py::TestIntegrationPipeline::test_dr_dispatch_feeds_into_billing
    PASS  tests/test_calculations.py::TestIntegrationPipeline::test_avoided_costs_feed_into_visualizations
    PASS  tests/test_calculations.py::TestIntegrationPipeline::test_config_defaults_work_with_calculations
    PASS  tests/test_calculations.py::TestLoadProfileIngestion::test_beopt_raw_file_parsing
    PASS  tests/test_calculations.py::TestLoadProfileIngestion::test_load_profiles_directory_scan
    PASS  tests/test_calculations.py::TestLoadProfileIngestion::test_excel_file_parsing
    PASS  tests/test_calculations.py::TestLoadProfileIngestion::test_missing_hour_is_interpolated_not_left_as_nan
    PASS  tests/test_calculations.py::TestLoadProfileIngestion::test_beopt_native_export_format_parsing
    PASS  tests/test_calculations.py::TestLoadProfileIngestion::test_beopt_battery_example_shows_charge_discharge_shift
    PASS  tests/test_calculations.py::TestCostEffectivenessTests::test_trc_and_pct_ratios
    PASS  tests/test_calculations.py::TestCostEffectivenessTests::test_zero_cost_ratios_are_infinite_not_misleadingly_zero
    PASS  tests/test_calculations.py::TestCostEffectivenessTests::test_zero_cost_and_zero_benefit_ratio_is_neutral_zero
    PASS  tests/test_calculations.py::TestSoutheastUtilityCapacityEngine::test_regulated_fcr_bounds
    PASS  tests/test_calculations.py::TestSoutheastUtilityCapacityEngine::test_regulated_fcr_zero_tax
    PASS  tests/test_calculations.py::TestSoutheastUtilityCapacityEngine::test_ct_carrying_cost_gross_and_net
    PASS  tests/test_calculations.py::TestSoutheastUtilityCapacityEngine::test_southeast_dual_peak_cwf_sums_and_shape
    PASS  tests/test_calculations.py::TestSoutheastUtilityCapacityEngine::test_southeast_dual_peak_cwf_exceedance_with_load
    PASS  tests/test_calculations.py::TestSoutheastUtilityCapacityEngine::test_cwf_lolp_proxy
    PASS  tests/test_calculations.py::TestSoutheastUtilityCapacityEngine::test_cwf_top_n_uniform_and_exceedance
    PASS  tests/test_calculations.py::TestSoutheastUtilityCapacityEngine::test_cwf_peaker_rent
    PASS  tests/test_calculations.py::TestSoutheastUtilityCapacityEngine::test_feeder_pcaf_weights
    PASS  tests/test_calculations.py::TestSoutheastUtilityCapacityEngine::test_avoided_costs_decoupled_td_weights
    PASS  tests/test_calculations.py::TestSoutheastUtilityCapacityEngine::test_new_visualization_functions
    PASS  tests/test_calculations.py::TestSoutheastUtilityCapacityEngine::test_cwf_temperature_exceedance_sums_and_shape
    PASS  tests/test_calculations.py::TestSoutheastUtilityCapacityEngine::test_cwf_temperature_exceedance_colder_gets_more_weight
    PASS  tests/test_calculations.py::TestSoutheastUtilityCapacityEngine::test_cwf_temperature_exceedance_seasonal_split_and_fallback
    PASS  tests/test_cambium_downloader.py::TestCambiumDownloaderConfig::test_southeast_states_covered
    PASS  tests/test_cambium_downloader.py::TestCambiumDownloaderConfig::test_scenario_package_map_structure
    PASS  tests/test_cambium_downloader.py::TestRemoteZipReader::test_seek_and_tell
    PASS  tests/test_cambium_downloader.py::TestRemoteZipReader::test_invalid_whence
    PASS  tests/test_cambium_downloader.py::TestRemoteZipReader::test_read_boundary
    PASS  tests/test_cambium_downloader.py::TestMissingDataDetection::test_empty_directory_flags_all
    PASS  tests/test_cambium_downloader.py::TestMissingDataDetection::test_detected_file_reduces_missing
    PASS  tests/test_cambium_downloader.py::TestMissingDataDetection::test_pd_read_first_rows

======================================================================
  Test Run: 2026-09-25 10:39:58  |  Result: ALL PASSED
  114 tests: 114 passed, 0 failed
======================================================================
    PASS  tests/test_calculations.py::TestCalculateAvoidedCosts::test_output_columns_exist
    PASS  tests/test_calculations.py::TestCalculateAvoidedCosts::test_output_length_8760
    PASS  tests/test_calculations.py::TestCalculateAvoidedCosts::test_gen_capacity_formula
    PASS  tests/test_calculations.py::TestCalculateAvoidedCosts::test_transmission_uses_pcaf
    PASS  tests/test_calculations.py::TestCalculateAvoidedCosts::test_emissions_formula
    PASS  tests/test_calculations.py::TestCalculateAvoidedCosts::test_total_is_sum_of_components
    PASS  tests/test_calculations.py::TestCalculateAvoidedCosts::test_zero_scalars_only_energy
    PASS  tests/test_calculations.py::TestCalculateUrdbBill::test_flat_rate_constant_load
    PASS  tests/test_calculations.py::TestCalculateUrdbBill::test_flat_rate_monthly_proportionality
    PASS  tests/test_calculations.py::TestCalculateUrdbBill::test_zero_load_only_fixed
    PASS  tests/test_calculations.py::TestCalculateUrdbBill::test_demand_charge
    PASS  tests/test_calculations.py::TestCalculateUrdbBill::test_gp_r31_seasonal_tiers
    PASS  tests/test_calculations.py::TestCalculateUrdbBill::test_bill_increases_with_load
    PASS  tests/test_calculations.py::TestGetHourlyEnergyRate::test_flat_rate_constant_everywhere
    PASS  tests/test_calculations.py::TestGetHourlyEnergyRate::test_gp_r31_seasonal_rate_changes
    PASS  tests/test_calculations.py::TestGetHourlyEnergyRate::test_no_energy_structure_returns_zeros
    PASS  tests/test_calculations.py::TestNPVDiscounting::test_discount_factors_sum
    PASS  tests/test_calculations.py::TestNPVDiscounting::test_zero_discount_rate
    PASS  tests/test_calculations.py::TestNPVDiscounting::test_npv_known_answer
    PASS  tests/test_calculations.py::TestNPVDiscounting::test_rim_ratio_calculation
    PASS  tests/test_calculations.py::TestNPVDiscounting::test_rim_zero_lost_revenue
    PASS  tests/test_calculations.py::TestCapacityMetrics::test_epc_uniform_cwft
    PASS  tests/test_calculations.py::TestCapacityMetrics::test_epc_peaked_cwft_higher_for_peaky_load
    PASS  tests/test_calculations.py::TestCapacityMetrics::test_epc_reduction
    PASS  tests/test_calculations.py::TestCapacityMetrics::test_elcc_proxy_formula
    PASS  tests/test_calculations.py::TestCapacityMetrics::test_elcc_proxy_peaky_load
    PASS  tests/test_calculations.py::TestCapacityMetrics::test_cwft_sums_to_one
    PASS  tests/test_calculations.py::TestFindPeakWeek::test_finds_true_spike_outside_fixed_window
    PASS  tests/test_calculations.py::TestFindPeakWeek::test_window_stays_within_month_filter
    PASS  tests/test_calculations.py::TestFindPeakWeek::test_min_mode_finds_lowest_stress_window
    PASS  tests/test_calculations.py::TestFindPeakWeek::test_returns_none_when_no_window_fits
    PASS  tests/test_calculations.py::TestDispatchDrProgram::test_respects_hour_limit
    PASS  tests/test_calculations.py::TestDispatchDrProgram::test_respects_daily_limit
    PASS  tests/test_calculations.py::TestDispatchDrProgram::test_summer_only_season
    PASS  tests/test_calculations.py::TestDispatchDrProgram::test_reduction_capped_at_load
    PASS  tests/test_calculations.py::TestDispatchDrProgram::test_returns_correct_shapes
    PASS  tests/test_calculations.py::TestConfig::test_scenario_options_nonempty
    PASS  tests/test_calculations.py::TestConfig::test_scenario_descriptions_complete
    PASS  tests/test_calculations.py::TestConfig::test_planning_year_options
    PASS  tests/test_calculations.py::TestConfig::test_default_values_positive
    PASS  tests/test_calculations.py::TestConfig::test_grid_components_has_5
    PASS  tests/test_calculations.py::TestConfig::test_week_windows_valid
    PASS  tests/test_calculations.py::TestConfig::test_weather_sensitivity_function
    PASS  tests/test_calculations.py::TestConfig::test_custom_css_nonempty
    PASS  tests/test_calculations.py::TestConfig::test_financial_metric_card_html
    PASS  tests/test_calculations.py::TestVisualizations::test_weekly_overlay_returns_figure
    PASS  tests/test_calculations.py::TestVisualizations::test_weekly_load_and_temp_chart
    PASS  tests/test_calculations.py::TestVisualizations::test_weekly_grid_economics_chart
    PASS  tests/test_calculations.py::TestVisualizations::test_weekly_grid_economics_chart_signed_area_split
    PASS  tests/test_calculations.py::TestVisualizations::test_weekly_grid_economics_chart_revenue_gain_hour_is_distinct_from_grid_value
    PASS  tests/test_calculations.py::TestVisualizations::test_annual_avoided_cost_returns_figure
    PASS  tests/test_calculations.py::TestVisualizations::test_annual_avoided_cost_monthly_boxplot
    PASS  tests/test_calculations.py::TestVisualizations::test_annual_avoided_cost_boxplot_caps_yaxis_and_annotates_outliers
    PASS  tests/test_calculations.py::TestVisualizations::test_stacked_components_returns_figure
    PASS  tests/test_calculations.py::TestVisualizations::test_stacked_components_no_legend
    PASS  tests/test_calculations.py::TestVisualizations::test_winter_summer_comparison_shares_one_legend
    PASS  tests/test_calculations.py::TestVisualizations::test_winter_summer_comparison_y_range_caps_both_panels
    PASS  tests/test_calculations.py::TestVisualizations::test_cost_duration_chart_returns_figure
    PASS  tests/test_calculations.py::TestVisualizations::test_cost_duration_chart_change_matches_baseline_minus_proposed
    PASS  tests/test_calculations.py::TestVisualizations::test_cost_duration_chart_y_range_caps_row1_axis
    PASS  tests/test_calculations.py::TestVisualizations::test_cost_duration_chart_no_y_range_means_no_cap
    PASS  tests/test_calculations.py::TestVisualizations::test_hour_month_heatmap_returns_figure
    PASS  tests/test_calculations.py::TestVisualizations::test_hour_month_heatmap_colorbar_labels_good_and_bad
    PASS  tests/test_calculations.py::TestVisualizations::test_day_hour_heatmap_returns_figure
    PASS  tests/test_calculations.py::TestVisualizations::test_day_hour_heatmap_colorbar_labels_good_and_bad
    PASS  tests/test_calculations.py::TestVisualizations::test_cumulative_cost_chart_returns_figure
    PASS  tests/test_calculations.py::TestVisualizations::test_cumulative_cost_chart_is_the_proposed_minus_baseline_running_total
    PASS  tests/test_calculations.py::TestVisualizations::test_cumulative_cost_chart_shows_added_cost_when_proposed_is_more_expensive
    PASS  tests/test_calculations.py::TestVisualizations::test_lifetime_npv_returns_figure
    PASS  tests/test_calculations.py::TestVisualizations::test_lifetime_npv_lost_revenue_is_negative_and_cumulative_nets_out
    PASS  tests/test_calculations.py::TestVisualizations::test_lifetime_npv_customer_perspective_adds_year_zero_upfront_cost
    PASS  tests/test_calculations.py::TestVisualizations::test_lifetime_npv_utility_combines_recurring_cost_and_upfront_program_cost
    PASS  tests/test_calculations.py::TestVisualizations::test_lifetime_npv_chart_has_no_in_figure_title
    PASS  tests/test_calculations.py::TestVisualizations::test_lifetime_npv_colors_follow_sign_not_fixed_category
    PASS  tests/test_calculations.py::TestVisualizations::test_economic_balance_chart_returns_figure
    PASS  tests/test_calculations.py::TestVisualizations::test_economic_balance_chart_adds_program_cost_bar_when_given
    PASS  tests/test_calculations.py::TestVisualizations::test_two_sided_cost_effectiveness_chart_returns_figure
    PASS  tests/test_calculations.py::TestVisualizations::test_bubble_chart_handles_nan_load_defensively
    PASS  tests/test_calculations.py::TestIntegrationPipeline::test_grid_to_avoided_costs_column_contract
    PASS  tests/test_calculations.py::TestIntegrationPipeline::test_full_pipeline_grid_to_npv
    PASS  tests/test_calculations.py::TestIntegrationPipeline::test_dr_dispatch_feeds_into_billing
    PASS  tests/test_calculations.py::TestIntegrationPipeline::test_avoided_costs_feed_into_visualizations
    PASS  tests/test_calculations.py::TestIntegrationPipeline::test_config_defaults_work_with_calculations
    PASS  tests/test_calculations.py::TestLoadProfileIngestion::test_beopt_raw_file_parsing
    PASS  tests/test_calculations.py::TestLoadProfileIngestion::test_load_profiles_directory_scan
    PASS  tests/test_calculations.py::TestLoadProfileIngestion::test_excel_file_parsing
    PASS  tests/test_calculations.py::TestLoadProfileIngestion::test_missing_hour_is_interpolated_not_left_as_nan
    PASS  tests/test_calculations.py::TestLoadProfileIngestion::test_beopt_native_export_format_parsing
    PASS  tests/test_calculations.py::TestLoadProfileIngestion::test_beopt_battery_example_shows_charge_discharge_shift
    PASS  tests/test_calculations.py::TestCostEffectivenessTests::test_trc_and_pct_ratios
    PASS  tests/test_calculations.py::TestCostEffectivenessTests::test_zero_cost_ratios_are_infinite_not_misleadingly_zero
    PASS  tests/test_calculations.py::TestCostEffectivenessTests::test_zero_cost_and_zero_benefit_ratio_is_neutral_zero
    PASS  tests/test_calculations.py::TestSoutheastUtilityCapacityEngine::test_regulated_fcr_bounds
    PASS  tests/test_calculations.py::TestSoutheastUtilityCapacityEngine::test_regulated_fcr_zero_tax
    PASS  tests/test_calculations.py::TestSoutheastUtilityCapacityEngine::test_ct_carrying_cost_gross_and_net
    PASS  tests/test_calculations.py::TestSoutheastUtilityCapacityEngine::test_southeast_dual_peak_cwf_sums_and_shape
    PASS  tests/test_calculations.py::TestSoutheastUtilityCapacityEngine::test_southeast_dual_peak_cwf_exceedance_with_load
    PASS  tests/test_calculations.py::TestSoutheastUtilityCapacityEngine::test_cwf_lolp_proxy
    PASS  tests/test_calculations.py::TestSoutheastUtilityCapacityEngine::test_cwf_top_n_uniform_and_exceedance
    PASS  tests/test_calculations.py::TestSoutheastUtilityCapacityEngine::test_cwf_peaker_rent
    PASS  tests/test_calculations.py::TestSoutheastUtilityCapacityEngine::test_feeder_pcaf_weights
    PASS  tests/test_calculations.py::TestSoutheastUtilityCapacityEngine::test_avoided_costs_decoupled_td_weights
    PASS  tests/test_calculations.py::TestSoutheastUtilityCapacityEngine::test_new_visualization_functions
    PASS  tests/test_calculations.py::TestSoutheastUtilityCapacityEngine::test_cwf_temperature_exceedance_sums_and_shape
    PASS  tests/test_calculations.py::TestSoutheastUtilityCapacityEngine::test_cwf_temperature_exceedance_colder_gets_more_weight
    PASS  tests/test_calculations.py::TestSoutheastUtilityCapacityEngine::test_cwf_temperature_exceedance_seasonal_split_and_fallback
    PASS  tests/test_cambium_downloader.py::TestCambiumDownloaderConfig::test_southeast_states_covered
    PASS  tests/test_cambium_downloader.py::TestCambiumDownloaderConfig::test_scenario_package_map_structure
    PASS  tests/test_cambium_downloader.py::TestRemoteZipReader::test_seek_and_tell
    PASS  tests/test_cambium_downloader.py::TestRemoteZipReader::test_invalid_whence
    PASS  tests/test_cambium_downloader.py::TestRemoteZipReader::test_read_boundary
    PASS  tests/test_cambium_downloader.py::TestMissingDataDetection::test_empty_directory_flags_all
    PASS  tests/test_cambium_downloader.py::TestMissingDataDetection::test_detected_file_reduces_missing
    PASS  tests/test_cambium_downloader.py::TestMissingDataDetection::test_pd_read_first_rows

======================================================================
  Test Run: 2026-09-25 10:35:22  |  Result: ALL PASSED
  114 tests: 114 passed, 0 failed
======================================================================
    PASS  tests/test_calculations.py::TestCalculateAvoidedCosts::test_output_columns_exist
    PASS  tests/test_calculations.py::TestCalculateAvoidedCosts::test_output_length_8760
    PASS  tests/test_calculations.py::TestCalculateAvoidedCosts::test_gen_capacity_formula
    PASS  tests/test_calculations.py::TestCalculateAvoidedCosts::test_transmission_uses_pcaf
    PASS  tests/test_calculations.py::TestCalculateAvoidedCosts::test_emissions_formula
    PASS  tests/test_calculations.py::TestCalculateAvoidedCosts::test_total_is_sum_of_components
    PASS  tests/test_calculations.py::TestCalculateAvoidedCosts::test_zero_scalars_only_energy
    PASS  tests/test_calculations.py::TestCalculateUrdbBill::test_flat_rate_constant_load
    PASS  tests/test_calculations.py::TestCalculateUrdbBill::test_flat_rate_monthly_proportionality
    PASS  tests/test_calculations.py::TestCalculateUrdbBill::test_zero_load_only_fixed
    PASS  tests/test_calculations.py::TestCalculateUrdbBill::test_demand_charge
    PASS  tests/test_calculations.py::TestCalculateUrdbBill::test_gp_r31_seasonal_tiers
    PASS  tests/test_calculations.py::TestCalculateUrdbBill::test_bill_increases_with_load
    PASS  tests/test_calculations.py::TestGetHourlyEnergyRate::test_flat_rate_constant_everywhere
    PASS  tests/test_calculations.py::TestGetHourlyEnergyRate::test_gp_r31_seasonal_rate_changes
    PASS  tests/test_calculations.py::TestGetHourlyEnergyRate::test_no_energy_structure_returns_zeros
    PASS  tests/test_calculations.py::TestNPVDiscounting::test_discount_factors_sum
    PASS  tests/test_calculations.py::TestNPVDiscounting::test_zero_discount_rate
    PASS  tests/test_calculations.py::TestNPVDiscounting::test_npv_known_answer
    PASS  tests/test_calculations.py::TestNPVDiscounting::test_rim_ratio_calculation
    PASS  tests/test_calculations.py::TestNPVDiscounting::test_rim_zero_lost_revenue
    PASS  tests/test_calculations.py::TestCapacityMetrics::test_epc_uniform_cwft
    PASS  tests/test_calculations.py::TestCapacityMetrics::test_epc_peaked_cwft_higher_for_peaky_load
    PASS  tests/test_calculations.py::TestCapacityMetrics::test_epc_reduction
    PASS  tests/test_calculations.py::TestCapacityMetrics::test_elcc_proxy_formula
    PASS  tests/test_calculations.py::TestCapacityMetrics::test_elcc_proxy_peaky_load
    PASS  tests/test_calculations.py::TestCapacityMetrics::test_cwft_sums_to_one
    PASS  tests/test_calculations.py::TestFindPeakWeek::test_finds_true_spike_outside_fixed_window
    PASS  tests/test_calculations.py::TestFindPeakWeek::test_window_stays_within_month_filter
    PASS  tests/test_calculations.py::TestFindPeakWeek::test_min_mode_finds_lowest_stress_window
    PASS  tests/test_calculations.py::TestFindPeakWeek::test_returns_none_when_no_window_fits
    PASS  tests/test_calculations.py::TestDispatchDrProgram::test_respects_hour_limit
    PASS  tests/test_calculations.py::TestDispatchDrProgram::test_respects_daily_limit
    PASS  tests/test_calculations.py::TestDispatchDrProgram::test_summer_only_season
    PASS  tests/test_calculations.py::TestDispatchDrProgram::test_reduction_capped_at_load
    PASS  tests/test_calculations.py::TestDispatchDrProgram::test_returns_correct_shapes
    PASS  tests/test_calculations.py::TestConfig::test_scenario_options_nonempty
    PASS  tests/test_calculations.py::TestConfig::test_scenario_descriptions_complete
    PASS  tests/test_calculations.py::TestConfig::test_planning_year_options
    PASS  tests/test_calculations.py::TestConfig::test_default_values_positive
    PASS  tests/test_calculations.py::TestConfig::test_grid_components_has_5
    PASS  tests/test_calculations.py::TestConfig::test_week_windows_valid
    PASS  tests/test_calculations.py::TestConfig::test_weather_sensitivity_function
    PASS  tests/test_calculations.py::TestConfig::test_custom_css_nonempty
    PASS  tests/test_calculations.py::TestConfig::test_financial_metric_card_html
    PASS  tests/test_calculations.py::TestVisualizations::test_weekly_overlay_returns_figure
    PASS  tests/test_calculations.py::TestVisualizations::test_weekly_load_and_temp_chart
    PASS  tests/test_calculations.py::TestVisualizations::test_weekly_grid_economics_chart
    PASS  tests/test_calculations.py::TestVisualizations::test_weekly_grid_economics_chart_signed_area_split
    PASS  tests/test_calculations.py::TestVisualizations::test_weekly_grid_economics_chart_revenue_gain_hour_is_distinct_from_grid_value
    PASS  tests/test_calculations.py::TestVisualizations::test_annual_avoided_cost_returns_figure
    PASS  tests/test_calculations.py::TestVisualizations::test_annual_avoided_cost_monthly_boxplot
    PASS  tests/test_calculations.py::TestVisualizations::test_annual_avoided_cost_boxplot_caps_yaxis_and_annotates_outliers
    PASS  tests/test_calculations.py::TestVisualizations::test_stacked_components_returns_figure
    PASS  tests/test_calculations.py::TestVisualizations::test_stacked_components_no_legend
    PASS  tests/test_calculations.py::TestVisualizations::test_winter_summer_comparison_shares_one_legend
    PASS  tests/test_calculations.py::TestVisualizations::test_winter_summer_comparison_y_range_caps_both_panels
    PASS  tests/test_calculations.py::TestVisualizations::test_cost_duration_chart_returns_figure
    PASS  tests/test_calculations.py::TestVisualizations::test_cost_duration_chart_change_matches_baseline_minus_proposed
    PASS  tests/test_calculations.py::TestVisualizations::test_cost_duration_chart_y_range_caps_row1_axis
    PASS  tests/test_calculations.py::TestVisualizations::test_cost_duration_chart_no_y_range_means_no_cap
    PASS  tests/test_calculations.py::TestVisualizations::test_hour_month_heatmap_returns_figure
    PASS  tests/test_calculations.py::TestVisualizations::test_hour_month_heatmap_colorbar_labels_good_and_bad
    PASS  tests/test_calculations.py::TestVisualizations::test_day_hour_heatmap_returns_figure
    PASS  tests/test_calculations.py::TestVisualizations::test_day_hour_heatmap_colorbar_labels_good_and_bad
    PASS  tests/test_calculations.py::TestVisualizations::test_cumulative_cost_chart_returns_figure
    PASS  tests/test_calculations.py::TestVisualizations::test_cumulative_cost_chart_is_the_proposed_minus_baseline_running_total
    PASS  tests/test_calculations.py::TestVisualizations::test_cumulative_cost_chart_shows_added_cost_when_proposed_is_more_expensive
    PASS  tests/test_calculations.py::TestVisualizations::test_lifetime_npv_returns_figure
    PASS  tests/test_calculations.py::TestVisualizations::test_lifetime_npv_lost_revenue_is_negative_and_cumulative_nets_out
    PASS  tests/test_calculations.py::TestVisualizations::test_lifetime_npv_customer_perspective_adds_year_zero_upfront_cost
    PASS  tests/test_calculations.py::TestVisualizations::test_lifetime_npv_utility_combines_recurring_cost_and_upfront_program_cost
    PASS  tests/test_calculations.py::TestVisualizations::test_lifetime_npv_chart_has_no_in_figure_title
    PASS  tests/test_calculations.py::TestVisualizations::test_lifetime_npv_colors_follow_sign_not_fixed_category
    PASS  tests/test_calculations.py::TestVisualizations::test_economic_balance_chart_returns_figure
    PASS  tests/test_calculations.py::TestVisualizations::test_economic_balance_chart_adds_program_cost_bar_when_given
    PASS  tests/test_calculations.py::TestVisualizations::test_two_sided_cost_effectiveness_chart_returns_figure
    PASS  tests/test_calculations.py::TestVisualizations::test_bubble_chart_handles_nan_load_defensively
    PASS  tests/test_calculations.py::TestIntegrationPipeline::test_grid_to_avoided_costs_column_contract
    PASS  tests/test_calculations.py::TestIntegrationPipeline::test_full_pipeline_grid_to_npv
    PASS  tests/test_calculations.py::TestIntegrationPipeline::test_dr_dispatch_feeds_into_billing
    PASS  tests/test_calculations.py::TestIntegrationPipeline::test_avoided_costs_feed_into_visualizations
    PASS  tests/test_calculations.py::TestIntegrationPipeline::test_config_defaults_work_with_calculations
    PASS  tests/test_calculations.py::TestLoadProfileIngestion::test_beopt_raw_file_parsing
    PASS  tests/test_calculations.py::TestLoadProfileIngestion::test_load_profiles_directory_scan
    PASS  tests/test_calculations.py::TestLoadProfileIngestion::test_excel_file_parsing
    PASS  tests/test_calculations.py::TestLoadProfileIngestion::test_missing_hour_is_interpolated_not_left_as_nan
    PASS  tests/test_calculations.py::TestLoadProfileIngestion::test_beopt_native_export_format_parsing
    PASS  tests/test_calculations.py::TestLoadProfileIngestion::test_beopt_battery_example_shows_charge_discharge_shift
    PASS  tests/test_calculations.py::TestCostEffectivenessTests::test_trc_and_pct_ratios
    PASS  tests/test_calculations.py::TestCostEffectivenessTests::test_zero_cost_ratios_are_infinite_not_misleadingly_zero
    PASS  tests/test_calculations.py::TestCostEffectivenessTests::test_zero_cost_and_zero_benefit_ratio_is_neutral_zero
    PASS  tests/test_calculations.py::TestSoutheastUtilityCapacityEngine::test_regulated_fcr_bounds
    PASS  tests/test_calculations.py::TestSoutheastUtilityCapacityEngine::test_regulated_fcr_zero_tax
    PASS  tests/test_calculations.py::TestSoutheastUtilityCapacityEngine::test_ct_carrying_cost_gross_and_net
    PASS  tests/test_calculations.py::TestSoutheastUtilityCapacityEngine::test_southeast_dual_peak_cwf_sums_and_shape
    PASS  tests/test_calculations.py::TestSoutheastUtilityCapacityEngine::test_southeast_dual_peak_cwf_exceedance_with_load
    PASS  tests/test_calculations.py::TestSoutheastUtilityCapacityEngine::test_cwf_lolp_proxy
    PASS  tests/test_calculations.py::TestSoutheastUtilityCapacityEngine::test_cwf_top_n_uniform_and_exceedance
    PASS  tests/test_calculations.py::TestSoutheastUtilityCapacityEngine::test_cwf_peaker_rent
    PASS  tests/test_calculations.py::TestSoutheastUtilityCapacityEngine::test_feeder_pcaf_weights
    PASS  tests/test_calculations.py::TestSoutheastUtilityCapacityEngine::test_avoided_costs_decoupled_td_weights
    PASS  tests/test_calculations.py::TestSoutheastUtilityCapacityEngine::test_new_visualization_functions
    PASS  tests/test_calculations.py::TestSoutheastUtilityCapacityEngine::test_cwf_temperature_exceedance_sums_and_shape
    PASS  tests/test_calculations.py::TestSoutheastUtilityCapacityEngine::test_cwf_temperature_exceedance_colder_gets_more_weight
    PASS  tests/test_calculations.py::TestSoutheastUtilityCapacityEngine::test_cwf_temperature_exceedance_seasonal_split_and_fallback
    PASS  tests/test_cambium_downloader.py::TestCambiumDownloaderConfig::test_southeast_states_covered
    PASS  tests/test_cambium_downloader.py::TestCambiumDownloaderConfig::test_scenario_package_map_structure
    PASS  tests/test_cambium_downloader.py::TestRemoteZipReader::test_seek_and_tell
    PASS  tests/test_cambium_downloader.py::TestRemoteZipReader::test_invalid_whence
    PASS  tests/test_cambium_downloader.py::TestRemoteZipReader::test_read_boundary
    PASS  tests/test_cambium_downloader.py::TestMissingDataDetection::test_empty_directory_flags_all
    PASS  tests/test_cambium_downloader.py::TestMissingDataDetection::test_detected_file_reduces_missing
    PASS  tests/test_cambium_downloader.py::TestMissingDataDetection::test_pd_read_first_rows

======================================================================
  Test Run: 2026-09-25 10:34:32  |  Result: ALL PASSED
  114 tests: 114 passed, 0 failed
======================================================================
    PASS  tests/test_calculations.py::TestCalculateAvoidedCosts::test_output_columns_exist
    PASS  tests/test_calculations.py::TestCalculateAvoidedCosts::test_output_length_8760
    PASS  tests/test_calculations.py::TestCalculateAvoidedCosts::test_gen_capacity_formula
    PASS  tests/test_calculations.py::TestCalculateAvoidedCosts::test_transmission_uses_pcaf
    PASS  tests/test_calculations.py::TestCalculateAvoidedCosts::test_emissions_formula
    PASS  tests/test_calculations.py::TestCalculateAvoidedCosts::test_total_is_sum_of_components
    PASS  tests/test_calculations.py::TestCalculateAvoidedCosts::test_zero_scalars_only_energy
    PASS  tests/test_calculations.py::TestCalculateUrdbBill::test_flat_rate_constant_load
    PASS  tests/test_calculations.py::TestCalculateUrdbBill::test_flat_rate_monthly_proportionality
    PASS  tests/test_calculations.py::TestCalculateUrdbBill::test_zero_load_only_fixed
    PASS  tests/test_calculations.py::TestCalculateUrdbBill::test_demand_charge
    PASS  tests/test_calculations.py::TestCalculateUrdbBill::test_gp_r31_seasonal_tiers
    PASS  tests/test_calculations.py::TestCalculateUrdbBill::test_bill_increases_with_load
    PASS  tests/test_calculations.py::TestGetHourlyEnergyRate::test_flat_rate_constant_everywhere
    PASS  tests/test_calculations.py::TestGetHourlyEnergyRate::test_gp_r31_seasonal_rate_changes
    PASS  tests/test_calculations.py::TestGetHourlyEnergyRate::test_no_energy_structure_returns_zeros
    PASS  tests/test_calculations.py::TestNPVDiscounting::test_discount_factors_sum
    PASS  tests/test_calculations.py::TestNPVDiscounting::test_zero_discount_rate
    PASS  tests/test_calculations.py::TestNPVDiscounting::test_npv_known_answer
    PASS  tests/test_calculations.py::TestNPVDiscounting::test_rim_ratio_calculation
    PASS  tests/test_calculations.py::TestNPVDiscounting::test_rim_zero_lost_revenue
    PASS  tests/test_calculations.py::TestCapacityMetrics::test_epc_uniform_cwft
    PASS  tests/test_calculations.py::TestCapacityMetrics::test_epc_peaked_cwft_higher_for_peaky_load
    PASS  tests/test_calculations.py::TestCapacityMetrics::test_epc_reduction
    PASS  tests/test_calculations.py::TestCapacityMetrics::test_elcc_proxy_formula
    PASS  tests/test_calculations.py::TestCapacityMetrics::test_elcc_proxy_peaky_load
    PASS  tests/test_calculations.py::TestCapacityMetrics::test_cwft_sums_to_one
    PASS  tests/test_calculations.py::TestFindPeakWeek::test_finds_true_spike_outside_fixed_window
    PASS  tests/test_calculations.py::TestFindPeakWeek::test_window_stays_within_month_filter
    PASS  tests/test_calculations.py::TestFindPeakWeek::test_min_mode_finds_lowest_stress_window
    PASS  tests/test_calculations.py::TestFindPeakWeek::test_returns_none_when_no_window_fits
    PASS  tests/test_calculations.py::TestDispatchDrProgram::test_respects_hour_limit
    PASS  tests/test_calculations.py::TestDispatchDrProgram::test_respects_daily_limit
    PASS  tests/test_calculations.py::TestDispatchDrProgram::test_summer_only_season
    PASS  tests/test_calculations.py::TestDispatchDrProgram::test_reduction_capped_at_load
    PASS  tests/test_calculations.py::TestDispatchDrProgram::test_returns_correct_shapes
    PASS  tests/test_calculations.py::TestConfig::test_scenario_options_nonempty
    PASS  tests/test_calculations.py::TestConfig::test_scenario_descriptions_complete
    PASS  tests/test_calculations.py::TestConfig::test_planning_year_options
    PASS  tests/test_calculations.py::TestConfig::test_default_values_positive
    PASS  tests/test_calculations.py::TestConfig::test_grid_components_has_5
    PASS  tests/test_calculations.py::TestConfig::test_week_windows_valid
    PASS  tests/test_calculations.py::TestConfig::test_weather_sensitivity_function
    PASS  tests/test_calculations.py::TestConfig::test_custom_css_nonempty
    PASS  tests/test_calculations.py::TestConfig::test_financial_metric_card_html
    PASS  tests/test_calculations.py::TestVisualizations::test_weekly_overlay_returns_figure
    PASS  tests/test_calculations.py::TestVisualizations::test_weekly_load_and_temp_chart
    PASS  tests/test_calculations.py::TestVisualizations::test_weekly_grid_economics_chart
    PASS  tests/test_calculations.py::TestVisualizations::test_weekly_grid_economics_chart_signed_area_split
    PASS  tests/test_calculations.py::TestVisualizations::test_weekly_grid_economics_chart_revenue_gain_hour_is_distinct_from_grid_value
    PASS  tests/test_calculations.py::TestVisualizations::test_annual_avoided_cost_returns_figure
    PASS  tests/test_calculations.py::TestVisualizations::test_annual_avoided_cost_monthly_boxplot
    PASS  tests/test_calculations.py::TestVisualizations::test_annual_avoided_cost_boxplot_caps_yaxis_and_annotates_outliers
    PASS  tests/test_calculations.py::TestVisualizations::test_stacked_components_returns_figure
    PASS  tests/test_calculations.py::TestVisualizations::test_stacked_components_no_legend
    PASS  tests/test_calculations.py::TestVisualizations::test_winter_summer_comparison_shares_one_legend
    PASS  tests/test_calculations.py::TestVisualizations::test_winter_summer_comparison_y_range_caps_both_panels
    PASS  tests/test_calculations.py::TestVisualizations::test_cost_duration_chart_returns_figure
    PASS  tests/test_calculations.py::TestVisualizations::test_cost_duration_chart_change_matches_baseline_minus_proposed
    PASS  tests/test_calculations.py::TestVisualizations::test_cost_duration_chart_y_range_caps_row1_axis
    PASS  tests/test_calculations.py::TestVisualizations::test_cost_duration_chart_no_y_range_means_no_cap
    PASS  tests/test_calculations.py::TestVisualizations::test_hour_month_heatmap_returns_figure
    PASS  tests/test_calculations.py::TestVisualizations::test_hour_month_heatmap_colorbar_labels_good_and_bad
    PASS  tests/test_calculations.py::TestVisualizations::test_day_hour_heatmap_returns_figure
    PASS  tests/test_calculations.py::TestVisualizations::test_day_hour_heatmap_colorbar_labels_good_and_bad
    PASS  tests/test_calculations.py::TestVisualizations::test_cumulative_cost_chart_returns_figure
    PASS  tests/test_calculations.py::TestVisualizations::test_cumulative_cost_chart_is_the_proposed_minus_baseline_running_total
    PASS  tests/test_calculations.py::TestVisualizations::test_cumulative_cost_chart_shows_added_cost_when_proposed_is_more_expensive
    PASS  tests/test_calculations.py::TestVisualizations::test_lifetime_npv_returns_figure
    PASS  tests/test_calculations.py::TestVisualizations::test_lifetime_npv_lost_revenue_is_negative_and_cumulative_nets_out
    PASS  tests/test_calculations.py::TestVisualizations::test_lifetime_npv_customer_perspective_adds_year_zero_upfront_cost
    PASS  tests/test_calculations.py::TestVisualizations::test_lifetime_npv_utility_combines_recurring_cost_and_upfront_program_cost
    PASS  tests/test_calculations.py::TestVisualizations::test_lifetime_npv_chart_has_no_in_figure_title
    PASS  tests/test_calculations.py::TestVisualizations::test_lifetime_npv_colors_follow_sign_not_fixed_category
    PASS  tests/test_calculations.py::TestVisualizations::test_economic_balance_chart_returns_figure
    PASS  tests/test_calculations.py::TestVisualizations::test_economic_balance_chart_adds_program_cost_bar_when_given
    PASS  tests/test_calculations.py::TestVisualizations::test_two_sided_cost_effectiveness_chart_returns_figure
    PASS  tests/test_calculations.py::TestVisualizations::test_bubble_chart_handles_nan_load_defensively
    PASS  tests/test_calculations.py::TestIntegrationPipeline::test_grid_to_avoided_costs_column_contract
    PASS  tests/test_calculations.py::TestIntegrationPipeline::test_full_pipeline_grid_to_npv
    PASS  tests/test_calculations.py::TestIntegrationPipeline::test_dr_dispatch_feeds_into_billing
    PASS  tests/test_calculations.py::TestIntegrationPipeline::test_avoided_costs_feed_into_visualizations
    PASS  tests/test_calculations.py::TestIntegrationPipeline::test_config_defaults_work_with_calculations
    PASS  tests/test_calculations.py::TestLoadProfileIngestion::test_beopt_raw_file_parsing
    PASS  tests/test_calculations.py::TestLoadProfileIngestion::test_load_profiles_directory_scan
    PASS  tests/test_calculations.py::TestLoadProfileIngestion::test_excel_file_parsing
    PASS  tests/test_calculations.py::TestLoadProfileIngestion::test_missing_hour_is_interpolated_not_left_as_nan
    PASS  tests/test_calculations.py::TestLoadProfileIngestion::test_beopt_native_export_format_parsing
    PASS  tests/test_calculations.py::TestLoadProfileIngestion::test_beopt_battery_example_shows_charge_discharge_shift
    PASS  tests/test_calculations.py::TestCostEffectivenessTests::test_trc_and_pct_ratios
    PASS  tests/test_calculations.py::TestCostEffectivenessTests::test_zero_cost_ratios_are_infinite_not_misleadingly_zero
    PASS  tests/test_calculations.py::TestCostEffectivenessTests::test_zero_cost_and_zero_benefit_ratio_is_neutral_zero
    PASS  tests/test_calculations.py::TestSoutheastUtilityCapacityEngine::test_regulated_fcr_bounds
    PASS  tests/test_calculations.py::TestSoutheastUtilityCapacityEngine::test_regulated_fcr_zero_tax
    PASS  tests/test_calculations.py::TestSoutheastUtilityCapacityEngine::test_ct_carrying_cost_gross_and_net
    PASS  tests/test_calculations.py::TestSoutheastUtilityCapacityEngine::test_southeast_dual_peak_cwf_sums_and_shape
    PASS  tests/test_calculations.py::TestSoutheastUtilityCapacityEngine::test_southeast_dual_peak_cwf_exceedance_with_load
    PASS  tests/test_calculations.py::TestSoutheastUtilityCapacityEngine::test_cwf_lolp_proxy
    PASS  tests/test_calculations.py::TestSoutheastUtilityCapacityEngine::test_cwf_top_n_uniform_and_exceedance
    PASS  tests/test_calculations.py::TestSoutheastUtilityCapacityEngine::test_cwf_peaker_rent
    PASS  tests/test_calculations.py::TestSoutheastUtilityCapacityEngine::test_feeder_pcaf_weights
    PASS  tests/test_calculations.py::TestSoutheastUtilityCapacityEngine::test_avoided_costs_decoupled_td_weights
    PASS  tests/test_calculations.py::TestSoutheastUtilityCapacityEngine::test_new_visualization_functions
    PASS  tests/test_calculations.py::TestSoutheastUtilityCapacityEngine::test_cwf_temperature_exceedance_sums_and_shape
    PASS  tests/test_calculations.py::TestSoutheastUtilityCapacityEngine::test_cwf_temperature_exceedance_colder_gets_more_weight
    PASS  tests/test_calculations.py::TestSoutheastUtilityCapacityEngine::test_cwf_temperature_exceedance_seasonal_split_and_fallback
    PASS  tests/test_cambium_downloader.py::TestCambiumDownloaderConfig::test_southeast_states_covered
    PASS  tests/test_cambium_downloader.py::TestCambiumDownloaderConfig::test_scenario_package_map_structure
    PASS  tests/test_cambium_downloader.py::TestRemoteZipReader::test_seek_and_tell
    PASS  tests/test_cambium_downloader.py::TestRemoteZipReader::test_invalid_whence
    PASS  tests/test_cambium_downloader.py::TestRemoteZipReader::test_read_boundary
    PASS  tests/test_cambium_downloader.py::TestMissingDataDetection::test_empty_directory_flags_all
    PASS  tests/test_cambium_downloader.py::TestMissingDataDetection::test_detected_file_reduces_missing
    PASS  tests/test_cambium_downloader.py::TestMissingDataDetection::test_pd_read_first_rows

======================================================================
  Test Run: 2026-09-25 10:34:19  |  Result: FAILURES
  114 tests: 113 passed, 1 failed
======================================================================
    PASS  tests/test_calculations.py::TestCalculateAvoidedCosts::test_output_columns_exist
    PASS  tests/test_calculations.py::TestCalculateAvoidedCosts::test_output_length_8760
    PASS  tests/test_calculations.py::TestCalculateAvoidedCosts::test_gen_capacity_formula
    PASS  tests/test_calculations.py::TestCalculateAvoidedCosts::test_transmission_uses_pcaf
    PASS  tests/test_calculations.py::TestCalculateAvoidedCosts::test_emissions_formula
    PASS  tests/test_calculations.py::TestCalculateAvoidedCosts::test_total_is_sum_of_components
    PASS  tests/test_calculations.py::TestCalculateAvoidedCosts::test_zero_scalars_only_energy
    PASS  tests/test_calculations.py::TestCalculateUrdbBill::test_flat_rate_constant_load
    PASS  tests/test_calculations.py::TestCalculateUrdbBill::test_flat_rate_monthly_proportionality
    PASS  tests/test_calculations.py::TestCalculateUrdbBill::test_zero_load_only_fixed
    PASS  tests/test_calculations.py::TestCalculateUrdbBill::test_demand_charge
    PASS  tests/test_calculations.py::TestCalculateUrdbBill::test_gp_r31_seasonal_tiers
    PASS  tests/test_calculations.py::TestCalculateUrdbBill::test_bill_increases_with_load
    PASS  tests/test_calculations.py::TestGetHourlyEnergyRate::test_flat_rate_constant_everywhere
    PASS  tests/test_calculations.py::TestGetHourlyEnergyRate::test_gp_r31_seasonal_rate_changes
    PASS  tests/test_calculations.py::TestGetHourlyEnergyRate::test_no_energy_structure_returns_zeros
    PASS  tests/test_calculations.py::TestNPVDiscounting::test_discount_factors_sum
    PASS  tests/test_calculations.py::TestNPVDiscounting::test_zero_discount_rate
    PASS  tests/test_calculations.py::TestNPVDiscounting::test_npv_known_answer
    PASS  tests/test_calculations.py::TestNPVDiscounting::test_rim_ratio_calculation
    PASS  tests/test_calculations.py::TestNPVDiscounting::test_rim_zero_lost_revenue
    PASS  tests/test_calculations.py::TestCapacityMetrics::test_epc_uniform_cwft
    PASS  tests/test_calculations.py::TestCapacityMetrics::test_epc_peaked_cwft_higher_for_peaky_load
    PASS  tests/test_calculations.py::TestCapacityMetrics::test_epc_reduction
    PASS  tests/test_calculations.py::TestCapacityMetrics::test_elcc_proxy_formula
    PASS  tests/test_calculations.py::TestCapacityMetrics::test_elcc_proxy_peaky_load
    PASS  tests/test_calculations.py::TestCapacityMetrics::test_cwft_sums_to_one
    PASS  tests/test_calculations.py::TestFindPeakWeek::test_finds_true_spike_outside_fixed_window
    PASS  tests/test_calculations.py::TestFindPeakWeek::test_window_stays_within_month_filter
    PASS  tests/test_calculations.py::TestFindPeakWeek::test_min_mode_finds_lowest_stress_window
    PASS  tests/test_calculations.py::TestFindPeakWeek::test_returns_none_when_no_window_fits
    PASS  tests/test_calculations.py::TestDispatchDrProgram::test_respects_hour_limit
    PASS  tests/test_calculations.py::TestDispatchDrProgram::test_respects_daily_limit
    PASS  tests/test_calculations.py::TestDispatchDrProgram::test_summer_only_season
    PASS  tests/test_calculations.py::TestDispatchDrProgram::test_reduction_capped_at_load
    PASS  tests/test_calculations.py::TestDispatchDrProgram::test_returns_correct_shapes
    PASS  tests/test_calculations.py::TestConfig::test_scenario_options_nonempty
    PASS  tests/test_calculations.py::TestConfig::test_scenario_descriptions_complete
    PASS  tests/test_calculations.py::TestConfig::test_planning_year_options
    PASS  tests/test_calculations.py::TestConfig::test_default_values_positive
    PASS  tests/test_calculations.py::TestConfig::test_grid_components_has_5
    PASS  tests/test_calculations.py::TestConfig::test_week_windows_valid
    PASS  tests/test_calculations.py::TestConfig::test_weather_sensitivity_function
    PASS  tests/test_calculations.py::TestConfig::test_custom_css_nonempty
    PASS  tests/test_calculations.py::TestConfig::test_financial_metric_card_html
    PASS  tests/test_calculations.py::TestVisualizations::test_weekly_overlay_returns_figure
    PASS  tests/test_calculations.py::TestVisualizations::test_weekly_load_and_temp_chart
    PASS  tests/test_calculations.py::TestVisualizations::test_weekly_grid_economics_chart
    PASS  tests/test_calculations.py::TestVisualizations::test_weekly_grid_economics_chart_signed_area_split
    FAIL  tests/test_calculations.py::TestVisualizations::test_weekly_grid_economics_chart_revenue_gain_hour_is_distinct_from_grid_value
    PASS  tests/test_calculations.py::TestVisualizations::test_annual_avoided_cost_returns_figure
    PASS  tests/test_calculations.py::TestVisualizations::test_annual_avoided_cost_monthly_boxplot
    PASS  tests/test_calculations.py::TestVisualizations::test_annual_avoided_cost_boxplot_caps_yaxis_and_annotates_outliers
    PASS  tests/test_calculations.py::TestVisualizations::test_stacked_components_returns_figure
    PASS  tests/test_calculations.py::TestVisualizations::test_stacked_components_no_legend
    PASS  tests/test_calculations.py::TestVisualizations::test_winter_summer_comparison_shares_one_legend
    PASS  tests/test_calculations.py::TestVisualizations::test_winter_summer_comparison_y_range_caps_both_panels
    PASS  tests/test_calculations.py::TestVisualizations::test_cost_duration_chart_returns_figure
    PASS  tests/test_calculations.py::TestVisualizations::test_cost_duration_chart_change_matches_baseline_minus_proposed
    PASS  tests/test_calculations.py::TestVisualizations::test_cost_duration_chart_y_range_caps_row1_axis
    PASS  tests/test_calculations.py::TestVisualizations::test_cost_duration_chart_no_y_range_means_no_cap
    PASS  tests/test_calculations.py::TestVisualizations::test_hour_month_heatmap_returns_figure
    PASS  tests/test_calculations.py::TestVisualizations::test_hour_month_heatmap_colorbar_labels_good_and_bad
    PASS  tests/test_calculations.py::TestVisualizations::test_day_hour_heatmap_returns_figure
    PASS  tests/test_calculations.py::TestVisualizations::test_day_hour_heatmap_colorbar_labels_good_and_bad
    PASS  tests/test_calculations.py::TestVisualizations::test_cumulative_cost_chart_returns_figure
    PASS  tests/test_calculations.py::TestVisualizations::test_cumulative_cost_chart_is_the_proposed_minus_baseline_running_total
    PASS  tests/test_calculations.py::TestVisualizations::test_cumulative_cost_chart_shows_added_cost_when_proposed_is_more_expensive
    PASS  tests/test_calculations.py::TestVisualizations::test_lifetime_npv_returns_figure
    PASS  tests/test_calculations.py::TestVisualizations::test_lifetime_npv_lost_revenue_is_negative_and_cumulative_nets_out
    PASS  tests/test_calculations.py::TestVisualizations::test_lifetime_npv_customer_perspective_adds_year_zero_upfront_cost
    PASS  tests/test_calculations.py::TestVisualizations::test_lifetime_npv_utility_combines_recurring_cost_and_upfront_program_cost
    PASS  tests/test_calculations.py::TestVisualizations::test_lifetime_npv_chart_has_no_in_figure_title
    PASS  tests/test_calculations.py::TestVisualizations::test_lifetime_npv_colors_follow_sign_not_fixed_category
    PASS  tests/test_calculations.py::TestVisualizations::test_economic_balance_chart_returns_figure
    PASS  tests/test_calculations.py::TestVisualizations::test_economic_balance_chart_adds_program_cost_bar_when_given
    PASS  tests/test_calculations.py::TestVisualizations::test_two_sided_cost_effectiveness_chart_returns_figure
    PASS  tests/test_calculations.py::TestVisualizations::test_bubble_chart_handles_nan_load_defensively
    PASS  tests/test_calculations.py::TestIntegrationPipeline::test_grid_to_avoided_costs_column_contract
    PASS  tests/test_calculations.py::TestIntegrationPipeline::test_full_pipeline_grid_to_npv
    PASS  tests/test_calculations.py::TestIntegrationPipeline::test_dr_dispatch_feeds_into_billing
    PASS  tests/test_calculations.py::TestIntegrationPipeline::test_avoided_costs_feed_into_visualizations
    PASS  tests/test_calculations.py::TestIntegrationPipeline::test_config_defaults_work_with_calculations
    PASS  tests/test_calculations.py::TestLoadProfileIngestion::test_beopt_raw_file_parsing
    PASS  tests/test_calculations.py::TestLoadProfileIngestion::test_load_profiles_directory_scan
    PASS  tests/test_calculations.py::TestLoadProfileIngestion::test_excel_file_parsing
    PASS  tests/test_calculations.py::TestLoadProfileIngestion::test_missing_hour_is_interpolated_not_left_as_nan
    PASS  tests/test_calculations.py::TestLoadProfileIngestion::test_beopt_native_export_format_parsing
    PASS  tests/test_calculations.py::TestLoadProfileIngestion::test_beopt_battery_example_shows_charge_discharge_shift
    PASS  tests/test_calculations.py::TestCostEffectivenessTests::test_trc_and_pct_ratios
    PASS  tests/test_calculations.py::TestCostEffectivenessTests::test_zero_cost_ratios_are_infinite_not_misleadingly_zero
    PASS  tests/test_calculations.py::TestCostEffectivenessTests::test_zero_cost_and_zero_benefit_ratio_is_neutral_zero
    PASS  tests/test_calculations.py::TestSoutheastUtilityCapacityEngine::test_regulated_fcr_bounds
    PASS  tests/test_calculations.py::TestSoutheastUtilityCapacityEngine::test_regulated_fcr_zero_tax
    PASS  tests/test_calculations.py::TestSoutheastUtilityCapacityEngine::test_ct_carrying_cost_gross_and_net
    PASS  tests/test_calculations.py::TestSoutheastUtilityCapacityEngine::test_southeast_dual_peak_cwf_sums_and_shape
    PASS  tests/test_calculations.py::TestSoutheastUtilityCapacityEngine::test_southeast_dual_peak_cwf_exceedance_with_load
    PASS  tests/test_calculations.py::TestSoutheastUtilityCapacityEngine::test_cwf_lolp_proxy
    PASS  tests/test_calculations.py::TestSoutheastUtilityCapacityEngine::test_cwf_top_n_uniform_and_exceedance
    PASS  tests/test_calculations.py::TestSoutheastUtilityCapacityEngine::test_cwf_peaker_rent
    PASS  tests/test_calculations.py::TestSoutheastUtilityCapacityEngine::test_feeder_pcaf_weights
    PASS  tests/test_calculations.py::TestSoutheastUtilityCapacityEngine::test_avoided_costs_decoupled_td_weights
    PASS  tests/test_calculations.py::TestSoutheastUtilityCapacityEngine::test_new_visualization_functions
    PASS  tests/test_calculations.py::TestSoutheastUtilityCapacityEngine::test_cwf_temperature_exceedance_sums_and_shape
    PASS  tests/test_calculations.py::TestSoutheastUtilityCapacityEngine::test_cwf_temperature_exceedance_colder_gets_more_weight
    PASS  tests/test_calculations.py::TestSoutheastUtilityCapacityEngine::test_cwf_temperature_exceedance_seasonal_split_and_fallback
    PASS  tests/test_cambium_downloader.py::TestCambiumDownloaderConfig::test_southeast_states_covered
    PASS  tests/test_cambium_downloader.py::TestCambiumDownloaderConfig::test_scenario_package_map_structure
    PASS  tests/test_cambium_downloader.py::TestRemoteZipReader::test_seek_and_tell
    PASS  tests/test_cambium_downloader.py::TestRemoteZipReader::test_invalid_whence
    PASS  tests/test_cambium_downloader.py::TestRemoteZipReader::test_read_boundary
    PASS  tests/test_cambium_downloader.py::TestMissingDataDetection::test_empty_directory_flags_all
    PASS  tests/test_cambium_downloader.py::TestMissingDataDetection::test_detected_file_reduces_missing
    PASS  tests/test_cambium_downloader.py::TestMissingDataDetection::test_pd_read_first_rows

======================================================================
  Test Run: 2026-09-25 10:33:52  |  Result: ALL PASSED
  113 tests: 113 passed, 0 failed
======================================================================
    PASS  tests/test_calculations.py::TestCalculateAvoidedCosts::test_output_columns_exist
    PASS  tests/test_calculations.py::TestCalculateAvoidedCosts::test_output_length_8760
    PASS  tests/test_calculations.py::TestCalculateAvoidedCosts::test_gen_capacity_formula
    PASS  tests/test_calculations.py::TestCalculateAvoidedCosts::test_transmission_uses_pcaf
    PASS  tests/test_calculations.py::TestCalculateAvoidedCosts::test_emissions_formula
    PASS  tests/test_calculations.py::TestCalculateAvoidedCosts::test_total_is_sum_of_components
    PASS  tests/test_calculations.py::TestCalculateAvoidedCosts::test_zero_scalars_only_energy
    PASS  tests/test_calculations.py::TestCalculateUrdbBill::test_flat_rate_constant_load
    PASS  tests/test_calculations.py::TestCalculateUrdbBill::test_flat_rate_monthly_proportionality
    PASS  tests/test_calculations.py::TestCalculateUrdbBill::test_zero_load_only_fixed
    PASS  tests/test_calculations.py::TestCalculateUrdbBill::test_demand_charge
    PASS  tests/test_calculations.py::TestCalculateUrdbBill::test_gp_r31_seasonal_tiers
    PASS  tests/test_calculations.py::TestCalculateUrdbBill::test_bill_increases_with_load
    PASS  tests/test_calculations.py::TestGetHourlyEnergyRate::test_flat_rate_constant_everywhere
    PASS  tests/test_calculations.py::TestGetHourlyEnergyRate::test_gp_r31_seasonal_rate_changes
    PASS  tests/test_calculations.py::TestGetHourlyEnergyRate::test_no_energy_structure_returns_zeros
    PASS  tests/test_calculations.py::TestNPVDiscounting::test_discount_factors_sum
    PASS  tests/test_calculations.py::TestNPVDiscounting::test_zero_discount_rate
    PASS  tests/test_calculations.py::TestNPVDiscounting::test_npv_known_answer
    PASS  tests/test_calculations.py::TestNPVDiscounting::test_rim_ratio_calculation
    PASS  tests/test_calculations.py::TestNPVDiscounting::test_rim_zero_lost_revenue
    PASS  tests/test_calculations.py::TestCapacityMetrics::test_epc_uniform_cwft
    PASS  tests/test_calculations.py::TestCapacityMetrics::test_epc_peaked_cwft_higher_for_peaky_load
    PASS  tests/test_calculations.py::TestCapacityMetrics::test_epc_reduction
    PASS  tests/test_calculations.py::TestCapacityMetrics::test_elcc_proxy_formula
    PASS  tests/test_calculations.py::TestCapacityMetrics::test_elcc_proxy_peaky_load
    PASS  tests/test_calculations.py::TestCapacityMetrics::test_cwft_sums_to_one
    PASS  tests/test_calculations.py::TestFindPeakWeek::test_finds_true_spike_outside_fixed_window
    PASS  tests/test_calculations.py::TestFindPeakWeek::test_window_stays_within_month_filter
    PASS  tests/test_calculations.py::TestFindPeakWeek::test_min_mode_finds_lowest_stress_window
    PASS  tests/test_calculations.py::TestFindPeakWeek::test_returns_none_when_no_window_fits
    PASS  tests/test_calculations.py::TestDispatchDrProgram::test_respects_hour_limit
    PASS  tests/test_calculations.py::TestDispatchDrProgram::test_respects_daily_limit
    PASS  tests/test_calculations.py::TestDispatchDrProgram::test_summer_only_season
    PASS  tests/test_calculations.py::TestDispatchDrProgram::test_reduction_capped_at_load
    PASS  tests/test_calculations.py::TestDispatchDrProgram::test_returns_correct_shapes
    PASS  tests/test_calculations.py::TestConfig::test_scenario_options_nonempty
    PASS  tests/test_calculations.py::TestConfig::test_scenario_descriptions_complete
    PASS  tests/test_calculations.py::TestConfig::test_planning_year_options
    PASS  tests/test_calculations.py::TestConfig::test_default_values_positive
    PASS  tests/test_calculations.py::TestConfig::test_grid_components_has_5
    PASS  tests/test_calculations.py::TestConfig::test_week_windows_valid
    PASS  tests/test_calculations.py::TestConfig::test_weather_sensitivity_function
    PASS  tests/test_calculations.py::TestConfig::test_custom_css_nonempty
    PASS  tests/test_calculations.py::TestConfig::test_financial_metric_card_html
    PASS  tests/test_calculations.py::TestVisualizations::test_weekly_overlay_returns_figure
    PASS  tests/test_calculations.py::TestVisualizations::test_weekly_load_and_temp_chart
    PASS  tests/test_calculations.py::TestVisualizations::test_weekly_grid_economics_chart
    PASS  tests/test_calculations.py::TestVisualizations::test_weekly_grid_economics_chart_signed_area_split
    PASS  tests/test_calculations.py::TestVisualizations::test_annual_avoided_cost_returns_figure
    PASS  tests/test_calculations.py::TestVisualizations::test_annual_avoided_cost_monthly_boxplot
    PASS  tests/test_calculations.py::TestVisualizations::test_annual_avoided_cost_boxplot_caps_yaxis_and_annotates_outliers
    PASS  tests/test_calculations.py::TestVisualizations::test_stacked_components_returns_figure
    PASS  tests/test_calculations.py::TestVisualizations::test_stacked_components_no_legend
    PASS  tests/test_calculations.py::TestVisualizations::test_winter_summer_comparison_shares_one_legend
    PASS  tests/test_calculations.py::TestVisualizations::test_winter_summer_comparison_y_range_caps_both_panels
    PASS  tests/test_calculations.py::TestVisualizations::test_cost_duration_chart_returns_figure
    PASS  tests/test_calculations.py::TestVisualizations::test_cost_duration_chart_change_matches_baseline_minus_proposed
    PASS  tests/test_calculations.py::TestVisualizations::test_cost_duration_chart_y_range_caps_row1_axis
    PASS  tests/test_calculations.py::TestVisualizations::test_cost_duration_chart_no_y_range_means_no_cap
    PASS  tests/test_calculations.py::TestVisualizations::test_hour_month_heatmap_returns_figure
    PASS  tests/test_calculations.py::TestVisualizations::test_hour_month_heatmap_colorbar_labels_good_and_bad
    PASS  tests/test_calculations.py::TestVisualizations::test_day_hour_heatmap_returns_figure
    PASS  tests/test_calculations.py::TestVisualizations::test_day_hour_heatmap_colorbar_labels_good_and_bad
    PASS  tests/test_calculations.py::TestVisualizations::test_cumulative_cost_chart_returns_figure
    PASS  tests/test_calculations.py::TestVisualizations::test_cumulative_cost_chart_is_the_proposed_minus_baseline_running_total
    PASS  tests/test_calculations.py::TestVisualizations::test_cumulative_cost_chart_shows_added_cost_when_proposed_is_more_expensive
    PASS  tests/test_calculations.py::TestVisualizations::test_lifetime_npv_returns_figure
    PASS  tests/test_calculations.py::TestVisualizations::test_lifetime_npv_lost_revenue_is_negative_and_cumulative_nets_out
    PASS  tests/test_calculations.py::TestVisualizations::test_lifetime_npv_customer_perspective_adds_year_zero_upfront_cost
    PASS  tests/test_calculations.py::TestVisualizations::test_lifetime_npv_utility_combines_recurring_cost_and_upfront_program_cost
    PASS  tests/test_calculations.py::TestVisualizations::test_lifetime_npv_chart_has_no_in_figure_title
    PASS  tests/test_calculations.py::TestVisualizations::test_lifetime_npv_colors_follow_sign_not_fixed_category
    PASS  tests/test_calculations.py::TestVisualizations::test_economic_balance_chart_returns_figure
    PASS  tests/test_calculations.py::TestVisualizations::test_economic_balance_chart_adds_program_cost_bar_when_given
    PASS  tests/test_calculations.py::TestVisualizations::test_two_sided_cost_effectiveness_chart_returns_figure
    PASS  tests/test_calculations.py::TestVisualizations::test_bubble_chart_handles_nan_load_defensively
    PASS  tests/test_calculations.py::TestIntegrationPipeline::test_grid_to_avoided_costs_column_contract
    PASS  tests/test_calculations.py::TestIntegrationPipeline::test_full_pipeline_grid_to_npv
    PASS  tests/test_calculations.py::TestIntegrationPipeline::test_dr_dispatch_feeds_into_billing
    PASS  tests/test_calculations.py::TestIntegrationPipeline::test_avoided_costs_feed_into_visualizations
    PASS  tests/test_calculations.py::TestIntegrationPipeline::test_config_defaults_work_with_calculations
    PASS  tests/test_calculations.py::TestLoadProfileIngestion::test_beopt_raw_file_parsing
    PASS  tests/test_calculations.py::TestLoadProfileIngestion::test_load_profiles_directory_scan
    PASS  tests/test_calculations.py::TestLoadProfileIngestion::test_excel_file_parsing
    PASS  tests/test_calculations.py::TestLoadProfileIngestion::test_missing_hour_is_interpolated_not_left_as_nan
    PASS  tests/test_calculations.py::TestLoadProfileIngestion::test_beopt_native_export_format_parsing
    PASS  tests/test_calculations.py::TestLoadProfileIngestion::test_beopt_battery_example_shows_charge_discharge_shift
    PASS  tests/test_calculations.py::TestCostEffectivenessTests::test_trc_and_pct_ratios
    PASS  tests/test_calculations.py::TestCostEffectivenessTests::test_zero_cost_ratios_are_infinite_not_misleadingly_zero
    PASS  tests/test_calculations.py::TestCostEffectivenessTests::test_zero_cost_and_zero_benefit_ratio_is_neutral_zero
    PASS  tests/test_calculations.py::TestSoutheastUtilityCapacityEngine::test_regulated_fcr_bounds
    PASS  tests/test_calculations.py::TestSoutheastUtilityCapacityEngine::test_regulated_fcr_zero_tax
    PASS  tests/test_calculations.py::TestSoutheastUtilityCapacityEngine::test_ct_carrying_cost_gross_and_net
    PASS  tests/test_calculations.py::TestSoutheastUtilityCapacityEngine::test_southeast_dual_peak_cwf_sums_and_shape
    PASS  tests/test_calculations.py::TestSoutheastUtilityCapacityEngine::test_southeast_dual_peak_cwf_exceedance_with_load
    PASS  tests/test_calculations.py::TestSoutheastUtilityCapacityEngine::test_cwf_lolp_proxy
    PASS  tests/test_calculations.py::TestSoutheastUtilityCapacityEngine::test_cwf_top_n_uniform_and_exceedance
    PASS  tests/test_calculations.py::TestSoutheastUtilityCapacityEngine::test_cwf_peaker_rent
    PASS  tests/test_calculations.py::TestSoutheastUtilityCapacityEngine::test_feeder_pcaf_weights
    PASS  tests/test_calculations.py::TestSoutheastUtilityCapacityEngine::test_avoided_costs_decoupled_td_weights
    PASS  tests/test_calculations.py::TestSoutheastUtilityCapacityEngine::test_new_visualization_functions
    PASS  tests/test_calculations.py::TestSoutheastUtilityCapacityEngine::test_cwf_temperature_exceedance_sums_and_shape
    PASS  tests/test_calculations.py::TestSoutheastUtilityCapacityEngine::test_cwf_temperature_exceedance_colder_gets_more_weight
    PASS  tests/test_calculations.py::TestSoutheastUtilityCapacityEngine::test_cwf_temperature_exceedance_seasonal_split_and_fallback
    PASS  tests/test_cambium_downloader.py::TestCambiumDownloaderConfig::test_southeast_states_covered
    PASS  tests/test_cambium_downloader.py::TestCambiumDownloaderConfig::test_scenario_package_map_structure
    PASS  tests/test_cambium_downloader.py::TestRemoteZipReader::test_seek_and_tell
    PASS  tests/test_cambium_downloader.py::TestRemoteZipReader::test_invalid_whence
    PASS  tests/test_cambium_downloader.py::TestRemoteZipReader::test_read_boundary
    PASS  tests/test_cambium_downloader.py::TestMissingDataDetection::test_empty_directory_flags_all
    PASS  tests/test_cambium_downloader.py::TestMissingDataDetection::test_detected_file_reduces_missing
    PASS  tests/test_cambium_downloader.py::TestMissingDataDetection::test_pd_read_first_rows

======================================================================
  Test Run: 2026-09-25 10:32:59  |  Result: FAILURES
  113 tests: 111 passed, 2 failed
======================================================================
    PASS  tests/test_calculations.py::TestCalculateAvoidedCosts::test_output_columns_exist
    PASS  tests/test_calculations.py::TestCalculateAvoidedCosts::test_output_length_8760
    PASS  tests/test_calculations.py::TestCalculateAvoidedCosts::test_gen_capacity_formula
    PASS  tests/test_calculations.py::TestCalculateAvoidedCosts::test_transmission_uses_pcaf
    PASS  tests/test_calculations.py::TestCalculateAvoidedCosts::test_emissions_formula
    PASS  tests/test_calculations.py::TestCalculateAvoidedCosts::test_total_is_sum_of_components
    PASS  tests/test_calculations.py::TestCalculateAvoidedCosts::test_zero_scalars_only_energy
    PASS  tests/test_calculations.py::TestCalculateUrdbBill::test_flat_rate_constant_load
    PASS  tests/test_calculations.py::TestCalculateUrdbBill::test_flat_rate_monthly_proportionality
    PASS  tests/test_calculations.py::TestCalculateUrdbBill::test_zero_load_only_fixed
    PASS  tests/test_calculations.py::TestCalculateUrdbBill::test_demand_charge
    PASS  tests/test_calculations.py::TestCalculateUrdbBill::test_gp_r31_seasonal_tiers
    PASS  tests/test_calculations.py::TestCalculateUrdbBill::test_bill_increases_with_load
    PASS  tests/test_calculations.py::TestGetHourlyEnergyRate::test_flat_rate_constant_everywhere
    PASS  tests/test_calculations.py::TestGetHourlyEnergyRate::test_gp_r31_seasonal_rate_changes
    PASS  tests/test_calculations.py::TestGetHourlyEnergyRate::test_no_energy_structure_returns_zeros
    PASS  tests/test_calculations.py::TestNPVDiscounting::test_discount_factors_sum
    PASS  tests/test_calculations.py::TestNPVDiscounting::test_zero_discount_rate
    PASS  tests/test_calculations.py::TestNPVDiscounting::test_npv_known_answer
    PASS  tests/test_calculations.py::TestNPVDiscounting::test_rim_ratio_calculation
    PASS  tests/test_calculations.py::TestNPVDiscounting::test_rim_zero_lost_revenue
    PASS  tests/test_calculations.py::TestCapacityMetrics::test_epc_uniform_cwft
    PASS  tests/test_calculations.py::TestCapacityMetrics::test_epc_peaked_cwft_higher_for_peaky_load
    PASS  tests/test_calculations.py::TestCapacityMetrics::test_epc_reduction
    PASS  tests/test_calculations.py::TestCapacityMetrics::test_elcc_proxy_formula
    PASS  tests/test_calculations.py::TestCapacityMetrics::test_elcc_proxy_peaky_load
    PASS  tests/test_calculations.py::TestCapacityMetrics::test_cwft_sums_to_one
    PASS  tests/test_calculations.py::TestFindPeakWeek::test_finds_true_spike_outside_fixed_window
    PASS  tests/test_calculations.py::TestFindPeakWeek::test_window_stays_within_month_filter
    PASS  tests/test_calculations.py::TestFindPeakWeek::test_min_mode_finds_lowest_stress_window
    PASS  tests/test_calculations.py::TestFindPeakWeek::test_returns_none_when_no_window_fits
    PASS  tests/test_calculations.py::TestDispatchDrProgram::test_respects_hour_limit
    PASS  tests/test_calculations.py::TestDispatchDrProgram::test_respects_daily_limit
    PASS  tests/test_calculations.py::TestDispatchDrProgram::test_summer_only_season
    PASS  tests/test_calculations.py::TestDispatchDrProgram::test_reduction_capped_at_load
    PASS  tests/test_calculations.py::TestDispatchDrProgram::test_returns_correct_shapes
    PASS  tests/test_calculations.py::TestConfig::test_scenario_options_nonempty
    PASS  tests/test_calculations.py::TestConfig::test_scenario_descriptions_complete
    PASS  tests/test_calculations.py::TestConfig::test_planning_year_options
    PASS  tests/test_calculations.py::TestConfig::test_default_values_positive
    PASS  tests/test_calculations.py::TestConfig::test_grid_components_has_5
    PASS  tests/test_calculations.py::TestConfig::test_week_windows_valid
    PASS  tests/test_calculations.py::TestConfig::test_weather_sensitivity_function
    PASS  tests/test_calculations.py::TestConfig::test_custom_css_nonempty
    PASS  tests/test_calculations.py::TestConfig::test_financial_metric_card_html
    PASS  tests/test_calculations.py::TestVisualizations::test_weekly_overlay_returns_figure
    PASS  tests/test_calculations.py::TestVisualizations::test_weekly_load_and_temp_chart
    FAIL  tests/test_calculations.py::TestVisualizations::test_weekly_grid_economics_chart
    FAIL  tests/test_calculations.py::TestVisualizations::test_weekly_grid_economics_chart_signed_area_split
    PASS  tests/test_calculations.py::TestVisualizations::test_annual_avoided_cost_returns_figure
    PASS  tests/test_calculations.py::TestVisualizations::test_annual_avoided_cost_monthly_boxplot
    PASS  tests/test_calculations.py::TestVisualizations::test_annual_avoided_cost_boxplot_caps_yaxis_and_annotates_outliers
    PASS  tests/test_calculations.py::TestVisualizations::test_stacked_components_returns_figure
    PASS  tests/test_calculations.py::TestVisualizations::test_stacked_components_no_legend
    PASS  tests/test_calculations.py::TestVisualizations::test_winter_summer_comparison_shares_one_legend
    PASS  tests/test_calculations.py::TestVisualizations::test_winter_summer_comparison_y_range_caps_both_panels
    PASS  tests/test_calculations.py::TestVisualizations::test_cost_duration_chart_returns_figure
    PASS  tests/test_calculations.py::TestVisualizations::test_cost_duration_chart_change_matches_baseline_minus_proposed
    PASS  tests/test_calculations.py::TestVisualizations::test_cost_duration_chart_y_range_caps_row1_axis
    PASS  tests/test_calculations.py::TestVisualizations::test_cost_duration_chart_no_y_range_means_no_cap
    PASS  tests/test_calculations.py::TestVisualizations::test_hour_month_heatmap_returns_figure
    PASS  tests/test_calculations.py::TestVisualizations::test_hour_month_heatmap_colorbar_labels_good_and_bad
    PASS  tests/test_calculations.py::TestVisualizations::test_day_hour_heatmap_returns_figure
    PASS  tests/test_calculations.py::TestVisualizations::test_day_hour_heatmap_colorbar_labels_good_and_bad
    PASS  tests/test_calculations.py::TestVisualizations::test_cumulative_cost_chart_returns_figure
    PASS  tests/test_calculations.py::TestVisualizations::test_cumulative_cost_chart_is_the_proposed_minus_baseline_running_total
    PASS  tests/test_calculations.py::TestVisualizations::test_cumulative_cost_chart_shows_added_cost_when_proposed_is_more_expensive
    PASS  tests/test_calculations.py::TestVisualizations::test_lifetime_npv_returns_figure
    PASS  tests/test_calculations.py::TestVisualizations::test_lifetime_npv_lost_revenue_is_negative_and_cumulative_nets_out
    PASS  tests/test_calculations.py::TestVisualizations::test_lifetime_npv_customer_perspective_adds_year_zero_upfront_cost
    PASS  tests/test_calculations.py::TestVisualizations::test_lifetime_npv_utility_combines_recurring_cost_and_upfront_program_cost
    PASS  tests/test_calculations.py::TestVisualizations::test_lifetime_npv_chart_has_no_in_figure_title
    PASS  tests/test_calculations.py::TestVisualizations::test_lifetime_npv_colors_follow_sign_not_fixed_category
    PASS  tests/test_calculations.py::TestVisualizations::test_economic_balance_chart_returns_figure
    PASS  tests/test_calculations.py::TestVisualizations::test_economic_balance_chart_adds_program_cost_bar_when_given
    PASS  tests/test_calculations.py::TestVisualizations::test_two_sided_cost_effectiveness_chart_returns_figure
    PASS  tests/test_calculations.py::TestVisualizations::test_bubble_chart_handles_nan_load_defensively
    PASS  tests/test_calculations.py::TestIntegrationPipeline::test_grid_to_avoided_costs_column_contract
    PASS  tests/test_calculations.py::TestIntegrationPipeline::test_full_pipeline_grid_to_npv
    PASS  tests/test_calculations.py::TestIntegrationPipeline::test_dr_dispatch_feeds_into_billing
    PASS  tests/test_calculations.py::TestIntegrationPipeline::test_avoided_costs_feed_into_visualizations
    PASS  tests/test_calculations.py::TestIntegrationPipeline::test_config_defaults_work_with_calculations
    PASS  tests/test_calculations.py::TestLoadProfileIngestion::test_beopt_raw_file_parsing
    PASS  tests/test_calculations.py::TestLoadProfileIngestion::test_load_profiles_directory_scan
    PASS  tests/test_calculations.py::TestLoadProfileIngestion::test_excel_file_parsing
    PASS  tests/test_calculations.py::TestLoadProfileIngestion::test_missing_hour_is_interpolated_not_left_as_nan
    PASS  tests/test_calculations.py::TestLoadProfileIngestion::test_beopt_native_export_format_parsing
    PASS  tests/test_calculations.py::TestLoadProfileIngestion::test_beopt_battery_example_shows_charge_discharge_shift
    PASS  tests/test_calculations.py::TestCostEffectivenessTests::test_trc_and_pct_ratios
    PASS  tests/test_calculations.py::TestCostEffectivenessTests::test_zero_cost_ratios_are_infinite_not_misleadingly_zero
    PASS  tests/test_calculations.py::TestCostEffectivenessTests::test_zero_cost_and_zero_benefit_ratio_is_neutral_zero
    PASS  tests/test_calculations.py::TestSoutheastUtilityCapacityEngine::test_regulated_fcr_bounds
    PASS  tests/test_calculations.py::TestSoutheastUtilityCapacityEngine::test_regulated_fcr_zero_tax
    PASS  tests/test_calculations.py::TestSoutheastUtilityCapacityEngine::test_ct_carrying_cost_gross_and_net
    PASS  tests/test_calculations.py::TestSoutheastUtilityCapacityEngine::test_southeast_dual_peak_cwf_sums_and_shape
    PASS  tests/test_calculations.py::TestSoutheastUtilityCapacityEngine::test_southeast_dual_peak_cwf_exceedance_with_load
    PASS  tests/test_calculations.py::TestSoutheastUtilityCapacityEngine::test_cwf_lolp_proxy
    PASS  tests/test_calculations.py::TestSoutheastUtilityCapacityEngine::test_cwf_top_n_uniform_and_exceedance
    PASS  tests/test_calculations.py::TestSoutheastUtilityCapacityEngine::test_cwf_peaker_rent
    PASS  tests/test_calculations.py::TestSoutheastUtilityCapacityEngine::test_feeder_pcaf_weights
    PASS  tests/test_calculations.py::TestSoutheastUtilityCapacityEngine::test_avoided_costs_decoupled_td_weights
    PASS  tests/test_calculations.py::TestSoutheastUtilityCapacityEngine::test_new_visualization_functions
    PASS  tests/test_calculations.py::TestSoutheastUtilityCapacityEngine::test_cwf_temperature_exceedance_sums_and_shape
    PASS  tests/test_calculations.py::TestSoutheastUtilityCapacityEngine::test_cwf_temperature_exceedance_colder_gets_more_weight
    PASS  tests/test_calculations.py::TestSoutheastUtilityCapacityEngine::test_cwf_temperature_exceedance_seasonal_split_and_fallback
    PASS  tests/test_cambium_downloader.py::TestCambiumDownloaderConfig::test_southeast_states_covered
    PASS  tests/test_cambium_downloader.py::TestCambiumDownloaderConfig::test_scenario_package_map_structure
    PASS  tests/test_cambium_downloader.py::TestRemoteZipReader::test_seek_and_tell
    PASS  tests/test_cambium_downloader.py::TestRemoteZipReader::test_invalid_whence
    PASS  tests/test_cambium_downloader.py::TestRemoteZipReader::test_read_boundary
    PASS  tests/test_cambium_downloader.py::TestMissingDataDetection::test_empty_directory_flags_all
    PASS  tests/test_cambium_downloader.py::TestMissingDataDetection::test_detected_file_reduces_missing
    PASS  tests/test_cambium_downloader.py::TestMissingDataDetection::test_pd_read_first_rows

======================================================================
  Test Run: 2026-09-25 10:21:41  |  Result: ALL PASSED
  113 tests: 113 passed, 0 failed
======================================================================
    PASS  tests/test_calculations.py::TestCalculateAvoidedCosts::test_output_columns_exist
    PASS  tests/test_calculations.py::TestCalculateAvoidedCosts::test_output_length_8760
    PASS  tests/test_calculations.py::TestCalculateAvoidedCosts::test_gen_capacity_formula
    PASS  tests/test_calculations.py::TestCalculateAvoidedCosts::test_transmission_uses_pcaf
    PASS  tests/test_calculations.py::TestCalculateAvoidedCosts::test_emissions_formula
    PASS  tests/test_calculations.py::TestCalculateAvoidedCosts::test_total_is_sum_of_components
    PASS  tests/test_calculations.py::TestCalculateAvoidedCosts::test_zero_scalars_only_energy
    PASS  tests/test_calculations.py::TestCalculateUrdbBill::test_flat_rate_constant_load
    PASS  tests/test_calculations.py::TestCalculateUrdbBill::test_flat_rate_monthly_proportionality
    PASS  tests/test_calculations.py::TestCalculateUrdbBill::test_zero_load_only_fixed
    PASS  tests/test_calculations.py::TestCalculateUrdbBill::test_demand_charge
    PASS  tests/test_calculations.py::TestCalculateUrdbBill::test_gp_r31_seasonal_tiers
    PASS  tests/test_calculations.py::TestCalculateUrdbBill::test_bill_increases_with_load
    PASS  tests/test_calculations.py::TestGetHourlyEnergyRate::test_flat_rate_constant_everywhere
    PASS  tests/test_calculations.py::TestGetHourlyEnergyRate::test_gp_r31_seasonal_rate_changes
    PASS  tests/test_calculations.py::TestGetHourlyEnergyRate::test_no_energy_structure_returns_zeros
    PASS  tests/test_calculations.py::TestNPVDiscounting::test_discount_factors_sum
    PASS  tests/test_calculations.py::TestNPVDiscounting::test_zero_discount_rate
    PASS  tests/test_calculations.py::TestNPVDiscounting::test_npv_known_answer
    PASS  tests/test_calculations.py::TestNPVDiscounting::test_rim_ratio_calculation
    PASS  tests/test_calculations.py::TestNPVDiscounting::test_rim_zero_lost_revenue
    PASS  tests/test_calculations.py::TestCapacityMetrics::test_epc_uniform_cwft
    PASS  tests/test_calculations.py::TestCapacityMetrics::test_epc_peaked_cwft_higher_for_peaky_load
    PASS  tests/test_calculations.py::TestCapacityMetrics::test_epc_reduction
    PASS  tests/test_calculations.py::TestCapacityMetrics::test_elcc_proxy_formula
    PASS  tests/test_calculations.py::TestCapacityMetrics::test_elcc_proxy_peaky_load
    PASS  tests/test_calculations.py::TestCapacityMetrics::test_cwft_sums_to_one
    PASS  tests/test_calculations.py::TestFindPeakWeek::test_finds_true_spike_outside_fixed_window
    PASS  tests/test_calculations.py::TestFindPeakWeek::test_window_stays_within_month_filter
    PASS  tests/test_calculations.py::TestFindPeakWeek::test_min_mode_finds_lowest_stress_window
    PASS  tests/test_calculations.py::TestFindPeakWeek::test_returns_none_when_no_window_fits
    PASS  tests/test_calculations.py::TestDispatchDrProgram::test_respects_hour_limit
    PASS  tests/test_calculations.py::TestDispatchDrProgram::test_respects_daily_limit
    PASS  tests/test_calculations.py::TestDispatchDrProgram::test_summer_only_season
    PASS  tests/test_calculations.py::TestDispatchDrProgram::test_reduction_capped_at_load
    PASS  tests/test_calculations.py::TestDispatchDrProgram::test_returns_correct_shapes
    PASS  tests/test_calculations.py::TestConfig::test_scenario_options_nonempty
    PASS  tests/test_calculations.py::TestConfig::test_scenario_descriptions_complete
    PASS  tests/test_calculations.py::TestConfig::test_planning_year_options
    PASS  tests/test_calculations.py::TestConfig::test_default_values_positive
    PASS  tests/test_calculations.py::TestConfig::test_grid_components_has_5
    PASS  tests/test_calculations.py::TestConfig::test_week_windows_valid
    PASS  tests/test_calculations.py::TestConfig::test_weather_sensitivity_function
    PASS  tests/test_calculations.py::TestConfig::test_custom_css_nonempty
    PASS  tests/test_calculations.py::TestConfig::test_financial_metric_card_html
    PASS  tests/test_calculations.py::TestVisualizations::test_weekly_overlay_returns_figure
    PASS  tests/test_calculations.py::TestVisualizations::test_weekly_load_and_temp_chart
    PASS  tests/test_calculations.py::TestVisualizations::test_weekly_grid_economics_chart
    PASS  tests/test_calculations.py::TestVisualizations::test_weekly_grid_economics_chart_signed_area_split
    PASS  tests/test_calculations.py::TestVisualizations::test_annual_avoided_cost_returns_figure
    PASS  tests/test_calculations.py::TestVisualizations::test_annual_avoided_cost_monthly_boxplot
    PASS  tests/test_calculations.py::TestVisualizations::test_annual_avoided_cost_boxplot_caps_yaxis_and_annotates_outliers
    PASS  tests/test_calculations.py::TestVisualizations::test_stacked_components_returns_figure
    PASS  tests/test_calculations.py::TestVisualizations::test_stacked_components_no_legend
    PASS  tests/test_calculations.py::TestVisualizations::test_winter_summer_comparison_shares_one_legend
    PASS  tests/test_calculations.py::TestVisualizations::test_winter_summer_comparison_y_range_caps_both_panels
    PASS  tests/test_calculations.py::TestVisualizations::test_cost_duration_chart_returns_figure
    PASS  tests/test_calculations.py::TestVisualizations::test_cost_duration_chart_change_matches_baseline_minus_proposed
    PASS  tests/test_calculations.py::TestVisualizations::test_cost_duration_chart_y_range_caps_row1_axis
    PASS  tests/test_calculations.py::TestVisualizations::test_cost_duration_chart_no_y_range_means_no_cap
    PASS  tests/test_calculations.py::TestVisualizations::test_hour_month_heatmap_returns_figure
    PASS  tests/test_calculations.py::TestVisualizations::test_hour_month_heatmap_colorbar_labels_good_and_bad
    PASS  tests/test_calculations.py::TestVisualizations::test_day_hour_heatmap_returns_figure
    PASS  tests/test_calculations.py::TestVisualizations::test_day_hour_heatmap_colorbar_labels_good_and_bad
    PASS  tests/test_calculations.py::TestVisualizations::test_cumulative_cost_chart_returns_figure
    PASS  tests/test_calculations.py::TestVisualizations::test_cumulative_cost_chart_is_the_proposed_minus_baseline_running_total
    PASS  tests/test_calculations.py::TestVisualizations::test_cumulative_cost_chart_shows_added_cost_when_proposed_is_more_expensive
    PASS  tests/test_calculations.py::TestVisualizations::test_lifetime_npv_returns_figure
    PASS  tests/test_calculations.py::TestVisualizations::test_lifetime_npv_lost_revenue_is_negative_and_cumulative_nets_out
    PASS  tests/test_calculations.py::TestVisualizations::test_lifetime_npv_customer_perspective_adds_year_zero_upfront_cost
    PASS  tests/test_calculations.py::TestVisualizations::test_lifetime_npv_utility_combines_recurring_cost_and_upfront_program_cost
    PASS  tests/test_calculations.py::TestVisualizations::test_lifetime_npv_chart_has_no_in_figure_title
    PASS  tests/test_calculations.py::TestVisualizations::test_lifetime_npv_colors_follow_sign_not_fixed_category
    PASS  tests/test_calculations.py::TestVisualizations::test_economic_balance_chart_returns_figure
    PASS  tests/test_calculations.py::TestVisualizations::test_economic_balance_chart_adds_program_cost_bar_when_given
    PASS  tests/test_calculations.py::TestVisualizations::test_two_sided_cost_effectiveness_chart_returns_figure
    PASS  tests/test_calculations.py::TestVisualizations::test_bubble_chart_handles_nan_load_defensively
    PASS  tests/test_calculations.py::TestIntegrationPipeline::test_grid_to_avoided_costs_column_contract
    PASS  tests/test_calculations.py::TestIntegrationPipeline::test_full_pipeline_grid_to_npv
    PASS  tests/test_calculations.py::TestIntegrationPipeline::test_dr_dispatch_feeds_into_billing
    PASS  tests/test_calculations.py::TestIntegrationPipeline::test_avoided_costs_feed_into_visualizations
    PASS  tests/test_calculations.py::TestIntegrationPipeline::test_config_defaults_work_with_calculations
    PASS  tests/test_calculations.py::TestLoadProfileIngestion::test_beopt_raw_file_parsing
    PASS  tests/test_calculations.py::TestLoadProfileIngestion::test_load_profiles_directory_scan
    PASS  tests/test_calculations.py::TestLoadProfileIngestion::test_excel_file_parsing
    PASS  tests/test_calculations.py::TestLoadProfileIngestion::test_missing_hour_is_interpolated_not_left_as_nan
    PASS  tests/test_calculations.py::TestLoadProfileIngestion::test_beopt_native_export_format_parsing
    PASS  tests/test_calculations.py::TestLoadProfileIngestion::test_beopt_battery_example_shows_charge_discharge_shift
    PASS  tests/test_calculations.py::TestCostEffectivenessTests::test_trc_and_pct_ratios
    PASS  tests/test_calculations.py::TestCostEffectivenessTests::test_zero_cost_ratios_are_infinite_not_misleadingly_zero
    PASS  tests/test_calculations.py::TestCostEffectivenessTests::test_zero_cost_and_zero_benefit_ratio_is_neutral_zero
    PASS  tests/test_calculations.py::TestSoutheastUtilityCapacityEngine::test_regulated_fcr_bounds
    PASS  tests/test_calculations.py::TestSoutheastUtilityCapacityEngine::test_regulated_fcr_zero_tax
    PASS  tests/test_calculations.py::TestSoutheastUtilityCapacityEngine::test_ct_carrying_cost_gross_and_net
    PASS  tests/test_calculations.py::TestSoutheastUtilityCapacityEngine::test_southeast_dual_peak_cwf_sums_and_shape
    PASS  tests/test_calculations.py::TestSoutheastUtilityCapacityEngine::test_southeast_dual_peak_cwf_exceedance_with_load
    PASS  tests/test_calculations.py::TestSoutheastUtilityCapacityEngine::test_cwf_lolp_proxy
    PASS  tests/test_calculations.py::TestSoutheastUtilityCapacityEngine::test_cwf_top_n_uniform_and_exceedance
    PASS  tests/test_calculations.py::TestSoutheastUtilityCapacityEngine::test_cwf_peaker_rent
    PASS  tests/test_calculations.py::TestSoutheastUtilityCapacityEngine::test_feeder_pcaf_weights
    PASS  tests/test_calculations.py::TestSoutheastUtilityCapacityEngine::test_avoided_costs_decoupled_td_weights
    PASS  tests/test_calculations.py::TestSoutheastUtilityCapacityEngine::test_new_visualization_functions
    PASS  tests/test_calculations.py::TestSoutheastUtilityCapacityEngine::test_cwf_temperature_exceedance_sums_and_shape
    PASS  tests/test_calculations.py::TestSoutheastUtilityCapacityEngine::test_cwf_temperature_exceedance_colder_gets_more_weight
    PASS  tests/test_calculations.py::TestSoutheastUtilityCapacityEngine::test_cwf_temperature_exceedance_seasonal_split_and_fallback
    PASS  tests/test_cambium_downloader.py::TestCambiumDownloaderConfig::test_southeast_states_covered
    PASS  tests/test_cambium_downloader.py::TestCambiumDownloaderConfig::test_scenario_package_map_structure
    PASS  tests/test_cambium_downloader.py::TestRemoteZipReader::test_seek_and_tell
    PASS  tests/test_cambium_downloader.py::TestRemoteZipReader::test_invalid_whence
    PASS  tests/test_cambium_downloader.py::TestRemoteZipReader::test_read_boundary
    PASS  tests/test_cambium_downloader.py::TestMissingDataDetection::test_empty_directory_flags_all
    PASS  tests/test_cambium_downloader.py::TestMissingDataDetection::test_detected_file_reduces_missing
    PASS  tests/test_cambium_downloader.py::TestMissingDataDetection::test_pd_read_first_rows

======================================================================
  Test Run: 2026-09-25 10:18:51  |  Result: ALL PASSED
  113 tests: 113 passed, 0 failed
======================================================================
    PASS  tests/test_calculations.py::TestCalculateAvoidedCosts::test_output_columns_exist
    PASS  tests/test_calculations.py::TestCalculateAvoidedCosts::test_output_length_8760
    PASS  tests/test_calculations.py::TestCalculateAvoidedCosts::test_gen_capacity_formula
    PASS  tests/test_calculations.py::TestCalculateAvoidedCosts::test_transmission_uses_pcaf
    PASS  tests/test_calculations.py::TestCalculateAvoidedCosts::test_emissions_formula
    PASS  tests/test_calculations.py::TestCalculateAvoidedCosts::test_total_is_sum_of_components
    PASS  tests/test_calculations.py::TestCalculateAvoidedCosts::test_zero_scalars_only_energy
    PASS  tests/test_calculations.py::TestCalculateUrdbBill::test_flat_rate_constant_load
    PASS  tests/test_calculations.py::TestCalculateUrdbBill::test_flat_rate_monthly_proportionality
    PASS  tests/test_calculations.py::TestCalculateUrdbBill::test_zero_load_only_fixed
    PASS  tests/test_calculations.py::TestCalculateUrdbBill::test_demand_charge
    PASS  tests/test_calculations.py::TestCalculateUrdbBill::test_gp_r31_seasonal_tiers
    PASS  tests/test_calculations.py::TestCalculateUrdbBill::test_bill_increases_with_load
    PASS  tests/test_calculations.py::TestGetHourlyEnergyRate::test_flat_rate_constant_everywhere
    PASS  tests/test_calculations.py::TestGetHourlyEnergyRate::test_gp_r31_seasonal_rate_changes
    PASS  tests/test_calculations.py::TestGetHourlyEnergyRate::test_no_energy_structure_returns_zeros
    PASS  tests/test_calculations.py::TestNPVDiscounting::test_discount_factors_sum
    PASS  tests/test_calculations.py::TestNPVDiscounting::test_zero_discount_rate
    PASS  tests/test_calculations.py::TestNPVDiscounting::test_npv_known_answer
    PASS  tests/test_calculations.py::TestNPVDiscounting::test_rim_ratio_calculation
    PASS  tests/test_calculations.py::TestNPVDiscounting::test_rim_zero_lost_revenue
    PASS  tests/test_calculations.py::TestCapacityMetrics::test_epc_uniform_cwft
    PASS  tests/test_calculations.py::TestCapacityMetrics::test_epc_peaked_cwft_higher_for_peaky_load
    PASS  tests/test_calculations.py::TestCapacityMetrics::test_epc_reduction
    PASS  tests/test_calculations.py::TestCapacityMetrics::test_elcc_proxy_formula
    PASS  tests/test_calculations.py::TestCapacityMetrics::test_elcc_proxy_peaky_load
    PASS  tests/test_calculations.py::TestCapacityMetrics::test_cwft_sums_to_one
    PASS  tests/test_calculations.py::TestFindPeakWeek::test_finds_true_spike_outside_fixed_window
    PASS  tests/test_calculations.py::TestFindPeakWeek::test_window_stays_within_month_filter
    PASS  tests/test_calculations.py::TestFindPeakWeek::test_min_mode_finds_lowest_stress_window
    PASS  tests/test_calculations.py::TestFindPeakWeek::test_returns_none_when_no_window_fits
    PASS  tests/test_calculations.py::TestDispatchDrProgram::test_respects_hour_limit
    PASS  tests/test_calculations.py::TestDispatchDrProgram::test_respects_daily_limit
    PASS  tests/test_calculations.py::TestDispatchDrProgram::test_summer_only_season
    PASS  tests/test_calculations.py::TestDispatchDrProgram::test_reduction_capped_at_load
    PASS  tests/test_calculations.py::TestDispatchDrProgram::test_returns_correct_shapes
    PASS  tests/test_calculations.py::TestConfig::test_scenario_options_nonempty
    PASS  tests/test_calculations.py::TestConfig::test_scenario_descriptions_complete
    PASS  tests/test_calculations.py::TestConfig::test_planning_year_options
    PASS  tests/test_calculations.py::TestConfig::test_default_values_positive
    PASS  tests/test_calculations.py::TestConfig::test_grid_components_has_5
    PASS  tests/test_calculations.py::TestConfig::test_week_windows_valid
    PASS  tests/test_calculations.py::TestConfig::test_weather_sensitivity_function
    PASS  tests/test_calculations.py::TestConfig::test_custom_css_nonempty
    PASS  tests/test_calculations.py::TestConfig::test_financial_metric_card_html
    PASS  tests/test_calculations.py::TestVisualizations::test_weekly_overlay_returns_figure
    PASS  tests/test_calculations.py::TestVisualizations::test_weekly_load_and_temp_chart
    PASS  tests/test_calculations.py::TestVisualizations::test_weekly_grid_economics_chart
    PASS  tests/test_calculations.py::TestVisualizations::test_weekly_grid_economics_chart_signed_area_split
    PASS  tests/test_calculations.py::TestVisualizations::test_annual_avoided_cost_returns_figure
    PASS  tests/test_calculations.py::TestVisualizations::test_annual_avoided_cost_monthly_boxplot
    PASS  tests/test_calculations.py::TestVisualizations::test_annual_avoided_cost_boxplot_caps_yaxis_and_annotates_outliers
    PASS  tests/test_calculations.py::TestVisualizations::test_stacked_components_returns_figure
    PASS  tests/test_calculations.py::TestVisualizations::test_stacked_components_no_legend
    PASS  tests/test_calculations.py::TestVisualizations::test_winter_summer_comparison_shares_one_legend
    PASS  tests/test_calculations.py::TestVisualizations::test_winter_summer_comparison_y_range_caps_both_panels
    PASS  tests/test_calculations.py::TestVisualizations::test_cost_duration_chart_returns_figure
    PASS  tests/test_calculations.py::TestVisualizations::test_cost_duration_chart_change_matches_baseline_minus_proposed
    PASS  tests/test_calculations.py::TestVisualizations::test_cost_duration_chart_y_range_caps_row1_axis
    PASS  tests/test_calculations.py::TestVisualizations::test_cost_duration_chart_no_y_range_means_no_cap
    PASS  tests/test_calculations.py::TestVisualizations::test_hour_month_heatmap_returns_figure
    PASS  tests/test_calculations.py::TestVisualizations::test_hour_month_heatmap_colorbar_labels_good_and_bad
    PASS  tests/test_calculations.py::TestVisualizations::test_day_hour_heatmap_returns_figure
    PASS  tests/test_calculations.py::TestVisualizations::test_day_hour_heatmap_colorbar_labels_good_and_bad
    PASS  tests/test_calculations.py::TestVisualizations::test_cumulative_cost_chart_returns_figure
    PASS  tests/test_calculations.py::TestVisualizations::test_cumulative_cost_chart_is_the_proposed_minus_baseline_running_total
    PASS  tests/test_calculations.py::TestVisualizations::test_cumulative_cost_chart_shows_added_cost_when_proposed_is_more_expensive
    PASS  tests/test_calculations.py::TestVisualizations::test_lifetime_npv_returns_figure
    PASS  tests/test_calculations.py::TestVisualizations::test_lifetime_npv_lost_revenue_is_negative_and_cumulative_nets_out
    PASS  tests/test_calculations.py::TestVisualizations::test_lifetime_npv_customer_perspective_adds_year_zero_upfront_cost
    PASS  tests/test_calculations.py::TestVisualizations::test_lifetime_npv_utility_combines_recurring_cost_and_upfront_program_cost
    PASS  tests/test_calculations.py::TestVisualizations::test_lifetime_npv_chart_has_no_in_figure_title
    PASS  tests/test_calculations.py::TestVisualizations::test_lifetime_npv_colors_follow_sign_not_fixed_category
    PASS  tests/test_calculations.py::TestVisualizations::test_economic_balance_chart_returns_figure
    PASS  tests/test_calculations.py::TestVisualizations::test_economic_balance_chart_adds_program_cost_bar_when_given
    PASS  tests/test_calculations.py::TestVisualizations::test_two_sided_cost_effectiveness_chart_returns_figure
    PASS  tests/test_calculations.py::TestVisualizations::test_bubble_chart_handles_nan_load_defensively
    PASS  tests/test_calculations.py::TestIntegrationPipeline::test_grid_to_avoided_costs_column_contract
    PASS  tests/test_calculations.py::TestIntegrationPipeline::test_full_pipeline_grid_to_npv
    PASS  tests/test_calculations.py::TestIntegrationPipeline::test_dr_dispatch_feeds_into_billing
    PASS  tests/test_calculations.py::TestIntegrationPipeline::test_avoided_costs_feed_into_visualizations
    PASS  tests/test_calculations.py::TestIntegrationPipeline::test_config_defaults_work_with_calculations
    PASS  tests/test_calculations.py::TestLoadProfileIngestion::test_beopt_raw_file_parsing
    PASS  tests/test_calculations.py::TestLoadProfileIngestion::test_load_profiles_directory_scan
    PASS  tests/test_calculations.py::TestLoadProfileIngestion::test_excel_file_parsing
    PASS  tests/test_calculations.py::TestLoadProfileIngestion::test_missing_hour_is_interpolated_not_left_as_nan
    PASS  tests/test_calculations.py::TestLoadProfileIngestion::test_beopt_native_export_format_parsing
    PASS  tests/test_calculations.py::TestLoadProfileIngestion::test_beopt_battery_example_shows_charge_discharge_shift
    PASS  tests/test_calculations.py::TestCostEffectivenessTests::test_trc_and_pct_ratios
    PASS  tests/test_calculations.py::TestCostEffectivenessTests::test_zero_cost_ratios_are_infinite_not_misleadingly_zero
    PASS  tests/test_calculations.py::TestCostEffectivenessTests::test_zero_cost_and_zero_benefit_ratio_is_neutral_zero
    PASS  tests/test_calculations.py::TestSoutheastUtilityCapacityEngine::test_regulated_fcr_bounds
    PASS  tests/test_calculations.py::TestSoutheastUtilityCapacityEngine::test_regulated_fcr_zero_tax
    PASS  tests/test_calculations.py::TestSoutheastUtilityCapacityEngine::test_ct_carrying_cost_gross_and_net
    PASS  tests/test_calculations.py::TestSoutheastUtilityCapacityEngine::test_southeast_dual_peak_cwf_sums_and_shape
    PASS  tests/test_calculations.py::TestSoutheastUtilityCapacityEngine::test_southeast_dual_peak_cwf_exceedance_with_load
    PASS  tests/test_calculations.py::TestSoutheastUtilityCapacityEngine::test_cwf_lolp_proxy
    PASS  tests/test_calculations.py::TestSoutheastUtilityCapacityEngine::test_cwf_top_n_uniform_and_exceedance
    PASS  tests/test_calculations.py::TestSoutheastUtilityCapacityEngine::test_cwf_peaker_rent
    PASS  tests/test_calculations.py::TestSoutheastUtilityCapacityEngine::test_feeder_pcaf_weights
    PASS  tests/test_calculations.py::TestSoutheastUtilityCapacityEngine::test_avoided_costs_decoupled_td_weights
    PASS  tests/test_calculations.py::TestSoutheastUtilityCapacityEngine::test_new_visualization_functions
    PASS  tests/test_calculations.py::TestSoutheastUtilityCapacityEngine::test_cwf_temperature_exceedance_sums_and_shape
    PASS  tests/test_calculations.py::TestSoutheastUtilityCapacityEngine::test_cwf_temperature_exceedance_colder_gets_more_weight
    PASS  tests/test_calculations.py::TestSoutheastUtilityCapacityEngine::test_cwf_temperature_exceedance_seasonal_split_and_fallback
    PASS  tests/test_cambium_downloader.py::TestCambiumDownloaderConfig::test_southeast_states_covered
    PASS  tests/test_cambium_downloader.py::TestCambiumDownloaderConfig::test_scenario_package_map_structure
    PASS  tests/test_cambium_downloader.py::TestRemoteZipReader::test_seek_and_tell
    PASS  tests/test_cambium_downloader.py::TestRemoteZipReader::test_invalid_whence
    PASS  tests/test_cambium_downloader.py::TestRemoteZipReader::test_read_boundary
    PASS  tests/test_cambium_downloader.py::TestMissingDataDetection::test_empty_directory_flags_all
    PASS  tests/test_cambium_downloader.py::TestMissingDataDetection::test_detected_file_reduces_missing
    PASS  tests/test_cambium_downloader.py::TestMissingDataDetection::test_pd_read_first_rows

======================================================================
  Test Run: 2026-09-25 10:17:58  |  Result: ALL PASSED
  111 tests: 111 passed, 0 failed
======================================================================
    PASS  tests/test_calculations.py::TestCalculateAvoidedCosts::test_output_columns_exist
    PASS  tests/test_calculations.py::TestCalculateAvoidedCosts::test_output_length_8760
    PASS  tests/test_calculations.py::TestCalculateAvoidedCosts::test_gen_capacity_formula
    PASS  tests/test_calculations.py::TestCalculateAvoidedCosts::test_transmission_uses_pcaf
    PASS  tests/test_calculations.py::TestCalculateAvoidedCosts::test_emissions_formula
    PASS  tests/test_calculations.py::TestCalculateAvoidedCosts::test_total_is_sum_of_components
    PASS  tests/test_calculations.py::TestCalculateAvoidedCosts::test_zero_scalars_only_energy
    PASS  tests/test_calculations.py::TestCalculateUrdbBill::test_flat_rate_constant_load
    PASS  tests/test_calculations.py::TestCalculateUrdbBill::test_flat_rate_monthly_proportionality
    PASS  tests/test_calculations.py::TestCalculateUrdbBill::test_zero_load_only_fixed
    PASS  tests/test_calculations.py::TestCalculateUrdbBill::test_demand_charge
    PASS  tests/test_calculations.py::TestCalculateUrdbBill::test_gp_r31_seasonal_tiers
    PASS  tests/test_calculations.py::TestCalculateUrdbBill::test_bill_increases_with_load
    PASS  tests/test_calculations.py::TestGetHourlyEnergyRate::test_flat_rate_constant_everywhere
    PASS  tests/test_calculations.py::TestGetHourlyEnergyRate::test_gp_r31_seasonal_rate_changes
    PASS  tests/test_calculations.py::TestGetHourlyEnergyRate::test_no_energy_structure_returns_zeros
    PASS  tests/test_calculations.py::TestNPVDiscounting::test_discount_factors_sum
    PASS  tests/test_calculations.py::TestNPVDiscounting::test_zero_discount_rate
    PASS  tests/test_calculations.py::TestNPVDiscounting::test_npv_known_answer
    PASS  tests/test_calculations.py::TestNPVDiscounting::test_rim_ratio_calculation
    PASS  tests/test_calculations.py::TestNPVDiscounting::test_rim_zero_lost_revenue
    PASS  tests/test_calculations.py::TestCapacityMetrics::test_epc_uniform_cwft
    PASS  tests/test_calculations.py::TestCapacityMetrics::test_epc_peaked_cwft_higher_for_peaky_load
    PASS  tests/test_calculations.py::TestCapacityMetrics::test_epc_reduction
    PASS  tests/test_calculations.py::TestCapacityMetrics::test_elcc_proxy_formula
    PASS  tests/test_calculations.py::TestCapacityMetrics::test_elcc_proxy_peaky_load
    PASS  tests/test_calculations.py::TestCapacityMetrics::test_cwft_sums_to_one
    PASS  tests/test_calculations.py::TestFindPeakWeek::test_finds_true_spike_outside_fixed_window
    PASS  tests/test_calculations.py::TestFindPeakWeek::test_window_stays_within_month_filter
    PASS  tests/test_calculations.py::TestFindPeakWeek::test_min_mode_finds_lowest_stress_window
    PASS  tests/test_calculations.py::TestFindPeakWeek::test_returns_none_when_no_window_fits
    PASS  tests/test_calculations.py::TestDispatchDrProgram::test_respects_hour_limit
    PASS  tests/test_calculations.py::TestDispatchDrProgram::test_respects_daily_limit
    PASS  tests/test_calculations.py::TestDispatchDrProgram::test_summer_only_season
    PASS  tests/test_calculations.py::TestDispatchDrProgram::test_reduction_capped_at_load
    PASS  tests/test_calculations.py::TestDispatchDrProgram::test_returns_correct_shapes
    PASS  tests/test_calculations.py::TestConfig::test_scenario_options_nonempty
    PASS  tests/test_calculations.py::TestConfig::test_scenario_descriptions_complete
    PASS  tests/test_calculations.py::TestConfig::test_planning_year_options
    PASS  tests/test_calculations.py::TestConfig::test_default_values_positive
    PASS  tests/test_calculations.py::TestConfig::test_grid_components_has_5
    PASS  tests/test_calculations.py::TestConfig::test_week_windows_valid
    PASS  tests/test_calculations.py::TestConfig::test_weather_sensitivity_function
    PASS  tests/test_calculations.py::TestConfig::test_custom_css_nonempty
    PASS  tests/test_calculations.py::TestConfig::test_financial_metric_card_html
    PASS  tests/test_calculations.py::TestVisualizations::test_weekly_overlay_returns_figure
    PASS  tests/test_calculations.py::TestVisualizations::test_weekly_load_and_temp_chart
    PASS  tests/test_calculations.py::TestVisualizations::test_weekly_grid_economics_chart
    PASS  tests/test_calculations.py::TestVisualizations::test_weekly_grid_economics_chart_signed_area_split
    PASS  tests/test_calculations.py::TestVisualizations::test_annual_avoided_cost_returns_figure
    PASS  tests/test_calculations.py::TestVisualizations::test_annual_avoided_cost_monthly_boxplot
    PASS  tests/test_calculations.py::TestVisualizations::test_annual_avoided_cost_boxplot_caps_yaxis_and_annotates_outliers
    PASS  tests/test_calculations.py::TestVisualizations::test_stacked_components_returns_figure
    PASS  tests/test_calculations.py::TestVisualizations::test_stacked_components_no_legend
    PASS  tests/test_calculations.py::TestVisualizations::test_winter_summer_comparison_shares_one_legend
    PASS  tests/test_calculations.py::TestVisualizations::test_winter_summer_comparison_y_range_caps_both_panels
    PASS  tests/test_calculations.py::TestVisualizations::test_cost_duration_chart_returns_figure
    PASS  tests/test_calculations.py::TestVisualizations::test_cost_duration_chart_change_matches_baseline_minus_proposed
    PASS  tests/test_calculations.py::TestVisualizations::test_cost_duration_chart_y_range_caps_row1_axis
    PASS  tests/test_calculations.py::TestVisualizations::test_cost_duration_chart_no_y_range_means_no_cap
    PASS  tests/test_calculations.py::TestVisualizations::test_hour_month_heatmap_returns_figure
    PASS  tests/test_calculations.py::TestVisualizations::test_hour_month_heatmap_colorbar_labels_good_and_bad
    PASS  tests/test_calculations.py::TestVisualizations::test_day_hour_heatmap_returns_figure
    PASS  tests/test_calculations.py::TestVisualizations::test_day_hour_heatmap_colorbar_labels_good_and_bad
    PASS  tests/test_calculations.py::TestVisualizations::test_cumulative_cost_chart_returns_figure
    PASS  tests/test_calculations.py::TestVisualizations::test_cumulative_cost_chart_is_the_proposed_minus_baseline_running_total
    PASS  tests/test_calculations.py::TestVisualizations::test_cumulative_cost_chart_shows_added_cost_when_proposed_is_more_expensive
    PASS  tests/test_calculations.py::TestVisualizations::test_lifetime_npv_returns_figure
    PASS  tests/test_calculations.py::TestVisualizations::test_lifetime_npv_lost_revenue_is_negative_and_cumulative_nets_out
    PASS  tests/test_calculations.py::TestVisualizations::test_lifetime_npv_customer_perspective_adds_year_zero_upfront_cost
    PASS  tests/test_calculations.py::TestVisualizations::test_lifetime_npv_utility_combines_recurring_cost_and_upfront_program_cost
    PASS  tests/test_calculations.py::TestVisualizations::test_lifetime_npv_chart_has_no_in_figure_title
    PASS  tests/test_calculations.py::TestVisualizations::test_lifetime_npv_colors_follow_sign_not_fixed_category
    PASS  tests/test_calculations.py::TestVisualizations::test_economic_balance_chart_returns_figure
    PASS  tests/test_calculations.py::TestVisualizations::test_economic_balance_chart_adds_program_cost_bar_when_given
    PASS  tests/test_calculations.py::TestVisualizations::test_two_sided_cost_effectiveness_chart_returns_figure
    PASS  tests/test_calculations.py::TestVisualizations::test_bubble_chart_handles_nan_load_defensively
    PASS  tests/test_calculations.py::TestIntegrationPipeline::test_grid_to_avoided_costs_column_contract
    PASS  tests/test_calculations.py::TestIntegrationPipeline::test_full_pipeline_grid_to_npv
    PASS  tests/test_calculations.py::TestIntegrationPipeline::test_dr_dispatch_feeds_into_billing
    PASS  tests/test_calculations.py::TestIntegrationPipeline::test_avoided_costs_feed_into_visualizations
    PASS  tests/test_calculations.py::TestIntegrationPipeline::test_config_defaults_work_with_calculations
    PASS  tests/test_calculations.py::TestLoadProfileIngestion::test_beopt_raw_file_parsing
    PASS  tests/test_calculations.py::TestLoadProfileIngestion::test_load_profiles_directory_scan
    PASS  tests/test_calculations.py::TestLoadProfileIngestion::test_excel_file_parsing
    PASS  tests/test_calculations.py::TestLoadProfileIngestion::test_missing_hour_is_interpolated_not_left_as_nan
    PASS  tests/test_calculations.py::TestLoadProfileIngestion::test_beopt_native_export_format_parsing
    PASS  tests/test_calculations.py::TestLoadProfileIngestion::test_beopt_battery_example_shows_charge_discharge_shift
    PASS  tests/test_calculations.py::TestCostEffectivenessTests::test_trc_and_pct_ratios
    PASS  tests/test_calculations.py::TestSoutheastUtilityCapacityEngine::test_regulated_fcr_bounds
    PASS  tests/test_calculations.py::TestSoutheastUtilityCapacityEngine::test_regulated_fcr_zero_tax
    PASS  tests/test_calculations.py::TestSoutheastUtilityCapacityEngine::test_ct_carrying_cost_gross_and_net
    PASS  tests/test_calculations.py::TestSoutheastUtilityCapacityEngine::test_southeast_dual_peak_cwf_sums_and_shape
    PASS  tests/test_calculations.py::TestSoutheastUtilityCapacityEngine::test_southeast_dual_peak_cwf_exceedance_with_load
    PASS  tests/test_calculations.py::TestSoutheastUtilityCapacityEngine::test_cwf_lolp_proxy
    PASS  tests/test_calculations.py::TestSoutheastUtilityCapacityEngine::test_cwf_top_n_uniform_and_exceedance
    PASS  tests/test_calculations.py::TestSoutheastUtilityCapacityEngine::test_cwf_peaker_rent
    PASS  tests/test_calculations.py::TestSoutheastUtilityCapacityEngine::test_feeder_pcaf_weights
    PASS  tests/test_calculations.py::TestSoutheastUtilityCapacityEngine::test_avoided_costs_decoupled_td_weights
    PASS  tests/test_calculations.py::TestSoutheastUtilityCapacityEngine::test_new_visualization_functions
    PASS  tests/test_calculations.py::TestSoutheastUtilityCapacityEngine::test_cwf_temperature_exceedance_sums_and_shape
    PASS  tests/test_calculations.py::TestSoutheastUtilityCapacityEngine::test_cwf_temperature_exceedance_colder_gets_more_weight
    PASS  tests/test_calculations.py::TestSoutheastUtilityCapacityEngine::test_cwf_temperature_exceedance_seasonal_split_and_fallback
    PASS  tests/test_cambium_downloader.py::TestCambiumDownloaderConfig::test_southeast_states_covered
    PASS  tests/test_cambium_downloader.py::TestCambiumDownloaderConfig::test_scenario_package_map_structure
    PASS  tests/test_cambium_downloader.py::TestRemoteZipReader::test_seek_and_tell
    PASS  tests/test_cambium_downloader.py::TestRemoteZipReader::test_invalid_whence
    PASS  tests/test_cambium_downloader.py::TestRemoteZipReader::test_read_boundary
    PASS  tests/test_cambium_downloader.py::TestMissingDataDetection::test_empty_directory_flags_all
    PASS  tests/test_cambium_downloader.py::TestMissingDataDetection::test_detected_file_reduces_missing
    PASS  tests/test_cambium_downloader.py::TestMissingDataDetection::test_pd_read_first_rows

======================================================================
  Test Run: 2026-09-25 10:15:10  |  Result: ALL PASSED
  111 tests: 111 passed, 0 failed
======================================================================
    PASS  tests/test_calculations.py::TestCalculateAvoidedCosts::test_output_columns_exist
    PASS  tests/test_calculations.py::TestCalculateAvoidedCosts::test_output_length_8760
    PASS  tests/test_calculations.py::TestCalculateAvoidedCosts::test_gen_capacity_formula
    PASS  tests/test_calculations.py::TestCalculateAvoidedCosts::test_transmission_uses_pcaf
    PASS  tests/test_calculations.py::TestCalculateAvoidedCosts::test_emissions_formula
    PASS  tests/test_calculations.py::TestCalculateAvoidedCosts::test_total_is_sum_of_components
    PASS  tests/test_calculations.py::TestCalculateAvoidedCosts::test_zero_scalars_only_energy
    PASS  tests/test_calculations.py::TestCalculateUrdbBill::test_flat_rate_constant_load
    PASS  tests/test_calculations.py::TestCalculateUrdbBill::test_flat_rate_monthly_proportionality
    PASS  tests/test_calculations.py::TestCalculateUrdbBill::test_zero_load_only_fixed
    PASS  tests/test_calculations.py::TestCalculateUrdbBill::test_demand_charge
    PASS  tests/test_calculations.py::TestCalculateUrdbBill::test_gp_r31_seasonal_tiers
    PASS  tests/test_calculations.py::TestCalculateUrdbBill::test_bill_increases_with_load
    PASS  tests/test_calculations.py::TestGetHourlyEnergyRate::test_flat_rate_constant_everywhere
    PASS  tests/test_calculations.py::TestGetHourlyEnergyRate::test_gp_r31_seasonal_rate_changes
    PASS  tests/test_calculations.py::TestGetHourlyEnergyRate::test_no_energy_structure_returns_zeros
    PASS  tests/test_calculations.py::TestNPVDiscounting::test_discount_factors_sum
    PASS  tests/test_calculations.py::TestNPVDiscounting::test_zero_discount_rate
    PASS  tests/test_calculations.py::TestNPVDiscounting::test_npv_known_answer
    PASS  tests/test_calculations.py::TestNPVDiscounting::test_rim_ratio_calculation
    PASS  tests/test_calculations.py::TestNPVDiscounting::test_rim_zero_lost_revenue
    PASS  tests/test_calculations.py::TestCapacityMetrics::test_epc_uniform_cwft
    PASS  tests/test_calculations.py::TestCapacityMetrics::test_epc_peaked_cwft_higher_for_peaky_load
    PASS  tests/test_calculations.py::TestCapacityMetrics::test_epc_reduction
    PASS  tests/test_calculations.py::TestCapacityMetrics::test_elcc_proxy_formula
    PASS  tests/test_calculations.py::TestCapacityMetrics::test_elcc_proxy_peaky_load
    PASS  tests/test_calculations.py::TestCapacityMetrics::test_cwft_sums_to_one
    PASS  tests/test_calculations.py::TestFindPeakWeek::test_finds_true_spike_outside_fixed_window
    PASS  tests/test_calculations.py::TestFindPeakWeek::test_window_stays_within_month_filter
    PASS  tests/test_calculations.py::TestFindPeakWeek::test_min_mode_finds_lowest_stress_window
    PASS  tests/test_calculations.py::TestFindPeakWeek::test_returns_none_when_no_window_fits
    PASS  tests/test_calculations.py::TestDispatchDrProgram::test_respects_hour_limit
    PASS  tests/test_calculations.py::TestDispatchDrProgram::test_respects_daily_limit
    PASS  tests/test_calculations.py::TestDispatchDrProgram::test_summer_only_season
    PASS  tests/test_calculations.py::TestDispatchDrProgram::test_reduction_capped_at_load
    PASS  tests/test_calculations.py::TestDispatchDrProgram::test_returns_correct_shapes
    PASS  tests/test_calculations.py::TestConfig::test_scenario_options_nonempty
    PASS  tests/test_calculations.py::TestConfig::test_scenario_descriptions_complete
    PASS  tests/test_calculations.py::TestConfig::test_planning_year_options
    PASS  tests/test_calculations.py::TestConfig::test_default_values_positive
    PASS  tests/test_calculations.py::TestConfig::test_grid_components_has_5
    PASS  tests/test_calculations.py::TestConfig::test_week_windows_valid
    PASS  tests/test_calculations.py::TestConfig::test_weather_sensitivity_function
    PASS  tests/test_calculations.py::TestConfig::test_custom_css_nonempty
    PASS  tests/test_calculations.py::TestConfig::test_financial_metric_card_html
    PASS  tests/test_calculations.py::TestVisualizations::test_weekly_overlay_returns_figure
    PASS  tests/test_calculations.py::TestVisualizations::test_weekly_load_and_temp_chart
    PASS  tests/test_calculations.py::TestVisualizations::test_weekly_grid_economics_chart
    PASS  tests/test_calculations.py::TestVisualizations::test_weekly_grid_economics_chart_signed_area_split
    PASS  tests/test_calculations.py::TestVisualizations::test_annual_avoided_cost_returns_figure
    PASS  tests/test_calculations.py::TestVisualizations::test_annual_avoided_cost_monthly_boxplot
    PASS  tests/test_calculations.py::TestVisualizations::test_annual_avoided_cost_boxplot_caps_yaxis_and_annotates_outliers
    PASS  tests/test_calculations.py::TestVisualizations::test_stacked_components_returns_figure
    PASS  tests/test_calculations.py::TestVisualizations::test_stacked_components_no_legend
    PASS  tests/test_calculations.py::TestVisualizations::test_winter_summer_comparison_shares_one_legend
    PASS  tests/test_calculations.py::TestVisualizations::test_winter_summer_comparison_y_range_caps_both_panels
    PASS  tests/test_calculations.py::TestVisualizations::test_cost_duration_chart_returns_figure
    PASS  tests/test_calculations.py::TestVisualizations::test_cost_duration_chart_change_matches_baseline_minus_proposed
    PASS  tests/test_calculations.py::TestVisualizations::test_cost_duration_chart_y_range_caps_row1_axis
    PASS  tests/test_calculations.py::TestVisualizations::test_cost_duration_chart_no_y_range_means_no_cap
    PASS  tests/test_calculations.py::TestVisualizations::test_hour_month_heatmap_returns_figure
    PASS  tests/test_calculations.py::TestVisualizations::test_hour_month_heatmap_colorbar_labels_good_and_bad
    PASS  tests/test_calculations.py::TestVisualizations::test_day_hour_heatmap_returns_figure
    PASS  tests/test_calculations.py::TestVisualizations::test_day_hour_heatmap_colorbar_labels_good_and_bad
    PASS  tests/test_calculations.py::TestVisualizations::test_cumulative_cost_chart_returns_figure
    PASS  tests/test_calculations.py::TestVisualizations::test_cumulative_cost_chart_is_the_proposed_minus_baseline_running_total
    PASS  tests/test_calculations.py::TestVisualizations::test_cumulative_cost_chart_shows_added_cost_when_proposed_is_more_expensive
    PASS  tests/test_calculations.py::TestVisualizations::test_lifetime_npv_returns_figure
    PASS  tests/test_calculations.py::TestVisualizations::test_lifetime_npv_lost_revenue_is_negative_and_cumulative_nets_out
    PASS  tests/test_calculations.py::TestVisualizations::test_lifetime_npv_customer_perspective_adds_year_zero_upfront_cost
    PASS  tests/test_calculations.py::TestVisualizations::test_lifetime_npv_utility_combines_recurring_cost_and_upfront_program_cost
    PASS  tests/test_calculations.py::TestVisualizations::test_lifetime_npv_chart_has_no_in_figure_title
    PASS  tests/test_calculations.py::TestVisualizations::test_lifetime_npv_colors_follow_sign_not_fixed_category
    PASS  tests/test_calculations.py::TestVisualizations::test_economic_balance_chart_returns_figure
    PASS  tests/test_calculations.py::TestVisualizations::test_economic_balance_chart_adds_program_cost_bar_when_given
    PASS  tests/test_calculations.py::TestVisualizations::test_two_sided_cost_effectiveness_chart_returns_figure
    PASS  tests/test_calculations.py::TestVisualizations::test_bubble_chart_handles_nan_load_defensively
    PASS  tests/test_calculations.py::TestIntegrationPipeline::test_grid_to_avoided_costs_column_contract
    PASS  tests/test_calculations.py::TestIntegrationPipeline::test_full_pipeline_grid_to_npv
    PASS  tests/test_calculations.py::TestIntegrationPipeline::test_dr_dispatch_feeds_into_billing
    PASS  tests/test_calculations.py::TestIntegrationPipeline::test_avoided_costs_feed_into_visualizations
    PASS  tests/test_calculations.py::TestIntegrationPipeline::test_config_defaults_work_with_calculations
    PASS  tests/test_calculations.py::TestLoadProfileIngestion::test_beopt_raw_file_parsing
    PASS  tests/test_calculations.py::TestLoadProfileIngestion::test_load_profiles_directory_scan
    PASS  tests/test_calculations.py::TestLoadProfileIngestion::test_excel_file_parsing
    PASS  tests/test_calculations.py::TestLoadProfileIngestion::test_missing_hour_is_interpolated_not_left_as_nan
    PASS  tests/test_calculations.py::TestLoadProfileIngestion::test_beopt_native_export_format_parsing
    PASS  tests/test_calculations.py::TestLoadProfileIngestion::test_beopt_battery_example_shows_charge_discharge_shift
    PASS  tests/test_calculations.py::TestCostEffectivenessTests::test_trc_and_pct_ratios
    PASS  tests/test_calculations.py::TestSoutheastUtilityCapacityEngine::test_regulated_fcr_bounds
    PASS  tests/test_calculations.py::TestSoutheastUtilityCapacityEngine::test_regulated_fcr_zero_tax
    PASS  tests/test_calculations.py::TestSoutheastUtilityCapacityEngine::test_ct_carrying_cost_gross_and_net
    PASS  tests/test_calculations.py::TestSoutheastUtilityCapacityEngine::test_southeast_dual_peak_cwf_sums_and_shape
    PASS  tests/test_calculations.py::TestSoutheastUtilityCapacityEngine::test_southeast_dual_peak_cwf_exceedance_with_load
    PASS  tests/test_calculations.py::TestSoutheastUtilityCapacityEngine::test_cwf_lolp_proxy
    PASS  tests/test_calculations.py::TestSoutheastUtilityCapacityEngine::test_cwf_top_n_uniform_and_exceedance
    PASS  tests/test_calculations.py::TestSoutheastUtilityCapacityEngine::test_cwf_peaker_rent
    PASS  tests/test_calculations.py::TestSoutheastUtilityCapacityEngine::test_feeder_pcaf_weights
    PASS  tests/test_calculations.py::TestSoutheastUtilityCapacityEngine::test_avoided_costs_decoupled_td_weights
    PASS  tests/test_calculations.py::TestSoutheastUtilityCapacityEngine::test_new_visualization_functions
    PASS  tests/test_calculations.py::TestSoutheastUtilityCapacityEngine::test_cwf_temperature_exceedance_sums_and_shape
    PASS  tests/test_calculations.py::TestSoutheastUtilityCapacityEngine::test_cwf_temperature_exceedance_colder_gets_more_weight
    PASS  tests/test_calculations.py::TestSoutheastUtilityCapacityEngine::test_cwf_temperature_exceedance_seasonal_split_and_fallback
    PASS  tests/test_cambium_downloader.py::TestCambiumDownloaderConfig::test_southeast_states_covered
    PASS  tests/test_cambium_downloader.py::TestCambiumDownloaderConfig::test_scenario_package_map_structure
    PASS  tests/test_cambium_downloader.py::TestRemoteZipReader::test_seek_and_tell
    PASS  tests/test_cambium_downloader.py::TestRemoteZipReader::test_invalid_whence
    PASS  tests/test_cambium_downloader.py::TestRemoteZipReader::test_read_boundary
    PASS  tests/test_cambium_downloader.py::TestMissingDataDetection::test_empty_directory_flags_all
    PASS  tests/test_cambium_downloader.py::TestMissingDataDetection::test_detected_file_reduces_missing
    PASS  tests/test_cambium_downloader.py::TestMissingDataDetection::test_pd_read_first_rows

======================================================================
  Test Run: 2026-09-25 10:14:55  |  Result: ALL PASSED
  110 tests: 110 passed, 0 failed
======================================================================
    PASS  tests/test_calculations.py::TestCalculateAvoidedCosts::test_output_columns_exist
    PASS  tests/test_calculations.py::TestCalculateAvoidedCosts::test_output_length_8760
    PASS  tests/test_calculations.py::TestCalculateAvoidedCosts::test_gen_capacity_formula
    PASS  tests/test_calculations.py::TestCalculateAvoidedCosts::test_transmission_uses_pcaf
    PASS  tests/test_calculations.py::TestCalculateAvoidedCosts::test_emissions_formula
    PASS  tests/test_calculations.py::TestCalculateAvoidedCosts::test_total_is_sum_of_components
    PASS  tests/test_calculations.py::TestCalculateAvoidedCosts::test_zero_scalars_only_energy
    PASS  tests/test_calculations.py::TestCalculateUrdbBill::test_flat_rate_constant_load
    PASS  tests/test_calculations.py::TestCalculateUrdbBill::test_flat_rate_monthly_proportionality
    PASS  tests/test_calculations.py::TestCalculateUrdbBill::test_zero_load_only_fixed
    PASS  tests/test_calculations.py::TestCalculateUrdbBill::test_demand_charge
    PASS  tests/test_calculations.py::TestCalculateUrdbBill::test_gp_r31_seasonal_tiers
    PASS  tests/test_calculations.py::TestCalculateUrdbBill::test_bill_increases_with_load
    PASS  tests/test_calculations.py::TestGetHourlyEnergyRate::test_flat_rate_constant_everywhere
    PASS  tests/test_calculations.py::TestGetHourlyEnergyRate::test_gp_r31_seasonal_rate_changes
    PASS  tests/test_calculations.py::TestGetHourlyEnergyRate::test_no_energy_structure_returns_zeros
    PASS  tests/test_calculations.py::TestNPVDiscounting::test_discount_factors_sum
    PASS  tests/test_calculations.py::TestNPVDiscounting::test_zero_discount_rate
    PASS  tests/test_calculations.py::TestNPVDiscounting::test_npv_known_answer
    PASS  tests/test_calculations.py::TestNPVDiscounting::test_rim_ratio_calculation
    PASS  tests/test_calculations.py::TestNPVDiscounting::test_rim_zero_lost_revenue
    PASS  tests/test_calculations.py::TestCapacityMetrics::test_epc_uniform_cwft
    PASS  tests/test_calculations.py::TestCapacityMetrics::test_epc_peaked_cwft_higher_for_peaky_load
    PASS  tests/test_calculations.py::TestCapacityMetrics::test_epc_reduction
    PASS  tests/test_calculations.py::TestCapacityMetrics::test_elcc_proxy_formula
    PASS  tests/test_calculations.py::TestCapacityMetrics::test_elcc_proxy_peaky_load
    PASS  tests/test_calculations.py::TestCapacityMetrics::test_cwft_sums_to_one
    PASS  tests/test_calculations.py::TestFindPeakWeek::test_finds_true_spike_outside_fixed_window
    PASS  tests/test_calculations.py::TestFindPeakWeek::test_window_stays_within_month_filter
    PASS  tests/test_calculations.py::TestFindPeakWeek::test_min_mode_finds_lowest_stress_window
    PASS  tests/test_calculations.py::TestFindPeakWeek::test_returns_none_when_no_window_fits
    PASS  tests/test_calculations.py::TestDispatchDrProgram::test_respects_hour_limit
    PASS  tests/test_calculations.py::TestDispatchDrProgram::test_respects_daily_limit
    PASS  tests/test_calculations.py::TestDispatchDrProgram::test_summer_only_season
    PASS  tests/test_calculations.py::TestDispatchDrProgram::test_reduction_capped_at_load
    PASS  tests/test_calculations.py::TestDispatchDrProgram::test_returns_correct_shapes
    PASS  tests/test_calculations.py::TestConfig::test_scenario_options_nonempty
    PASS  tests/test_calculations.py::TestConfig::test_scenario_descriptions_complete
    PASS  tests/test_calculations.py::TestConfig::test_planning_year_options
    PASS  tests/test_calculations.py::TestConfig::test_default_values_positive
    PASS  tests/test_calculations.py::TestConfig::test_grid_components_has_5
    PASS  tests/test_calculations.py::TestConfig::test_week_windows_valid
    PASS  tests/test_calculations.py::TestConfig::test_weather_sensitivity_function
    PASS  tests/test_calculations.py::TestConfig::test_custom_css_nonempty
    PASS  tests/test_calculations.py::TestConfig::test_financial_metric_card_html
    PASS  tests/test_calculations.py::TestVisualizations::test_weekly_overlay_returns_figure
    PASS  tests/test_calculations.py::TestVisualizations::test_weekly_load_and_temp_chart
    PASS  tests/test_calculations.py::TestVisualizations::test_weekly_grid_economics_chart
    PASS  tests/test_calculations.py::TestVisualizations::test_weekly_grid_economics_chart_signed_area_split
    PASS  tests/test_calculations.py::TestVisualizations::test_annual_avoided_cost_returns_figure
    PASS  tests/test_calculations.py::TestVisualizations::test_annual_avoided_cost_monthly_boxplot
    PASS  tests/test_calculations.py::TestVisualizations::test_annual_avoided_cost_boxplot_caps_yaxis_and_annotates_outliers
    PASS  tests/test_calculations.py::TestVisualizations::test_stacked_components_returns_figure
    PASS  tests/test_calculations.py::TestVisualizations::test_stacked_components_no_legend
    PASS  tests/test_calculations.py::TestVisualizations::test_winter_summer_comparison_shares_one_legend
    PASS  tests/test_calculations.py::TestVisualizations::test_winter_summer_comparison_y_range_caps_both_panels
    PASS  tests/test_calculations.py::TestVisualizations::test_cost_duration_chart_returns_figure
    PASS  tests/test_calculations.py::TestVisualizations::test_cost_duration_chart_change_matches_baseline_minus_proposed
    PASS  tests/test_calculations.py::TestVisualizations::test_cost_duration_chart_y_range_caps_row1_axis
    PASS  tests/test_calculations.py::TestVisualizations::test_cost_duration_chart_no_y_range_means_no_cap
    PASS  tests/test_calculations.py::TestVisualizations::test_hour_month_heatmap_returns_figure
    PASS  tests/test_calculations.py::TestVisualizations::test_hour_month_heatmap_colorbar_labels_good_and_bad
    PASS  tests/test_calculations.py::TestVisualizations::test_day_hour_heatmap_returns_figure
    PASS  tests/test_calculations.py::TestVisualizations::test_day_hour_heatmap_colorbar_labels_good_and_bad
    PASS  tests/test_calculations.py::TestVisualizations::test_cumulative_cost_chart_returns_figure
    PASS  tests/test_calculations.py::TestVisualizations::test_cumulative_cost_chart_is_the_proposed_minus_baseline_running_total
    PASS  tests/test_calculations.py::TestVisualizations::test_cumulative_cost_chart_shows_added_cost_when_proposed_is_more_expensive
    PASS  tests/test_calculations.py::TestVisualizations::test_lifetime_npv_returns_figure
    PASS  tests/test_calculations.py::TestVisualizations::test_lifetime_npv_lost_revenue_is_negative_and_cumulative_nets_out
    PASS  tests/test_calculations.py::TestVisualizations::test_lifetime_npv_customer_perspective_adds_year_zero_upfront_cost
    PASS  tests/test_calculations.py::TestVisualizations::test_lifetime_npv_utility_combines_recurring_cost_and_upfront_program_cost
    PASS  tests/test_calculations.py::TestVisualizations::test_lifetime_npv_chart_has_no_in_figure_title
    PASS  tests/test_calculations.py::TestVisualizations::test_lifetime_npv_colors_follow_sign_not_fixed_category
    PASS  tests/test_calculations.py::TestVisualizations::test_economic_balance_chart_returns_figure
    PASS  tests/test_calculations.py::TestVisualizations::test_two_sided_cost_effectiveness_chart_returns_figure
    PASS  tests/test_calculations.py::TestVisualizations::test_bubble_chart_handles_nan_load_defensively
    PASS  tests/test_calculations.py::TestIntegrationPipeline::test_grid_to_avoided_costs_column_contract
    PASS  tests/test_calculations.py::TestIntegrationPipeline::test_full_pipeline_grid_to_npv
    PASS  tests/test_calculations.py::TestIntegrationPipeline::test_dr_dispatch_feeds_into_billing
    PASS  tests/test_calculations.py::TestIntegrationPipeline::test_avoided_costs_feed_into_visualizations
    PASS  tests/test_calculations.py::TestIntegrationPipeline::test_config_defaults_work_with_calculations
    PASS  tests/test_calculations.py::TestLoadProfileIngestion::test_beopt_raw_file_parsing
    PASS  tests/test_calculations.py::TestLoadProfileIngestion::test_load_profiles_directory_scan
    PASS  tests/test_calculations.py::TestLoadProfileIngestion::test_excel_file_parsing
    PASS  tests/test_calculations.py::TestLoadProfileIngestion::test_missing_hour_is_interpolated_not_left_as_nan
    PASS  tests/test_calculations.py::TestLoadProfileIngestion::test_beopt_native_export_format_parsing
    PASS  tests/test_calculations.py::TestLoadProfileIngestion::test_beopt_battery_example_shows_charge_discharge_shift
    PASS  tests/test_calculations.py::TestCostEffectivenessTests::test_trc_and_pct_ratios
    PASS  tests/test_calculations.py::TestSoutheastUtilityCapacityEngine::test_regulated_fcr_bounds
    PASS  tests/test_calculations.py::TestSoutheastUtilityCapacityEngine::test_regulated_fcr_zero_tax
    PASS  tests/test_calculations.py::TestSoutheastUtilityCapacityEngine::test_ct_carrying_cost_gross_and_net
    PASS  tests/test_calculations.py::TestSoutheastUtilityCapacityEngine::test_southeast_dual_peak_cwf_sums_and_shape
    PASS  tests/test_calculations.py::TestSoutheastUtilityCapacityEngine::test_southeast_dual_peak_cwf_exceedance_with_load
    PASS  tests/test_calculations.py::TestSoutheastUtilityCapacityEngine::test_cwf_lolp_proxy
    PASS  tests/test_calculations.py::TestSoutheastUtilityCapacityEngine::test_cwf_top_n_uniform_and_exceedance
    PASS  tests/test_calculations.py::TestSoutheastUtilityCapacityEngine::test_cwf_peaker_rent
    PASS  tests/test_calculations.py::TestSoutheastUtilityCapacityEngine::test_feeder_pcaf_weights
    PASS  tests/test_calculations.py::TestSoutheastUtilityCapacityEngine::test_avoided_costs_decoupled_td_weights
    PASS  tests/test_calculations.py::TestSoutheastUtilityCapacityEngine::test_new_visualization_functions
    PASS  tests/test_calculations.py::TestSoutheastUtilityCapacityEngine::test_cwf_temperature_exceedance_sums_and_shape
    PASS  tests/test_calculations.py::TestSoutheastUtilityCapacityEngine::test_cwf_temperature_exceedance_colder_gets_more_weight
    PASS  tests/test_calculations.py::TestSoutheastUtilityCapacityEngine::test_cwf_temperature_exceedance_seasonal_split_and_fallback
    PASS  tests/test_cambium_downloader.py::TestCambiumDownloaderConfig::test_southeast_states_covered
    PASS  tests/test_cambium_downloader.py::TestCambiumDownloaderConfig::test_scenario_package_map_structure
    PASS  tests/test_cambium_downloader.py::TestRemoteZipReader::test_seek_and_tell
    PASS  tests/test_cambium_downloader.py::TestRemoteZipReader::test_invalid_whence
    PASS  tests/test_cambium_downloader.py::TestRemoteZipReader::test_read_boundary
    PASS  tests/test_cambium_downloader.py::TestMissingDataDetection::test_empty_directory_flags_all
    PASS  tests/test_cambium_downloader.py::TestMissingDataDetection::test_detected_file_reduces_missing
    PASS  tests/test_cambium_downloader.py::TestMissingDataDetection::test_pd_read_first_rows

======================================================================
  Test Run: 2026-09-25 10:11:49  |  Result: ALL PASSED
  110 tests: 110 passed, 0 failed
======================================================================
    PASS  tests/test_calculations.py::TestCalculateAvoidedCosts::test_output_columns_exist
    PASS  tests/test_calculations.py::TestCalculateAvoidedCosts::test_output_length_8760
    PASS  tests/test_calculations.py::TestCalculateAvoidedCosts::test_gen_capacity_formula
    PASS  tests/test_calculations.py::TestCalculateAvoidedCosts::test_transmission_uses_pcaf
    PASS  tests/test_calculations.py::TestCalculateAvoidedCosts::test_emissions_formula
    PASS  tests/test_calculations.py::TestCalculateAvoidedCosts::test_total_is_sum_of_components
    PASS  tests/test_calculations.py::TestCalculateAvoidedCosts::test_zero_scalars_only_energy
    PASS  tests/test_calculations.py::TestCalculateUrdbBill::test_flat_rate_constant_load
    PASS  tests/test_calculations.py::TestCalculateUrdbBill::test_flat_rate_monthly_proportionality
    PASS  tests/test_calculations.py::TestCalculateUrdbBill::test_zero_load_only_fixed
    PASS  tests/test_calculations.py::TestCalculateUrdbBill::test_demand_charge
    PASS  tests/test_calculations.py::TestCalculateUrdbBill::test_gp_r31_seasonal_tiers
    PASS  tests/test_calculations.py::TestCalculateUrdbBill::test_bill_increases_with_load
    PASS  tests/test_calculations.py::TestGetHourlyEnergyRate::test_flat_rate_constant_everywhere
    PASS  tests/test_calculations.py::TestGetHourlyEnergyRate::test_gp_r31_seasonal_rate_changes
    PASS  tests/test_calculations.py::TestGetHourlyEnergyRate::test_no_energy_structure_returns_zeros
    PASS  tests/test_calculations.py::TestNPVDiscounting::test_discount_factors_sum
    PASS  tests/test_calculations.py::TestNPVDiscounting::test_zero_discount_rate
    PASS  tests/test_calculations.py::TestNPVDiscounting::test_npv_known_answer
    PASS  tests/test_calculations.py::TestNPVDiscounting::test_rim_ratio_calculation
    PASS  tests/test_calculations.py::TestNPVDiscounting::test_rim_zero_lost_revenue
    PASS  tests/test_calculations.py::TestCapacityMetrics::test_epc_uniform_cwft
    PASS  tests/test_calculations.py::TestCapacityMetrics::test_epc_peaked_cwft_higher_for_peaky_load
    PASS  tests/test_calculations.py::TestCapacityMetrics::test_epc_reduction
    PASS  tests/test_calculations.py::TestCapacityMetrics::test_elcc_proxy_formula
    PASS  tests/test_calculations.py::TestCapacityMetrics::test_elcc_proxy_peaky_load
    PASS  tests/test_calculations.py::TestCapacityMetrics::test_cwft_sums_to_one
    PASS  tests/test_calculations.py::TestFindPeakWeek::test_finds_true_spike_outside_fixed_window
    PASS  tests/test_calculations.py::TestFindPeakWeek::test_window_stays_within_month_filter
    PASS  tests/test_calculations.py::TestFindPeakWeek::test_min_mode_finds_lowest_stress_window
    PASS  tests/test_calculations.py::TestFindPeakWeek::test_returns_none_when_no_window_fits
    PASS  tests/test_calculations.py::TestDispatchDrProgram::test_respects_hour_limit
    PASS  tests/test_calculations.py::TestDispatchDrProgram::test_respects_daily_limit
    PASS  tests/test_calculations.py::TestDispatchDrProgram::test_summer_only_season
    PASS  tests/test_calculations.py::TestDispatchDrProgram::test_reduction_capped_at_load
    PASS  tests/test_calculations.py::TestDispatchDrProgram::test_returns_correct_shapes
    PASS  tests/test_calculations.py::TestConfig::test_scenario_options_nonempty
    PASS  tests/test_calculations.py::TestConfig::test_scenario_descriptions_complete
    PASS  tests/test_calculations.py::TestConfig::test_planning_year_options
    PASS  tests/test_calculations.py::TestConfig::test_default_values_positive
    PASS  tests/test_calculations.py::TestConfig::test_grid_components_has_5
    PASS  tests/test_calculations.py::TestConfig::test_week_windows_valid
    PASS  tests/test_calculations.py::TestConfig::test_weather_sensitivity_function
    PASS  tests/test_calculations.py::TestConfig::test_custom_css_nonempty
    PASS  tests/test_calculations.py::TestConfig::test_financial_metric_card_html
    PASS  tests/test_calculations.py::TestVisualizations::test_weekly_overlay_returns_figure
    PASS  tests/test_calculations.py::TestVisualizations::test_weekly_load_and_temp_chart
    PASS  tests/test_calculations.py::TestVisualizations::test_weekly_grid_economics_chart
    PASS  tests/test_calculations.py::TestVisualizations::test_weekly_grid_economics_chart_signed_area_split
    PASS  tests/test_calculations.py::TestVisualizations::test_annual_avoided_cost_returns_figure
    PASS  tests/test_calculations.py::TestVisualizations::test_annual_avoided_cost_monthly_boxplot
    PASS  tests/test_calculations.py::TestVisualizations::test_annual_avoided_cost_boxplot_caps_yaxis_and_annotates_outliers
    PASS  tests/test_calculations.py::TestVisualizations::test_stacked_components_returns_figure
    PASS  tests/test_calculations.py::TestVisualizations::test_stacked_components_no_legend
    PASS  tests/test_calculations.py::TestVisualizations::test_winter_summer_comparison_shares_one_legend
    PASS  tests/test_calculations.py::TestVisualizations::test_winter_summer_comparison_y_range_caps_both_panels
    PASS  tests/test_calculations.py::TestVisualizations::test_cost_duration_chart_returns_figure
    PASS  tests/test_calculations.py::TestVisualizations::test_cost_duration_chart_change_matches_baseline_minus_proposed
    PASS  tests/test_calculations.py::TestVisualizations::test_cost_duration_chart_y_range_caps_row1_axis
    PASS  tests/test_calculations.py::TestVisualizations::test_cost_duration_chart_no_y_range_means_no_cap
    PASS  tests/test_calculations.py::TestVisualizations::test_hour_month_heatmap_returns_figure
    PASS  tests/test_calculations.py::TestVisualizations::test_hour_month_heatmap_colorbar_labels_good_and_bad
    PASS  tests/test_calculations.py::TestVisualizations::test_day_hour_heatmap_returns_figure
    PASS  tests/test_calculations.py::TestVisualizations::test_day_hour_heatmap_colorbar_labels_good_and_bad
    PASS  tests/test_calculations.py::TestVisualizations::test_cumulative_cost_chart_returns_figure
    PASS  tests/test_calculations.py::TestVisualizations::test_cumulative_cost_chart_is_the_proposed_minus_baseline_running_total
    PASS  tests/test_calculations.py::TestVisualizations::test_cumulative_cost_chart_shows_added_cost_when_proposed_is_more_expensive
    PASS  tests/test_calculations.py::TestVisualizations::test_lifetime_npv_returns_figure
    PASS  tests/test_calculations.py::TestVisualizations::test_lifetime_npv_lost_revenue_is_negative_and_cumulative_nets_out
    PASS  tests/test_calculations.py::TestVisualizations::test_lifetime_npv_customer_perspective_adds_year_zero_upfront_cost
    PASS  tests/test_calculations.py::TestVisualizations::test_lifetime_npv_utility_combines_recurring_cost_and_upfront_program_cost
    PASS  tests/test_calculations.py::TestVisualizations::test_lifetime_npv_chart_has_no_in_figure_title
    PASS  tests/test_calculations.py::TestVisualizations::test_lifetime_npv_colors_follow_sign_not_fixed_category
    PASS  tests/test_calculations.py::TestVisualizations::test_economic_balance_chart_returns_figure
    PASS  tests/test_calculations.py::TestVisualizations::test_two_sided_cost_effectiveness_chart_returns_figure
    PASS  tests/test_calculations.py::TestVisualizations::test_bubble_chart_handles_nan_load_defensively
    PASS  tests/test_calculations.py::TestIntegrationPipeline::test_grid_to_avoided_costs_column_contract
    PASS  tests/test_calculations.py::TestIntegrationPipeline::test_full_pipeline_grid_to_npv
    PASS  tests/test_calculations.py::TestIntegrationPipeline::test_dr_dispatch_feeds_into_billing
    PASS  tests/test_calculations.py::TestIntegrationPipeline::test_avoided_costs_feed_into_visualizations
    PASS  tests/test_calculations.py::TestIntegrationPipeline::test_config_defaults_work_with_calculations
    PASS  tests/test_calculations.py::TestLoadProfileIngestion::test_beopt_raw_file_parsing
    PASS  tests/test_calculations.py::TestLoadProfileIngestion::test_load_profiles_directory_scan
    PASS  tests/test_calculations.py::TestLoadProfileIngestion::test_excel_file_parsing
    PASS  tests/test_calculations.py::TestLoadProfileIngestion::test_missing_hour_is_interpolated_not_left_as_nan
    PASS  tests/test_calculations.py::TestLoadProfileIngestion::test_beopt_native_export_format_parsing
    PASS  tests/test_calculations.py::TestLoadProfileIngestion::test_beopt_battery_example_shows_charge_discharge_shift
    PASS  tests/test_calculations.py::TestCostEffectivenessTests::test_trc_and_pct_ratios
    PASS  tests/test_calculations.py::TestSoutheastUtilityCapacityEngine::test_regulated_fcr_bounds
    PASS  tests/test_calculations.py::TestSoutheastUtilityCapacityEngine::test_regulated_fcr_zero_tax
    PASS  tests/test_calculations.py::TestSoutheastUtilityCapacityEngine::test_ct_carrying_cost_gross_and_net
    PASS  tests/test_calculations.py::TestSoutheastUtilityCapacityEngine::test_southeast_dual_peak_cwf_sums_and_shape
    PASS  tests/test_calculations.py::TestSoutheastUtilityCapacityEngine::test_southeast_dual_peak_cwf_exceedance_with_load
    PASS  tests/test_calculations.py::TestSoutheastUtilityCapacityEngine::test_cwf_lolp_proxy
    PASS  tests/test_calculations.py::TestSoutheastUtilityCapacityEngine::test_cwf_top_n_uniform_and_exceedance
    PASS  tests/test_calculations.py::TestSoutheastUtilityCapacityEngine::test_cwf_peaker_rent
    PASS  tests/test_calculations.py::TestSoutheastUtilityCapacityEngine::test_feeder_pcaf_weights
    PASS  tests/test_calculations.py::TestSoutheastUtilityCapacityEngine::test_avoided_costs_decoupled_td_weights
    PASS  tests/test_calculations.py::TestSoutheastUtilityCapacityEngine::test_new_visualization_functions
    PASS  tests/test_calculations.py::TestSoutheastUtilityCapacityEngine::test_cwf_temperature_exceedance_sums_and_shape
    PASS  tests/test_calculations.py::TestSoutheastUtilityCapacityEngine::test_cwf_temperature_exceedance_colder_gets_more_weight
    PASS  tests/test_calculations.py::TestSoutheastUtilityCapacityEngine::test_cwf_temperature_exceedance_seasonal_split_and_fallback
    PASS  tests/test_cambium_downloader.py::TestCambiumDownloaderConfig::test_southeast_states_covered
    PASS  tests/test_cambium_downloader.py::TestCambiumDownloaderConfig::test_scenario_package_map_structure
    PASS  tests/test_cambium_downloader.py::TestRemoteZipReader::test_seek_and_tell
    PASS  tests/test_cambium_downloader.py::TestRemoteZipReader::test_invalid_whence
    PASS  tests/test_cambium_downloader.py::TestRemoteZipReader::test_read_boundary
    PASS  tests/test_cambium_downloader.py::TestMissingDataDetection::test_empty_directory_flags_all
    PASS  tests/test_cambium_downloader.py::TestMissingDataDetection::test_detected_file_reduces_missing
    PASS  tests/test_cambium_downloader.py::TestMissingDataDetection::test_pd_read_first_rows

======================================================================
  Test Run: 2026-09-25 09:55:49  |  Result: ALL PASSED
  110 tests: 110 passed, 0 failed
======================================================================
    PASS  tests/test_calculations.py::TestCalculateAvoidedCosts::test_output_columns_exist
    PASS  tests/test_calculations.py::TestCalculateAvoidedCosts::test_output_length_8760
    PASS  tests/test_calculations.py::TestCalculateAvoidedCosts::test_gen_capacity_formula
    PASS  tests/test_calculations.py::TestCalculateAvoidedCosts::test_transmission_uses_pcaf
    PASS  tests/test_calculations.py::TestCalculateAvoidedCosts::test_emissions_formula
    PASS  tests/test_calculations.py::TestCalculateAvoidedCosts::test_total_is_sum_of_components
    PASS  tests/test_calculations.py::TestCalculateAvoidedCosts::test_zero_scalars_only_energy
    PASS  tests/test_calculations.py::TestCalculateUrdbBill::test_flat_rate_constant_load
    PASS  tests/test_calculations.py::TestCalculateUrdbBill::test_flat_rate_monthly_proportionality
    PASS  tests/test_calculations.py::TestCalculateUrdbBill::test_zero_load_only_fixed
    PASS  tests/test_calculations.py::TestCalculateUrdbBill::test_demand_charge
    PASS  tests/test_calculations.py::TestCalculateUrdbBill::test_gp_r31_seasonal_tiers
    PASS  tests/test_calculations.py::TestCalculateUrdbBill::test_bill_increases_with_load
    PASS  tests/test_calculations.py::TestGetHourlyEnergyRate::test_flat_rate_constant_everywhere
    PASS  tests/test_calculations.py::TestGetHourlyEnergyRate::test_gp_r31_seasonal_rate_changes
    PASS  tests/test_calculations.py::TestGetHourlyEnergyRate::test_no_energy_structure_returns_zeros
    PASS  tests/test_calculations.py::TestNPVDiscounting::test_discount_factors_sum
    PASS  tests/test_calculations.py::TestNPVDiscounting::test_zero_discount_rate
    PASS  tests/test_calculations.py::TestNPVDiscounting::test_npv_known_answer
    PASS  tests/test_calculations.py::TestNPVDiscounting::test_rim_ratio_calculation
    PASS  tests/test_calculations.py::TestNPVDiscounting::test_rim_zero_lost_revenue
    PASS  tests/test_calculations.py::TestCapacityMetrics::test_epc_uniform_cwft
    PASS  tests/test_calculations.py::TestCapacityMetrics::test_epc_peaked_cwft_higher_for_peaky_load
    PASS  tests/test_calculations.py::TestCapacityMetrics::test_epc_reduction
    PASS  tests/test_calculations.py::TestCapacityMetrics::test_elcc_proxy_formula
    PASS  tests/test_calculations.py::TestCapacityMetrics::test_elcc_proxy_peaky_load
    PASS  tests/test_calculations.py::TestCapacityMetrics::test_cwft_sums_to_one
    PASS  tests/test_calculations.py::TestFindPeakWeek::test_finds_true_spike_outside_fixed_window
    PASS  tests/test_calculations.py::TestFindPeakWeek::test_window_stays_within_month_filter
    PASS  tests/test_calculations.py::TestFindPeakWeek::test_min_mode_finds_lowest_stress_window
    PASS  tests/test_calculations.py::TestFindPeakWeek::test_returns_none_when_no_window_fits
    PASS  tests/test_calculations.py::TestDispatchDrProgram::test_respects_hour_limit
    PASS  tests/test_calculations.py::TestDispatchDrProgram::test_respects_daily_limit
    PASS  tests/test_calculations.py::TestDispatchDrProgram::test_summer_only_season
    PASS  tests/test_calculations.py::TestDispatchDrProgram::test_reduction_capped_at_load
    PASS  tests/test_calculations.py::TestDispatchDrProgram::test_returns_correct_shapes
    PASS  tests/test_calculations.py::TestConfig::test_scenario_options_nonempty
    PASS  tests/test_calculations.py::TestConfig::test_scenario_descriptions_complete
    PASS  tests/test_calculations.py::TestConfig::test_planning_year_options
    PASS  tests/test_calculations.py::TestConfig::test_default_values_positive
    PASS  tests/test_calculations.py::TestConfig::test_grid_components_has_5
    PASS  tests/test_calculations.py::TestConfig::test_week_windows_valid
    PASS  tests/test_calculations.py::TestConfig::test_weather_sensitivity_function
    PASS  tests/test_calculations.py::TestConfig::test_custom_css_nonempty
    PASS  tests/test_calculations.py::TestConfig::test_financial_metric_card_html
    PASS  tests/test_calculations.py::TestVisualizations::test_weekly_overlay_returns_figure
    PASS  tests/test_calculations.py::TestVisualizations::test_weekly_load_and_temp_chart
    PASS  tests/test_calculations.py::TestVisualizations::test_weekly_grid_economics_chart
    PASS  tests/test_calculations.py::TestVisualizations::test_weekly_grid_economics_chart_signed_area_split
    PASS  tests/test_calculations.py::TestVisualizations::test_annual_avoided_cost_returns_figure
    PASS  tests/test_calculations.py::TestVisualizations::test_annual_avoided_cost_monthly_boxplot
    PASS  tests/test_calculations.py::TestVisualizations::test_annual_avoided_cost_boxplot_caps_yaxis_and_annotates_outliers
    PASS  tests/test_calculations.py::TestVisualizations::test_stacked_components_returns_figure
    PASS  tests/test_calculations.py::TestVisualizations::test_stacked_components_no_legend
    PASS  tests/test_calculations.py::TestVisualizations::test_winter_summer_comparison_shares_one_legend
    PASS  tests/test_calculations.py::TestVisualizations::test_winter_summer_comparison_y_range_caps_both_panels
    PASS  tests/test_calculations.py::TestVisualizations::test_cost_duration_chart_returns_figure
    PASS  tests/test_calculations.py::TestVisualizations::test_cost_duration_chart_change_matches_baseline_minus_proposed
    PASS  tests/test_calculations.py::TestVisualizations::test_cost_duration_chart_y_range_caps_row1_axis
    PASS  tests/test_calculations.py::TestVisualizations::test_cost_duration_chart_no_y_range_means_no_cap
    PASS  tests/test_calculations.py::TestVisualizations::test_hour_month_heatmap_returns_figure
    PASS  tests/test_calculations.py::TestVisualizations::test_hour_month_heatmap_colorbar_labels_good_and_bad
    PASS  tests/test_calculations.py::TestVisualizations::test_day_hour_heatmap_returns_figure
    PASS  tests/test_calculations.py::TestVisualizations::test_day_hour_heatmap_colorbar_labels_good_and_bad
    PASS  tests/test_calculations.py::TestVisualizations::test_cumulative_cost_chart_returns_figure
    PASS  tests/test_calculations.py::TestVisualizations::test_cumulative_cost_chart_is_the_proposed_minus_baseline_running_total
    PASS  tests/test_calculations.py::TestVisualizations::test_cumulative_cost_chart_shows_added_cost_when_proposed_is_more_expensive
    PASS  tests/test_calculations.py::TestVisualizations::test_lifetime_npv_returns_figure
    PASS  tests/test_calculations.py::TestVisualizations::test_lifetime_npv_lost_revenue_is_negative_and_cumulative_nets_out
    PASS  tests/test_calculations.py::TestVisualizations::test_lifetime_npv_customer_perspective_adds_year_zero_upfront_cost
    PASS  tests/test_calculations.py::TestVisualizations::test_lifetime_npv_utility_combines_recurring_cost_and_upfront_program_cost
    PASS  tests/test_calculations.py::TestVisualizations::test_lifetime_npv_chart_has_no_in_figure_title
    PASS  tests/test_calculations.py::TestVisualizations::test_lifetime_npv_colors_follow_sign_not_fixed_category
    PASS  tests/test_calculations.py::TestVisualizations::test_economic_balance_chart_returns_figure
    PASS  tests/test_calculations.py::TestVisualizations::test_two_sided_cost_effectiveness_chart_returns_figure
    PASS  tests/test_calculations.py::TestVisualizations::test_bubble_chart_handles_nan_load_defensively
    PASS  tests/test_calculations.py::TestIntegrationPipeline::test_grid_to_avoided_costs_column_contract
    PASS  tests/test_calculations.py::TestIntegrationPipeline::test_full_pipeline_grid_to_npv
    PASS  tests/test_calculations.py::TestIntegrationPipeline::test_dr_dispatch_feeds_into_billing
    PASS  tests/test_calculations.py::TestIntegrationPipeline::test_avoided_costs_feed_into_visualizations
    PASS  tests/test_calculations.py::TestIntegrationPipeline::test_config_defaults_work_with_calculations
    PASS  tests/test_calculations.py::TestLoadProfileIngestion::test_beopt_raw_file_parsing
    PASS  tests/test_calculations.py::TestLoadProfileIngestion::test_load_profiles_directory_scan
    PASS  tests/test_calculations.py::TestLoadProfileIngestion::test_excel_file_parsing
    PASS  tests/test_calculations.py::TestLoadProfileIngestion::test_missing_hour_is_interpolated_not_left_as_nan
    PASS  tests/test_calculations.py::TestLoadProfileIngestion::test_beopt_native_export_format_parsing
    PASS  tests/test_calculations.py::TestLoadProfileIngestion::test_beopt_battery_example_shows_charge_discharge_shift
    PASS  tests/test_calculations.py::TestCostEffectivenessTests::test_trc_and_pct_ratios
    PASS  tests/test_calculations.py::TestSoutheastUtilityCapacityEngine::test_regulated_fcr_bounds
    PASS  tests/test_calculations.py::TestSoutheastUtilityCapacityEngine::test_regulated_fcr_zero_tax
    PASS  tests/test_calculations.py::TestSoutheastUtilityCapacityEngine::test_ct_carrying_cost_gross_and_net
    PASS  tests/test_calculations.py::TestSoutheastUtilityCapacityEngine::test_southeast_dual_peak_cwf_sums_and_shape
    PASS  tests/test_calculations.py::TestSoutheastUtilityCapacityEngine::test_southeast_dual_peak_cwf_exceedance_with_load
    PASS  tests/test_calculations.py::TestSoutheastUtilityCapacityEngine::test_cwf_lolp_proxy
    PASS  tests/test_calculations.py::TestSoutheastUtilityCapacityEngine::test_cwf_top_n_uniform_and_exceedance
    PASS  tests/test_calculations.py::TestSoutheastUtilityCapacityEngine::test_cwf_peaker_rent
    PASS  tests/test_calculations.py::TestSoutheastUtilityCapacityEngine::test_feeder_pcaf_weights
    PASS  tests/test_calculations.py::TestSoutheastUtilityCapacityEngine::test_avoided_costs_decoupled_td_weights
    PASS  tests/test_calculations.py::TestSoutheastUtilityCapacityEngine::test_new_visualization_functions
    PASS  tests/test_calculations.py::TestSoutheastUtilityCapacityEngine::test_cwf_temperature_exceedance_sums_and_shape
    PASS  tests/test_calculations.py::TestSoutheastUtilityCapacityEngine::test_cwf_temperature_exceedance_colder_gets_more_weight
    PASS  tests/test_calculations.py::TestSoutheastUtilityCapacityEngine::test_cwf_temperature_exceedance_seasonal_split_and_fallback
    PASS  tests/test_cambium_downloader.py::TestCambiumDownloaderConfig::test_southeast_states_covered
    PASS  tests/test_cambium_downloader.py::TestCambiumDownloaderConfig::test_scenario_package_map_structure
    PASS  tests/test_cambium_downloader.py::TestRemoteZipReader::test_seek_and_tell
    PASS  tests/test_cambium_downloader.py::TestRemoteZipReader::test_invalid_whence
    PASS  tests/test_cambium_downloader.py::TestRemoteZipReader::test_read_boundary
    PASS  tests/test_cambium_downloader.py::TestMissingDataDetection::test_empty_directory_flags_all
    PASS  tests/test_cambium_downloader.py::TestMissingDataDetection::test_detected_file_reduces_missing
    PASS  tests/test_cambium_downloader.py::TestMissingDataDetection::test_pd_read_first_rows

======================================================================
  Test Run: 2026-09-25 09:48:40  |  Result: ALL PASSED
  110 tests: 110 passed, 0 failed
======================================================================
    PASS  tests/test_calculations.py::TestCalculateAvoidedCosts::test_output_columns_exist
    PASS  tests/test_calculations.py::TestCalculateAvoidedCosts::test_output_length_8760
    PASS  tests/test_calculations.py::TestCalculateAvoidedCosts::test_gen_capacity_formula
    PASS  tests/test_calculations.py::TestCalculateAvoidedCosts::test_transmission_uses_pcaf
    PASS  tests/test_calculations.py::TestCalculateAvoidedCosts::test_emissions_formula
    PASS  tests/test_calculations.py::TestCalculateAvoidedCosts::test_total_is_sum_of_components
    PASS  tests/test_calculations.py::TestCalculateAvoidedCosts::test_zero_scalars_only_energy
    PASS  tests/test_calculations.py::TestCalculateUrdbBill::test_flat_rate_constant_load
    PASS  tests/test_calculations.py::TestCalculateUrdbBill::test_flat_rate_monthly_proportionality
    PASS  tests/test_calculations.py::TestCalculateUrdbBill::test_zero_load_only_fixed
    PASS  tests/test_calculations.py::TestCalculateUrdbBill::test_demand_charge
    PASS  tests/test_calculations.py::TestCalculateUrdbBill::test_gp_r31_seasonal_tiers
    PASS  tests/test_calculations.py::TestCalculateUrdbBill::test_bill_increases_with_load
    PASS  tests/test_calculations.py::TestGetHourlyEnergyRate::test_flat_rate_constant_everywhere
    PASS  tests/test_calculations.py::TestGetHourlyEnergyRate::test_gp_r31_seasonal_rate_changes
    PASS  tests/test_calculations.py::TestGetHourlyEnergyRate::test_no_energy_structure_returns_zeros
    PASS  tests/test_calculations.py::TestNPVDiscounting::test_discount_factors_sum
    PASS  tests/test_calculations.py::TestNPVDiscounting::test_zero_discount_rate
    PASS  tests/test_calculations.py::TestNPVDiscounting::test_npv_known_answer
    PASS  tests/test_calculations.py::TestNPVDiscounting::test_rim_ratio_calculation
    PASS  tests/test_calculations.py::TestNPVDiscounting::test_rim_zero_lost_revenue
    PASS  tests/test_calculations.py::TestCapacityMetrics::test_epc_uniform_cwft
    PASS  tests/test_calculations.py::TestCapacityMetrics::test_epc_peaked_cwft_higher_for_peaky_load
    PASS  tests/test_calculations.py::TestCapacityMetrics::test_epc_reduction
    PASS  tests/test_calculations.py::TestCapacityMetrics::test_elcc_proxy_formula
    PASS  tests/test_calculations.py::TestCapacityMetrics::test_elcc_proxy_peaky_load
    PASS  tests/test_calculations.py::TestCapacityMetrics::test_cwft_sums_to_one
    PASS  tests/test_calculations.py::TestFindPeakWeek::test_finds_true_spike_outside_fixed_window
    PASS  tests/test_calculations.py::TestFindPeakWeek::test_window_stays_within_month_filter
    PASS  tests/test_calculations.py::TestFindPeakWeek::test_min_mode_finds_lowest_stress_window
    PASS  tests/test_calculations.py::TestFindPeakWeek::test_returns_none_when_no_window_fits
    PASS  tests/test_calculations.py::TestDispatchDrProgram::test_respects_hour_limit
    PASS  tests/test_calculations.py::TestDispatchDrProgram::test_respects_daily_limit
    PASS  tests/test_calculations.py::TestDispatchDrProgram::test_summer_only_season
    PASS  tests/test_calculations.py::TestDispatchDrProgram::test_reduction_capped_at_load
    PASS  tests/test_calculations.py::TestDispatchDrProgram::test_returns_correct_shapes
    PASS  tests/test_calculations.py::TestConfig::test_scenario_options_nonempty
    PASS  tests/test_calculations.py::TestConfig::test_scenario_descriptions_complete
    PASS  tests/test_calculations.py::TestConfig::test_planning_year_options
    PASS  tests/test_calculations.py::TestConfig::test_default_values_positive
    PASS  tests/test_calculations.py::TestConfig::test_grid_components_has_5
    PASS  tests/test_calculations.py::TestConfig::test_week_windows_valid
    PASS  tests/test_calculations.py::TestConfig::test_weather_sensitivity_function
    PASS  tests/test_calculations.py::TestConfig::test_custom_css_nonempty
    PASS  tests/test_calculations.py::TestConfig::test_financial_metric_card_html
    PASS  tests/test_calculations.py::TestVisualizations::test_weekly_overlay_returns_figure
    PASS  tests/test_calculations.py::TestVisualizations::test_weekly_load_and_temp_chart
    PASS  tests/test_calculations.py::TestVisualizations::test_weekly_grid_economics_chart
    PASS  tests/test_calculations.py::TestVisualizations::test_weekly_grid_economics_chart_signed_area_split
    PASS  tests/test_calculations.py::TestVisualizations::test_annual_avoided_cost_returns_figure
    PASS  tests/test_calculations.py::TestVisualizations::test_annual_avoided_cost_monthly_boxplot
    PASS  tests/test_calculations.py::TestVisualizations::test_annual_avoided_cost_boxplot_caps_yaxis_and_annotates_outliers
    PASS  tests/test_calculations.py::TestVisualizations::test_stacked_components_returns_figure
    PASS  tests/test_calculations.py::TestVisualizations::test_stacked_components_no_legend
    PASS  tests/test_calculations.py::TestVisualizations::test_winter_summer_comparison_shares_one_legend
    PASS  tests/test_calculations.py::TestVisualizations::test_winter_summer_comparison_y_range_caps_both_panels
    PASS  tests/test_calculations.py::TestVisualizations::test_cost_duration_chart_returns_figure
    PASS  tests/test_calculations.py::TestVisualizations::test_cost_duration_chart_change_matches_baseline_minus_proposed
    PASS  tests/test_calculations.py::TestVisualizations::test_cost_duration_chart_y_range_caps_row1_axis
    PASS  tests/test_calculations.py::TestVisualizations::test_cost_duration_chart_no_y_range_means_no_cap
    PASS  tests/test_calculations.py::TestVisualizations::test_hour_month_heatmap_returns_figure
    PASS  tests/test_calculations.py::TestVisualizations::test_hour_month_heatmap_colorbar_labels_good_and_bad
    PASS  tests/test_calculations.py::TestVisualizations::test_day_hour_heatmap_returns_figure
    PASS  tests/test_calculations.py::TestVisualizations::test_day_hour_heatmap_colorbar_labels_good_and_bad
    PASS  tests/test_calculations.py::TestVisualizations::test_cumulative_cost_chart_returns_figure
    PASS  tests/test_calculations.py::TestVisualizations::test_cumulative_cost_chart_is_the_proposed_minus_baseline_running_total
    PASS  tests/test_calculations.py::TestVisualizations::test_cumulative_cost_chart_shows_added_cost_when_proposed_is_more_expensive
    PASS  tests/test_calculations.py::TestVisualizations::test_lifetime_npv_returns_figure
    PASS  tests/test_calculations.py::TestVisualizations::test_lifetime_npv_lost_revenue_is_negative_and_cumulative_nets_out
    PASS  tests/test_calculations.py::TestVisualizations::test_lifetime_npv_customer_perspective_adds_year_zero_upfront_cost
    PASS  tests/test_calculations.py::TestVisualizations::test_lifetime_npv_utility_combines_recurring_cost_and_upfront_program_cost
    PASS  tests/test_calculations.py::TestVisualizations::test_lifetime_npv_chart_has_no_in_figure_title
    PASS  tests/test_calculations.py::TestVisualizations::test_lifetime_npv_colors_follow_sign_not_fixed_category
    PASS  tests/test_calculations.py::TestVisualizations::test_economic_balance_chart_returns_figure
    PASS  tests/test_calculations.py::TestVisualizations::test_two_sided_cost_effectiveness_chart_returns_figure
    PASS  tests/test_calculations.py::TestVisualizations::test_bubble_chart_handles_nan_load_defensively
    PASS  tests/test_calculations.py::TestIntegrationPipeline::test_grid_to_avoided_costs_column_contract
    PASS  tests/test_calculations.py::TestIntegrationPipeline::test_full_pipeline_grid_to_npv
    PASS  tests/test_calculations.py::TestIntegrationPipeline::test_dr_dispatch_feeds_into_billing
    PASS  tests/test_calculations.py::TestIntegrationPipeline::test_avoided_costs_feed_into_visualizations
    PASS  tests/test_calculations.py::TestIntegrationPipeline::test_config_defaults_work_with_calculations
    PASS  tests/test_calculations.py::TestLoadProfileIngestion::test_beopt_raw_file_parsing
    PASS  tests/test_calculations.py::TestLoadProfileIngestion::test_load_profiles_directory_scan
    PASS  tests/test_calculations.py::TestLoadProfileIngestion::test_excel_file_parsing
    PASS  tests/test_calculations.py::TestLoadProfileIngestion::test_missing_hour_is_interpolated_not_left_as_nan
    PASS  tests/test_calculations.py::TestLoadProfileIngestion::test_beopt_native_export_format_parsing
    PASS  tests/test_calculations.py::TestLoadProfileIngestion::test_beopt_battery_example_shows_charge_discharge_shift
    PASS  tests/test_calculations.py::TestCostEffectivenessTests::test_trc_and_pct_ratios
    PASS  tests/test_calculations.py::TestSoutheastUtilityCapacityEngine::test_regulated_fcr_bounds
    PASS  tests/test_calculations.py::TestSoutheastUtilityCapacityEngine::test_regulated_fcr_zero_tax
    PASS  tests/test_calculations.py::TestSoutheastUtilityCapacityEngine::test_ct_carrying_cost_gross_and_net
    PASS  tests/test_calculations.py::TestSoutheastUtilityCapacityEngine::test_southeast_dual_peak_cwf_sums_and_shape
    PASS  tests/test_calculations.py::TestSoutheastUtilityCapacityEngine::test_southeast_dual_peak_cwf_exceedance_with_load
    PASS  tests/test_calculations.py::TestSoutheastUtilityCapacityEngine::test_cwf_lolp_proxy
    PASS  tests/test_calculations.py::TestSoutheastUtilityCapacityEngine::test_cwf_top_n_uniform_and_exceedance
    PASS  tests/test_calculations.py::TestSoutheastUtilityCapacityEngine::test_cwf_peaker_rent
    PASS  tests/test_calculations.py::TestSoutheastUtilityCapacityEngine::test_feeder_pcaf_weights
    PASS  tests/test_calculations.py::TestSoutheastUtilityCapacityEngine::test_avoided_costs_decoupled_td_weights
    PASS  tests/test_calculations.py::TestSoutheastUtilityCapacityEngine::test_new_visualization_functions
    PASS  tests/test_calculations.py::TestSoutheastUtilityCapacityEngine::test_cwf_temperature_exceedance_sums_and_shape
    PASS  tests/test_calculations.py::TestSoutheastUtilityCapacityEngine::test_cwf_temperature_exceedance_colder_gets_more_weight
    PASS  tests/test_calculations.py::TestSoutheastUtilityCapacityEngine::test_cwf_temperature_exceedance_seasonal_split_and_fallback
    PASS  tests/test_cambium_downloader.py::TestCambiumDownloaderConfig::test_southeast_states_covered
    PASS  tests/test_cambium_downloader.py::TestCambiumDownloaderConfig::test_scenario_package_map_structure
    PASS  tests/test_cambium_downloader.py::TestRemoteZipReader::test_seek_and_tell
    PASS  tests/test_cambium_downloader.py::TestRemoteZipReader::test_invalid_whence
    PASS  tests/test_cambium_downloader.py::TestRemoteZipReader::test_read_boundary
    PASS  tests/test_cambium_downloader.py::TestMissingDataDetection::test_empty_directory_flags_all
    PASS  tests/test_cambium_downloader.py::TestMissingDataDetection::test_detected_file_reduces_missing
    PASS  tests/test_cambium_downloader.py::TestMissingDataDetection::test_pd_read_first_rows

======================================================================
  Test Run: 2026-09-25 09:45:30  |  Result: ALL PASSED
  110 tests: 110 passed, 0 failed
======================================================================
    PASS  tests/test_calculations.py::TestCalculateAvoidedCosts::test_output_columns_exist
    PASS  tests/test_calculations.py::TestCalculateAvoidedCosts::test_output_length_8760
    PASS  tests/test_calculations.py::TestCalculateAvoidedCosts::test_gen_capacity_formula
    PASS  tests/test_calculations.py::TestCalculateAvoidedCosts::test_transmission_uses_pcaf
    PASS  tests/test_calculations.py::TestCalculateAvoidedCosts::test_emissions_formula
    PASS  tests/test_calculations.py::TestCalculateAvoidedCosts::test_total_is_sum_of_components
    PASS  tests/test_calculations.py::TestCalculateAvoidedCosts::test_zero_scalars_only_energy
    PASS  tests/test_calculations.py::TestCalculateUrdbBill::test_flat_rate_constant_load
    PASS  tests/test_calculations.py::TestCalculateUrdbBill::test_flat_rate_monthly_proportionality
    PASS  tests/test_calculations.py::TestCalculateUrdbBill::test_zero_load_only_fixed
    PASS  tests/test_calculations.py::TestCalculateUrdbBill::test_demand_charge
    PASS  tests/test_calculations.py::TestCalculateUrdbBill::test_gp_r31_seasonal_tiers
    PASS  tests/test_calculations.py::TestCalculateUrdbBill::test_bill_increases_with_load
    PASS  tests/test_calculations.py::TestGetHourlyEnergyRate::test_flat_rate_constant_everywhere
    PASS  tests/test_calculations.py::TestGetHourlyEnergyRate::test_gp_r31_seasonal_rate_changes
    PASS  tests/test_calculations.py::TestGetHourlyEnergyRate::test_no_energy_structure_returns_zeros
    PASS  tests/test_calculations.py::TestNPVDiscounting::test_discount_factors_sum
    PASS  tests/test_calculations.py::TestNPVDiscounting::test_zero_discount_rate
    PASS  tests/test_calculations.py::TestNPVDiscounting::test_npv_known_answer
    PASS  tests/test_calculations.py::TestNPVDiscounting::test_rim_ratio_calculation
    PASS  tests/test_calculations.py::TestNPVDiscounting::test_rim_zero_lost_revenue
    PASS  tests/test_calculations.py::TestCapacityMetrics::test_epc_uniform_cwft
    PASS  tests/test_calculations.py::TestCapacityMetrics::test_epc_peaked_cwft_higher_for_peaky_load
    PASS  tests/test_calculations.py::TestCapacityMetrics::test_epc_reduction
    PASS  tests/test_calculations.py::TestCapacityMetrics::test_elcc_proxy_formula
    PASS  tests/test_calculations.py::TestCapacityMetrics::test_elcc_proxy_peaky_load
    PASS  tests/test_calculations.py::TestCapacityMetrics::test_cwft_sums_to_one
    PASS  tests/test_calculations.py::TestFindPeakWeek::test_finds_true_spike_outside_fixed_window
    PASS  tests/test_calculations.py::TestFindPeakWeek::test_window_stays_within_month_filter
    PASS  tests/test_calculations.py::TestFindPeakWeek::test_min_mode_finds_lowest_stress_window
    PASS  tests/test_calculations.py::TestFindPeakWeek::test_returns_none_when_no_window_fits
    PASS  tests/test_calculations.py::TestDispatchDrProgram::test_respects_hour_limit
    PASS  tests/test_calculations.py::TestDispatchDrProgram::test_respects_daily_limit
    PASS  tests/test_calculations.py::TestDispatchDrProgram::test_summer_only_season
    PASS  tests/test_calculations.py::TestDispatchDrProgram::test_reduction_capped_at_load
    PASS  tests/test_calculations.py::TestDispatchDrProgram::test_returns_correct_shapes
    PASS  tests/test_calculations.py::TestConfig::test_scenario_options_nonempty
    PASS  tests/test_calculations.py::TestConfig::test_scenario_descriptions_complete
    PASS  tests/test_calculations.py::TestConfig::test_planning_year_options
    PASS  tests/test_calculations.py::TestConfig::test_default_values_positive
    PASS  tests/test_calculations.py::TestConfig::test_grid_components_has_5
    PASS  tests/test_calculations.py::TestConfig::test_week_windows_valid
    PASS  tests/test_calculations.py::TestConfig::test_weather_sensitivity_function
    PASS  tests/test_calculations.py::TestConfig::test_custom_css_nonempty
    PASS  tests/test_calculations.py::TestConfig::test_financial_metric_card_html
    PASS  tests/test_calculations.py::TestVisualizations::test_weekly_overlay_returns_figure
    PASS  tests/test_calculations.py::TestVisualizations::test_weekly_load_and_temp_chart
    PASS  tests/test_calculations.py::TestVisualizations::test_weekly_grid_economics_chart
    PASS  tests/test_calculations.py::TestVisualizations::test_weekly_grid_economics_chart_signed_area_split
    PASS  tests/test_calculations.py::TestVisualizations::test_annual_avoided_cost_returns_figure
    PASS  tests/test_calculations.py::TestVisualizations::test_annual_avoided_cost_monthly_boxplot
    PASS  tests/test_calculations.py::TestVisualizations::test_annual_avoided_cost_boxplot_caps_yaxis_and_annotates_outliers
    PASS  tests/test_calculations.py::TestVisualizations::test_stacked_components_returns_figure
    PASS  tests/test_calculations.py::TestVisualizations::test_stacked_components_no_legend
    PASS  tests/test_calculations.py::TestVisualizations::test_winter_summer_comparison_shares_one_legend
    PASS  tests/test_calculations.py::TestVisualizations::test_winter_summer_comparison_y_range_caps_both_panels
    PASS  tests/test_calculations.py::TestVisualizations::test_cost_duration_chart_returns_figure
    PASS  tests/test_calculations.py::TestVisualizations::test_cost_duration_chart_change_matches_baseline_minus_proposed
    PASS  tests/test_calculations.py::TestVisualizations::test_cost_duration_chart_y_range_caps_row1_axis
    PASS  tests/test_calculations.py::TestVisualizations::test_cost_duration_chart_no_y_range_means_no_cap
    PASS  tests/test_calculations.py::TestVisualizations::test_hour_month_heatmap_returns_figure
    PASS  tests/test_calculations.py::TestVisualizations::test_hour_month_heatmap_colorbar_labels_good_and_bad
    PASS  tests/test_calculations.py::TestVisualizations::test_day_hour_heatmap_returns_figure
    PASS  tests/test_calculations.py::TestVisualizations::test_day_hour_heatmap_colorbar_labels_good_and_bad
    PASS  tests/test_calculations.py::TestVisualizations::test_cumulative_cost_chart_returns_figure
    PASS  tests/test_calculations.py::TestVisualizations::test_cumulative_cost_chart_is_the_proposed_minus_baseline_running_total
    PASS  tests/test_calculations.py::TestVisualizations::test_cumulative_cost_chart_shows_added_cost_when_proposed_is_more_expensive
    PASS  tests/test_calculations.py::TestVisualizations::test_lifetime_npv_returns_figure
    PASS  tests/test_calculations.py::TestVisualizations::test_lifetime_npv_lost_revenue_is_negative_and_cumulative_nets_out
    PASS  tests/test_calculations.py::TestVisualizations::test_lifetime_npv_customer_perspective_adds_year_zero_upfront_cost
    PASS  tests/test_calculations.py::TestVisualizations::test_lifetime_npv_utility_combines_recurring_cost_and_upfront_program_cost
    PASS  tests/test_calculations.py::TestVisualizations::test_lifetime_npv_chart_has_no_in_figure_title
    PASS  tests/test_calculations.py::TestVisualizations::test_lifetime_npv_colors_follow_sign_not_fixed_category
    PASS  tests/test_calculations.py::TestVisualizations::test_economic_balance_chart_returns_figure
    PASS  tests/test_calculations.py::TestVisualizations::test_two_sided_cost_effectiveness_chart_returns_figure
    PASS  tests/test_calculations.py::TestVisualizations::test_bubble_chart_handles_nan_load_defensively
    PASS  tests/test_calculations.py::TestIntegrationPipeline::test_grid_to_avoided_costs_column_contract
    PASS  tests/test_calculations.py::TestIntegrationPipeline::test_full_pipeline_grid_to_npv
    PASS  tests/test_calculations.py::TestIntegrationPipeline::test_dr_dispatch_feeds_into_billing
    PASS  tests/test_calculations.py::TestIntegrationPipeline::test_avoided_costs_feed_into_visualizations
    PASS  tests/test_calculations.py::TestIntegrationPipeline::test_config_defaults_work_with_calculations
    PASS  tests/test_calculations.py::TestLoadProfileIngestion::test_beopt_raw_file_parsing
    PASS  tests/test_calculations.py::TestLoadProfileIngestion::test_load_profiles_directory_scan
    PASS  tests/test_calculations.py::TestLoadProfileIngestion::test_excel_file_parsing
    PASS  tests/test_calculations.py::TestLoadProfileIngestion::test_missing_hour_is_interpolated_not_left_as_nan
    PASS  tests/test_calculations.py::TestLoadProfileIngestion::test_beopt_native_export_format_parsing
    PASS  tests/test_calculations.py::TestLoadProfileIngestion::test_beopt_battery_example_shows_charge_discharge_shift
    PASS  tests/test_calculations.py::TestCostEffectivenessTests::test_trc_and_pct_ratios
    PASS  tests/test_calculations.py::TestSoutheastUtilityCapacityEngine::test_regulated_fcr_bounds
    PASS  tests/test_calculations.py::TestSoutheastUtilityCapacityEngine::test_regulated_fcr_zero_tax
    PASS  tests/test_calculations.py::TestSoutheastUtilityCapacityEngine::test_ct_carrying_cost_gross_and_net
    PASS  tests/test_calculations.py::TestSoutheastUtilityCapacityEngine::test_southeast_dual_peak_cwf_sums_and_shape
    PASS  tests/test_calculations.py::TestSoutheastUtilityCapacityEngine::test_southeast_dual_peak_cwf_exceedance_with_load
    PASS  tests/test_calculations.py::TestSoutheastUtilityCapacityEngine::test_cwf_lolp_proxy
    PASS  tests/test_calculations.py::TestSoutheastUtilityCapacityEngine::test_cwf_top_n_uniform_and_exceedance
    PASS  tests/test_calculations.py::TestSoutheastUtilityCapacityEngine::test_cwf_peaker_rent
    PASS  tests/test_calculations.py::TestSoutheastUtilityCapacityEngine::test_feeder_pcaf_weights
    PASS  tests/test_calculations.py::TestSoutheastUtilityCapacityEngine::test_avoided_costs_decoupled_td_weights
    PASS  tests/test_calculations.py::TestSoutheastUtilityCapacityEngine::test_new_visualization_functions
    PASS  tests/test_calculations.py::TestSoutheastUtilityCapacityEngine::test_cwf_temperature_exceedance_sums_and_shape
    PASS  tests/test_calculations.py::TestSoutheastUtilityCapacityEngine::test_cwf_temperature_exceedance_colder_gets_more_weight
    PASS  tests/test_calculations.py::TestSoutheastUtilityCapacityEngine::test_cwf_temperature_exceedance_seasonal_split_and_fallback
    PASS  tests/test_cambium_downloader.py::TestCambiumDownloaderConfig::test_southeast_states_covered
    PASS  tests/test_cambium_downloader.py::TestCambiumDownloaderConfig::test_scenario_package_map_structure
    PASS  tests/test_cambium_downloader.py::TestRemoteZipReader::test_seek_and_tell
    PASS  tests/test_cambium_downloader.py::TestRemoteZipReader::test_invalid_whence
    PASS  tests/test_cambium_downloader.py::TestRemoteZipReader::test_read_boundary
    PASS  tests/test_cambium_downloader.py::TestMissingDataDetection::test_empty_directory_flags_all
    PASS  tests/test_cambium_downloader.py::TestMissingDataDetection::test_detected_file_reduces_missing
    PASS  tests/test_cambium_downloader.py::TestMissingDataDetection::test_pd_read_first_rows

======================================================================
  Test Run: 2026-09-25 09:44:04  |  Result: ALL PASSED
  110 tests: 110 passed, 0 failed
======================================================================
    PASS  tests/test_calculations.py::TestCalculateAvoidedCosts::test_output_columns_exist
    PASS  tests/test_calculations.py::TestCalculateAvoidedCosts::test_output_length_8760
    PASS  tests/test_calculations.py::TestCalculateAvoidedCosts::test_gen_capacity_formula
    PASS  tests/test_calculations.py::TestCalculateAvoidedCosts::test_transmission_uses_pcaf
    PASS  tests/test_calculations.py::TestCalculateAvoidedCosts::test_emissions_formula
    PASS  tests/test_calculations.py::TestCalculateAvoidedCosts::test_total_is_sum_of_components
    PASS  tests/test_calculations.py::TestCalculateAvoidedCosts::test_zero_scalars_only_energy
    PASS  tests/test_calculations.py::TestCalculateUrdbBill::test_flat_rate_constant_load
    PASS  tests/test_calculations.py::TestCalculateUrdbBill::test_flat_rate_monthly_proportionality
    PASS  tests/test_calculations.py::TestCalculateUrdbBill::test_zero_load_only_fixed
    PASS  tests/test_calculations.py::TestCalculateUrdbBill::test_demand_charge
    PASS  tests/test_calculations.py::TestCalculateUrdbBill::test_gp_r31_seasonal_tiers
    PASS  tests/test_calculations.py::TestCalculateUrdbBill::test_bill_increases_with_load
    PASS  tests/test_calculations.py::TestGetHourlyEnergyRate::test_flat_rate_constant_everywhere
    PASS  tests/test_calculations.py::TestGetHourlyEnergyRate::test_gp_r31_seasonal_rate_changes
    PASS  tests/test_calculations.py::TestGetHourlyEnergyRate::test_no_energy_structure_returns_zeros
    PASS  tests/test_calculations.py::TestNPVDiscounting::test_discount_factors_sum
    PASS  tests/test_calculations.py::TestNPVDiscounting::test_zero_discount_rate
    PASS  tests/test_calculations.py::TestNPVDiscounting::test_npv_known_answer
    PASS  tests/test_calculations.py::TestNPVDiscounting::test_rim_ratio_calculation
    PASS  tests/test_calculations.py::TestNPVDiscounting::test_rim_zero_lost_revenue
    PASS  tests/test_calculations.py::TestCapacityMetrics::test_epc_uniform_cwft
    PASS  tests/test_calculations.py::TestCapacityMetrics::test_epc_peaked_cwft_higher_for_peaky_load
    PASS  tests/test_calculations.py::TestCapacityMetrics::test_epc_reduction
    PASS  tests/test_calculations.py::TestCapacityMetrics::test_elcc_proxy_formula
    PASS  tests/test_calculations.py::TestCapacityMetrics::test_elcc_proxy_peaky_load
    PASS  tests/test_calculations.py::TestCapacityMetrics::test_cwft_sums_to_one
    PASS  tests/test_calculations.py::TestFindPeakWeek::test_finds_true_spike_outside_fixed_window
    PASS  tests/test_calculations.py::TestFindPeakWeek::test_window_stays_within_month_filter
    PASS  tests/test_calculations.py::TestFindPeakWeek::test_min_mode_finds_lowest_stress_window
    PASS  tests/test_calculations.py::TestFindPeakWeek::test_returns_none_when_no_window_fits
    PASS  tests/test_calculations.py::TestDispatchDrProgram::test_respects_hour_limit
    PASS  tests/test_calculations.py::TestDispatchDrProgram::test_respects_daily_limit
    PASS  tests/test_calculations.py::TestDispatchDrProgram::test_summer_only_season
    PASS  tests/test_calculations.py::TestDispatchDrProgram::test_reduction_capped_at_load
    PASS  tests/test_calculations.py::TestDispatchDrProgram::test_returns_correct_shapes
    PASS  tests/test_calculations.py::TestConfig::test_scenario_options_nonempty
    PASS  tests/test_calculations.py::TestConfig::test_scenario_descriptions_complete
    PASS  tests/test_calculations.py::TestConfig::test_planning_year_options
    PASS  tests/test_calculations.py::TestConfig::test_default_values_positive
    PASS  tests/test_calculations.py::TestConfig::test_grid_components_has_5
    PASS  tests/test_calculations.py::TestConfig::test_week_windows_valid
    PASS  tests/test_calculations.py::TestConfig::test_weather_sensitivity_function
    PASS  tests/test_calculations.py::TestConfig::test_custom_css_nonempty
    PASS  tests/test_calculations.py::TestConfig::test_financial_metric_card_html
    PASS  tests/test_calculations.py::TestVisualizations::test_weekly_overlay_returns_figure
    PASS  tests/test_calculations.py::TestVisualizations::test_weekly_load_and_temp_chart
    PASS  tests/test_calculations.py::TestVisualizations::test_weekly_grid_economics_chart
    PASS  tests/test_calculations.py::TestVisualizations::test_weekly_grid_economics_chart_signed_area_split
    PASS  tests/test_calculations.py::TestVisualizations::test_annual_avoided_cost_returns_figure
    PASS  tests/test_calculations.py::TestVisualizations::test_annual_avoided_cost_monthly_boxplot
    PASS  tests/test_calculations.py::TestVisualizations::test_annual_avoided_cost_boxplot_caps_yaxis_and_annotates_outliers
    PASS  tests/test_calculations.py::TestVisualizations::test_stacked_components_returns_figure
    PASS  tests/test_calculations.py::TestVisualizations::test_stacked_components_no_legend
    PASS  tests/test_calculations.py::TestVisualizations::test_winter_summer_comparison_shares_one_legend
    PASS  tests/test_calculations.py::TestVisualizations::test_winter_summer_comparison_y_range_caps_both_panels
    PASS  tests/test_calculations.py::TestVisualizations::test_cost_duration_chart_returns_figure
    PASS  tests/test_calculations.py::TestVisualizations::test_cost_duration_chart_change_matches_baseline_minus_proposed
    PASS  tests/test_calculations.py::TestVisualizations::test_cost_duration_chart_y_range_caps_row1_axis
    PASS  tests/test_calculations.py::TestVisualizations::test_cost_duration_chart_no_y_range_means_no_cap
    PASS  tests/test_calculations.py::TestVisualizations::test_hour_month_heatmap_returns_figure
    PASS  tests/test_calculations.py::TestVisualizations::test_hour_month_heatmap_colorbar_labels_good_and_bad
    PASS  tests/test_calculations.py::TestVisualizations::test_day_hour_heatmap_returns_figure
    PASS  tests/test_calculations.py::TestVisualizations::test_day_hour_heatmap_colorbar_labels_good_and_bad
    PASS  tests/test_calculations.py::TestVisualizations::test_cumulative_cost_chart_returns_figure
    PASS  tests/test_calculations.py::TestVisualizations::test_cumulative_cost_chart_is_the_proposed_minus_baseline_running_total
    PASS  tests/test_calculations.py::TestVisualizations::test_cumulative_cost_chart_shows_added_cost_when_proposed_is_more_expensive
    PASS  tests/test_calculations.py::TestVisualizations::test_lifetime_npv_returns_figure
    PASS  tests/test_calculations.py::TestVisualizations::test_lifetime_npv_lost_revenue_is_negative_and_cumulative_nets_out
    PASS  tests/test_calculations.py::TestVisualizations::test_lifetime_npv_customer_perspective_adds_year_zero_upfront_cost
    PASS  tests/test_calculations.py::TestVisualizations::test_lifetime_npv_utility_combines_recurring_cost_and_upfront_program_cost
    PASS  tests/test_calculations.py::TestVisualizations::test_lifetime_npv_chart_has_no_in_figure_title
    PASS  tests/test_calculations.py::TestVisualizations::test_lifetime_npv_colors_follow_sign_not_fixed_category
    PASS  tests/test_calculations.py::TestVisualizations::test_economic_balance_chart_returns_figure
    PASS  tests/test_calculations.py::TestVisualizations::test_two_sided_cost_effectiveness_chart_returns_figure
    PASS  tests/test_calculations.py::TestVisualizations::test_bubble_chart_handles_nan_load_defensively
    PASS  tests/test_calculations.py::TestIntegrationPipeline::test_grid_to_avoided_costs_column_contract
    PASS  tests/test_calculations.py::TestIntegrationPipeline::test_full_pipeline_grid_to_npv
    PASS  tests/test_calculations.py::TestIntegrationPipeline::test_dr_dispatch_feeds_into_billing
    PASS  tests/test_calculations.py::TestIntegrationPipeline::test_avoided_costs_feed_into_visualizations
    PASS  tests/test_calculations.py::TestIntegrationPipeline::test_config_defaults_work_with_calculations
    PASS  tests/test_calculations.py::TestLoadProfileIngestion::test_beopt_raw_file_parsing
    PASS  tests/test_calculations.py::TestLoadProfileIngestion::test_load_profiles_directory_scan
    PASS  tests/test_calculations.py::TestLoadProfileIngestion::test_excel_file_parsing
    PASS  tests/test_calculations.py::TestLoadProfileIngestion::test_missing_hour_is_interpolated_not_left_as_nan
    PASS  tests/test_calculations.py::TestLoadProfileIngestion::test_beopt_native_export_format_parsing
    PASS  tests/test_calculations.py::TestLoadProfileIngestion::test_beopt_battery_example_shows_charge_discharge_shift
    PASS  tests/test_calculations.py::TestCostEffectivenessTests::test_trc_and_pct_ratios
    PASS  tests/test_calculations.py::TestSoutheastUtilityCapacityEngine::test_regulated_fcr_bounds
    PASS  tests/test_calculations.py::TestSoutheastUtilityCapacityEngine::test_regulated_fcr_zero_tax
    PASS  tests/test_calculations.py::TestSoutheastUtilityCapacityEngine::test_ct_carrying_cost_gross_and_net
    PASS  tests/test_calculations.py::TestSoutheastUtilityCapacityEngine::test_southeast_dual_peak_cwf_sums_and_shape
    PASS  tests/test_calculations.py::TestSoutheastUtilityCapacityEngine::test_southeast_dual_peak_cwf_exceedance_with_load
    PASS  tests/test_calculations.py::TestSoutheastUtilityCapacityEngine::test_cwf_lolp_proxy
    PASS  tests/test_calculations.py::TestSoutheastUtilityCapacityEngine::test_cwf_top_n_uniform_and_exceedance
    PASS  tests/test_calculations.py::TestSoutheastUtilityCapacityEngine::test_cwf_peaker_rent
    PASS  tests/test_calculations.py::TestSoutheastUtilityCapacityEngine::test_feeder_pcaf_weights
    PASS  tests/test_calculations.py::TestSoutheastUtilityCapacityEngine::test_avoided_costs_decoupled_td_weights
    PASS  tests/test_calculations.py::TestSoutheastUtilityCapacityEngine::test_new_visualization_functions
    PASS  tests/test_calculations.py::TestSoutheastUtilityCapacityEngine::test_cwf_temperature_exceedance_sums_and_shape
    PASS  tests/test_calculations.py::TestSoutheastUtilityCapacityEngine::test_cwf_temperature_exceedance_colder_gets_more_weight
    PASS  tests/test_calculations.py::TestSoutheastUtilityCapacityEngine::test_cwf_temperature_exceedance_seasonal_split_and_fallback
    PASS  tests/test_cambium_downloader.py::TestCambiumDownloaderConfig::test_southeast_states_covered
    PASS  tests/test_cambium_downloader.py::TestCambiumDownloaderConfig::test_scenario_package_map_structure
    PASS  tests/test_cambium_downloader.py::TestRemoteZipReader::test_seek_and_tell
    PASS  tests/test_cambium_downloader.py::TestRemoteZipReader::test_invalid_whence
    PASS  tests/test_cambium_downloader.py::TestRemoteZipReader::test_read_boundary
    PASS  tests/test_cambium_downloader.py::TestMissingDataDetection::test_empty_directory_flags_all
    PASS  tests/test_cambium_downloader.py::TestMissingDataDetection::test_detected_file_reduces_missing
    PASS  tests/test_cambium_downloader.py::TestMissingDataDetection::test_pd_read_first_rows

======================================================================
  Test Run: 2026-09-25 09:38:55  |  Result: ALL PASSED
  111 tests: 111 passed, 0 failed
======================================================================
    PASS  tests/test_calculations.py::TestCalculateAvoidedCosts::test_output_columns_exist
    PASS  tests/test_calculations.py::TestCalculateAvoidedCosts::test_output_length_8760
    PASS  tests/test_calculations.py::TestCalculateAvoidedCosts::test_gen_capacity_formula
    PASS  tests/test_calculations.py::TestCalculateAvoidedCosts::test_transmission_uses_pcaf
    PASS  tests/test_calculations.py::TestCalculateAvoidedCosts::test_emissions_formula
    PASS  tests/test_calculations.py::TestCalculateAvoidedCosts::test_total_is_sum_of_components
    PASS  tests/test_calculations.py::TestCalculateAvoidedCosts::test_zero_scalars_only_energy
    PASS  tests/test_calculations.py::TestCalculateUrdbBill::test_flat_rate_constant_load
    PASS  tests/test_calculations.py::TestCalculateUrdbBill::test_flat_rate_monthly_proportionality
    PASS  tests/test_calculations.py::TestCalculateUrdbBill::test_zero_load_only_fixed
    PASS  tests/test_calculations.py::TestCalculateUrdbBill::test_demand_charge
    PASS  tests/test_calculations.py::TestCalculateUrdbBill::test_gp_r31_seasonal_tiers
    PASS  tests/test_calculations.py::TestCalculateUrdbBill::test_bill_increases_with_load
    PASS  tests/test_calculations.py::TestGetHourlyEnergyRate::test_flat_rate_constant_everywhere
    PASS  tests/test_calculations.py::TestGetHourlyEnergyRate::test_gp_r31_seasonal_rate_changes
    PASS  tests/test_calculations.py::TestGetHourlyEnergyRate::test_no_energy_structure_returns_zeros
    PASS  tests/test_calculations.py::TestNPVDiscounting::test_discount_factors_sum
    PASS  tests/test_calculations.py::TestNPVDiscounting::test_zero_discount_rate
    PASS  tests/test_calculations.py::TestNPVDiscounting::test_npv_known_answer
    PASS  tests/test_calculations.py::TestNPVDiscounting::test_rim_ratio_calculation
    PASS  tests/test_calculations.py::TestNPVDiscounting::test_rim_zero_lost_revenue
    PASS  tests/test_calculations.py::TestCapacityMetrics::test_epc_uniform_cwft
    PASS  tests/test_calculations.py::TestCapacityMetrics::test_epc_peaked_cwft_higher_for_peaky_load
    PASS  tests/test_calculations.py::TestCapacityMetrics::test_epc_reduction
    PASS  tests/test_calculations.py::TestCapacityMetrics::test_elcc_proxy_formula
    PASS  tests/test_calculations.py::TestCapacityMetrics::test_elcc_proxy_peaky_load
    PASS  tests/test_calculations.py::TestCapacityMetrics::test_cwft_sums_to_one
    PASS  tests/test_calculations.py::TestFindPeakWeek::test_finds_true_spike_outside_fixed_window
    PASS  tests/test_calculations.py::TestFindPeakWeek::test_window_stays_within_month_filter
    PASS  tests/test_calculations.py::TestFindPeakWeek::test_min_mode_finds_lowest_stress_window
    PASS  tests/test_calculations.py::TestFindPeakWeek::test_returns_none_when_no_window_fits
    PASS  tests/test_calculations.py::TestDispatchDrProgram::test_respects_hour_limit
    PASS  tests/test_calculations.py::TestDispatchDrProgram::test_respects_daily_limit
    PASS  tests/test_calculations.py::TestDispatchDrProgram::test_summer_only_season
    PASS  tests/test_calculations.py::TestDispatchDrProgram::test_reduction_capped_at_load
    PASS  tests/test_calculations.py::TestDispatchDrProgram::test_returns_correct_shapes
    PASS  tests/test_calculations.py::TestConfig::test_scenario_options_nonempty
    PASS  tests/test_calculations.py::TestConfig::test_scenario_descriptions_complete
    PASS  tests/test_calculations.py::TestConfig::test_planning_year_options
    PASS  tests/test_calculations.py::TestConfig::test_default_values_positive
    PASS  tests/test_calculations.py::TestConfig::test_grid_components_has_5
    PASS  tests/test_calculations.py::TestConfig::test_week_windows_valid
    PASS  tests/test_calculations.py::TestConfig::test_weather_sensitivity_function
    PASS  tests/test_calculations.py::TestConfig::test_custom_css_nonempty
    PASS  tests/test_calculations.py::TestConfig::test_financial_metric_card_html
    PASS  tests/test_calculations.py::TestVisualizations::test_weekly_overlay_returns_figure
    PASS  tests/test_calculations.py::TestVisualizations::test_weekly_load_and_temp_chart
    PASS  tests/test_calculations.py::TestVisualizations::test_weekly_grid_economics_chart
    PASS  tests/test_calculations.py::TestVisualizations::test_weekly_grid_economics_chart_signed_area_split
    PASS  tests/test_calculations.py::TestVisualizations::test_annual_avoided_cost_returns_figure
    PASS  tests/test_calculations.py::TestVisualizations::test_annual_avoided_cost_monthly_boxplot
    PASS  tests/test_calculations.py::TestVisualizations::test_annual_avoided_cost_boxplot_caps_yaxis_and_annotates_outliers
    PASS  tests/test_calculations.py::TestVisualizations::test_stacked_components_returns_figure
    PASS  tests/test_calculations.py::TestVisualizations::test_stacked_components_no_legend
    PASS  tests/test_calculations.py::TestVisualizations::test_winter_summer_comparison_shares_one_legend
    PASS  tests/test_calculations.py::TestVisualizations::test_winter_summer_comparison_y_range_caps_both_panels
    PASS  tests/test_calculations.py::TestVisualizations::test_cost_duration_chart_returns_figure
    PASS  tests/test_calculations.py::TestVisualizations::test_cost_duration_chart_change_matches_baseline_minus_proposed
    PASS  tests/test_calculations.py::TestVisualizations::test_cost_duration_chart_y_range_caps_row1_axis
    PASS  tests/test_calculations.py::TestVisualizations::test_cost_duration_chart_no_y_range_means_no_cap
    PASS  tests/test_calculations.py::TestVisualizations::test_hour_month_heatmap_returns_figure
    PASS  tests/test_calculations.py::TestVisualizations::test_hour_month_heatmap_colorbar_labels_good_and_bad
    PASS  tests/test_calculations.py::TestVisualizations::test_day_hour_heatmap_returns_figure
    PASS  tests/test_calculations.py::TestVisualizations::test_day_hour_heatmap_colorbar_labels_good_and_bad
    PASS  tests/test_calculations.py::TestVisualizations::test_cumulative_cost_chart_returns_figure
    PASS  tests/test_calculations.py::TestVisualizations::test_cumulative_cost_chart_is_the_proposed_minus_baseline_running_total
    PASS  tests/test_calculations.py::TestVisualizations::test_cumulative_cost_chart_upfront_cost_shifts_utility_row_starting_point
    PASS  tests/test_calculations.py::TestVisualizations::test_cumulative_cost_chart_shows_added_cost_when_proposed_is_more_expensive
    PASS  tests/test_calculations.py::TestVisualizations::test_lifetime_npv_returns_figure
    PASS  tests/test_calculations.py::TestVisualizations::test_lifetime_npv_lost_revenue_is_negative_and_cumulative_nets_out
    PASS  tests/test_calculations.py::TestVisualizations::test_lifetime_npv_customer_perspective_adds_year_zero_upfront_cost
    PASS  tests/test_calculations.py::TestVisualizations::test_lifetime_npv_utility_combines_recurring_cost_and_upfront_program_cost
    PASS  tests/test_calculations.py::TestVisualizations::test_lifetime_npv_chart_has_no_in_figure_title
    PASS  tests/test_calculations.py::TestVisualizations::test_lifetime_npv_colors_follow_sign_not_fixed_category
    PASS  tests/test_calculations.py::TestVisualizations::test_economic_balance_chart_returns_figure
    PASS  tests/test_calculations.py::TestVisualizations::test_two_sided_cost_effectiveness_chart_returns_figure
    PASS  tests/test_calculations.py::TestVisualizations::test_bubble_chart_handles_nan_load_defensively
    PASS  tests/test_calculations.py::TestIntegrationPipeline::test_grid_to_avoided_costs_column_contract
    PASS  tests/test_calculations.py::TestIntegrationPipeline::test_full_pipeline_grid_to_npv
    PASS  tests/test_calculations.py::TestIntegrationPipeline::test_dr_dispatch_feeds_into_billing
    PASS  tests/test_calculations.py::TestIntegrationPipeline::test_avoided_costs_feed_into_visualizations
    PASS  tests/test_calculations.py::TestIntegrationPipeline::test_config_defaults_work_with_calculations
    PASS  tests/test_calculations.py::TestLoadProfileIngestion::test_beopt_raw_file_parsing
    PASS  tests/test_calculations.py::TestLoadProfileIngestion::test_load_profiles_directory_scan
    PASS  tests/test_calculations.py::TestLoadProfileIngestion::test_excel_file_parsing
    PASS  tests/test_calculations.py::TestLoadProfileIngestion::test_missing_hour_is_interpolated_not_left_as_nan
    PASS  tests/test_calculations.py::TestLoadProfileIngestion::test_beopt_native_export_format_parsing
    PASS  tests/test_calculations.py::TestLoadProfileIngestion::test_beopt_battery_example_shows_charge_discharge_shift
    PASS  tests/test_calculations.py::TestCostEffectivenessTests::test_trc_and_pct_ratios
    PASS  tests/test_calculations.py::TestSoutheastUtilityCapacityEngine::test_regulated_fcr_bounds
    PASS  tests/test_calculations.py::TestSoutheastUtilityCapacityEngine::test_regulated_fcr_zero_tax
    PASS  tests/test_calculations.py::TestSoutheastUtilityCapacityEngine::test_ct_carrying_cost_gross_and_net
    PASS  tests/test_calculations.py::TestSoutheastUtilityCapacityEngine::test_southeast_dual_peak_cwf_sums_and_shape
    PASS  tests/test_calculations.py::TestSoutheastUtilityCapacityEngine::test_southeast_dual_peak_cwf_exceedance_with_load
    PASS  tests/test_calculations.py::TestSoutheastUtilityCapacityEngine::test_cwf_lolp_proxy
    PASS  tests/test_calculations.py::TestSoutheastUtilityCapacityEngine::test_cwf_top_n_uniform_and_exceedance
    PASS  tests/test_calculations.py::TestSoutheastUtilityCapacityEngine::test_cwf_peaker_rent
    PASS  tests/test_calculations.py::TestSoutheastUtilityCapacityEngine::test_feeder_pcaf_weights
    PASS  tests/test_calculations.py::TestSoutheastUtilityCapacityEngine::test_avoided_costs_decoupled_td_weights
    PASS  tests/test_calculations.py::TestSoutheastUtilityCapacityEngine::test_new_visualization_functions
    PASS  tests/test_calculations.py::TestSoutheastUtilityCapacityEngine::test_cwf_temperature_exceedance_sums_and_shape
    PASS  tests/test_calculations.py::TestSoutheastUtilityCapacityEngine::test_cwf_temperature_exceedance_colder_gets_more_weight
    PASS  tests/test_calculations.py::TestSoutheastUtilityCapacityEngine::test_cwf_temperature_exceedance_seasonal_split_and_fallback
    PASS  tests/test_cambium_downloader.py::TestCambiumDownloaderConfig::test_southeast_states_covered
    PASS  tests/test_cambium_downloader.py::TestCambiumDownloaderConfig::test_scenario_package_map_structure
    PASS  tests/test_cambium_downloader.py::TestRemoteZipReader::test_seek_and_tell
    PASS  tests/test_cambium_downloader.py::TestRemoteZipReader::test_invalid_whence
    PASS  tests/test_cambium_downloader.py::TestRemoteZipReader::test_read_boundary
    PASS  tests/test_cambium_downloader.py::TestMissingDataDetection::test_empty_directory_flags_all
    PASS  tests/test_cambium_downloader.py::TestMissingDataDetection::test_detected_file_reduces_missing
    PASS  tests/test_cambium_downloader.py::TestMissingDataDetection::test_pd_read_first_rows

======================================================================
  Test Run: 2026-09-25 09:32:41  |  Result: ALL PASSED
  110 tests: 110 passed, 0 failed
======================================================================
    PASS  tests/test_calculations.py::TestCalculateAvoidedCosts::test_output_columns_exist
    PASS  tests/test_calculations.py::TestCalculateAvoidedCosts::test_output_length_8760
    PASS  tests/test_calculations.py::TestCalculateAvoidedCosts::test_gen_capacity_formula
    PASS  tests/test_calculations.py::TestCalculateAvoidedCosts::test_transmission_uses_pcaf
    PASS  tests/test_calculations.py::TestCalculateAvoidedCosts::test_emissions_formula
    PASS  tests/test_calculations.py::TestCalculateAvoidedCosts::test_total_is_sum_of_components
    PASS  tests/test_calculations.py::TestCalculateAvoidedCosts::test_zero_scalars_only_energy
    PASS  tests/test_calculations.py::TestCalculateUrdbBill::test_flat_rate_constant_load
    PASS  tests/test_calculations.py::TestCalculateUrdbBill::test_flat_rate_monthly_proportionality
    PASS  tests/test_calculations.py::TestCalculateUrdbBill::test_zero_load_only_fixed
    PASS  tests/test_calculations.py::TestCalculateUrdbBill::test_demand_charge
    PASS  tests/test_calculations.py::TestCalculateUrdbBill::test_gp_r31_seasonal_tiers
    PASS  tests/test_calculations.py::TestCalculateUrdbBill::test_bill_increases_with_load
    PASS  tests/test_calculations.py::TestGetHourlyEnergyRate::test_flat_rate_constant_everywhere
    PASS  tests/test_calculations.py::TestGetHourlyEnergyRate::test_gp_r31_seasonal_rate_changes
    PASS  tests/test_calculations.py::TestGetHourlyEnergyRate::test_no_energy_structure_returns_zeros
    PASS  tests/test_calculations.py::TestNPVDiscounting::test_discount_factors_sum
    PASS  tests/test_calculations.py::TestNPVDiscounting::test_zero_discount_rate
    PASS  tests/test_calculations.py::TestNPVDiscounting::test_npv_known_answer
    PASS  tests/test_calculations.py::TestNPVDiscounting::test_rim_ratio_calculation
    PASS  tests/test_calculations.py::TestNPVDiscounting::test_rim_zero_lost_revenue
    PASS  tests/test_calculations.py::TestCapacityMetrics::test_epc_uniform_cwft
    PASS  tests/test_calculations.py::TestCapacityMetrics::test_epc_peaked_cwft_higher_for_peaky_load
    PASS  tests/test_calculations.py::TestCapacityMetrics::test_epc_reduction
    PASS  tests/test_calculations.py::TestCapacityMetrics::test_elcc_proxy_formula
    PASS  tests/test_calculations.py::TestCapacityMetrics::test_elcc_proxy_peaky_load
    PASS  tests/test_calculations.py::TestCapacityMetrics::test_cwft_sums_to_one
    PASS  tests/test_calculations.py::TestFindPeakWeek::test_finds_true_spike_outside_fixed_window
    PASS  tests/test_calculations.py::TestFindPeakWeek::test_window_stays_within_month_filter
    PASS  tests/test_calculations.py::TestFindPeakWeek::test_min_mode_finds_lowest_stress_window
    PASS  tests/test_calculations.py::TestFindPeakWeek::test_returns_none_when_no_window_fits
    PASS  tests/test_calculations.py::TestDispatchDrProgram::test_respects_hour_limit
    PASS  tests/test_calculations.py::TestDispatchDrProgram::test_respects_daily_limit
    PASS  tests/test_calculations.py::TestDispatchDrProgram::test_summer_only_season
    PASS  tests/test_calculations.py::TestDispatchDrProgram::test_reduction_capped_at_load
    PASS  tests/test_calculations.py::TestDispatchDrProgram::test_returns_correct_shapes
    PASS  tests/test_calculations.py::TestConfig::test_scenario_options_nonempty
    PASS  tests/test_calculations.py::TestConfig::test_scenario_descriptions_complete
    PASS  tests/test_calculations.py::TestConfig::test_planning_year_options
    PASS  tests/test_calculations.py::TestConfig::test_default_values_positive
    PASS  tests/test_calculations.py::TestConfig::test_grid_components_has_5
    PASS  tests/test_calculations.py::TestConfig::test_week_windows_valid
    PASS  tests/test_calculations.py::TestConfig::test_weather_sensitivity_function
    PASS  tests/test_calculations.py::TestConfig::test_custom_css_nonempty
    PASS  tests/test_calculations.py::TestConfig::test_financial_metric_card_html
    PASS  tests/test_calculations.py::TestVisualizations::test_weekly_overlay_returns_figure
    PASS  tests/test_calculations.py::TestVisualizations::test_weekly_load_and_temp_chart
    PASS  tests/test_calculations.py::TestVisualizations::test_weekly_grid_economics_chart
    PASS  tests/test_calculations.py::TestVisualizations::test_weekly_grid_economics_chart_signed_area_split
    PASS  tests/test_calculations.py::TestVisualizations::test_annual_avoided_cost_returns_figure
    PASS  tests/test_calculations.py::TestVisualizations::test_annual_avoided_cost_monthly_boxplot
    PASS  tests/test_calculations.py::TestVisualizations::test_annual_avoided_cost_boxplot_caps_yaxis_and_annotates_outliers
    PASS  tests/test_calculations.py::TestVisualizations::test_stacked_components_returns_figure
    PASS  tests/test_calculations.py::TestVisualizations::test_stacked_components_no_legend
    PASS  tests/test_calculations.py::TestVisualizations::test_winter_summer_comparison_shares_one_legend
    PASS  tests/test_calculations.py::TestVisualizations::test_winter_summer_comparison_y_range_caps_both_panels
    PASS  tests/test_calculations.py::TestVisualizations::test_cost_duration_chart_returns_figure
    PASS  tests/test_calculations.py::TestVisualizations::test_cost_duration_chart_change_matches_baseline_minus_proposed
    PASS  tests/test_calculations.py::TestVisualizations::test_cost_duration_chart_y_range_caps_row1_axis
    PASS  tests/test_calculations.py::TestVisualizations::test_cost_duration_chart_no_y_range_means_no_cap
    PASS  tests/test_calculations.py::TestVisualizations::test_hour_month_heatmap_returns_figure
    PASS  tests/test_calculations.py::TestVisualizations::test_hour_month_heatmap_colorbar_labels_good_and_bad
    PASS  tests/test_calculations.py::TestVisualizations::test_day_hour_heatmap_returns_figure
    PASS  tests/test_calculations.py::TestVisualizations::test_day_hour_heatmap_colorbar_labels_good_and_bad
    PASS  tests/test_calculations.py::TestVisualizations::test_cumulative_cost_chart_returns_figure
    PASS  tests/test_calculations.py::TestVisualizations::test_cumulative_cost_chart_is_the_proposed_minus_baseline_running_total
    PASS  tests/test_calculations.py::TestVisualizations::test_cumulative_cost_chart_shows_added_cost_when_proposed_is_more_expensive
    PASS  tests/test_calculations.py::TestVisualizations::test_lifetime_npv_returns_figure
    PASS  tests/test_calculations.py::TestVisualizations::test_lifetime_npv_lost_revenue_is_negative_and_cumulative_nets_out
    PASS  tests/test_calculations.py::TestVisualizations::test_lifetime_npv_customer_perspective_adds_year_zero_upfront_cost
    PASS  tests/test_calculations.py::TestVisualizations::test_lifetime_npv_utility_combines_recurring_cost_and_upfront_program_cost
    PASS  tests/test_calculations.py::TestVisualizations::test_lifetime_npv_chart_has_no_in_figure_title
    PASS  tests/test_calculations.py::TestVisualizations::test_lifetime_npv_colors_follow_sign_not_fixed_category
    PASS  tests/test_calculations.py::TestVisualizations::test_economic_balance_chart_returns_figure
    PASS  tests/test_calculations.py::TestVisualizations::test_two_sided_cost_effectiveness_chart_returns_figure
    PASS  tests/test_calculations.py::TestVisualizations::test_bubble_chart_handles_nan_load_defensively
    PASS  tests/test_calculations.py::TestIntegrationPipeline::test_grid_to_avoided_costs_column_contract
    PASS  tests/test_calculations.py::TestIntegrationPipeline::test_full_pipeline_grid_to_npv
    PASS  tests/test_calculations.py::TestIntegrationPipeline::test_dr_dispatch_feeds_into_billing
    PASS  tests/test_calculations.py::TestIntegrationPipeline::test_avoided_costs_feed_into_visualizations
    PASS  tests/test_calculations.py::TestIntegrationPipeline::test_config_defaults_work_with_calculations
    PASS  tests/test_calculations.py::TestLoadProfileIngestion::test_beopt_raw_file_parsing
    PASS  tests/test_calculations.py::TestLoadProfileIngestion::test_load_profiles_directory_scan
    PASS  tests/test_calculations.py::TestLoadProfileIngestion::test_excel_file_parsing
    PASS  tests/test_calculations.py::TestLoadProfileIngestion::test_missing_hour_is_interpolated_not_left_as_nan
    PASS  tests/test_calculations.py::TestLoadProfileIngestion::test_beopt_native_export_format_parsing
    PASS  tests/test_calculations.py::TestLoadProfileIngestion::test_beopt_battery_example_shows_charge_discharge_shift
    PASS  tests/test_calculations.py::TestCostEffectivenessTests::test_trc_and_pct_ratios
    PASS  tests/test_calculations.py::TestSoutheastUtilityCapacityEngine::test_regulated_fcr_bounds
    PASS  tests/test_calculations.py::TestSoutheastUtilityCapacityEngine::test_regulated_fcr_zero_tax
    PASS  tests/test_calculations.py::TestSoutheastUtilityCapacityEngine::test_ct_carrying_cost_gross_and_net
    PASS  tests/test_calculations.py::TestSoutheastUtilityCapacityEngine::test_southeast_dual_peak_cwf_sums_and_shape
    PASS  tests/test_calculations.py::TestSoutheastUtilityCapacityEngine::test_southeast_dual_peak_cwf_exceedance_with_load
    PASS  tests/test_calculations.py::TestSoutheastUtilityCapacityEngine::test_cwf_lolp_proxy
    PASS  tests/test_calculations.py::TestSoutheastUtilityCapacityEngine::test_cwf_top_n_uniform_and_exceedance
    PASS  tests/test_calculations.py::TestSoutheastUtilityCapacityEngine::test_cwf_peaker_rent
    PASS  tests/test_calculations.py::TestSoutheastUtilityCapacityEngine::test_feeder_pcaf_weights
    PASS  tests/test_calculations.py::TestSoutheastUtilityCapacityEngine::test_avoided_costs_decoupled_td_weights
    PASS  tests/test_calculations.py::TestSoutheastUtilityCapacityEngine::test_new_visualization_functions
    PASS  tests/test_calculations.py::TestSoutheastUtilityCapacityEngine::test_cwf_temperature_exceedance_sums_and_shape
    PASS  tests/test_calculations.py::TestSoutheastUtilityCapacityEngine::test_cwf_temperature_exceedance_colder_gets_more_weight
    PASS  tests/test_calculations.py::TestSoutheastUtilityCapacityEngine::test_cwf_temperature_exceedance_seasonal_split_and_fallback
    PASS  tests/test_cambium_downloader.py::TestCambiumDownloaderConfig::test_southeast_states_covered
    PASS  tests/test_cambium_downloader.py::TestCambiumDownloaderConfig::test_scenario_package_map_structure
    PASS  tests/test_cambium_downloader.py::TestRemoteZipReader::test_seek_and_tell
    PASS  tests/test_cambium_downloader.py::TestRemoteZipReader::test_invalid_whence
    PASS  tests/test_cambium_downloader.py::TestRemoteZipReader::test_read_boundary
    PASS  tests/test_cambium_downloader.py::TestMissingDataDetection::test_empty_directory_flags_all
    PASS  tests/test_cambium_downloader.py::TestMissingDataDetection::test_detected_file_reduces_missing
    PASS  tests/test_cambium_downloader.py::TestMissingDataDetection::test_pd_read_first_rows

======================================================================
  Test Run: 2026-09-25 09:17:23  |  Result: ALL PASSED
  110 tests: 110 passed, 0 failed
======================================================================
    PASS  tests/test_calculations.py::TestCalculateAvoidedCosts::test_output_columns_exist
    PASS  tests/test_calculations.py::TestCalculateAvoidedCosts::test_output_length_8760
    PASS  tests/test_calculations.py::TestCalculateAvoidedCosts::test_gen_capacity_formula
    PASS  tests/test_calculations.py::TestCalculateAvoidedCosts::test_transmission_uses_pcaf
    PASS  tests/test_calculations.py::TestCalculateAvoidedCosts::test_emissions_formula
    PASS  tests/test_calculations.py::TestCalculateAvoidedCosts::test_total_is_sum_of_components
    PASS  tests/test_calculations.py::TestCalculateAvoidedCosts::test_zero_scalars_only_energy
    PASS  tests/test_calculations.py::TestCalculateUrdbBill::test_flat_rate_constant_load
    PASS  tests/test_calculations.py::TestCalculateUrdbBill::test_flat_rate_monthly_proportionality
    PASS  tests/test_calculations.py::TestCalculateUrdbBill::test_zero_load_only_fixed
    PASS  tests/test_calculations.py::TestCalculateUrdbBill::test_demand_charge
    PASS  tests/test_calculations.py::TestCalculateUrdbBill::test_gp_r31_seasonal_tiers
    PASS  tests/test_calculations.py::TestCalculateUrdbBill::test_bill_increases_with_load
    PASS  tests/test_calculations.py::TestGetHourlyEnergyRate::test_flat_rate_constant_everywhere
    PASS  tests/test_calculations.py::TestGetHourlyEnergyRate::test_gp_r31_seasonal_rate_changes
    PASS  tests/test_calculations.py::TestGetHourlyEnergyRate::test_no_energy_structure_returns_zeros
    PASS  tests/test_calculations.py::TestNPVDiscounting::test_discount_factors_sum
    PASS  tests/test_calculations.py::TestNPVDiscounting::test_zero_discount_rate
    PASS  tests/test_calculations.py::TestNPVDiscounting::test_npv_known_answer
    PASS  tests/test_calculations.py::TestNPVDiscounting::test_rim_ratio_calculation
    PASS  tests/test_calculations.py::TestNPVDiscounting::test_rim_zero_lost_revenue
    PASS  tests/test_calculations.py::TestCapacityMetrics::test_epc_uniform_cwft
    PASS  tests/test_calculations.py::TestCapacityMetrics::test_epc_peaked_cwft_higher_for_peaky_load
    PASS  tests/test_calculations.py::TestCapacityMetrics::test_epc_reduction
    PASS  tests/test_calculations.py::TestCapacityMetrics::test_elcc_proxy_formula
    PASS  tests/test_calculations.py::TestCapacityMetrics::test_elcc_proxy_peaky_load
    PASS  tests/test_calculations.py::TestCapacityMetrics::test_cwft_sums_to_one
    PASS  tests/test_calculations.py::TestFindPeakWeek::test_finds_true_spike_outside_fixed_window
    PASS  tests/test_calculations.py::TestFindPeakWeek::test_window_stays_within_month_filter
    PASS  tests/test_calculations.py::TestFindPeakWeek::test_min_mode_finds_lowest_stress_window
    PASS  tests/test_calculations.py::TestFindPeakWeek::test_returns_none_when_no_window_fits
    PASS  tests/test_calculations.py::TestDispatchDrProgram::test_respects_hour_limit
    PASS  tests/test_calculations.py::TestDispatchDrProgram::test_respects_daily_limit
    PASS  tests/test_calculations.py::TestDispatchDrProgram::test_summer_only_season
    PASS  tests/test_calculations.py::TestDispatchDrProgram::test_reduction_capped_at_load
    PASS  tests/test_calculations.py::TestDispatchDrProgram::test_returns_correct_shapes
    PASS  tests/test_calculations.py::TestConfig::test_scenario_options_nonempty
    PASS  tests/test_calculations.py::TestConfig::test_scenario_descriptions_complete
    PASS  tests/test_calculations.py::TestConfig::test_planning_year_options
    PASS  tests/test_calculations.py::TestConfig::test_default_values_positive
    PASS  tests/test_calculations.py::TestConfig::test_grid_components_has_5
    PASS  tests/test_calculations.py::TestConfig::test_week_windows_valid
    PASS  tests/test_calculations.py::TestConfig::test_weather_sensitivity_function
    PASS  tests/test_calculations.py::TestConfig::test_custom_css_nonempty
    PASS  tests/test_calculations.py::TestConfig::test_financial_metric_card_html
    PASS  tests/test_calculations.py::TestVisualizations::test_weekly_overlay_returns_figure
    PASS  tests/test_calculations.py::TestVisualizations::test_weekly_load_and_temp_chart
    PASS  tests/test_calculations.py::TestVisualizations::test_weekly_grid_economics_chart
    PASS  tests/test_calculations.py::TestVisualizations::test_weekly_grid_economics_chart_signed_area_split
    PASS  tests/test_calculations.py::TestVisualizations::test_annual_avoided_cost_returns_figure
    PASS  tests/test_calculations.py::TestVisualizations::test_annual_avoided_cost_monthly_boxplot
    PASS  tests/test_calculations.py::TestVisualizations::test_annual_avoided_cost_boxplot_caps_yaxis_and_annotates_outliers
    PASS  tests/test_calculations.py::TestVisualizations::test_stacked_components_returns_figure
    PASS  tests/test_calculations.py::TestVisualizations::test_stacked_components_no_legend
    PASS  tests/test_calculations.py::TestVisualizations::test_winter_summer_comparison_shares_one_legend
    PASS  tests/test_calculations.py::TestVisualizations::test_winter_summer_comparison_y_range_caps_both_panels
    PASS  tests/test_calculations.py::TestVisualizations::test_cost_duration_chart_returns_figure
    PASS  tests/test_calculations.py::TestVisualizations::test_cost_duration_chart_change_matches_baseline_minus_proposed
    PASS  tests/test_calculations.py::TestVisualizations::test_cost_duration_chart_y_range_caps_row1_axis
    PASS  tests/test_calculations.py::TestVisualizations::test_cost_duration_chart_no_y_range_means_no_cap
    PASS  tests/test_calculations.py::TestVisualizations::test_hour_month_heatmap_returns_figure
    PASS  tests/test_calculations.py::TestVisualizations::test_hour_month_heatmap_colorbar_labels_good_and_bad
    PASS  tests/test_calculations.py::TestVisualizations::test_day_hour_heatmap_returns_figure
    PASS  tests/test_calculations.py::TestVisualizations::test_day_hour_heatmap_colorbar_labels_good_and_bad
    PASS  tests/test_calculations.py::TestVisualizations::test_cumulative_cost_chart_returns_figure
    PASS  tests/test_calculations.py::TestVisualizations::test_cumulative_cost_chart_is_the_proposed_minus_baseline_running_total
    PASS  tests/test_calculations.py::TestVisualizations::test_cumulative_cost_chart_shows_added_cost_when_proposed_is_more_expensive
    PASS  tests/test_calculations.py::TestVisualizations::test_lifetime_npv_returns_figure
    PASS  tests/test_calculations.py::TestVisualizations::test_lifetime_npv_lost_revenue_is_negative_and_cumulative_nets_out
    PASS  tests/test_calculations.py::TestVisualizations::test_lifetime_npv_customer_perspective_adds_year_zero_upfront_cost
    PASS  tests/test_calculations.py::TestVisualizations::test_lifetime_npv_utility_combines_recurring_cost_and_upfront_program_cost
    PASS  tests/test_calculations.py::TestVisualizations::test_lifetime_npv_chart_has_no_in_figure_title
    PASS  tests/test_calculations.py::TestVisualizations::test_lifetime_npv_colors_follow_sign_not_fixed_category
    PASS  tests/test_calculations.py::TestVisualizations::test_economic_balance_chart_returns_figure
    PASS  tests/test_calculations.py::TestVisualizations::test_two_sided_cost_effectiveness_chart_returns_figure
    PASS  tests/test_calculations.py::TestVisualizations::test_bubble_chart_handles_nan_load_defensively
    PASS  tests/test_calculations.py::TestIntegrationPipeline::test_grid_to_avoided_costs_column_contract
    PASS  tests/test_calculations.py::TestIntegrationPipeline::test_full_pipeline_grid_to_npv
    PASS  tests/test_calculations.py::TestIntegrationPipeline::test_dr_dispatch_feeds_into_billing
    PASS  tests/test_calculations.py::TestIntegrationPipeline::test_avoided_costs_feed_into_visualizations
    PASS  tests/test_calculations.py::TestIntegrationPipeline::test_config_defaults_work_with_calculations
    PASS  tests/test_calculations.py::TestLoadProfileIngestion::test_beopt_raw_file_parsing
    PASS  tests/test_calculations.py::TestLoadProfileIngestion::test_load_profiles_directory_scan
    PASS  tests/test_calculations.py::TestLoadProfileIngestion::test_excel_file_parsing
    PASS  tests/test_calculations.py::TestLoadProfileIngestion::test_missing_hour_is_interpolated_not_left_as_nan
    PASS  tests/test_calculations.py::TestLoadProfileIngestion::test_beopt_native_export_format_parsing
    PASS  tests/test_calculations.py::TestLoadProfileIngestion::test_beopt_battery_example_shows_charge_discharge_shift
    PASS  tests/test_calculations.py::TestCostEffectivenessTests::test_trc_and_pct_ratios
    PASS  tests/test_calculations.py::TestSoutheastUtilityCapacityEngine::test_regulated_fcr_bounds
    PASS  tests/test_calculations.py::TestSoutheastUtilityCapacityEngine::test_regulated_fcr_zero_tax
    PASS  tests/test_calculations.py::TestSoutheastUtilityCapacityEngine::test_ct_carrying_cost_gross_and_net
    PASS  tests/test_calculations.py::TestSoutheastUtilityCapacityEngine::test_southeast_dual_peak_cwf_sums_and_shape
    PASS  tests/test_calculations.py::TestSoutheastUtilityCapacityEngine::test_southeast_dual_peak_cwf_exceedance_with_load
    PASS  tests/test_calculations.py::TestSoutheastUtilityCapacityEngine::test_cwf_lolp_proxy
    PASS  tests/test_calculations.py::TestSoutheastUtilityCapacityEngine::test_cwf_top_n_uniform_and_exceedance
    PASS  tests/test_calculations.py::TestSoutheastUtilityCapacityEngine::test_cwf_peaker_rent
    PASS  tests/test_calculations.py::TestSoutheastUtilityCapacityEngine::test_feeder_pcaf_weights
    PASS  tests/test_calculations.py::TestSoutheastUtilityCapacityEngine::test_avoided_costs_decoupled_td_weights
    PASS  tests/test_calculations.py::TestSoutheastUtilityCapacityEngine::test_new_visualization_functions
    PASS  tests/test_calculations.py::TestSoutheastUtilityCapacityEngine::test_cwf_temperature_exceedance_sums_and_shape
    PASS  tests/test_calculations.py::TestSoutheastUtilityCapacityEngine::test_cwf_temperature_exceedance_colder_gets_more_weight
    PASS  tests/test_calculations.py::TestSoutheastUtilityCapacityEngine::test_cwf_temperature_exceedance_seasonal_split_and_fallback
    PASS  tests/test_cambium_downloader.py::TestCambiumDownloaderConfig::test_southeast_states_covered
    PASS  tests/test_cambium_downloader.py::TestCambiumDownloaderConfig::test_scenario_package_map_structure
    PASS  tests/test_cambium_downloader.py::TestRemoteZipReader::test_seek_and_tell
    PASS  tests/test_cambium_downloader.py::TestRemoteZipReader::test_invalid_whence
    PASS  tests/test_cambium_downloader.py::TestRemoteZipReader::test_read_boundary
    PASS  tests/test_cambium_downloader.py::TestMissingDataDetection::test_empty_directory_flags_all
    PASS  tests/test_cambium_downloader.py::TestMissingDataDetection::test_detected_file_reduces_missing
    PASS  tests/test_cambium_downloader.py::TestMissingDataDetection::test_pd_read_first_rows

======================================================================
  Test Run: 2026-09-25 09:14:35  |  Result: ALL PASSED
  109 tests: 109 passed, 0 failed
======================================================================
    PASS  tests/test_calculations.py::TestCalculateAvoidedCosts::test_output_columns_exist
    PASS  tests/test_calculations.py::TestCalculateAvoidedCosts::test_output_length_8760
    PASS  tests/test_calculations.py::TestCalculateAvoidedCosts::test_gen_capacity_formula
    PASS  tests/test_calculations.py::TestCalculateAvoidedCosts::test_transmission_uses_pcaf
    PASS  tests/test_calculations.py::TestCalculateAvoidedCosts::test_emissions_formula
    PASS  tests/test_calculations.py::TestCalculateAvoidedCosts::test_total_is_sum_of_components
    PASS  tests/test_calculations.py::TestCalculateAvoidedCosts::test_zero_scalars_only_energy
    PASS  tests/test_calculations.py::TestCalculateUrdbBill::test_flat_rate_constant_load
    PASS  tests/test_calculations.py::TestCalculateUrdbBill::test_flat_rate_monthly_proportionality
    PASS  tests/test_calculations.py::TestCalculateUrdbBill::test_zero_load_only_fixed
    PASS  tests/test_calculations.py::TestCalculateUrdbBill::test_demand_charge
    PASS  tests/test_calculations.py::TestCalculateUrdbBill::test_gp_r31_seasonal_tiers
    PASS  tests/test_calculations.py::TestCalculateUrdbBill::test_bill_increases_with_load
    PASS  tests/test_calculations.py::TestGetHourlyEnergyRate::test_flat_rate_constant_everywhere
    PASS  tests/test_calculations.py::TestGetHourlyEnergyRate::test_gp_r31_seasonal_rate_changes
    PASS  tests/test_calculations.py::TestGetHourlyEnergyRate::test_no_energy_structure_returns_zeros
    PASS  tests/test_calculations.py::TestNPVDiscounting::test_discount_factors_sum
    PASS  tests/test_calculations.py::TestNPVDiscounting::test_zero_discount_rate
    PASS  tests/test_calculations.py::TestNPVDiscounting::test_npv_known_answer
    PASS  tests/test_calculations.py::TestNPVDiscounting::test_rim_ratio_calculation
    PASS  tests/test_calculations.py::TestNPVDiscounting::test_rim_zero_lost_revenue
    PASS  tests/test_calculations.py::TestCapacityMetrics::test_epc_uniform_cwft
    PASS  tests/test_calculations.py::TestCapacityMetrics::test_epc_peaked_cwft_higher_for_peaky_load
    PASS  tests/test_calculations.py::TestCapacityMetrics::test_epc_reduction
    PASS  tests/test_calculations.py::TestCapacityMetrics::test_elcc_proxy_formula
    PASS  tests/test_calculations.py::TestCapacityMetrics::test_elcc_proxy_peaky_load
    PASS  tests/test_calculations.py::TestCapacityMetrics::test_cwft_sums_to_one
    PASS  tests/test_calculations.py::TestFindPeakWeek::test_finds_true_spike_outside_fixed_window
    PASS  tests/test_calculations.py::TestFindPeakWeek::test_window_stays_within_month_filter
    PASS  tests/test_calculations.py::TestFindPeakWeek::test_min_mode_finds_lowest_stress_window
    PASS  tests/test_calculations.py::TestFindPeakWeek::test_returns_none_when_no_window_fits
    PASS  tests/test_calculations.py::TestDispatchDrProgram::test_respects_hour_limit
    PASS  tests/test_calculations.py::TestDispatchDrProgram::test_respects_daily_limit
    PASS  tests/test_calculations.py::TestDispatchDrProgram::test_summer_only_season
    PASS  tests/test_calculations.py::TestDispatchDrProgram::test_reduction_capped_at_load
    PASS  tests/test_calculations.py::TestDispatchDrProgram::test_returns_correct_shapes
    PASS  tests/test_calculations.py::TestConfig::test_scenario_options_nonempty
    PASS  tests/test_calculations.py::TestConfig::test_scenario_descriptions_complete
    PASS  tests/test_calculations.py::TestConfig::test_planning_year_options
    PASS  tests/test_calculations.py::TestConfig::test_default_values_positive
    PASS  tests/test_calculations.py::TestConfig::test_grid_components_has_5
    PASS  tests/test_calculations.py::TestConfig::test_week_windows_valid
    PASS  tests/test_calculations.py::TestConfig::test_weather_sensitivity_function
    PASS  tests/test_calculations.py::TestConfig::test_custom_css_nonempty
    PASS  tests/test_calculations.py::TestConfig::test_financial_metric_card_html
    PASS  tests/test_calculations.py::TestVisualizations::test_weekly_overlay_returns_figure
    PASS  tests/test_calculations.py::TestVisualizations::test_weekly_load_and_temp_chart
    PASS  tests/test_calculations.py::TestVisualizations::test_weekly_grid_economics_chart
    PASS  tests/test_calculations.py::TestVisualizations::test_weekly_grid_economics_chart_signed_area_split
    PASS  tests/test_calculations.py::TestVisualizations::test_annual_avoided_cost_returns_figure
    PASS  tests/test_calculations.py::TestVisualizations::test_annual_avoided_cost_monthly_boxplot
    PASS  tests/test_calculations.py::TestVisualizations::test_annual_avoided_cost_boxplot_caps_yaxis_and_annotates_outliers
    PASS  tests/test_calculations.py::TestVisualizations::test_stacked_components_returns_figure
    PASS  tests/test_calculations.py::TestVisualizations::test_stacked_components_no_legend
    PASS  tests/test_calculations.py::TestVisualizations::test_winter_summer_comparison_shares_one_legend
    PASS  tests/test_calculations.py::TestVisualizations::test_winter_summer_comparison_y_range_caps_both_panels
    PASS  tests/test_calculations.py::TestVisualizations::test_cost_duration_chart_returns_figure
    PASS  tests/test_calculations.py::TestVisualizations::test_cost_duration_chart_change_matches_baseline_minus_proposed
    PASS  tests/test_calculations.py::TestVisualizations::test_cost_duration_chart_y_range_caps_row1_axis
    PASS  tests/test_calculations.py::TestVisualizations::test_cost_duration_chart_no_y_range_means_no_cap
    PASS  tests/test_calculations.py::TestVisualizations::test_hour_month_heatmap_returns_figure
    PASS  tests/test_calculations.py::TestVisualizations::test_hour_month_heatmap_colorbar_labels_good_and_bad
    PASS  tests/test_calculations.py::TestVisualizations::test_day_hour_heatmap_returns_figure
    PASS  tests/test_calculations.py::TestVisualizations::test_day_hour_heatmap_colorbar_labels_good_and_bad
    PASS  tests/test_calculations.py::TestVisualizations::test_cumulative_cost_chart_returns_figure
    PASS  tests/test_calculations.py::TestVisualizations::test_cumulative_cost_chart_is_a_running_total
    PASS  tests/test_calculations.py::TestVisualizations::test_lifetime_npv_returns_figure
    PASS  tests/test_calculations.py::TestVisualizations::test_lifetime_npv_lost_revenue_is_negative_and_cumulative_nets_out
    PASS  tests/test_calculations.py::TestVisualizations::test_lifetime_npv_customer_perspective_adds_year_zero_upfront_cost
    PASS  tests/test_calculations.py::TestVisualizations::test_lifetime_npv_utility_combines_recurring_cost_and_upfront_program_cost
    PASS  tests/test_calculations.py::TestVisualizations::test_lifetime_npv_chart_has_no_in_figure_title
    PASS  tests/test_calculations.py::TestVisualizations::test_lifetime_npv_colors_follow_sign_not_fixed_category
    PASS  tests/test_calculations.py::TestVisualizations::test_economic_balance_chart_returns_figure
    PASS  tests/test_calculations.py::TestVisualizations::test_two_sided_cost_effectiveness_chart_returns_figure
    PASS  tests/test_calculations.py::TestVisualizations::test_bubble_chart_handles_nan_load_defensively
    PASS  tests/test_calculations.py::TestIntegrationPipeline::test_grid_to_avoided_costs_column_contract
    PASS  tests/test_calculations.py::TestIntegrationPipeline::test_full_pipeline_grid_to_npv
    PASS  tests/test_calculations.py::TestIntegrationPipeline::test_dr_dispatch_feeds_into_billing
    PASS  tests/test_calculations.py::TestIntegrationPipeline::test_avoided_costs_feed_into_visualizations
    PASS  tests/test_calculations.py::TestIntegrationPipeline::test_config_defaults_work_with_calculations
    PASS  tests/test_calculations.py::TestLoadProfileIngestion::test_beopt_raw_file_parsing
    PASS  tests/test_calculations.py::TestLoadProfileIngestion::test_load_profiles_directory_scan
    PASS  tests/test_calculations.py::TestLoadProfileIngestion::test_excel_file_parsing
    PASS  tests/test_calculations.py::TestLoadProfileIngestion::test_missing_hour_is_interpolated_not_left_as_nan
    PASS  tests/test_calculations.py::TestLoadProfileIngestion::test_beopt_native_export_format_parsing
    PASS  tests/test_calculations.py::TestLoadProfileIngestion::test_beopt_battery_example_shows_charge_discharge_shift
    PASS  tests/test_calculations.py::TestCostEffectivenessTests::test_trc_and_pct_ratios
    PASS  tests/test_calculations.py::TestSoutheastUtilityCapacityEngine::test_regulated_fcr_bounds
    PASS  tests/test_calculations.py::TestSoutheastUtilityCapacityEngine::test_regulated_fcr_zero_tax
    PASS  tests/test_calculations.py::TestSoutheastUtilityCapacityEngine::test_ct_carrying_cost_gross_and_net
    PASS  tests/test_calculations.py::TestSoutheastUtilityCapacityEngine::test_southeast_dual_peak_cwf_sums_and_shape
    PASS  tests/test_calculations.py::TestSoutheastUtilityCapacityEngine::test_southeast_dual_peak_cwf_exceedance_with_load
    PASS  tests/test_calculations.py::TestSoutheastUtilityCapacityEngine::test_cwf_lolp_proxy
    PASS  tests/test_calculations.py::TestSoutheastUtilityCapacityEngine::test_cwf_top_n_uniform_and_exceedance
    PASS  tests/test_calculations.py::TestSoutheastUtilityCapacityEngine::test_cwf_peaker_rent
    PASS  tests/test_calculations.py::TestSoutheastUtilityCapacityEngine::test_feeder_pcaf_weights
    PASS  tests/test_calculations.py::TestSoutheastUtilityCapacityEngine::test_avoided_costs_decoupled_td_weights
    PASS  tests/test_calculations.py::TestSoutheastUtilityCapacityEngine::test_new_visualization_functions
    PASS  tests/test_calculations.py::TestSoutheastUtilityCapacityEngine::test_cwf_temperature_exceedance_sums_and_shape
    PASS  tests/test_calculations.py::TestSoutheastUtilityCapacityEngine::test_cwf_temperature_exceedance_colder_gets_more_weight
    PASS  tests/test_calculations.py::TestSoutheastUtilityCapacityEngine::test_cwf_temperature_exceedance_seasonal_split_and_fallback
    PASS  tests/test_cambium_downloader.py::TestCambiumDownloaderConfig::test_southeast_states_covered
    PASS  tests/test_cambium_downloader.py::TestCambiumDownloaderConfig::test_scenario_package_map_structure
    PASS  tests/test_cambium_downloader.py::TestRemoteZipReader::test_seek_and_tell
    PASS  tests/test_cambium_downloader.py::TestRemoteZipReader::test_invalid_whence
    PASS  tests/test_cambium_downloader.py::TestRemoteZipReader::test_read_boundary
    PASS  tests/test_cambium_downloader.py::TestMissingDataDetection::test_empty_directory_flags_all
    PASS  tests/test_cambium_downloader.py::TestMissingDataDetection::test_detected_file_reduces_missing
    PASS  tests/test_cambium_downloader.py::TestMissingDataDetection::test_pd_read_first_rows

======================================================================
  Test Run: 2026-09-24 17:29:15  |  Result: ALL PASSED
  107 tests: 107 passed, 0 failed
======================================================================
    PASS  tests/test_calculations.py::TestCalculateAvoidedCosts::test_output_columns_exist
    PASS  tests/test_calculations.py::TestCalculateAvoidedCosts::test_output_length_8760
    PASS  tests/test_calculations.py::TestCalculateAvoidedCosts::test_gen_capacity_formula
    PASS  tests/test_calculations.py::TestCalculateAvoidedCosts::test_transmission_uses_pcaf
    PASS  tests/test_calculations.py::TestCalculateAvoidedCosts::test_emissions_formula
    PASS  tests/test_calculations.py::TestCalculateAvoidedCosts::test_total_is_sum_of_components
    PASS  tests/test_calculations.py::TestCalculateAvoidedCosts::test_zero_scalars_only_energy
    PASS  tests/test_calculations.py::TestCalculateUrdbBill::test_flat_rate_constant_load
    PASS  tests/test_calculations.py::TestCalculateUrdbBill::test_flat_rate_monthly_proportionality
    PASS  tests/test_calculations.py::TestCalculateUrdbBill::test_zero_load_only_fixed
    PASS  tests/test_calculations.py::TestCalculateUrdbBill::test_demand_charge
    PASS  tests/test_calculations.py::TestCalculateUrdbBill::test_gp_r31_seasonal_tiers
    PASS  tests/test_calculations.py::TestCalculateUrdbBill::test_bill_increases_with_load
    PASS  tests/test_calculations.py::TestGetHourlyEnergyRate::test_flat_rate_constant_everywhere
    PASS  tests/test_calculations.py::TestGetHourlyEnergyRate::test_gp_r31_seasonal_rate_changes
    PASS  tests/test_calculations.py::TestGetHourlyEnergyRate::test_no_energy_structure_returns_zeros
    PASS  tests/test_calculations.py::TestNPVDiscounting::test_discount_factors_sum
    PASS  tests/test_calculations.py::TestNPVDiscounting::test_zero_discount_rate
    PASS  tests/test_calculations.py::TestNPVDiscounting::test_npv_known_answer
    PASS  tests/test_calculations.py::TestNPVDiscounting::test_rim_ratio_calculation
    PASS  tests/test_calculations.py::TestNPVDiscounting::test_rim_zero_lost_revenue
    PASS  tests/test_calculations.py::TestCapacityMetrics::test_epc_uniform_cwft
    PASS  tests/test_calculations.py::TestCapacityMetrics::test_epc_peaked_cwft_higher_for_peaky_load
    PASS  tests/test_calculations.py::TestCapacityMetrics::test_epc_reduction
    PASS  tests/test_calculations.py::TestCapacityMetrics::test_elcc_proxy_formula
    PASS  tests/test_calculations.py::TestCapacityMetrics::test_elcc_proxy_peaky_load
    PASS  tests/test_calculations.py::TestCapacityMetrics::test_cwft_sums_to_one
    PASS  tests/test_calculations.py::TestFindPeakWeek::test_finds_true_spike_outside_fixed_window
    PASS  tests/test_calculations.py::TestFindPeakWeek::test_window_stays_within_month_filter
    PASS  tests/test_calculations.py::TestFindPeakWeek::test_min_mode_finds_lowest_stress_window
    PASS  tests/test_calculations.py::TestFindPeakWeek::test_returns_none_when_no_window_fits
    PASS  tests/test_calculations.py::TestDispatchDrProgram::test_respects_hour_limit
    PASS  tests/test_calculations.py::TestDispatchDrProgram::test_respects_daily_limit
    PASS  tests/test_calculations.py::TestDispatchDrProgram::test_summer_only_season
    PASS  tests/test_calculations.py::TestDispatchDrProgram::test_reduction_capped_at_load
    PASS  tests/test_calculations.py::TestDispatchDrProgram::test_returns_correct_shapes
    PASS  tests/test_calculations.py::TestConfig::test_scenario_options_nonempty
    PASS  tests/test_calculations.py::TestConfig::test_scenario_descriptions_complete
    PASS  tests/test_calculations.py::TestConfig::test_planning_year_options
    PASS  tests/test_calculations.py::TestConfig::test_default_values_positive
    PASS  tests/test_calculations.py::TestConfig::test_grid_components_has_5
    PASS  tests/test_calculations.py::TestConfig::test_week_windows_valid
    PASS  tests/test_calculations.py::TestConfig::test_weather_sensitivity_function
    PASS  tests/test_calculations.py::TestConfig::test_custom_css_nonempty
    PASS  tests/test_calculations.py::TestConfig::test_financial_metric_card_html
    PASS  tests/test_calculations.py::TestVisualizations::test_weekly_overlay_returns_figure
    PASS  tests/test_calculations.py::TestVisualizations::test_weekly_load_and_temp_chart
    PASS  tests/test_calculations.py::TestVisualizations::test_weekly_grid_economics_chart
    PASS  tests/test_calculations.py::TestVisualizations::test_weekly_grid_economics_chart_signed_area_split
    PASS  tests/test_calculations.py::TestVisualizations::test_annual_avoided_cost_returns_figure
    PASS  tests/test_calculations.py::TestVisualizations::test_annual_avoided_cost_monthly_boxplot
    PASS  tests/test_calculations.py::TestVisualizations::test_annual_avoided_cost_boxplot_caps_yaxis_and_annotates_outliers
    PASS  tests/test_calculations.py::TestVisualizations::test_stacked_components_returns_figure
    PASS  tests/test_calculations.py::TestVisualizations::test_stacked_components_no_legend
    PASS  tests/test_calculations.py::TestVisualizations::test_winter_summer_comparison_shares_one_legend
    PASS  tests/test_calculations.py::TestVisualizations::test_winter_summer_comparison_y_range_caps_both_panels
    PASS  tests/test_calculations.py::TestVisualizations::test_cost_duration_chart_returns_figure
    PASS  tests/test_calculations.py::TestVisualizations::test_cost_duration_chart_change_matches_baseline_minus_proposed
    PASS  tests/test_calculations.py::TestVisualizations::test_cost_duration_chart_y_range_caps_row1_axis
    PASS  tests/test_calculations.py::TestVisualizations::test_cost_duration_chart_no_y_range_means_no_cap
    PASS  tests/test_calculations.py::TestVisualizations::test_hour_month_heatmap_returns_figure
    PASS  tests/test_calculations.py::TestVisualizations::test_hour_month_heatmap_colorbar_labels_good_and_bad
    PASS  tests/test_calculations.py::TestVisualizations::test_day_hour_heatmap_returns_figure
    PASS  tests/test_calculations.py::TestVisualizations::test_day_hour_heatmap_colorbar_labels_good_and_bad
    PASS  tests/test_calculations.py::TestVisualizations::test_lifetime_npv_returns_figure
    PASS  tests/test_calculations.py::TestVisualizations::test_lifetime_npv_lost_revenue_is_negative_and_cumulative_nets_out
    PASS  tests/test_calculations.py::TestVisualizations::test_lifetime_npv_customer_perspective_adds_year_zero_upfront_cost
    PASS  tests/test_calculations.py::TestVisualizations::test_lifetime_npv_utility_combines_recurring_cost_and_upfront_program_cost
    PASS  tests/test_calculations.py::TestVisualizations::test_lifetime_npv_chart_has_no_in_figure_title
    PASS  tests/test_calculations.py::TestVisualizations::test_lifetime_npv_colors_follow_sign_not_fixed_category
    PASS  tests/test_calculations.py::TestVisualizations::test_economic_balance_chart_returns_figure
    PASS  tests/test_calculations.py::TestVisualizations::test_two_sided_cost_effectiveness_chart_returns_figure
    PASS  tests/test_calculations.py::TestVisualizations::test_bubble_chart_handles_nan_load_defensively
    PASS  tests/test_calculations.py::TestIntegrationPipeline::test_grid_to_avoided_costs_column_contract
    PASS  tests/test_calculations.py::TestIntegrationPipeline::test_full_pipeline_grid_to_npv
    PASS  tests/test_calculations.py::TestIntegrationPipeline::test_dr_dispatch_feeds_into_billing
    PASS  tests/test_calculations.py::TestIntegrationPipeline::test_avoided_costs_feed_into_visualizations
    PASS  tests/test_calculations.py::TestIntegrationPipeline::test_config_defaults_work_with_calculations
    PASS  tests/test_calculations.py::TestLoadProfileIngestion::test_beopt_raw_file_parsing
    PASS  tests/test_calculations.py::TestLoadProfileIngestion::test_load_profiles_directory_scan
    PASS  tests/test_calculations.py::TestLoadProfileIngestion::test_excel_file_parsing
    PASS  tests/test_calculations.py::TestLoadProfileIngestion::test_missing_hour_is_interpolated_not_left_as_nan
    PASS  tests/test_calculations.py::TestLoadProfileIngestion::test_beopt_native_export_format_parsing
    PASS  tests/test_calculations.py::TestLoadProfileIngestion::test_beopt_battery_example_shows_charge_discharge_shift
    PASS  tests/test_calculations.py::TestCostEffectivenessTests::test_trc_and_pct_ratios
    PASS  tests/test_calculations.py::TestSoutheastUtilityCapacityEngine::test_regulated_fcr_bounds
    PASS  tests/test_calculations.py::TestSoutheastUtilityCapacityEngine::test_regulated_fcr_zero_tax
    PASS  tests/test_calculations.py::TestSoutheastUtilityCapacityEngine::test_ct_carrying_cost_gross_and_net
    PASS  tests/test_calculations.py::TestSoutheastUtilityCapacityEngine::test_southeast_dual_peak_cwf_sums_and_shape
    PASS  tests/test_calculations.py::TestSoutheastUtilityCapacityEngine::test_southeast_dual_peak_cwf_exceedance_with_load
    PASS  tests/test_calculations.py::TestSoutheastUtilityCapacityEngine::test_cwf_lolp_proxy
    PASS  tests/test_calculations.py::TestSoutheastUtilityCapacityEngine::test_cwf_top_n_uniform_and_exceedance
    PASS  tests/test_calculations.py::TestSoutheastUtilityCapacityEngine::test_cwf_peaker_rent
    PASS  tests/test_calculations.py::TestSoutheastUtilityCapacityEngine::test_feeder_pcaf_weights
    PASS  tests/test_calculations.py::TestSoutheastUtilityCapacityEngine::test_avoided_costs_decoupled_td_weights
    PASS  tests/test_calculations.py::TestSoutheastUtilityCapacityEngine::test_new_visualization_functions
    PASS  tests/test_calculations.py::TestSoutheastUtilityCapacityEngine::test_cwf_temperature_exceedance_sums_and_shape
    PASS  tests/test_calculations.py::TestSoutheastUtilityCapacityEngine::test_cwf_temperature_exceedance_colder_gets_more_weight
    PASS  tests/test_calculations.py::TestSoutheastUtilityCapacityEngine::test_cwf_temperature_exceedance_seasonal_split_and_fallback
    PASS  tests/test_cambium_downloader.py::TestCambiumDownloaderConfig::test_southeast_states_covered
    PASS  tests/test_cambium_downloader.py::TestCambiumDownloaderConfig::test_scenario_package_map_structure
    PASS  tests/test_cambium_downloader.py::TestRemoteZipReader::test_seek_and_tell
    PASS  tests/test_cambium_downloader.py::TestRemoteZipReader::test_invalid_whence
    PASS  tests/test_cambium_downloader.py::TestRemoteZipReader::test_read_boundary
    PASS  tests/test_cambium_downloader.py::TestMissingDataDetection::test_empty_directory_flags_all
    PASS  tests/test_cambium_downloader.py::TestMissingDataDetection::test_detected_file_reduces_missing
    PASS  tests/test_cambium_downloader.py::TestMissingDataDetection::test_pd_read_first_rows

======================================================================
  Test Run: 2026-09-24 17:29:04  |  Result: ALL PASSED
  6 tests: 6 passed, 0 failed
======================================================================
    PASS  tests/test_calculations.py::TestVisualizations::test_lifetime_npv_returns_figure
    PASS  tests/test_calculations.py::TestVisualizations::test_lifetime_npv_lost_revenue_is_negative_and_cumulative_nets_out
    PASS  tests/test_calculations.py::TestVisualizations::test_lifetime_npv_customer_perspective_adds_year_zero_upfront_cost
    PASS  tests/test_calculations.py::TestVisualizations::test_lifetime_npv_utility_combines_recurring_cost_and_upfront_program_cost
    PASS  tests/test_calculations.py::TestVisualizations::test_lifetime_npv_chart_has_no_in_figure_title
    PASS  tests/test_calculations.py::TestVisualizations::test_lifetime_npv_colors_follow_sign_not_fixed_category

======================================================================
  Test Run: 2026-09-24 17:28:13  |  Result: FAILURES
  5 tests: 3 passed, 2 failed
======================================================================
    PASS  tests/test_calculations.py::TestVisualizations::test_lifetime_npv_returns_figure
    PASS  tests/test_calculations.py::TestVisualizations::test_lifetime_npv_lost_revenue_is_negative_and_cumulative_nets_out
    FAIL  tests/test_calculations.py::TestVisualizations::test_lifetime_npv_customer_perspective_adds_year_zero_upfront_cost
    FAIL  tests/test_calculations.py::TestVisualizations::test_lifetime_npv_utility_combines_recurring_cost_and_upfront_program_cost
    PASS  tests/test_calculations.py::TestVisualizations::test_lifetime_npv_chart_has_no_in_figure_title

======================================================================
  Test Run: 2026-09-24 17:21:31  |  Result: ALL PASSED
  106 tests: 106 passed, 0 failed
======================================================================
    PASS  tests/test_calculations.py::TestCalculateAvoidedCosts::test_output_columns_exist
    PASS  tests/test_calculations.py::TestCalculateAvoidedCosts::test_output_length_8760
    PASS  tests/test_calculations.py::TestCalculateAvoidedCosts::test_gen_capacity_formula
    PASS  tests/test_calculations.py::TestCalculateAvoidedCosts::test_transmission_uses_pcaf
    PASS  tests/test_calculations.py::TestCalculateAvoidedCosts::test_emissions_formula
    PASS  tests/test_calculations.py::TestCalculateAvoidedCosts::test_total_is_sum_of_components
    PASS  tests/test_calculations.py::TestCalculateAvoidedCosts::test_zero_scalars_only_energy
    PASS  tests/test_calculations.py::TestCalculateUrdbBill::test_flat_rate_constant_load
    PASS  tests/test_calculations.py::TestCalculateUrdbBill::test_flat_rate_monthly_proportionality
    PASS  tests/test_calculations.py::TestCalculateUrdbBill::test_zero_load_only_fixed
    PASS  tests/test_calculations.py::TestCalculateUrdbBill::test_demand_charge
    PASS  tests/test_calculations.py::TestCalculateUrdbBill::test_gp_r31_seasonal_tiers
    PASS  tests/test_calculations.py::TestCalculateUrdbBill::test_bill_increases_with_load
    PASS  tests/test_calculations.py::TestGetHourlyEnergyRate::test_flat_rate_constant_everywhere
    PASS  tests/test_calculations.py::TestGetHourlyEnergyRate::test_gp_r31_seasonal_rate_changes
    PASS  tests/test_calculations.py::TestGetHourlyEnergyRate::test_no_energy_structure_returns_zeros
    PASS  tests/test_calculations.py::TestNPVDiscounting::test_discount_factors_sum
    PASS  tests/test_calculations.py::TestNPVDiscounting::test_zero_discount_rate
    PASS  tests/test_calculations.py::TestNPVDiscounting::test_npv_known_answer
    PASS  tests/test_calculations.py::TestNPVDiscounting::test_rim_ratio_calculation
    PASS  tests/test_calculations.py::TestNPVDiscounting::test_rim_zero_lost_revenue
    PASS  tests/test_calculations.py::TestCapacityMetrics::test_epc_uniform_cwft
    PASS  tests/test_calculations.py::TestCapacityMetrics::test_epc_peaked_cwft_higher_for_peaky_load
    PASS  tests/test_calculations.py::TestCapacityMetrics::test_epc_reduction
    PASS  tests/test_calculations.py::TestCapacityMetrics::test_elcc_proxy_formula
    PASS  tests/test_calculations.py::TestCapacityMetrics::test_elcc_proxy_peaky_load
    PASS  tests/test_calculations.py::TestCapacityMetrics::test_cwft_sums_to_one
    PASS  tests/test_calculations.py::TestFindPeakWeek::test_finds_true_spike_outside_fixed_window
    PASS  tests/test_calculations.py::TestFindPeakWeek::test_window_stays_within_month_filter
    PASS  tests/test_calculations.py::TestFindPeakWeek::test_min_mode_finds_lowest_stress_window
    PASS  tests/test_calculations.py::TestFindPeakWeek::test_returns_none_when_no_window_fits
    PASS  tests/test_calculations.py::TestDispatchDrProgram::test_respects_hour_limit
    PASS  tests/test_calculations.py::TestDispatchDrProgram::test_respects_daily_limit
    PASS  tests/test_calculations.py::TestDispatchDrProgram::test_summer_only_season
    PASS  tests/test_calculations.py::TestDispatchDrProgram::test_reduction_capped_at_load
    PASS  tests/test_calculations.py::TestDispatchDrProgram::test_returns_correct_shapes
    PASS  tests/test_calculations.py::TestConfig::test_scenario_options_nonempty
    PASS  tests/test_calculations.py::TestConfig::test_scenario_descriptions_complete
    PASS  tests/test_calculations.py::TestConfig::test_planning_year_options
    PASS  tests/test_calculations.py::TestConfig::test_default_values_positive
    PASS  tests/test_calculations.py::TestConfig::test_grid_components_has_5
    PASS  tests/test_calculations.py::TestConfig::test_week_windows_valid
    PASS  tests/test_calculations.py::TestConfig::test_weather_sensitivity_function
    PASS  tests/test_calculations.py::TestConfig::test_custom_css_nonempty
    PASS  tests/test_calculations.py::TestConfig::test_financial_metric_card_html
    PASS  tests/test_calculations.py::TestVisualizations::test_weekly_overlay_returns_figure
    PASS  tests/test_calculations.py::TestVisualizations::test_weekly_load_and_temp_chart
    PASS  tests/test_calculations.py::TestVisualizations::test_weekly_grid_economics_chart
    PASS  tests/test_calculations.py::TestVisualizations::test_weekly_grid_economics_chart_signed_area_split
    PASS  tests/test_calculations.py::TestVisualizations::test_annual_avoided_cost_returns_figure
    PASS  tests/test_calculations.py::TestVisualizations::test_annual_avoided_cost_monthly_boxplot
    PASS  tests/test_calculations.py::TestVisualizations::test_annual_avoided_cost_boxplot_caps_yaxis_and_annotates_outliers
    PASS  tests/test_calculations.py::TestVisualizations::test_stacked_components_returns_figure
    PASS  tests/test_calculations.py::TestVisualizations::test_stacked_components_no_legend
    PASS  tests/test_calculations.py::TestVisualizations::test_winter_summer_comparison_shares_one_legend
    PASS  tests/test_calculations.py::TestVisualizations::test_winter_summer_comparison_y_range_caps_both_panels
    PASS  tests/test_calculations.py::TestVisualizations::test_cost_duration_chart_returns_figure
    PASS  tests/test_calculations.py::TestVisualizations::test_cost_duration_chart_change_matches_baseline_minus_proposed
    PASS  tests/test_calculations.py::TestVisualizations::test_cost_duration_chart_y_range_caps_row1_axis
    PASS  tests/test_calculations.py::TestVisualizations::test_cost_duration_chart_no_y_range_means_no_cap
    PASS  tests/test_calculations.py::TestVisualizations::test_hour_month_heatmap_returns_figure
    PASS  tests/test_calculations.py::TestVisualizations::test_hour_month_heatmap_colorbar_labels_good_and_bad
    PASS  tests/test_calculations.py::TestVisualizations::test_day_hour_heatmap_returns_figure
    PASS  tests/test_calculations.py::TestVisualizations::test_day_hour_heatmap_colorbar_labels_good_and_bad
    PASS  tests/test_calculations.py::TestVisualizations::test_lifetime_npv_returns_figure
    PASS  tests/test_calculations.py::TestVisualizations::test_lifetime_npv_lost_revenue_is_negative_and_cumulative_nets_out
    PASS  tests/test_calculations.py::TestVisualizations::test_lifetime_npv_customer_perspective_adds_year_zero_upfront_cost
    PASS  tests/test_calculations.py::TestVisualizations::test_lifetime_npv_utility_combines_recurring_cost_and_upfront_program_cost
    PASS  tests/test_calculations.py::TestVisualizations::test_lifetime_npv_chart_has_no_in_figure_title
    PASS  tests/test_calculations.py::TestVisualizations::test_economic_balance_chart_returns_figure
    PASS  tests/test_calculations.py::TestVisualizations::test_two_sided_cost_effectiveness_chart_returns_figure
    PASS  tests/test_calculations.py::TestVisualizations::test_bubble_chart_handles_nan_load_defensively
    PASS  tests/test_calculations.py::TestIntegrationPipeline::test_grid_to_avoided_costs_column_contract
    PASS  tests/test_calculations.py::TestIntegrationPipeline::test_full_pipeline_grid_to_npv
    PASS  tests/test_calculations.py::TestIntegrationPipeline::test_dr_dispatch_feeds_into_billing
    PASS  tests/test_calculations.py::TestIntegrationPipeline::test_avoided_costs_feed_into_visualizations
    PASS  tests/test_calculations.py::TestIntegrationPipeline::test_config_defaults_work_with_calculations
    PASS  tests/test_calculations.py::TestLoadProfileIngestion::test_beopt_raw_file_parsing
    PASS  tests/test_calculations.py::TestLoadProfileIngestion::test_load_profiles_directory_scan
    PASS  tests/test_calculations.py::TestLoadProfileIngestion::test_excel_file_parsing
    PASS  tests/test_calculations.py::TestLoadProfileIngestion::test_missing_hour_is_interpolated_not_left_as_nan
    PASS  tests/test_calculations.py::TestLoadProfileIngestion::test_beopt_native_export_format_parsing
    PASS  tests/test_calculations.py::TestLoadProfileIngestion::test_beopt_battery_example_shows_charge_discharge_shift
    PASS  tests/test_calculations.py::TestCostEffectivenessTests::test_trc_and_pct_ratios
    PASS  tests/test_calculations.py::TestSoutheastUtilityCapacityEngine::test_regulated_fcr_bounds
    PASS  tests/test_calculations.py::TestSoutheastUtilityCapacityEngine::test_regulated_fcr_zero_tax
    PASS  tests/test_calculations.py::TestSoutheastUtilityCapacityEngine::test_ct_carrying_cost_gross_and_net
    PASS  tests/test_calculations.py::TestSoutheastUtilityCapacityEngine::test_southeast_dual_peak_cwf_sums_and_shape
    PASS  tests/test_calculations.py::TestSoutheastUtilityCapacityEngine::test_southeast_dual_peak_cwf_exceedance_with_load
    PASS  tests/test_calculations.py::TestSoutheastUtilityCapacityEngine::test_cwf_lolp_proxy
    PASS  tests/test_calculations.py::TestSoutheastUtilityCapacityEngine::test_cwf_top_n_uniform_and_exceedance
    PASS  tests/test_calculations.py::TestSoutheastUtilityCapacityEngine::test_cwf_peaker_rent
    PASS  tests/test_calculations.py::TestSoutheastUtilityCapacityEngine::test_feeder_pcaf_weights
    PASS  tests/test_calculations.py::TestSoutheastUtilityCapacityEngine::test_avoided_costs_decoupled_td_weights
    PASS  tests/test_calculations.py::TestSoutheastUtilityCapacityEngine::test_new_visualization_functions
    PASS  tests/test_calculations.py::TestSoutheastUtilityCapacityEngine::test_cwf_temperature_exceedance_sums_and_shape
    PASS  tests/test_calculations.py::TestSoutheastUtilityCapacityEngine::test_cwf_temperature_exceedance_colder_gets_more_weight
    PASS  tests/test_calculations.py::TestSoutheastUtilityCapacityEngine::test_cwf_temperature_exceedance_seasonal_split_and_fallback
    PASS  tests/test_cambium_downloader.py::TestCambiumDownloaderConfig::test_southeast_states_covered
    PASS  tests/test_cambium_downloader.py::TestCambiumDownloaderConfig::test_scenario_package_map_structure
    PASS  tests/test_cambium_downloader.py::TestRemoteZipReader::test_seek_and_tell
    PASS  tests/test_cambium_downloader.py::TestRemoteZipReader::test_invalid_whence
    PASS  tests/test_cambium_downloader.py::TestRemoteZipReader::test_read_boundary
    PASS  tests/test_cambium_downloader.py::TestMissingDataDetection::test_empty_directory_flags_all
    PASS  tests/test_cambium_downloader.py::TestMissingDataDetection::test_detected_file_reduces_missing
    PASS  tests/test_cambium_downloader.py::TestMissingDataDetection::test_pd_read_first_rows

======================================================================
  Test Run: 2026-09-24 17:17:02  |  Result: ALL PASSED
  104 tests: 104 passed, 0 failed
======================================================================
    PASS  tests/test_calculations.py::TestCalculateAvoidedCosts::test_output_columns_exist
    PASS  tests/test_calculations.py::TestCalculateAvoidedCosts::test_output_length_8760
    PASS  tests/test_calculations.py::TestCalculateAvoidedCosts::test_gen_capacity_formula
    PASS  tests/test_calculations.py::TestCalculateAvoidedCosts::test_transmission_uses_pcaf
    PASS  tests/test_calculations.py::TestCalculateAvoidedCosts::test_emissions_formula
    PASS  tests/test_calculations.py::TestCalculateAvoidedCosts::test_total_is_sum_of_components
    PASS  tests/test_calculations.py::TestCalculateAvoidedCosts::test_zero_scalars_only_energy
    PASS  tests/test_calculations.py::TestCalculateUrdbBill::test_flat_rate_constant_load
    PASS  tests/test_calculations.py::TestCalculateUrdbBill::test_flat_rate_monthly_proportionality
    PASS  tests/test_calculations.py::TestCalculateUrdbBill::test_zero_load_only_fixed
    PASS  tests/test_calculations.py::TestCalculateUrdbBill::test_demand_charge
    PASS  tests/test_calculations.py::TestCalculateUrdbBill::test_gp_r31_seasonal_tiers
    PASS  tests/test_calculations.py::TestCalculateUrdbBill::test_bill_increases_with_load
    PASS  tests/test_calculations.py::TestGetHourlyEnergyRate::test_flat_rate_constant_everywhere
    PASS  tests/test_calculations.py::TestGetHourlyEnergyRate::test_gp_r31_seasonal_rate_changes
    PASS  tests/test_calculations.py::TestGetHourlyEnergyRate::test_no_energy_structure_returns_zeros
    PASS  tests/test_calculations.py::TestNPVDiscounting::test_discount_factors_sum
    PASS  tests/test_calculations.py::TestNPVDiscounting::test_zero_discount_rate
    PASS  tests/test_calculations.py::TestNPVDiscounting::test_npv_known_answer
    PASS  tests/test_calculations.py::TestNPVDiscounting::test_rim_ratio_calculation
    PASS  tests/test_calculations.py::TestNPVDiscounting::test_rim_zero_lost_revenue
    PASS  tests/test_calculations.py::TestCapacityMetrics::test_epc_uniform_cwft
    PASS  tests/test_calculations.py::TestCapacityMetrics::test_epc_peaked_cwft_higher_for_peaky_load
    PASS  tests/test_calculations.py::TestCapacityMetrics::test_epc_reduction
    PASS  tests/test_calculations.py::TestCapacityMetrics::test_elcc_proxy_formula
    PASS  tests/test_calculations.py::TestCapacityMetrics::test_elcc_proxy_peaky_load
    PASS  tests/test_calculations.py::TestCapacityMetrics::test_cwft_sums_to_one
    PASS  tests/test_calculations.py::TestFindPeakWeek::test_finds_true_spike_outside_fixed_window
    PASS  tests/test_calculations.py::TestFindPeakWeek::test_window_stays_within_month_filter
    PASS  tests/test_calculations.py::TestFindPeakWeek::test_min_mode_finds_lowest_stress_window
    PASS  tests/test_calculations.py::TestFindPeakWeek::test_returns_none_when_no_window_fits
    PASS  tests/test_calculations.py::TestDispatchDrProgram::test_respects_hour_limit
    PASS  tests/test_calculations.py::TestDispatchDrProgram::test_respects_daily_limit
    PASS  tests/test_calculations.py::TestDispatchDrProgram::test_summer_only_season
    PASS  tests/test_calculations.py::TestDispatchDrProgram::test_reduction_capped_at_load
    PASS  tests/test_calculations.py::TestDispatchDrProgram::test_returns_correct_shapes
    PASS  tests/test_calculations.py::TestConfig::test_scenario_options_nonempty
    PASS  tests/test_calculations.py::TestConfig::test_scenario_descriptions_complete
    PASS  tests/test_calculations.py::TestConfig::test_planning_year_options
    PASS  tests/test_calculations.py::TestConfig::test_default_values_positive
    PASS  tests/test_calculations.py::TestConfig::test_grid_components_has_5
    PASS  tests/test_calculations.py::TestConfig::test_week_windows_valid
    PASS  tests/test_calculations.py::TestConfig::test_weather_sensitivity_function
    PASS  tests/test_calculations.py::TestConfig::test_custom_css_nonempty
    PASS  tests/test_calculations.py::TestConfig::test_financial_metric_card_html
    PASS  tests/test_calculations.py::TestVisualizations::test_weekly_overlay_returns_figure
    PASS  tests/test_calculations.py::TestVisualizations::test_weekly_load_and_temp_chart
    PASS  tests/test_calculations.py::TestVisualizations::test_weekly_grid_economics_chart
    PASS  tests/test_calculations.py::TestVisualizations::test_weekly_grid_economics_chart_signed_area_split
    PASS  tests/test_calculations.py::TestVisualizations::test_annual_avoided_cost_returns_figure
    PASS  tests/test_calculations.py::TestVisualizations::test_annual_avoided_cost_monthly_boxplot
    PASS  tests/test_calculations.py::TestVisualizations::test_annual_avoided_cost_boxplot_caps_yaxis_and_annotates_outliers
    PASS  tests/test_calculations.py::TestVisualizations::test_stacked_components_returns_figure
    PASS  tests/test_calculations.py::TestVisualizations::test_stacked_components_no_legend
    PASS  tests/test_calculations.py::TestVisualizations::test_winter_summer_comparison_shares_one_legend
    PASS  tests/test_calculations.py::TestVisualizations::test_winter_summer_comparison_y_range_caps_both_panels
    PASS  tests/test_calculations.py::TestVisualizations::test_cost_duration_chart_returns_figure
    PASS  tests/test_calculations.py::TestVisualizations::test_cost_duration_chart_change_matches_baseline_minus_proposed
    PASS  tests/test_calculations.py::TestVisualizations::test_cost_duration_chart_y_range_caps_row1_axis
    PASS  tests/test_calculations.py::TestVisualizations::test_cost_duration_chart_no_y_range_means_no_cap
    PASS  tests/test_calculations.py::TestVisualizations::test_hour_month_heatmap_returns_figure
    PASS  tests/test_calculations.py::TestVisualizations::test_hour_month_heatmap_colorbar_labels_good_and_bad
    PASS  tests/test_calculations.py::TestVisualizations::test_day_hour_heatmap_returns_figure
    PASS  tests/test_calculations.py::TestVisualizations::test_day_hour_heatmap_colorbar_labels_good_and_bad
    PASS  tests/test_calculations.py::TestVisualizations::test_lifetime_npv_returns_figure
    PASS  tests/test_calculations.py::TestVisualizations::test_lifetime_npv_lost_revenue_is_negative_and_cumulative_nets_out
    PASS  tests/test_calculations.py::TestVisualizations::test_lifetime_npv_customer_perspective_adds_year_zero_upfront_cost
    PASS  tests/test_calculations.py::TestVisualizations::test_economic_balance_chart_returns_figure
    PASS  tests/test_calculations.py::TestVisualizations::test_two_sided_cost_effectiveness_chart_returns_figure
    PASS  tests/test_calculations.py::TestVisualizations::test_bubble_chart_handles_nan_load_defensively
    PASS  tests/test_calculations.py::TestIntegrationPipeline::test_grid_to_avoided_costs_column_contract
    PASS  tests/test_calculations.py::TestIntegrationPipeline::test_full_pipeline_grid_to_npv
    PASS  tests/test_calculations.py::TestIntegrationPipeline::test_dr_dispatch_feeds_into_billing
    PASS  tests/test_calculations.py::TestIntegrationPipeline::test_avoided_costs_feed_into_visualizations
    PASS  tests/test_calculations.py::TestIntegrationPipeline::test_config_defaults_work_with_calculations
    PASS  tests/test_calculations.py::TestLoadProfileIngestion::test_beopt_raw_file_parsing
    PASS  tests/test_calculations.py::TestLoadProfileIngestion::test_load_profiles_directory_scan
    PASS  tests/test_calculations.py::TestLoadProfileIngestion::test_excel_file_parsing
    PASS  tests/test_calculations.py::TestLoadProfileIngestion::test_missing_hour_is_interpolated_not_left_as_nan
    PASS  tests/test_calculations.py::TestLoadProfileIngestion::test_beopt_native_export_format_parsing
    PASS  tests/test_calculations.py::TestLoadProfileIngestion::test_beopt_battery_example_shows_charge_discharge_shift
    PASS  tests/test_calculations.py::TestCostEffectivenessTests::test_trc_and_pct_ratios
    PASS  tests/test_calculations.py::TestSoutheastUtilityCapacityEngine::test_regulated_fcr_bounds
    PASS  tests/test_calculations.py::TestSoutheastUtilityCapacityEngine::test_regulated_fcr_zero_tax
    PASS  tests/test_calculations.py::TestSoutheastUtilityCapacityEngine::test_ct_carrying_cost_gross_and_net
    PASS  tests/test_calculations.py::TestSoutheastUtilityCapacityEngine::test_southeast_dual_peak_cwf_sums_and_shape
    PASS  tests/test_calculations.py::TestSoutheastUtilityCapacityEngine::test_southeast_dual_peak_cwf_exceedance_with_load
    PASS  tests/test_calculations.py::TestSoutheastUtilityCapacityEngine::test_cwf_lolp_proxy
    PASS  tests/test_calculations.py::TestSoutheastUtilityCapacityEngine::test_cwf_top_n_uniform_and_exceedance
    PASS  tests/test_calculations.py::TestSoutheastUtilityCapacityEngine::test_cwf_peaker_rent
    PASS  tests/test_calculations.py::TestSoutheastUtilityCapacityEngine::test_feeder_pcaf_weights
    PASS  tests/test_calculations.py::TestSoutheastUtilityCapacityEngine::test_avoided_costs_decoupled_td_weights
    PASS  tests/test_calculations.py::TestSoutheastUtilityCapacityEngine::test_new_visualization_functions
    PASS  tests/test_calculations.py::TestSoutheastUtilityCapacityEngine::test_cwf_temperature_exceedance_sums_and_shape
    PASS  tests/test_calculations.py::TestSoutheastUtilityCapacityEngine::test_cwf_temperature_exceedance_colder_gets_more_weight
    PASS  tests/test_calculations.py::TestSoutheastUtilityCapacityEngine::test_cwf_temperature_exceedance_seasonal_split_and_fallback
    PASS  tests/test_cambium_downloader.py::TestCambiumDownloaderConfig::test_southeast_states_covered
    PASS  tests/test_cambium_downloader.py::TestCambiumDownloaderConfig::test_scenario_package_map_structure
    PASS  tests/test_cambium_downloader.py::TestRemoteZipReader::test_seek_and_tell
    PASS  tests/test_cambium_downloader.py::TestRemoteZipReader::test_invalid_whence
    PASS  tests/test_cambium_downloader.py::TestRemoteZipReader::test_read_boundary
    PASS  tests/test_cambium_downloader.py::TestMissingDataDetection::test_empty_directory_flags_all
    PASS  tests/test_cambium_downloader.py::TestMissingDataDetection::test_detected_file_reduces_missing
    PASS  tests/test_cambium_downloader.py::TestMissingDataDetection::test_pd_read_first_rows

======================================================================
  Test Run: 2026-09-24 17:03:58  |  Result: ALL PASSED
  103 tests: 103 passed, 0 failed
======================================================================
    PASS  tests/test_calculations.py::TestCalculateAvoidedCosts::test_output_columns_exist
    PASS  tests/test_calculations.py::TestCalculateAvoidedCosts::test_output_length_8760
    PASS  tests/test_calculations.py::TestCalculateAvoidedCosts::test_gen_capacity_formula
    PASS  tests/test_calculations.py::TestCalculateAvoidedCosts::test_transmission_uses_pcaf
    PASS  tests/test_calculations.py::TestCalculateAvoidedCosts::test_emissions_formula
    PASS  tests/test_calculations.py::TestCalculateAvoidedCosts::test_total_is_sum_of_components
    PASS  tests/test_calculations.py::TestCalculateAvoidedCosts::test_zero_scalars_only_energy
    PASS  tests/test_calculations.py::TestCalculateUrdbBill::test_flat_rate_constant_load
    PASS  tests/test_calculations.py::TestCalculateUrdbBill::test_flat_rate_monthly_proportionality
    PASS  tests/test_calculations.py::TestCalculateUrdbBill::test_zero_load_only_fixed
    PASS  tests/test_calculations.py::TestCalculateUrdbBill::test_demand_charge
    PASS  tests/test_calculations.py::TestCalculateUrdbBill::test_gp_r31_seasonal_tiers
    PASS  tests/test_calculations.py::TestCalculateUrdbBill::test_bill_increases_with_load
    PASS  tests/test_calculations.py::TestGetHourlyEnergyRate::test_flat_rate_constant_everywhere
    PASS  tests/test_calculations.py::TestGetHourlyEnergyRate::test_gp_r31_seasonal_rate_changes
    PASS  tests/test_calculations.py::TestGetHourlyEnergyRate::test_no_energy_structure_returns_zeros
    PASS  tests/test_calculations.py::TestNPVDiscounting::test_discount_factors_sum
    PASS  tests/test_calculations.py::TestNPVDiscounting::test_zero_discount_rate
    PASS  tests/test_calculations.py::TestNPVDiscounting::test_npv_known_answer
    PASS  tests/test_calculations.py::TestNPVDiscounting::test_rim_ratio_calculation
    PASS  tests/test_calculations.py::TestNPVDiscounting::test_rim_zero_lost_revenue
    PASS  tests/test_calculations.py::TestCapacityMetrics::test_epc_uniform_cwft
    PASS  tests/test_calculations.py::TestCapacityMetrics::test_epc_peaked_cwft_higher_for_peaky_load
    PASS  tests/test_calculations.py::TestCapacityMetrics::test_epc_reduction
    PASS  tests/test_calculations.py::TestCapacityMetrics::test_elcc_proxy_formula
    PASS  tests/test_calculations.py::TestCapacityMetrics::test_elcc_proxy_peaky_load
    PASS  tests/test_calculations.py::TestCapacityMetrics::test_cwft_sums_to_one
    PASS  tests/test_calculations.py::TestFindPeakWeek::test_finds_true_spike_outside_fixed_window
    PASS  tests/test_calculations.py::TestFindPeakWeek::test_window_stays_within_month_filter
    PASS  tests/test_calculations.py::TestFindPeakWeek::test_min_mode_finds_lowest_stress_window
    PASS  tests/test_calculations.py::TestFindPeakWeek::test_returns_none_when_no_window_fits
    PASS  tests/test_calculations.py::TestDispatchDrProgram::test_respects_hour_limit
    PASS  tests/test_calculations.py::TestDispatchDrProgram::test_respects_daily_limit
    PASS  tests/test_calculations.py::TestDispatchDrProgram::test_summer_only_season
    PASS  tests/test_calculations.py::TestDispatchDrProgram::test_reduction_capped_at_load
    PASS  tests/test_calculations.py::TestDispatchDrProgram::test_returns_correct_shapes
    PASS  tests/test_calculations.py::TestConfig::test_scenario_options_nonempty
    PASS  tests/test_calculations.py::TestConfig::test_scenario_descriptions_complete
    PASS  tests/test_calculations.py::TestConfig::test_planning_year_options
    PASS  tests/test_calculations.py::TestConfig::test_default_values_positive
    PASS  tests/test_calculations.py::TestConfig::test_grid_components_has_5
    PASS  tests/test_calculations.py::TestConfig::test_week_windows_valid
    PASS  tests/test_calculations.py::TestConfig::test_weather_sensitivity_function
    PASS  tests/test_calculations.py::TestConfig::test_custom_css_nonempty
    PASS  tests/test_calculations.py::TestConfig::test_financial_metric_card_html
    PASS  tests/test_calculations.py::TestVisualizations::test_weekly_overlay_returns_figure
    PASS  tests/test_calculations.py::TestVisualizations::test_weekly_load_and_temp_chart
    PASS  tests/test_calculations.py::TestVisualizations::test_weekly_grid_economics_chart
    PASS  tests/test_calculations.py::TestVisualizations::test_weekly_grid_economics_chart_signed_area_split
    PASS  tests/test_calculations.py::TestVisualizations::test_annual_avoided_cost_returns_figure
    PASS  tests/test_calculations.py::TestVisualizations::test_annual_avoided_cost_monthly_boxplot
    PASS  tests/test_calculations.py::TestVisualizations::test_annual_avoided_cost_boxplot_caps_yaxis_and_annotates_outliers
    PASS  tests/test_calculations.py::TestVisualizations::test_stacked_components_returns_figure
    PASS  tests/test_calculations.py::TestVisualizations::test_stacked_components_no_legend
    PASS  tests/test_calculations.py::TestVisualizations::test_winter_summer_comparison_shares_one_legend
    PASS  tests/test_calculations.py::TestVisualizations::test_winter_summer_comparison_y_range_caps_both_panels
    PASS  tests/test_calculations.py::TestVisualizations::test_cost_duration_chart_returns_figure
    PASS  tests/test_calculations.py::TestVisualizations::test_cost_duration_chart_change_matches_baseline_minus_proposed
    PASS  tests/test_calculations.py::TestVisualizations::test_cost_duration_chart_y_range_caps_row1_axis
    PASS  tests/test_calculations.py::TestVisualizations::test_cost_duration_chart_no_y_range_means_no_cap
    PASS  tests/test_calculations.py::TestVisualizations::test_hour_month_heatmap_returns_figure
    PASS  tests/test_calculations.py::TestVisualizations::test_hour_month_heatmap_colorbar_labels_good_and_bad
    PASS  tests/test_calculations.py::TestVisualizations::test_day_hour_heatmap_returns_figure
    PASS  tests/test_calculations.py::TestVisualizations::test_day_hour_heatmap_colorbar_labels_good_and_bad
    PASS  tests/test_calculations.py::TestVisualizations::test_lifetime_npv_returns_figure
    PASS  tests/test_calculations.py::TestVisualizations::test_lifetime_npv_lost_revenue_is_negative_and_cumulative_nets_out
    PASS  tests/test_calculations.py::TestVisualizations::test_economic_balance_chart_returns_figure
    PASS  tests/test_calculations.py::TestVisualizations::test_two_sided_cost_effectiveness_chart_returns_figure
    PASS  tests/test_calculations.py::TestVisualizations::test_bubble_chart_handles_nan_load_defensively
    PASS  tests/test_calculations.py::TestIntegrationPipeline::test_grid_to_avoided_costs_column_contract
    PASS  tests/test_calculations.py::TestIntegrationPipeline::test_full_pipeline_grid_to_npv
    PASS  tests/test_calculations.py::TestIntegrationPipeline::test_dr_dispatch_feeds_into_billing
    PASS  tests/test_calculations.py::TestIntegrationPipeline::test_avoided_costs_feed_into_visualizations
    PASS  tests/test_calculations.py::TestIntegrationPipeline::test_config_defaults_work_with_calculations
    PASS  tests/test_calculations.py::TestLoadProfileIngestion::test_beopt_raw_file_parsing
    PASS  tests/test_calculations.py::TestLoadProfileIngestion::test_load_profiles_directory_scan
    PASS  tests/test_calculations.py::TestLoadProfileIngestion::test_excel_file_parsing
    PASS  tests/test_calculations.py::TestLoadProfileIngestion::test_missing_hour_is_interpolated_not_left_as_nan
    PASS  tests/test_calculations.py::TestLoadProfileIngestion::test_beopt_native_export_format_parsing
    PASS  tests/test_calculations.py::TestLoadProfileIngestion::test_beopt_battery_example_shows_charge_discharge_shift
    PASS  tests/test_calculations.py::TestCostEffectivenessTests::test_trc_and_pct_ratios
    PASS  tests/test_calculations.py::TestSoutheastUtilityCapacityEngine::test_regulated_fcr_bounds
    PASS  tests/test_calculations.py::TestSoutheastUtilityCapacityEngine::test_regulated_fcr_zero_tax
    PASS  tests/test_calculations.py::TestSoutheastUtilityCapacityEngine::test_ct_carrying_cost_gross_and_net
    PASS  tests/test_calculations.py::TestSoutheastUtilityCapacityEngine::test_southeast_dual_peak_cwf_sums_and_shape
    PASS  tests/test_calculations.py::TestSoutheastUtilityCapacityEngine::test_southeast_dual_peak_cwf_exceedance_with_load
    PASS  tests/test_calculations.py::TestSoutheastUtilityCapacityEngine::test_cwf_lolp_proxy
    PASS  tests/test_calculations.py::TestSoutheastUtilityCapacityEngine::test_cwf_top_n_uniform_and_exceedance
    PASS  tests/test_calculations.py::TestSoutheastUtilityCapacityEngine::test_cwf_peaker_rent
    PASS  tests/test_calculations.py::TestSoutheastUtilityCapacityEngine::test_feeder_pcaf_weights
    PASS  tests/test_calculations.py::TestSoutheastUtilityCapacityEngine::test_avoided_costs_decoupled_td_weights
    PASS  tests/test_calculations.py::TestSoutheastUtilityCapacityEngine::test_new_visualization_functions
    PASS  tests/test_calculations.py::TestSoutheastUtilityCapacityEngine::test_cwf_temperature_exceedance_sums_and_shape
    PASS  tests/test_calculations.py::TestSoutheastUtilityCapacityEngine::test_cwf_temperature_exceedance_colder_gets_more_weight
    PASS  tests/test_calculations.py::TestSoutheastUtilityCapacityEngine::test_cwf_temperature_exceedance_seasonal_split_and_fallback
    PASS  tests/test_cambium_downloader.py::TestCambiumDownloaderConfig::test_southeast_states_covered
    PASS  tests/test_cambium_downloader.py::TestCambiumDownloaderConfig::test_scenario_package_map_structure
    PASS  tests/test_cambium_downloader.py::TestRemoteZipReader::test_seek_and_tell
    PASS  tests/test_cambium_downloader.py::TestRemoteZipReader::test_invalid_whence
    PASS  tests/test_cambium_downloader.py::TestRemoteZipReader::test_read_boundary
    PASS  tests/test_cambium_downloader.py::TestMissingDataDetection::test_empty_directory_flags_all
    PASS  tests/test_cambium_downloader.py::TestMissingDataDetection::test_detected_file_reduces_missing
    PASS  tests/test_cambium_downloader.py::TestMissingDataDetection::test_pd_read_first_rows

======================================================================
  Test Run: 2026-09-24 16:43:28  |  Result: ALL PASSED
  102 tests: 102 passed, 0 failed
======================================================================
    PASS  tests/test_calculations.py::TestCalculateAvoidedCosts::test_output_columns_exist
    PASS  tests/test_calculations.py::TestCalculateAvoidedCosts::test_output_length_8760
    PASS  tests/test_calculations.py::TestCalculateAvoidedCosts::test_gen_capacity_formula
    PASS  tests/test_calculations.py::TestCalculateAvoidedCosts::test_transmission_uses_pcaf
    PASS  tests/test_calculations.py::TestCalculateAvoidedCosts::test_emissions_formula
    PASS  tests/test_calculations.py::TestCalculateAvoidedCosts::test_total_is_sum_of_components
    PASS  tests/test_calculations.py::TestCalculateAvoidedCosts::test_zero_scalars_only_energy
    PASS  tests/test_calculations.py::TestCalculateUrdbBill::test_flat_rate_constant_load
    PASS  tests/test_calculations.py::TestCalculateUrdbBill::test_flat_rate_monthly_proportionality
    PASS  tests/test_calculations.py::TestCalculateUrdbBill::test_zero_load_only_fixed
    PASS  tests/test_calculations.py::TestCalculateUrdbBill::test_demand_charge
    PASS  tests/test_calculations.py::TestCalculateUrdbBill::test_gp_r31_seasonal_tiers
    PASS  tests/test_calculations.py::TestCalculateUrdbBill::test_bill_increases_with_load
    PASS  tests/test_calculations.py::TestGetHourlyEnergyRate::test_flat_rate_constant_everywhere
    PASS  tests/test_calculations.py::TestGetHourlyEnergyRate::test_gp_r31_seasonal_rate_changes
    PASS  tests/test_calculations.py::TestGetHourlyEnergyRate::test_no_energy_structure_returns_zeros
    PASS  tests/test_calculations.py::TestNPVDiscounting::test_discount_factors_sum
    PASS  tests/test_calculations.py::TestNPVDiscounting::test_zero_discount_rate
    PASS  tests/test_calculations.py::TestNPVDiscounting::test_npv_known_answer
    PASS  tests/test_calculations.py::TestNPVDiscounting::test_rim_ratio_calculation
    PASS  tests/test_calculations.py::TestNPVDiscounting::test_rim_zero_lost_revenue
    PASS  tests/test_calculations.py::TestCapacityMetrics::test_epc_uniform_cwft
    PASS  tests/test_calculations.py::TestCapacityMetrics::test_epc_peaked_cwft_higher_for_peaky_load
    PASS  tests/test_calculations.py::TestCapacityMetrics::test_epc_reduction
    PASS  tests/test_calculations.py::TestCapacityMetrics::test_elcc_proxy_formula
    PASS  tests/test_calculations.py::TestCapacityMetrics::test_elcc_proxy_peaky_load
    PASS  tests/test_calculations.py::TestCapacityMetrics::test_cwft_sums_to_one
    PASS  tests/test_calculations.py::TestFindPeakWeek::test_finds_true_spike_outside_fixed_window
    PASS  tests/test_calculations.py::TestFindPeakWeek::test_window_stays_within_month_filter
    PASS  tests/test_calculations.py::TestFindPeakWeek::test_min_mode_finds_lowest_stress_window
    PASS  tests/test_calculations.py::TestFindPeakWeek::test_returns_none_when_no_window_fits
    PASS  tests/test_calculations.py::TestDispatchDrProgram::test_respects_hour_limit
    PASS  tests/test_calculations.py::TestDispatchDrProgram::test_respects_daily_limit
    PASS  tests/test_calculations.py::TestDispatchDrProgram::test_summer_only_season
    PASS  tests/test_calculations.py::TestDispatchDrProgram::test_reduction_capped_at_load
    PASS  tests/test_calculations.py::TestDispatchDrProgram::test_returns_correct_shapes
    PASS  tests/test_calculations.py::TestConfig::test_scenario_options_nonempty
    PASS  tests/test_calculations.py::TestConfig::test_scenario_descriptions_complete
    PASS  tests/test_calculations.py::TestConfig::test_planning_year_options
    PASS  tests/test_calculations.py::TestConfig::test_default_values_positive
    PASS  tests/test_calculations.py::TestConfig::test_grid_components_has_5
    PASS  tests/test_calculations.py::TestConfig::test_week_windows_valid
    PASS  tests/test_calculations.py::TestConfig::test_weather_sensitivity_function
    PASS  tests/test_calculations.py::TestConfig::test_custom_css_nonempty
    PASS  tests/test_calculations.py::TestConfig::test_financial_metric_card_html
    PASS  tests/test_calculations.py::TestVisualizations::test_weekly_overlay_returns_figure
    PASS  tests/test_calculations.py::TestVisualizations::test_weekly_load_and_temp_chart
    PASS  tests/test_calculations.py::TestVisualizations::test_weekly_grid_economics_chart
    PASS  tests/test_calculations.py::TestVisualizations::test_weekly_grid_economics_chart_signed_area_split
    PASS  tests/test_calculations.py::TestVisualizations::test_annual_avoided_cost_returns_figure
    PASS  tests/test_calculations.py::TestVisualizations::test_annual_avoided_cost_monthly_boxplot
    PASS  tests/test_calculations.py::TestVisualizations::test_annual_avoided_cost_boxplot_caps_yaxis_and_annotates_outliers
    PASS  tests/test_calculations.py::TestVisualizations::test_stacked_components_returns_figure
    PASS  tests/test_calculations.py::TestVisualizations::test_stacked_components_no_legend
    PASS  tests/test_calculations.py::TestVisualizations::test_winter_summer_comparison_shares_one_legend
    PASS  tests/test_calculations.py::TestVisualizations::test_winter_summer_comparison_y_range_caps_both_panels
    PASS  tests/test_calculations.py::TestVisualizations::test_cost_duration_chart_returns_figure
    PASS  tests/test_calculations.py::TestVisualizations::test_cost_duration_chart_change_matches_baseline_minus_proposed
    PASS  tests/test_calculations.py::TestVisualizations::test_cost_duration_chart_y_range_caps_row1_axis
    PASS  tests/test_calculations.py::TestVisualizations::test_cost_duration_chart_no_y_range_means_no_cap
    PASS  tests/test_calculations.py::TestVisualizations::test_hour_month_heatmap_returns_figure
    PASS  tests/test_calculations.py::TestVisualizations::test_hour_month_heatmap_colorbar_labels_good_and_bad
    PASS  tests/test_calculations.py::TestVisualizations::test_day_hour_heatmap_returns_figure
    PASS  tests/test_calculations.py::TestVisualizations::test_day_hour_heatmap_colorbar_labels_good_and_bad
    PASS  tests/test_calculations.py::TestVisualizations::test_lifetime_npv_returns_figure
    PASS  tests/test_calculations.py::TestVisualizations::test_economic_balance_chart_returns_figure
    PASS  tests/test_calculations.py::TestVisualizations::test_two_sided_cost_effectiveness_chart_returns_figure
    PASS  tests/test_calculations.py::TestVisualizations::test_bubble_chart_handles_nan_load_defensively
    PASS  tests/test_calculations.py::TestIntegrationPipeline::test_grid_to_avoided_costs_column_contract
    PASS  tests/test_calculations.py::TestIntegrationPipeline::test_full_pipeline_grid_to_npv
    PASS  tests/test_calculations.py::TestIntegrationPipeline::test_dr_dispatch_feeds_into_billing
    PASS  tests/test_calculations.py::TestIntegrationPipeline::test_avoided_costs_feed_into_visualizations
    PASS  tests/test_calculations.py::TestIntegrationPipeline::test_config_defaults_work_with_calculations
    PASS  tests/test_calculations.py::TestLoadProfileIngestion::test_beopt_raw_file_parsing
    PASS  tests/test_calculations.py::TestLoadProfileIngestion::test_load_profiles_directory_scan
    PASS  tests/test_calculations.py::TestLoadProfileIngestion::test_excel_file_parsing
    PASS  tests/test_calculations.py::TestLoadProfileIngestion::test_missing_hour_is_interpolated_not_left_as_nan
    PASS  tests/test_calculations.py::TestLoadProfileIngestion::test_beopt_native_export_format_parsing
    PASS  tests/test_calculations.py::TestLoadProfileIngestion::test_beopt_battery_example_shows_charge_discharge_shift
    PASS  tests/test_calculations.py::TestCostEffectivenessTests::test_trc_and_pct_ratios
    PASS  tests/test_calculations.py::TestSoutheastUtilityCapacityEngine::test_regulated_fcr_bounds
    PASS  tests/test_calculations.py::TestSoutheastUtilityCapacityEngine::test_regulated_fcr_zero_tax
    PASS  tests/test_calculations.py::TestSoutheastUtilityCapacityEngine::test_ct_carrying_cost_gross_and_net
    PASS  tests/test_calculations.py::TestSoutheastUtilityCapacityEngine::test_southeast_dual_peak_cwf_sums_and_shape
    PASS  tests/test_calculations.py::TestSoutheastUtilityCapacityEngine::test_southeast_dual_peak_cwf_exceedance_with_load
    PASS  tests/test_calculations.py::TestSoutheastUtilityCapacityEngine::test_cwf_lolp_proxy
    PASS  tests/test_calculations.py::TestSoutheastUtilityCapacityEngine::test_cwf_top_n_uniform_and_exceedance
    PASS  tests/test_calculations.py::TestSoutheastUtilityCapacityEngine::test_cwf_peaker_rent
    PASS  tests/test_calculations.py::TestSoutheastUtilityCapacityEngine::test_feeder_pcaf_weights
    PASS  tests/test_calculations.py::TestSoutheastUtilityCapacityEngine::test_avoided_costs_decoupled_td_weights
    PASS  tests/test_calculations.py::TestSoutheastUtilityCapacityEngine::test_new_visualization_functions
    PASS  tests/test_calculations.py::TestSoutheastUtilityCapacityEngine::test_cwf_temperature_exceedance_sums_and_shape
    PASS  tests/test_calculations.py::TestSoutheastUtilityCapacityEngine::test_cwf_temperature_exceedance_colder_gets_more_weight
    PASS  tests/test_calculations.py::TestSoutheastUtilityCapacityEngine::test_cwf_temperature_exceedance_seasonal_split_and_fallback
    PASS  tests/test_cambium_downloader.py::TestCambiumDownloaderConfig::test_southeast_states_covered
    PASS  tests/test_cambium_downloader.py::TestCambiumDownloaderConfig::test_scenario_package_map_structure
    PASS  tests/test_cambium_downloader.py::TestRemoteZipReader::test_seek_and_tell
    PASS  tests/test_cambium_downloader.py::TestRemoteZipReader::test_invalid_whence
    PASS  tests/test_cambium_downloader.py::TestRemoteZipReader::test_read_boundary
    PASS  tests/test_cambium_downloader.py::TestMissingDataDetection::test_empty_directory_flags_all
    PASS  tests/test_cambium_downloader.py::TestMissingDataDetection::test_detected_file_reduces_missing
    PASS  tests/test_cambium_downloader.py::TestMissingDataDetection::test_pd_read_first_rows

======================================================================
  Test Run: 2026-09-24 16:41:12  |  Result: ALL PASSED
  4 tests: 4 passed, 0 failed
======================================================================
    PASS  tests/test_calculations.py::TestVisualizations::test_cost_duration_chart_returns_figure
    PASS  tests/test_calculations.py::TestVisualizations::test_cost_duration_chart_change_matches_baseline_minus_proposed
    PASS  tests/test_calculations.py::TestVisualizations::test_cost_duration_chart_y_range_caps_row1_axis
    PASS  tests/test_calculations.py::TestVisualizations::test_cost_duration_chart_no_y_range_means_no_cap

======================================================================
  Test Run: 2026-09-24 16:27:48  |  Result: ALL PASSED
  100 tests: 100 passed, 0 failed
======================================================================
    PASS  tests/test_calculations.py::TestCalculateAvoidedCosts::test_output_columns_exist
    PASS  tests/test_calculations.py::TestCalculateAvoidedCosts::test_output_length_8760
    PASS  tests/test_calculations.py::TestCalculateAvoidedCosts::test_gen_capacity_formula
    PASS  tests/test_calculations.py::TestCalculateAvoidedCosts::test_transmission_uses_pcaf
    PASS  tests/test_calculations.py::TestCalculateAvoidedCosts::test_emissions_formula
    PASS  tests/test_calculations.py::TestCalculateAvoidedCosts::test_total_is_sum_of_components
    PASS  tests/test_calculations.py::TestCalculateAvoidedCosts::test_zero_scalars_only_energy
    PASS  tests/test_calculations.py::TestCalculateUrdbBill::test_flat_rate_constant_load
    PASS  tests/test_calculations.py::TestCalculateUrdbBill::test_flat_rate_monthly_proportionality
    PASS  tests/test_calculations.py::TestCalculateUrdbBill::test_zero_load_only_fixed
    PASS  tests/test_calculations.py::TestCalculateUrdbBill::test_demand_charge
    PASS  tests/test_calculations.py::TestCalculateUrdbBill::test_gp_r31_seasonal_tiers
    PASS  tests/test_calculations.py::TestCalculateUrdbBill::test_bill_increases_with_load
    PASS  tests/test_calculations.py::TestGetHourlyEnergyRate::test_flat_rate_constant_everywhere
    PASS  tests/test_calculations.py::TestGetHourlyEnergyRate::test_gp_r31_seasonal_rate_changes
    PASS  tests/test_calculations.py::TestGetHourlyEnergyRate::test_no_energy_structure_returns_zeros
    PASS  tests/test_calculations.py::TestNPVDiscounting::test_discount_factors_sum
    PASS  tests/test_calculations.py::TestNPVDiscounting::test_zero_discount_rate
    PASS  tests/test_calculations.py::TestNPVDiscounting::test_npv_known_answer
    PASS  tests/test_calculations.py::TestNPVDiscounting::test_rim_ratio_calculation
    PASS  tests/test_calculations.py::TestNPVDiscounting::test_rim_zero_lost_revenue
    PASS  tests/test_calculations.py::TestCapacityMetrics::test_epc_uniform_cwft
    PASS  tests/test_calculations.py::TestCapacityMetrics::test_epc_peaked_cwft_higher_for_peaky_load
    PASS  tests/test_calculations.py::TestCapacityMetrics::test_epc_reduction
    PASS  tests/test_calculations.py::TestCapacityMetrics::test_elcc_proxy_formula
    PASS  tests/test_calculations.py::TestCapacityMetrics::test_elcc_proxy_peaky_load
    PASS  tests/test_calculations.py::TestCapacityMetrics::test_cwft_sums_to_one
    PASS  tests/test_calculations.py::TestFindPeakWeek::test_finds_true_spike_outside_fixed_window
    PASS  tests/test_calculations.py::TestFindPeakWeek::test_window_stays_within_month_filter
    PASS  tests/test_calculations.py::TestFindPeakWeek::test_min_mode_finds_lowest_stress_window
    PASS  tests/test_calculations.py::TestFindPeakWeek::test_returns_none_when_no_window_fits
    PASS  tests/test_calculations.py::TestDispatchDrProgram::test_respects_hour_limit
    PASS  tests/test_calculations.py::TestDispatchDrProgram::test_respects_daily_limit
    PASS  tests/test_calculations.py::TestDispatchDrProgram::test_summer_only_season
    PASS  tests/test_calculations.py::TestDispatchDrProgram::test_reduction_capped_at_load
    PASS  tests/test_calculations.py::TestDispatchDrProgram::test_returns_correct_shapes
    PASS  tests/test_calculations.py::TestConfig::test_scenario_options_nonempty
    PASS  tests/test_calculations.py::TestConfig::test_scenario_descriptions_complete
    PASS  tests/test_calculations.py::TestConfig::test_planning_year_options
    PASS  tests/test_calculations.py::TestConfig::test_default_values_positive
    PASS  tests/test_calculations.py::TestConfig::test_grid_components_has_5
    PASS  tests/test_calculations.py::TestConfig::test_week_windows_valid
    PASS  tests/test_calculations.py::TestConfig::test_weather_sensitivity_function
    PASS  tests/test_calculations.py::TestConfig::test_custom_css_nonempty
    PASS  tests/test_calculations.py::TestConfig::test_financial_metric_card_html
    PASS  tests/test_calculations.py::TestVisualizations::test_weekly_overlay_returns_figure
    PASS  tests/test_calculations.py::TestVisualizations::test_weekly_load_and_temp_chart
    PASS  tests/test_calculations.py::TestVisualizations::test_weekly_grid_economics_chart
    PASS  tests/test_calculations.py::TestVisualizations::test_weekly_grid_economics_chart_signed_area_split
    PASS  tests/test_calculations.py::TestVisualizations::test_annual_avoided_cost_returns_figure
    PASS  tests/test_calculations.py::TestVisualizations::test_annual_avoided_cost_monthly_boxplot
    PASS  tests/test_calculations.py::TestVisualizations::test_annual_avoided_cost_boxplot_caps_yaxis_and_annotates_outliers
    PASS  tests/test_calculations.py::TestVisualizations::test_stacked_components_returns_figure
    PASS  tests/test_calculations.py::TestVisualizations::test_stacked_components_no_legend
    PASS  tests/test_calculations.py::TestVisualizations::test_winter_summer_comparison_shares_one_legend
    PASS  tests/test_calculations.py::TestVisualizations::test_winter_summer_comparison_y_range_caps_both_panels
    PASS  tests/test_calculations.py::TestVisualizations::test_cost_duration_chart_returns_figure
    PASS  tests/test_calculations.py::TestVisualizations::test_cost_duration_chart_change_matches_baseline_minus_proposed
    PASS  tests/test_calculations.py::TestVisualizations::test_cost_duration_chart_y_range_caps_row1_axis
    PASS  tests/test_calculations.py::TestVisualizations::test_cost_duration_chart_no_y_range_means_no_cap
    PASS  tests/test_calculations.py::TestVisualizations::test_hour_month_heatmap_returns_figure
    PASS  tests/test_calculations.py::TestVisualizations::test_hour_month_heatmap_colorbar_labels_good_and_bad
    PASS  tests/test_calculations.py::TestVisualizations::test_lifetime_npv_returns_figure
    PASS  tests/test_calculations.py::TestVisualizations::test_economic_balance_chart_returns_figure
    PASS  tests/test_calculations.py::TestVisualizations::test_two_sided_cost_effectiveness_chart_returns_figure
    PASS  tests/test_calculations.py::TestVisualizations::test_bubble_chart_handles_nan_load_defensively
    PASS  tests/test_calculations.py::TestIntegrationPipeline::test_grid_to_avoided_costs_column_contract
    PASS  tests/test_calculations.py::TestIntegrationPipeline::test_full_pipeline_grid_to_npv
    PASS  tests/test_calculations.py::TestIntegrationPipeline::test_dr_dispatch_feeds_into_billing
    PASS  tests/test_calculations.py::TestIntegrationPipeline::test_avoided_costs_feed_into_visualizations
    PASS  tests/test_calculations.py::TestIntegrationPipeline::test_config_defaults_work_with_calculations
    PASS  tests/test_calculations.py::TestLoadProfileIngestion::test_beopt_raw_file_parsing
    PASS  tests/test_calculations.py::TestLoadProfileIngestion::test_load_profiles_directory_scan
    PASS  tests/test_calculations.py::TestLoadProfileIngestion::test_excel_file_parsing
    PASS  tests/test_calculations.py::TestLoadProfileIngestion::test_missing_hour_is_interpolated_not_left_as_nan
    PASS  tests/test_calculations.py::TestLoadProfileIngestion::test_beopt_native_export_format_parsing
    PASS  tests/test_calculations.py::TestLoadProfileIngestion::test_beopt_battery_example_shows_charge_discharge_shift
    PASS  tests/test_calculations.py::TestCostEffectivenessTests::test_trc_and_pct_ratios
    PASS  tests/test_calculations.py::TestSoutheastUtilityCapacityEngine::test_regulated_fcr_bounds
    PASS  tests/test_calculations.py::TestSoutheastUtilityCapacityEngine::test_regulated_fcr_zero_tax
    PASS  tests/test_calculations.py::TestSoutheastUtilityCapacityEngine::test_ct_carrying_cost_gross_and_net
    PASS  tests/test_calculations.py::TestSoutheastUtilityCapacityEngine::test_southeast_dual_peak_cwf_sums_and_shape
    PASS  tests/test_calculations.py::TestSoutheastUtilityCapacityEngine::test_southeast_dual_peak_cwf_exceedance_with_load
    PASS  tests/test_calculations.py::TestSoutheastUtilityCapacityEngine::test_cwf_lolp_proxy
    PASS  tests/test_calculations.py::TestSoutheastUtilityCapacityEngine::test_cwf_top_n_uniform_and_exceedance
    PASS  tests/test_calculations.py::TestSoutheastUtilityCapacityEngine::test_cwf_peaker_rent
    PASS  tests/test_calculations.py::TestSoutheastUtilityCapacityEngine::test_feeder_pcaf_weights
    PASS  tests/test_calculations.py::TestSoutheastUtilityCapacityEngine::test_avoided_costs_decoupled_td_weights
    PASS  tests/test_calculations.py::TestSoutheastUtilityCapacityEngine::test_new_visualization_functions
    PASS  tests/test_calculations.py::TestSoutheastUtilityCapacityEngine::test_cwf_temperature_exceedance_sums_and_shape
    PASS  tests/test_calculations.py::TestSoutheastUtilityCapacityEngine::test_cwf_temperature_exceedance_colder_gets_more_weight
    PASS  tests/test_calculations.py::TestSoutheastUtilityCapacityEngine::test_cwf_temperature_exceedance_seasonal_split_and_fallback
    PASS  tests/test_cambium_downloader.py::TestCambiumDownloaderConfig::test_southeast_states_covered
    PASS  tests/test_cambium_downloader.py::TestCambiumDownloaderConfig::test_scenario_package_map_structure
    PASS  tests/test_cambium_downloader.py::TestRemoteZipReader::test_seek_and_tell
    PASS  tests/test_cambium_downloader.py::TestRemoteZipReader::test_invalid_whence
    PASS  tests/test_cambium_downloader.py::TestRemoteZipReader::test_read_boundary
    PASS  tests/test_cambium_downloader.py::TestMissingDataDetection::test_empty_directory_flags_all
    PASS  tests/test_cambium_downloader.py::TestMissingDataDetection::test_detected_file_reduces_missing
    PASS  tests/test_cambium_downloader.py::TestMissingDataDetection::test_pd_read_first_rows

======================================================================
  Test Run: 2026-09-24 16:22:42  |  Result: ALL PASSED
  4 tests: 4 passed, 0 failed
======================================================================
    PASS  tests/test_calculations.py::TestVisualizations::test_cost_duration_chart_returns_figure
    PASS  tests/test_calculations.py::TestVisualizations::test_cost_duration_chart_change_matches_baseline_minus_proposed
    PASS  tests/test_calculations.py::TestVisualizations::test_cost_duration_chart_y_range_caps_row1_axis
    PASS  tests/test_calculations.py::TestVisualizations::test_cost_duration_chart_no_y_range_means_no_cap

======================================================================
  Test Run: 2026-09-24 16:17:48  |  Result: ALL PASSED
  100 tests: 100 passed, 0 failed
======================================================================
    PASS  tests/test_calculations.py::TestCalculateAvoidedCosts::test_output_columns_exist
    PASS  tests/test_calculations.py::TestCalculateAvoidedCosts::test_output_length_8760
    PASS  tests/test_calculations.py::TestCalculateAvoidedCosts::test_gen_capacity_formula
    PASS  tests/test_calculations.py::TestCalculateAvoidedCosts::test_transmission_uses_pcaf
    PASS  tests/test_calculations.py::TestCalculateAvoidedCosts::test_emissions_formula
    PASS  tests/test_calculations.py::TestCalculateAvoidedCosts::test_total_is_sum_of_components
    PASS  tests/test_calculations.py::TestCalculateAvoidedCosts::test_zero_scalars_only_energy
    PASS  tests/test_calculations.py::TestCalculateUrdbBill::test_flat_rate_constant_load
    PASS  tests/test_calculations.py::TestCalculateUrdbBill::test_flat_rate_monthly_proportionality
    PASS  tests/test_calculations.py::TestCalculateUrdbBill::test_zero_load_only_fixed
    PASS  tests/test_calculations.py::TestCalculateUrdbBill::test_demand_charge
    PASS  tests/test_calculations.py::TestCalculateUrdbBill::test_gp_r31_seasonal_tiers
    PASS  tests/test_calculations.py::TestCalculateUrdbBill::test_bill_increases_with_load
    PASS  tests/test_calculations.py::TestGetHourlyEnergyRate::test_flat_rate_constant_everywhere
    PASS  tests/test_calculations.py::TestGetHourlyEnergyRate::test_gp_r31_seasonal_rate_changes
    PASS  tests/test_calculations.py::TestGetHourlyEnergyRate::test_no_energy_structure_returns_zeros
    PASS  tests/test_calculations.py::TestNPVDiscounting::test_discount_factors_sum
    PASS  tests/test_calculations.py::TestNPVDiscounting::test_zero_discount_rate
    PASS  tests/test_calculations.py::TestNPVDiscounting::test_npv_known_answer
    PASS  tests/test_calculations.py::TestNPVDiscounting::test_rim_ratio_calculation
    PASS  tests/test_calculations.py::TestNPVDiscounting::test_rim_zero_lost_revenue
    PASS  tests/test_calculations.py::TestCapacityMetrics::test_epc_uniform_cwft
    PASS  tests/test_calculations.py::TestCapacityMetrics::test_epc_peaked_cwft_higher_for_peaky_load
    PASS  tests/test_calculations.py::TestCapacityMetrics::test_epc_reduction
    PASS  tests/test_calculations.py::TestCapacityMetrics::test_elcc_proxy_formula
    PASS  tests/test_calculations.py::TestCapacityMetrics::test_elcc_proxy_peaky_load
    PASS  tests/test_calculations.py::TestCapacityMetrics::test_cwft_sums_to_one
    PASS  tests/test_calculations.py::TestFindPeakWeek::test_finds_true_spike_outside_fixed_window
    PASS  tests/test_calculations.py::TestFindPeakWeek::test_window_stays_within_month_filter
    PASS  tests/test_calculations.py::TestFindPeakWeek::test_min_mode_finds_lowest_stress_window
    PASS  tests/test_calculations.py::TestFindPeakWeek::test_returns_none_when_no_window_fits
    PASS  tests/test_calculations.py::TestDispatchDrProgram::test_respects_hour_limit
    PASS  tests/test_calculations.py::TestDispatchDrProgram::test_respects_daily_limit
    PASS  tests/test_calculations.py::TestDispatchDrProgram::test_summer_only_season
    PASS  tests/test_calculations.py::TestDispatchDrProgram::test_reduction_capped_at_load
    PASS  tests/test_calculations.py::TestDispatchDrProgram::test_returns_correct_shapes
    PASS  tests/test_calculations.py::TestConfig::test_scenario_options_nonempty
    PASS  tests/test_calculations.py::TestConfig::test_scenario_descriptions_complete
    PASS  tests/test_calculations.py::TestConfig::test_planning_year_options
    PASS  tests/test_calculations.py::TestConfig::test_default_values_positive
    PASS  tests/test_calculations.py::TestConfig::test_grid_components_has_5
    PASS  tests/test_calculations.py::TestConfig::test_week_windows_valid
    PASS  tests/test_calculations.py::TestConfig::test_weather_sensitivity_function
    PASS  tests/test_calculations.py::TestConfig::test_custom_css_nonempty
    PASS  tests/test_calculations.py::TestConfig::test_financial_metric_card_html
    PASS  tests/test_calculations.py::TestVisualizations::test_weekly_overlay_returns_figure
    PASS  tests/test_calculations.py::TestVisualizations::test_weekly_load_and_temp_chart
    PASS  tests/test_calculations.py::TestVisualizations::test_weekly_grid_economics_chart
    PASS  tests/test_calculations.py::TestVisualizations::test_weekly_grid_economics_chart_signed_area_split
    PASS  tests/test_calculations.py::TestVisualizations::test_annual_avoided_cost_returns_figure
    PASS  tests/test_calculations.py::TestVisualizations::test_annual_avoided_cost_monthly_boxplot
    PASS  tests/test_calculations.py::TestVisualizations::test_annual_avoided_cost_boxplot_caps_yaxis_and_annotates_outliers
    PASS  tests/test_calculations.py::TestVisualizations::test_stacked_components_returns_figure
    PASS  tests/test_calculations.py::TestVisualizations::test_stacked_components_no_legend
    PASS  tests/test_calculations.py::TestVisualizations::test_winter_summer_comparison_shares_one_legend
    PASS  tests/test_calculations.py::TestVisualizations::test_winter_summer_comparison_y_range_caps_both_panels
    PASS  tests/test_calculations.py::TestVisualizations::test_cost_duration_chart_returns_figure
    PASS  tests/test_calculations.py::TestVisualizations::test_cost_duration_chart_change_matches_baseline_minus_proposed
    PASS  tests/test_calculations.py::TestVisualizations::test_cost_duration_chart_y_range_caps_axis_and_annotates
    PASS  tests/test_calculations.py::TestVisualizations::test_cost_duration_chart_no_y_range_means_no_cap
    PASS  tests/test_calculations.py::TestVisualizations::test_hour_month_heatmap_returns_figure
    PASS  tests/test_calculations.py::TestVisualizations::test_hour_month_heatmap_colorbar_labels_good_and_bad
    PASS  tests/test_calculations.py::TestVisualizations::test_lifetime_npv_returns_figure
    PASS  tests/test_calculations.py::TestVisualizations::test_economic_balance_chart_returns_figure
    PASS  tests/test_calculations.py::TestVisualizations::test_two_sided_cost_effectiveness_chart_returns_figure
    PASS  tests/test_calculations.py::TestVisualizations::test_bubble_chart_handles_nan_load_defensively
    PASS  tests/test_calculations.py::TestIntegrationPipeline::test_grid_to_avoided_costs_column_contract
    PASS  tests/test_calculations.py::TestIntegrationPipeline::test_full_pipeline_grid_to_npv
    PASS  tests/test_calculations.py::TestIntegrationPipeline::test_dr_dispatch_feeds_into_billing
    PASS  tests/test_calculations.py::TestIntegrationPipeline::test_avoided_costs_feed_into_visualizations
    PASS  tests/test_calculations.py::TestIntegrationPipeline::test_config_defaults_work_with_calculations
    PASS  tests/test_calculations.py::TestLoadProfileIngestion::test_beopt_raw_file_parsing
    PASS  tests/test_calculations.py::TestLoadProfileIngestion::test_load_profiles_directory_scan
    PASS  tests/test_calculations.py::TestLoadProfileIngestion::test_excel_file_parsing
    PASS  tests/test_calculations.py::TestLoadProfileIngestion::test_missing_hour_is_interpolated_not_left_as_nan
    PASS  tests/test_calculations.py::TestLoadProfileIngestion::test_beopt_native_export_format_parsing
    PASS  tests/test_calculations.py::TestLoadProfileIngestion::test_beopt_battery_example_shows_charge_discharge_shift
    PASS  tests/test_calculations.py::TestCostEffectivenessTests::test_trc_and_pct_ratios
    PASS  tests/test_calculations.py::TestSoutheastUtilityCapacityEngine::test_regulated_fcr_bounds
    PASS  tests/test_calculations.py::TestSoutheastUtilityCapacityEngine::test_regulated_fcr_zero_tax
    PASS  tests/test_calculations.py::TestSoutheastUtilityCapacityEngine::test_ct_carrying_cost_gross_and_net
    PASS  tests/test_calculations.py::TestSoutheastUtilityCapacityEngine::test_southeast_dual_peak_cwf_sums_and_shape
    PASS  tests/test_calculations.py::TestSoutheastUtilityCapacityEngine::test_southeast_dual_peak_cwf_exceedance_with_load
    PASS  tests/test_calculations.py::TestSoutheastUtilityCapacityEngine::test_cwf_lolp_proxy
    PASS  tests/test_calculations.py::TestSoutheastUtilityCapacityEngine::test_cwf_top_n_uniform_and_exceedance
    PASS  tests/test_calculations.py::TestSoutheastUtilityCapacityEngine::test_cwf_peaker_rent
    PASS  tests/test_calculations.py::TestSoutheastUtilityCapacityEngine::test_feeder_pcaf_weights
    PASS  tests/test_calculations.py::TestSoutheastUtilityCapacityEngine::test_avoided_costs_decoupled_td_weights
    PASS  tests/test_calculations.py::TestSoutheastUtilityCapacityEngine::test_new_visualization_functions
    PASS  tests/test_calculations.py::TestSoutheastUtilityCapacityEngine::test_cwf_temperature_exceedance_sums_and_shape
    PASS  tests/test_calculations.py::TestSoutheastUtilityCapacityEngine::test_cwf_temperature_exceedance_colder_gets_more_weight
    PASS  tests/test_calculations.py::TestSoutheastUtilityCapacityEngine::test_cwf_temperature_exceedance_seasonal_split_and_fallback
    PASS  tests/test_cambium_downloader.py::TestCambiumDownloaderConfig::test_southeast_states_covered
    PASS  tests/test_cambium_downloader.py::TestCambiumDownloaderConfig::test_scenario_package_map_structure
    PASS  tests/test_cambium_downloader.py::TestRemoteZipReader::test_seek_and_tell
    PASS  tests/test_cambium_downloader.py::TestRemoteZipReader::test_invalid_whence
    PASS  tests/test_cambium_downloader.py::TestRemoteZipReader::test_read_boundary
    PASS  tests/test_cambium_downloader.py::TestMissingDataDetection::test_empty_directory_flags_all
    PASS  tests/test_cambium_downloader.py::TestMissingDataDetection::test_detected_file_reduces_missing
    PASS  tests/test_cambium_downloader.py::TestMissingDataDetection::test_pd_read_first_rows

======================================================================
  Test Run: 2026-09-24 16:16:41  |  Result: ALL PASSED
  100 tests: 100 passed, 0 failed
======================================================================
    PASS  tests/test_calculations.py::TestCalculateAvoidedCosts::test_output_columns_exist
    PASS  tests/test_calculations.py::TestCalculateAvoidedCosts::test_output_length_8760
    PASS  tests/test_calculations.py::TestCalculateAvoidedCosts::test_gen_capacity_formula
    PASS  tests/test_calculations.py::TestCalculateAvoidedCosts::test_transmission_uses_pcaf
    PASS  tests/test_calculations.py::TestCalculateAvoidedCosts::test_emissions_formula
    PASS  tests/test_calculations.py::TestCalculateAvoidedCosts::test_total_is_sum_of_components
    PASS  tests/test_calculations.py::TestCalculateAvoidedCosts::test_zero_scalars_only_energy
    PASS  tests/test_calculations.py::TestCalculateUrdbBill::test_flat_rate_constant_load
    PASS  tests/test_calculations.py::TestCalculateUrdbBill::test_flat_rate_monthly_proportionality
    PASS  tests/test_calculations.py::TestCalculateUrdbBill::test_zero_load_only_fixed
    PASS  tests/test_calculations.py::TestCalculateUrdbBill::test_demand_charge
    PASS  tests/test_calculations.py::TestCalculateUrdbBill::test_gp_r31_seasonal_tiers
    PASS  tests/test_calculations.py::TestCalculateUrdbBill::test_bill_increases_with_load
    PASS  tests/test_calculations.py::TestGetHourlyEnergyRate::test_flat_rate_constant_everywhere
    PASS  tests/test_calculations.py::TestGetHourlyEnergyRate::test_gp_r31_seasonal_rate_changes
    PASS  tests/test_calculations.py::TestGetHourlyEnergyRate::test_no_energy_structure_returns_zeros
    PASS  tests/test_calculations.py::TestNPVDiscounting::test_discount_factors_sum
    PASS  tests/test_calculations.py::TestNPVDiscounting::test_zero_discount_rate
    PASS  tests/test_calculations.py::TestNPVDiscounting::test_npv_known_answer
    PASS  tests/test_calculations.py::TestNPVDiscounting::test_rim_ratio_calculation
    PASS  tests/test_calculations.py::TestNPVDiscounting::test_rim_zero_lost_revenue
    PASS  tests/test_calculations.py::TestCapacityMetrics::test_epc_uniform_cwft
    PASS  tests/test_calculations.py::TestCapacityMetrics::test_epc_peaked_cwft_higher_for_peaky_load
    PASS  tests/test_calculations.py::TestCapacityMetrics::test_epc_reduction
    PASS  tests/test_calculations.py::TestCapacityMetrics::test_elcc_proxy_formula
    PASS  tests/test_calculations.py::TestCapacityMetrics::test_elcc_proxy_peaky_load
    PASS  tests/test_calculations.py::TestCapacityMetrics::test_cwft_sums_to_one
    PASS  tests/test_calculations.py::TestFindPeakWeek::test_finds_true_spike_outside_fixed_window
    PASS  tests/test_calculations.py::TestFindPeakWeek::test_window_stays_within_month_filter
    PASS  tests/test_calculations.py::TestFindPeakWeek::test_min_mode_finds_lowest_stress_window
    PASS  tests/test_calculations.py::TestFindPeakWeek::test_returns_none_when_no_window_fits
    PASS  tests/test_calculations.py::TestDispatchDrProgram::test_respects_hour_limit
    PASS  tests/test_calculations.py::TestDispatchDrProgram::test_respects_daily_limit
    PASS  tests/test_calculations.py::TestDispatchDrProgram::test_summer_only_season
    PASS  tests/test_calculations.py::TestDispatchDrProgram::test_reduction_capped_at_load
    PASS  tests/test_calculations.py::TestDispatchDrProgram::test_returns_correct_shapes
    PASS  tests/test_calculations.py::TestConfig::test_scenario_options_nonempty
    PASS  tests/test_calculations.py::TestConfig::test_scenario_descriptions_complete
    PASS  tests/test_calculations.py::TestConfig::test_planning_year_options
    PASS  tests/test_calculations.py::TestConfig::test_default_values_positive
    PASS  tests/test_calculations.py::TestConfig::test_grid_components_has_5
    PASS  tests/test_calculations.py::TestConfig::test_week_windows_valid
    PASS  tests/test_calculations.py::TestConfig::test_weather_sensitivity_function
    PASS  tests/test_calculations.py::TestConfig::test_custom_css_nonempty
    PASS  tests/test_calculations.py::TestConfig::test_financial_metric_card_html
    PASS  tests/test_calculations.py::TestVisualizations::test_weekly_overlay_returns_figure
    PASS  tests/test_calculations.py::TestVisualizations::test_weekly_load_and_temp_chart
    PASS  tests/test_calculations.py::TestVisualizations::test_weekly_grid_economics_chart
    PASS  tests/test_calculations.py::TestVisualizations::test_weekly_grid_economics_chart_signed_area_split
    PASS  tests/test_calculations.py::TestVisualizations::test_annual_avoided_cost_returns_figure
    PASS  tests/test_calculations.py::TestVisualizations::test_annual_avoided_cost_monthly_boxplot
    PASS  tests/test_calculations.py::TestVisualizations::test_annual_avoided_cost_boxplot_caps_yaxis_and_annotates_outliers
    PASS  tests/test_calculations.py::TestVisualizations::test_stacked_components_returns_figure
    PASS  tests/test_calculations.py::TestVisualizations::test_stacked_components_no_legend
    PASS  tests/test_calculations.py::TestVisualizations::test_winter_summer_comparison_shares_one_legend
    PASS  tests/test_calculations.py::TestVisualizations::test_winter_summer_comparison_y_range_caps_both_panels
    PASS  tests/test_calculations.py::TestVisualizations::test_cost_duration_chart_returns_figure
    PASS  tests/test_calculations.py::TestVisualizations::test_cost_duration_chart_change_matches_baseline_minus_proposed
    PASS  tests/test_calculations.py::TestVisualizations::test_cost_duration_chart_y_range_caps_axis_and_annotates
    PASS  tests/test_calculations.py::TestVisualizations::test_cost_duration_chart_no_y_range_means_no_cap
    PASS  tests/test_calculations.py::TestVisualizations::test_hour_month_heatmap_returns_figure
    PASS  tests/test_calculations.py::TestVisualizations::test_hour_month_heatmap_colorbar_labels_good_and_bad
    PASS  tests/test_calculations.py::TestVisualizations::test_lifetime_npv_returns_figure
    PASS  tests/test_calculations.py::TestVisualizations::test_economic_balance_chart_returns_figure
    PASS  tests/test_calculations.py::TestVisualizations::test_two_sided_cost_effectiveness_chart_returns_figure
    PASS  tests/test_calculations.py::TestVisualizations::test_bubble_chart_handles_nan_load_defensively
    PASS  tests/test_calculations.py::TestIntegrationPipeline::test_grid_to_avoided_costs_column_contract
    PASS  tests/test_calculations.py::TestIntegrationPipeline::test_full_pipeline_grid_to_npv
    PASS  tests/test_calculations.py::TestIntegrationPipeline::test_dr_dispatch_feeds_into_billing
    PASS  tests/test_calculations.py::TestIntegrationPipeline::test_avoided_costs_feed_into_visualizations
    PASS  tests/test_calculations.py::TestIntegrationPipeline::test_config_defaults_work_with_calculations
    PASS  tests/test_calculations.py::TestLoadProfileIngestion::test_beopt_raw_file_parsing
    PASS  tests/test_calculations.py::TestLoadProfileIngestion::test_load_profiles_directory_scan
    PASS  tests/test_calculations.py::TestLoadProfileIngestion::test_excel_file_parsing
    PASS  tests/test_calculations.py::TestLoadProfileIngestion::test_missing_hour_is_interpolated_not_left_as_nan
    PASS  tests/test_calculations.py::TestLoadProfileIngestion::test_beopt_native_export_format_parsing
    PASS  tests/test_calculations.py::TestLoadProfileIngestion::test_beopt_battery_example_shows_charge_discharge_shift
    PASS  tests/test_calculations.py::TestCostEffectivenessTests::test_trc_and_pct_ratios
    PASS  tests/test_calculations.py::TestSoutheastUtilityCapacityEngine::test_regulated_fcr_bounds
    PASS  tests/test_calculations.py::TestSoutheastUtilityCapacityEngine::test_regulated_fcr_zero_tax
    PASS  tests/test_calculations.py::TestSoutheastUtilityCapacityEngine::test_ct_carrying_cost_gross_and_net
    PASS  tests/test_calculations.py::TestSoutheastUtilityCapacityEngine::test_southeast_dual_peak_cwf_sums_and_shape
    PASS  tests/test_calculations.py::TestSoutheastUtilityCapacityEngine::test_southeast_dual_peak_cwf_exceedance_with_load
    PASS  tests/test_calculations.py::TestSoutheastUtilityCapacityEngine::test_cwf_lolp_proxy
    PASS  tests/test_calculations.py::TestSoutheastUtilityCapacityEngine::test_cwf_top_n_uniform_and_exceedance
    PASS  tests/test_calculations.py::TestSoutheastUtilityCapacityEngine::test_cwf_peaker_rent
    PASS  tests/test_calculations.py::TestSoutheastUtilityCapacityEngine::test_feeder_pcaf_weights
    PASS  tests/test_calculations.py::TestSoutheastUtilityCapacityEngine::test_avoided_costs_decoupled_td_weights
    PASS  tests/test_calculations.py::TestSoutheastUtilityCapacityEngine::test_new_visualization_functions
    PASS  tests/test_calculations.py::TestSoutheastUtilityCapacityEngine::test_cwf_temperature_exceedance_sums_and_shape
    PASS  tests/test_calculations.py::TestSoutheastUtilityCapacityEngine::test_cwf_temperature_exceedance_colder_gets_more_weight
    PASS  tests/test_calculations.py::TestSoutheastUtilityCapacityEngine::test_cwf_temperature_exceedance_seasonal_split_and_fallback
    PASS  tests/test_cambium_downloader.py::TestCambiumDownloaderConfig::test_southeast_states_covered
    PASS  tests/test_cambium_downloader.py::TestCambiumDownloaderConfig::test_scenario_package_map_structure
    PASS  tests/test_cambium_downloader.py::TestRemoteZipReader::test_seek_and_tell
    PASS  tests/test_cambium_downloader.py::TestRemoteZipReader::test_invalid_whence
    PASS  tests/test_cambium_downloader.py::TestRemoteZipReader::test_read_boundary
    PASS  tests/test_cambium_downloader.py::TestMissingDataDetection::test_empty_directory_flags_all
    PASS  tests/test_cambium_downloader.py::TestMissingDataDetection::test_detected_file_reduces_missing
    PASS  tests/test_cambium_downloader.py::TestMissingDataDetection::test_pd_read_first_rows

======================================================================
  Test Run: 2026-09-24 16:08:07  |  Result: ALL PASSED
  98 tests: 98 passed, 0 failed
======================================================================
    PASS  tests/test_calculations.py::TestCalculateAvoidedCosts::test_output_columns_exist
    PASS  tests/test_calculations.py::TestCalculateAvoidedCosts::test_output_length_8760
    PASS  tests/test_calculations.py::TestCalculateAvoidedCosts::test_gen_capacity_formula
    PASS  tests/test_calculations.py::TestCalculateAvoidedCosts::test_transmission_uses_pcaf
    PASS  tests/test_calculations.py::TestCalculateAvoidedCosts::test_emissions_formula
    PASS  tests/test_calculations.py::TestCalculateAvoidedCosts::test_total_is_sum_of_components
    PASS  tests/test_calculations.py::TestCalculateAvoidedCosts::test_zero_scalars_only_energy
    PASS  tests/test_calculations.py::TestCalculateUrdbBill::test_flat_rate_constant_load
    PASS  tests/test_calculations.py::TestCalculateUrdbBill::test_flat_rate_monthly_proportionality
    PASS  tests/test_calculations.py::TestCalculateUrdbBill::test_zero_load_only_fixed
    PASS  tests/test_calculations.py::TestCalculateUrdbBill::test_demand_charge
    PASS  tests/test_calculations.py::TestCalculateUrdbBill::test_gp_r31_seasonal_tiers
    PASS  tests/test_calculations.py::TestCalculateUrdbBill::test_bill_increases_with_load
    PASS  tests/test_calculations.py::TestGetHourlyEnergyRate::test_flat_rate_constant_everywhere
    PASS  tests/test_calculations.py::TestGetHourlyEnergyRate::test_gp_r31_seasonal_rate_changes
    PASS  tests/test_calculations.py::TestGetHourlyEnergyRate::test_no_energy_structure_returns_zeros
    PASS  tests/test_calculations.py::TestNPVDiscounting::test_discount_factors_sum
    PASS  tests/test_calculations.py::TestNPVDiscounting::test_zero_discount_rate
    PASS  tests/test_calculations.py::TestNPVDiscounting::test_npv_known_answer
    PASS  tests/test_calculations.py::TestNPVDiscounting::test_rim_ratio_calculation
    PASS  tests/test_calculations.py::TestNPVDiscounting::test_rim_zero_lost_revenue
    PASS  tests/test_calculations.py::TestCapacityMetrics::test_epc_uniform_cwft
    PASS  tests/test_calculations.py::TestCapacityMetrics::test_epc_peaked_cwft_higher_for_peaky_load
    PASS  tests/test_calculations.py::TestCapacityMetrics::test_epc_reduction
    PASS  tests/test_calculations.py::TestCapacityMetrics::test_elcc_proxy_formula
    PASS  tests/test_calculations.py::TestCapacityMetrics::test_elcc_proxy_peaky_load
    PASS  tests/test_calculations.py::TestCapacityMetrics::test_cwft_sums_to_one
    PASS  tests/test_calculations.py::TestFindPeakWeek::test_finds_true_spike_outside_fixed_window
    PASS  tests/test_calculations.py::TestFindPeakWeek::test_window_stays_within_month_filter
    PASS  tests/test_calculations.py::TestFindPeakWeek::test_min_mode_finds_lowest_stress_window
    PASS  tests/test_calculations.py::TestFindPeakWeek::test_returns_none_when_no_window_fits
    PASS  tests/test_calculations.py::TestDispatchDrProgram::test_respects_hour_limit
    PASS  tests/test_calculations.py::TestDispatchDrProgram::test_respects_daily_limit
    PASS  tests/test_calculations.py::TestDispatchDrProgram::test_summer_only_season
    PASS  tests/test_calculations.py::TestDispatchDrProgram::test_reduction_capped_at_load
    PASS  tests/test_calculations.py::TestDispatchDrProgram::test_returns_correct_shapes
    PASS  tests/test_calculations.py::TestConfig::test_scenario_options_nonempty
    PASS  tests/test_calculations.py::TestConfig::test_scenario_descriptions_complete
    PASS  tests/test_calculations.py::TestConfig::test_planning_year_options
    PASS  tests/test_calculations.py::TestConfig::test_default_values_positive
    PASS  tests/test_calculations.py::TestConfig::test_grid_components_has_5
    PASS  tests/test_calculations.py::TestConfig::test_week_windows_valid
    PASS  tests/test_calculations.py::TestConfig::test_weather_sensitivity_function
    PASS  tests/test_calculations.py::TestConfig::test_custom_css_nonempty
    PASS  tests/test_calculations.py::TestConfig::test_financial_metric_card_html
    PASS  tests/test_calculations.py::TestVisualizations::test_weekly_overlay_returns_figure
    PASS  tests/test_calculations.py::TestVisualizations::test_weekly_load_and_temp_chart
    PASS  tests/test_calculations.py::TestVisualizations::test_weekly_grid_economics_chart
    PASS  tests/test_calculations.py::TestVisualizations::test_weekly_grid_economics_chart_signed_area_split
    PASS  tests/test_calculations.py::TestVisualizations::test_annual_avoided_cost_returns_figure
    PASS  tests/test_calculations.py::TestVisualizations::test_annual_avoided_cost_monthly_boxplot
    PASS  tests/test_calculations.py::TestVisualizations::test_annual_avoided_cost_boxplot_caps_yaxis_and_annotates_outliers
    PASS  tests/test_calculations.py::TestVisualizations::test_stacked_components_returns_figure
    PASS  tests/test_calculations.py::TestVisualizations::test_stacked_components_no_legend
    PASS  tests/test_calculations.py::TestVisualizations::test_winter_summer_comparison_shares_one_legend
    PASS  tests/test_calculations.py::TestVisualizations::test_winter_summer_comparison_y_range_caps_both_panels
    PASS  tests/test_calculations.py::TestVisualizations::test_cost_duration_chart_returns_figure
    PASS  tests/test_calculations.py::TestVisualizations::test_cost_duration_chart_change_matches_baseline_minus_proposed
    PASS  tests/test_calculations.py::TestVisualizations::test_hour_month_heatmap_returns_figure
    PASS  tests/test_calculations.py::TestVisualizations::test_hour_month_heatmap_colorbar_labels_good_and_bad
    PASS  tests/test_calculations.py::TestVisualizations::test_lifetime_npv_returns_figure
    PASS  tests/test_calculations.py::TestVisualizations::test_economic_balance_chart_returns_figure
    PASS  tests/test_calculations.py::TestVisualizations::test_two_sided_cost_effectiveness_chart_returns_figure
    PASS  tests/test_calculations.py::TestVisualizations::test_bubble_chart_handles_nan_load_defensively
    PASS  tests/test_calculations.py::TestIntegrationPipeline::test_grid_to_avoided_costs_column_contract
    PASS  tests/test_calculations.py::TestIntegrationPipeline::test_full_pipeline_grid_to_npv
    PASS  tests/test_calculations.py::TestIntegrationPipeline::test_dr_dispatch_feeds_into_billing
    PASS  tests/test_calculations.py::TestIntegrationPipeline::test_avoided_costs_feed_into_visualizations
    PASS  tests/test_calculations.py::TestIntegrationPipeline::test_config_defaults_work_with_calculations
    PASS  tests/test_calculations.py::TestLoadProfileIngestion::test_beopt_raw_file_parsing
    PASS  tests/test_calculations.py::TestLoadProfileIngestion::test_load_profiles_directory_scan
    PASS  tests/test_calculations.py::TestLoadProfileIngestion::test_excel_file_parsing
    PASS  tests/test_calculations.py::TestLoadProfileIngestion::test_missing_hour_is_interpolated_not_left_as_nan
    PASS  tests/test_calculations.py::TestLoadProfileIngestion::test_beopt_native_export_format_parsing
    PASS  tests/test_calculations.py::TestLoadProfileIngestion::test_beopt_battery_example_shows_charge_discharge_shift
    PASS  tests/test_calculations.py::TestCostEffectivenessTests::test_trc_and_pct_ratios
    PASS  tests/test_calculations.py::TestSoutheastUtilityCapacityEngine::test_regulated_fcr_bounds
    PASS  tests/test_calculations.py::TestSoutheastUtilityCapacityEngine::test_regulated_fcr_zero_tax
    PASS  tests/test_calculations.py::TestSoutheastUtilityCapacityEngine::test_ct_carrying_cost_gross_and_net
    PASS  tests/test_calculations.py::TestSoutheastUtilityCapacityEngine::test_southeast_dual_peak_cwf_sums_and_shape
    PASS  tests/test_calculations.py::TestSoutheastUtilityCapacityEngine::test_southeast_dual_peak_cwf_exceedance_with_load
    PASS  tests/test_calculations.py::TestSoutheastUtilityCapacityEngine::test_cwf_lolp_proxy
    PASS  tests/test_calculations.py::TestSoutheastUtilityCapacityEngine::test_cwf_top_n_uniform_and_exceedance
    PASS  tests/test_calculations.py::TestSoutheastUtilityCapacityEngine::test_cwf_peaker_rent
    PASS  tests/test_calculations.py::TestSoutheastUtilityCapacityEngine::test_feeder_pcaf_weights
    PASS  tests/test_calculations.py::TestSoutheastUtilityCapacityEngine::test_avoided_costs_decoupled_td_weights
    PASS  tests/test_calculations.py::TestSoutheastUtilityCapacityEngine::test_new_visualization_functions
    PASS  tests/test_calculations.py::TestSoutheastUtilityCapacityEngine::test_cwf_temperature_exceedance_sums_and_shape
    PASS  tests/test_calculations.py::TestSoutheastUtilityCapacityEngine::test_cwf_temperature_exceedance_colder_gets_more_weight
    PASS  tests/test_calculations.py::TestSoutheastUtilityCapacityEngine::test_cwf_temperature_exceedance_seasonal_split_and_fallback
    PASS  tests/test_cambium_downloader.py::TestCambiumDownloaderConfig::test_southeast_states_covered
    PASS  tests/test_cambium_downloader.py::TestCambiumDownloaderConfig::test_scenario_package_map_structure
    PASS  tests/test_cambium_downloader.py::TestRemoteZipReader::test_seek_and_tell
    PASS  tests/test_cambium_downloader.py::TestRemoteZipReader::test_invalid_whence
    PASS  tests/test_cambium_downloader.py::TestRemoteZipReader::test_read_boundary
    PASS  tests/test_cambium_downloader.py::TestMissingDataDetection::test_empty_directory_flags_all
    PASS  tests/test_cambium_downloader.py::TestMissingDataDetection::test_detected_file_reduces_missing
    PASS  tests/test_cambium_downloader.py::TestMissingDataDetection::test_pd_read_first_rows

======================================================================
  Test Run: 2026-09-24 16:07:26  |  Result: ALL PASSED
  98 tests: 98 passed, 0 failed
======================================================================
    PASS  tests/test_calculations.py::TestCalculateAvoidedCosts::test_output_columns_exist
    PASS  tests/test_calculations.py::TestCalculateAvoidedCosts::test_output_length_8760
    PASS  tests/test_calculations.py::TestCalculateAvoidedCosts::test_gen_capacity_formula
    PASS  tests/test_calculations.py::TestCalculateAvoidedCosts::test_transmission_uses_pcaf
    PASS  tests/test_calculations.py::TestCalculateAvoidedCosts::test_emissions_formula
    PASS  tests/test_calculations.py::TestCalculateAvoidedCosts::test_total_is_sum_of_components
    PASS  tests/test_calculations.py::TestCalculateAvoidedCosts::test_zero_scalars_only_energy
    PASS  tests/test_calculations.py::TestCalculateUrdbBill::test_flat_rate_constant_load
    PASS  tests/test_calculations.py::TestCalculateUrdbBill::test_flat_rate_monthly_proportionality
    PASS  tests/test_calculations.py::TestCalculateUrdbBill::test_zero_load_only_fixed
    PASS  tests/test_calculations.py::TestCalculateUrdbBill::test_demand_charge
    PASS  tests/test_calculations.py::TestCalculateUrdbBill::test_gp_r31_seasonal_tiers
    PASS  tests/test_calculations.py::TestCalculateUrdbBill::test_bill_increases_with_load
    PASS  tests/test_calculations.py::TestGetHourlyEnergyRate::test_flat_rate_constant_everywhere
    PASS  tests/test_calculations.py::TestGetHourlyEnergyRate::test_gp_r31_seasonal_rate_changes
    PASS  tests/test_calculations.py::TestGetHourlyEnergyRate::test_no_energy_structure_returns_zeros
    PASS  tests/test_calculations.py::TestNPVDiscounting::test_discount_factors_sum
    PASS  tests/test_calculations.py::TestNPVDiscounting::test_zero_discount_rate
    PASS  tests/test_calculations.py::TestNPVDiscounting::test_npv_known_answer
    PASS  tests/test_calculations.py::TestNPVDiscounting::test_rim_ratio_calculation
    PASS  tests/test_calculations.py::TestNPVDiscounting::test_rim_zero_lost_revenue
    PASS  tests/test_calculations.py::TestCapacityMetrics::test_epc_uniform_cwft
    PASS  tests/test_calculations.py::TestCapacityMetrics::test_epc_peaked_cwft_higher_for_peaky_load
    PASS  tests/test_calculations.py::TestCapacityMetrics::test_epc_reduction
    PASS  tests/test_calculations.py::TestCapacityMetrics::test_elcc_proxy_formula
    PASS  tests/test_calculations.py::TestCapacityMetrics::test_elcc_proxy_peaky_load
    PASS  tests/test_calculations.py::TestCapacityMetrics::test_cwft_sums_to_one
    PASS  tests/test_calculations.py::TestFindPeakWeek::test_finds_true_spike_outside_fixed_window
    PASS  tests/test_calculations.py::TestFindPeakWeek::test_window_stays_within_month_filter
    PASS  tests/test_calculations.py::TestFindPeakWeek::test_min_mode_finds_lowest_stress_window
    PASS  tests/test_calculations.py::TestFindPeakWeek::test_returns_none_when_no_window_fits
    PASS  tests/test_calculations.py::TestDispatchDrProgram::test_respects_hour_limit
    PASS  tests/test_calculations.py::TestDispatchDrProgram::test_respects_daily_limit
    PASS  tests/test_calculations.py::TestDispatchDrProgram::test_summer_only_season
    PASS  tests/test_calculations.py::TestDispatchDrProgram::test_reduction_capped_at_load
    PASS  tests/test_calculations.py::TestDispatchDrProgram::test_returns_correct_shapes
    PASS  tests/test_calculations.py::TestConfig::test_scenario_options_nonempty
    PASS  tests/test_calculations.py::TestConfig::test_scenario_descriptions_complete
    PASS  tests/test_calculations.py::TestConfig::test_planning_year_options
    PASS  tests/test_calculations.py::TestConfig::test_default_values_positive
    PASS  tests/test_calculations.py::TestConfig::test_grid_components_has_5
    PASS  tests/test_calculations.py::TestConfig::test_week_windows_valid
    PASS  tests/test_calculations.py::TestConfig::test_weather_sensitivity_function
    PASS  tests/test_calculations.py::TestConfig::test_custom_css_nonempty
    PASS  tests/test_calculations.py::TestConfig::test_financial_metric_card_html
    PASS  tests/test_calculations.py::TestVisualizations::test_weekly_overlay_returns_figure
    PASS  tests/test_calculations.py::TestVisualizations::test_weekly_load_and_temp_chart
    PASS  tests/test_calculations.py::TestVisualizations::test_weekly_grid_economics_chart
    PASS  tests/test_calculations.py::TestVisualizations::test_weekly_grid_economics_chart_signed_area_split
    PASS  tests/test_calculations.py::TestVisualizations::test_annual_avoided_cost_returns_figure
    PASS  tests/test_calculations.py::TestVisualizations::test_annual_avoided_cost_monthly_boxplot
    PASS  tests/test_calculations.py::TestVisualizations::test_annual_avoided_cost_boxplot_caps_yaxis_and_annotates_outliers
    PASS  tests/test_calculations.py::TestVisualizations::test_stacked_components_returns_figure
    PASS  tests/test_calculations.py::TestVisualizations::test_stacked_components_no_legend
    PASS  tests/test_calculations.py::TestVisualizations::test_winter_summer_comparison_shares_one_legend
    PASS  tests/test_calculations.py::TestVisualizations::test_winter_summer_comparison_y_range_caps_both_panels
    PASS  tests/test_calculations.py::TestVisualizations::test_cost_duration_chart_returns_figure
    PASS  tests/test_calculations.py::TestVisualizations::test_cost_duration_chart_change_matches_baseline_minus_proposed
    PASS  tests/test_calculations.py::TestVisualizations::test_hour_month_heatmap_returns_figure
    PASS  tests/test_calculations.py::TestVisualizations::test_hour_month_heatmap_colorbar_labels_good_and_bad
    PASS  tests/test_calculations.py::TestVisualizations::test_lifetime_npv_returns_figure
    PASS  tests/test_calculations.py::TestVisualizations::test_economic_balance_chart_returns_figure
    PASS  tests/test_calculations.py::TestVisualizations::test_two_sided_cost_effectiveness_chart_returns_figure
    PASS  tests/test_calculations.py::TestVisualizations::test_bubble_chart_handles_nan_load_defensively
    PASS  tests/test_calculations.py::TestIntegrationPipeline::test_grid_to_avoided_costs_column_contract
    PASS  tests/test_calculations.py::TestIntegrationPipeline::test_full_pipeline_grid_to_npv
    PASS  tests/test_calculations.py::TestIntegrationPipeline::test_dr_dispatch_feeds_into_billing
    PASS  tests/test_calculations.py::TestIntegrationPipeline::test_avoided_costs_feed_into_visualizations
    PASS  tests/test_calculations.py::TestIntegrationPipeline::test_config_defaults_work_with_calculations
    PASS  tests/test_calculations.py::TestLoadProfileIngestion::test_beopt_raw_file_parsing
    PASS  tests/test_calculations.py::TestLoadProfileIngestion::test_load_profiles_directory_scan
    PASS  tests/test_calculations.py::TestLoadProfileIngestion::test_excel_file_parsing
    PASS  tests/test_calculations.py::TestLoadProfileIngestion::test_missing_hour_is_interpolated_not_left_as_nan
    PASS  tests/test_calculations.py::TestLoadProfileIngestion::test_beopt_native_export_format_parsing
    PASS  tests/test_calculations.py::TestLoadProfileIngestion::test_beopt_battery_example_shows_charge_discharge_shift
    PASS  tests/test_calculations.py::TestCostEffectivenessTests::test_trc_and_pct_ratios
    PASS  tests/test_calculations.py::TestSoutheastUtilityCapacityEngine::test_regulated_fcr_bounds
    PASS  tests/test_calculations.py::TestSoutheastUtilityCapacityEngine::test_regulated_fcr_zero_tax
    PASS  tests/test_calculations.py::TestSoutheastUtilityCapacityEngine::test_ct_carrying_cost_gross_and_net
    PASS  tests/test_calculations.py::TestSoutheastUtilityCapacityEngine::test_southeast_dual_peak_cwf_sums_and_shape
    PASS  tests/test_calculations.py::TestSoutheastUtilityCapacityEngine::test_southeast_dual_peak_cwf_exceedance_with_load
    PASS  tests/test_calculations.py::TestSoutheastUtilityCapacityEngine::test_cwf_lolp_proxy
    PASS  tests/test_calculations.py::TestSoutheastUtilityCapacityEngine::test_cwf_top_n_uniform_and_exceedance
    PASS  tests/test_calculations.py::TestSoutheastUtilityCapacityEngine::test_cwf_peaker_rent
    PASS  tests/test_calculations.py::TestSoutheastUtilityCapacityEngine::test_feeder_pcaf_weights
    PASS  tests/test_calculations.py::TestSoutheastUtilityCapacityEngine::test_avoided_costs_decoupled_td_weights
    PASS  tests/test_calculations.py::TestSoutheastUtilityCapacityEngine::test_new_visualization_functions
    PASS  tests/test_calculations.py::TestSoutheastUtilityCapacityEngine::test_cwf_temperature_exceedance_sums_and_shape
    PASS  tests/test_calculations.py::TestSoutheastUtilityCapacityEngine::test_cwf_temperature_exceedance_colder_gets_more_weight
    PASS  tests/test_calculations.py::TestSoutheastUtilityCapacityEngine::test_cwf_temperature_exceedance_seasonal_split_and_fallback
    PASS  tests/test_cambium_downloader.py::TestCambiumDownloaderConfig::test_southeast_states_covered
    PASS  tests/test_cambium_downloader.py::TestCambiumDownloaderConfig::test_scenario_package_map_structure
    PASS  tests/test_cambium_downloader.py::TestRemoteZipReader::test_seek_and_tell
    PASS  tests/test_cambium_downloader.py::TestRemoteZipReader::test_invalid_whence
    PASS  tests/test_cambium_downloader.py::TestRemoteZipReader::test_read_boundary
    PASS  tests/test_cambium_downloader.py::TestMissingDataDetection::test_empty_directory_flags_all
    PASS  tests/test_cambium_downloader.py::TestMissingDataDetection::test_detected_file_reduces_missing
    PASS  tests/test_cambium_downloader.py::TestMissingDataDetection::test_pd_read_first_rows

======================================================================
  Test Run: 2026-09-24 16:05:13  |  Result: ALL PASSED
  98 tests: 98 passed, 0 failed
======================================================================
    PASS  tests/test_calculations.py::TestCalculateAvoidedCosts::test_output_columns_exist
    PASS  tests/test_calculations.py::TestCalculateAvoidedCosts::test_output_length_8760
    PASS  tests/test_calculations.py::TestCalculateAvoidedCosts::test_gen_capacity_formula
    PASS  tests/test_calculations.py::TestCalculateAvoidedCosts::test_transmission_uses_pcaf
    PASS  tests/test_calculations.py::TestCalculateAvoidedCosts::test_emissions_formula
    PASS  tests/test_calculations.py::TestCalculateAvoidedCosts::test_total_is_sum_of_components
    PASS  tests/test_calculations.py::TestCalculateAvoidedCosts::test_zero_scalars_only_energy
    PASS  tests/test_calculations.py::TestCalculateUrdbBill::test_flat_rate_constant_load
    PASS  tests/test_calculations.py::TestCalculateUrdbBill::test_flat_rate_monthly_proportionality
    PASS  tests/test_calculations.py::TestCalculateUrdbBill::test_zero_load_only_fixed
    PASS  tests/test_calculations.py::TestCalculateUrdbBill::test_demand_charge
    PASS  tests/test_calculations.py::TestCalculateUrdbBill::test_gp_r31_seasonal_tiers
    PASS  tests/test_calculations.py::TestCalculateUrdbBill::test_bill_increases_with_load
    PASS  tests/test_calculations.py::TestGetHourlyEnergyRate::test_flat_rate_constant_everywhere
    PASS  tests/test_calculations.py::TestGetHourlyEnergyRate::test_gp_r31_seasonal_rate_changes
    PASS  tests/test_calculations.py::TestGetHourlyEnergyRate::test_no_energy_structure_returns_zeros
    PASS  tests/test_calculations.py::TestNPVDiscounting::test_discount_factors_sum
    PASS  tests/test_calculations.py::TestNPVDiscounting::test_zero_discount_rate
    PASS  tests/test_calculations.py::TestNPVDiscounting::test_npv_known_answer
    PASS  tests/test_calculations.py::TestNPVDiscounting::test_rim_ratio_calculation
    PASS  tests/test_calculations.py::TestNPVDiscounting::test_rim_zero_lost_revenue
    PASS  tests/test_calculations.py::TestCapacityMetrics::test_epc_uniform_cwft
    PASS  tests/test_calculations.py::TestCapacityMetrics::test_epc_peaked_cwft_higher_for_peaky_load
    PASS  tests/test_calculations.py::TestCapacityMetrics::test_epc_reduction
    PASS  tests/test_calculations.py::TestCapacityMetrics::test_elcc_proxy_formula
    PASS  tests/test_calculations.py::TestCapacityMetrics::test_elcc_proxy_peaky_load
    PASS  tests/test_calculations.py::TestCapacityMetrics::test_cwft_sums_to_one
    PASS  tests/test_calculations.py::TestFindPeakWeek::test_finds_true_spike_outside_fixed_window
    PASS  tests/test_calculations.py::TestFindPeakWeek::test_window_stays_within_month_filter
    PASS  tests/test_calculations.py::TestFindPeakWeek::test_min_mode_finds_lowest_stress_window
    PASS  tests/test_calculations.py::TestFindPeakWeek::test_returns_none_when_no_window_fits
    PASS  tests/test_calculations.py::TestDispatchDrProgram::test_respects_hour_limit
    PASS  tests/test_calculations.py::TestDispatchDrProgram::test_respects_daily_limit
    PASS  tests/test_calculations.py::TestDispatchDrProgram::test_summer_only_season
    PASS  tests/test_calculations.py::TestDispatchDrProgram::test_reduction_capped_at_load
    PASS  tests/test_calculations.py::TestDispatchDrProgram::test_returns_correct_shapes
    PASS  tests/test_calculations.py::TestConfig::test_scenario_options_nonempty
    PASS  tests/test_calculations.py::TestConfig::test_scenario_descriptions_complete
    PASS  tests/test_calculations.py::TestConfig::test_planning_year_options
    PASS  tests/test_calculations.py::TestConfig::test_default_values_positive
    PASS  tests/test_calculations.py::TestConfig::test_grid_components_has_5
    PASS  tests/test_calculations.py::TestConfig::test_week_windows_valid
    PASS  tests/test_calculations.py::TestConfig::test_weather_sensitivity_function
    PASS  tests/test_calculations.py::TestConfig::test_custom_css_nonempty
    PASS  tests/test_calculations.py::TestConfig::test_financial_metric_card_html
    PASS  tests/test_calculations.py::TestVisualizations::test_weekly_overlay_returns_figure
    PASS  tests/test_calculations.py::TestVisualizations::test_weekly_load_and_temp_chart
    PASS  tests/test_calculations.py::TestVisualizations::test_weekly_grid_economics_chart
    PASS  tests/test_calculations.py::TestVisualizations::test_weekly_grid_economics_chart_signed_area_split
    PASS  tests/test_calculations.py::TestVisualizations::test_annual_avoided_cost_returns_figure
    PASS  tests/test_calculations.py::TestVisualizations::test_annual_avoided_cost_monthly_boxplot
    PASS  tests/test_calculations.py::TestVisualizations::test_annual_avoided_cost_boxplot_caps_yaxis_and_annotates_outliers
    PASS  tests/test_calculations.py::TestVisualizations::test_stacked_components_returns_figure
    PASS  tests/test_calculations.py::TestVisualizations::test_stacked_components_no_legend
    PASS  tests/test_calculations.py::TestVisualizations::test_winter_summer_comparison_shares_one_legend
    PASS  tests/test_calculations.py::TestVisualizations::test_winter_summer_comparison_y_range_caps_both_panels
    PASS  tests/test_calculations.py::TestVisualizations::test_cost_duration_chart_returns_figure
    PASS  tests/test_calculations.py::TestVisualizations::test_cost_duration_chart_change_matches_baseline_minus_proposed
    PASS  tests/test_calculations.py::TestVisualizations::test_hour_month_heatmap_returns_figure
    PASS  tests/test_calculations.py::TestVisualizations::test_hour_month_heatmap_colorbar_labels_good_and_bad
    PASS  tests/test_calculations.py::TestVisualizations::test_lifetime_npv_returns_figure
    PASS  tests/test_calculations.py::TestVisualizations::test_economic_balance_chart_returns_figure
    PASS  tests/test_calculations.py::TestVisualizations::test_two_sided_cost_effectiveness_chart_returns_figure
    PASS  tests/test_calculations.py::TestVisualizations::test_bubble_chart_handles_nan_load_defensively
    PASS  tests/test_calculations.py::TestIntegrationPipeline::test_grid_to_avoided_costs_column_contract
    PASS  tests/test_calculations.py::TestIntegrationPipeline::test_full_pipeline_grid_to_npv
    PASS  tests/test_calculations.py::TestIntegrationPipeline::test_dr_dispatch_feeds_into_billing
    PASS  tests/test_calculations.py::TestIntegrationPipeline::test_avoided_costs_feed_into_visualizations
    PASS  tests/test_calculations.py::TestIntegrationPipeline::test_config_defaults_work_with_calculations
    PASS  tests/test_calculations.py::TestLoadProfileIngestion::test_beopt_raw_file_parsing
    PASS  tests/test_calculations.py::TestLoadProfileIngestion::test_load_profiles_directory_scan
    PASS  tests/test_calculations.py::TestLoadProfileIngestion::test_excel_file_parsing
    PASS  tests/test_calculations.py::TestLoadProfileIngestion::test_missing_hour_is_interpolated_not_left_as_nan
    PASS  tests/test_calculations.py::TestLoadProfileIngestion::test_beopt_native_export_format_parsing
    PASS  tests/test_calculations.py::TestLoadProfileIngestion::test_beopt_battery_example_shows_charge_discharge_shift
    PASS  tests/test_calculations.py::TestCostEffectivenessTests::test_trc_and_pct_ratios
    PASS  tests/test_calculations.py::TestSoutheastUtilityCapacityEngine::test_regulated_fcr_bounds
    PASS  tests/test_calculations.py::TestSoutheastUtilityCapacityEngine::test_regulated_fcr_zero_tax
    PASS  tests/test_calculations.py::TestSoutheastUtilityCapacityEngine::test_ct_carrying_cost_gross_and_net
    PASS  tests/test_calculations.py::TestSoutheastUtilityCapacityEngine::test_southeast_dual_peak_cwf_sums_and_shape
    PASS  tests/test_calculations.py::TestSoutheastUtilityCapacityEngine::test_southeast_dual_peak_cwf_exceedance_with_load
    PASS  tests/test_calculations.py::TestSoutheastUtilityCapacityEngine::test_cwf_lolp_proxy
    PASS  tests/test_calculations.py::TestSoutheastUtilityCapacityEngine::test_cwf_top_n_uniform_and_exceedance
    PASS  tests/test_calculations.py::TestSoutheastUtilityCapacityEngine::test_cwf_peaker_rent
    PASS  tests/test_calculations.py::TestSoutheastUtilityCapacityEngine::test_feeder_pcaf_weights
    PASS  tests/test_calculations.py::TestSoutheastUtilityCapacityEngine::test_avoided_costs_decoupled_td_weights
    PASS  tests/test_calculations.py::TestSoutheastUtilityCapacityEngine::test_new_visualization_functions
    PASS  tests/test_calculations.py::TestSoutheastUtilityCapacityEngine::test_cwf_temperature_exceedance_sums_and_shape
    PASS  tests/test_calculations.py::TestSoutheastUtilityCapacityEngine::test_cwf_temperature_exceedance_colder_gets_more_weight
    PASS  tests/test_calculations.py::TestSoutheastUtilityCapacityEngine::test_cwf_temperature_exceedance_seasonal_split_and_fallback
    PASS  tests/test_cambium_downloader.py::TestCambiumDownloaderConfig::test_southeast_states_covered
    PASS  tests/test_cambium_downloader.py::TestCambiumDownloaderConfig::test_scenario_package_map_structure
    PASS  tests/test_cambium_downloader.py::TestRemoteZipReader::test_seek_and_tell
    PASS  tests/test_cambium_downloader.py::TestRemoteZipReader::test_invalid_whence
    PASS  tests/test_cambium_downloader.py::TestRemoteZipReader::test_read_boundary
    PASS  tests/test_cambium_downloader.py::TestMissingDataDetection::test_empty_directory_flags_all
    PASS  tests/test_cambium_downloader.py::TestMissingDataDetection::test_detected_file_reduces_missing
    PASS  tests/test_cambium_downloader.py::TestMissingDataDetection::test_pd_read_first_rows

======================================================================
  Test Run: 2026-09-24 15:53:10  |  Result: ALL PASSED
  100 tests: 100 passed, 0 failed
======================================================================
    PASS  tests/test_calculations.py::TestCalculateAvoidedCosts::test_output_columns_exist
    PASS  tests/test_calculations.py::TestCalculateAvoidedCosts::test_output_length_8760
    PASS  tests/test_calculations.py::TestCalculateAvoidedCosts::test_gen_capacity_formula
    PASS  tests/test_calculations.py::TestCalculateAvoidedCosts::test_transmission_uses_pcaf
    PASS  tests/test_calculations.py::TestCalculateAvoidedCosts::test_emissions_formula
    PASS  tests/test_calculations.py::TestCalculateAvoidedCosts::test_total_is_sum_of_components
    PASS  tests/test_calculations.py::TestCalculateAvoidedCosts::test_zero_scalars_only_energy
    PASS  tests/test_calculations.py::TestCalculateUrdbBill::test_flat_rate_constant_load
    PASS  tests/test_calculations.py::TestCalculateUrdbBill::test_flat_rate_monthly_proportionality
    PASS  tests/test_calculations.py::TestCalculateUrdbBill::test_zero_load_only_fixed
    PASS  tests/test_calculations.py::TestCalculateUrdbBill::test_demand_charge
    PASS  tests/test_calculations.py::TestCalculateUrdbBill::test_gp_r31_seasonal_tiers
    PASS  tests/test_calculations.py::TestCalculateUrdbBill::test_bill_increases_with_load
    PASS  tests/test_calculations.py::TestGetHourlyEnergyRate::test_flat_rate_constant_everywhere
    PASS  tests/test_calculations.py::TestGetHourlyEnergyRate::test_gp_r31_seasonal_rate_changes
    PASS  tests/test_calculations.py::TestGetHourlyEnergyRate::test_no_energy_structure_returns_zeros
    PASS  tests/test_calculations.py::TestNPVDiscounting::test_discount_factors_sum
    PASS  tests/test_calculations.py::TestNPVDiscounting::test_zero_discount_rate
    PASS  tests/test_calculations.py::TestNPVDiscounting::test_npv_known_answer
    PASS  tests/test_calculations.py::TestNPVDiscounting::test_rim_ratio_calculation
    PASS  tests/test_calculations.py::TestNPVDiscounting::test_rim_zero_lost_revenue
    PASS  tests/test_calculations.py::TestCapacityMetrics::test_epc_uniform_cwft
    PASS  tests/test_calculations.py::TestCapacityMetrics::test_epc_peaked_cwft_higher_for_peaky_load
    PASS  tests/test_calculations.py::TestCapacityMetrics::test_epc_reduction
    PASS  tests/test_calculations.py::TestCapacityMetrics::test_elcc_proxy_formula
    PASS  tests/test_calculations.py::TestCapacityMetrics::test_elcc_proxy_peaky_load
    PASS  tests/test_calculations.py::TestCapacityMetrics::test_cwft_sums_to_one
    PASS  tests/test_calculations.py::TestFindPeakWeek::test_finds_true_spike_outside_fixed_window
    PASS  tests/test_calculations.py::TestFindPeakWeek::test_window_stays_within_month_filter
    PASS  tests/test_calculations.py::TestFindPeakWeek::test_min_mode_finds_lowest_stress_window
    PASS  tests/test_calculations.py::TestFindPeakWeek::test_returns_none_when_no_window_fits
    PASS  tests/test_calculations.py::TestClassifyHitMiss::test_basic_quadrants
    PASS  tests/test_calculations.py::TestClassifyHitMiss::test_default_threshold_is_median
    PASS  tests/test_calculations.py::TestClassifyHitMiss::test_perfect_hit_rate
    PASS  tests/test_calculations.py::TestClassifyHitMiss::test_no_high_stress_hours_gives_nan_hit_rate
    PASS  tests/test_calculations.py::TestDispatchDrProgram::test_respects_hour_limit
    PASS  tests/test_calculations.py::TestDispatchDrProgram::test_respects_daily_limit
    PASS  tests/test_calculations.py::TestDispatchDrProgram::test_summer_only_season
    PASS  tests/test_calculations.py::TestDispatchDrProgram::test_reduction_capped_at_load
    PASS  tests/test_calculations.py::TestDispatchDrProgram::test_returns_correct_shapes
    PASS  tests/test_calculations.py::TestConfig::test_scenario_options_nonempty
    PASS  tests/test_calculations.py::TestConfig::test_scenario_descriptions_complete
    PASS  tests/test_calculations.py::TestConfig::test_planning_year_options
    PASS  tests/test_calculations.py::TestConfig::test_default_values_positive
    PASS  tests/test_calculations.py::TestConfig::test_grid_components_has_5
    PASS  tests/test_calculations.py::TestConfig::test_week_windows_valid
    PASS  tests/test_calculations.py::TestConfig::test_weather_sensitivity_function
    PASS  tests/test_calculations.py::TestConfig::test_custom_css_nonempty
    PASS  tests/test_calculations.py::TestConfig::test_financial_metric_card_html
    PASS  tests/test_calculations.py::TestVisualizations::test_weekly_overlay_returns_figure
    PASS  tests/test_calculations.py::TestVisualizations::test_weekly_load_and_temp_chart
    PASS  tests/test_calculations.py::TestVisualizations::test_weekly_grid_economics_chart
    PASS  tests/test_calculations.py::TestVisualizations::test_weekly_grid_economics_chart_signed_area_split
    PASS  tests/test_calculations.py::TestVisualizations::test_annual_avoided_cost_returns_figure
    PASS  tests/test_calculations.py::TestVisualizations::test_annual_avoided_cost_monthly_boxplot
    PASS  tests/test_calculations.py::TestVisualizations::test_annual_avoided_cost_boxplot_caps_yaxis_and_annotates_outliers
    PASS  tests/test_calculations.py::TestVisualizations::test_stacked_components_returns_figure
    PASS  tests/test_calculations.py::TestVisualizations::test_stacked_components_no_legend
    PASS  tests/test_calculations.py::TestVisualizations::test_winter_summer_comparison_shares_one_legend
    PASS  tests/test_calculations.py::TestVisualizations::test_winter_summer_comparison_y_range_caps_both_panels
    PASS  tests/test_calculations.py::TestVisualizations::test_hit_miss_quadrant_chart_returns_figure
    PASS  tests/test_calculations.py::TestVisualizations::test_hour_month_heatmap_returns_figure
    PASS  tests/test_calculations.py::TestVisualizations::test_lifetime_npv_returns_figure
    PASS  tests/test_calculations.py::TestVisualizations::test_economic_balance_chart_returns_figure
    PASS  tests/test_calculations.py::TestVisualizations::test_two_sided_cost_effectiveness_chart_returns_figure
    PASS  tests/test_calculations.py::TestVisualizations::test_bubble_chart_handles_nan_load_defensively
    PASS  tests/test_calculations.py::TestIntegrationPipeline::test_grid_to_avoided_costs_column_contract
    PASS  tests/test_calculations.py::TestIntegrationPipeline::test_full_pipeline_grid_to_npv
    PASS  tests/test_calculations.py::TestIntegrationPipeline::test_dr_dispatch_feeds_into_billing
    PASS  tests/test_calculations.py::TestIntegrationPipeline::test_avoided_costs_feed_into_visualizations
    PASS  tests/test_calculations.py::TestIntegrationPipeline::test_config_defaults_work_with_calculations
    PASS  tests/test_calculations.py::TestLoadProfileIngestion::test_beopt_raw_file_parsing
    PASS  tests/test_calculations.py::TestLoadProfileIngestion::test_load_profiles_directory_scan
    PASS  tests/test_calculations.py::TestLoadProfileIngestion::test_excel_file_parsing
    PASS  tests/test_calculations.py::TestLoadProfileIngestion::test_missing_hour_is_interpolated_not_left_as_nan
    PASS  tests/test_calculations.py::TestLoadProfileIngestion::test_beopt_native_export_format_parsing
    PASS  tests/test_calculations.py::TestLoadProfileIngestion::test_beopt_battery_example_shows_charge_discharge_shift
    PASS  tests/test_calculations.py::TestCostEffectivenessTests::test_trc_and_pct_ratios
    PASS  tests/test_calculations.py::TestSoutheastUtilityCapacityEngine::test_regulated_fcr_bounds
    PASS  tests/test_calculations.py::TestSoutheastUtilityCapacityEngine::test_regulated_fcr_zero_tax
    PASS  tests/test_calculations.py::TestSoutheastUtilityCapacityEngine::test_ct_carrying_cost_gross_and_net
    PASS  tests/test_calculations.py::TestSoutheastUtilityCapacityEngine::test_southeast_dual_peak_cwf_sums_and_shape
    PASS  tests/test_calculations.py::TestSoutheastUtilityCapacityEngine::test_southeast_dual_peak_cwf_exceedance_with_load
    PASS  tests/test_calculations.py::TestSoutheastUtilityCapacityEngine::test_cwf_lolp_proxy
    PASS  tests/test_calculations.py::TestSoutheastUtilityCapacityEngine::test_cwf_top_n_uniform_and_exceedance
    PASS  tests/test_calculations.py::TestSoutheastUtilityCapacityEngine::test_cwf_peaker_rent
    PASS  tests/test_calculations.py::TestSoutheastUtilityCapacityEngine::test_feeder_pcaf_weights
    PASS  tests/test_calculations.py::TestSoutheastUtilityCapacityEngine::test_avoided_costs_decoupled_td_weights
    PASS  tests/test_calculations.py::TestSoutheastUtilityCapacityEngine::test_new_visualization_functions
    PASS  tests/test_calculations.py::TestSoutheastUtilityCapacityEngine::test_cwf_temperature_exceedance_sums_and_shape
    PASS  tests/test_calculations.py::TestSoutheastUtilityCapacityEngine::test_cwf_temperature_exceedance_colder_gets_more_weight
    PASS  tests/test_calculations.py::TestSoutheastUtilityCapacityEngine::test_cwf_temperature_exceedance_seasonal_split_and_fallback
    PASS  tests/test_cambium_downloader.py::TestCambiumDownloaderConfig::test_southeast_states_covered
    PASS  tests/test_cambium_downloader.py::TestCambiumDownloaderConfig::test_scenario_package_map_structure
    PASS  tests/test_cambium_downloader.py::TestRemoteZipReader::test_seek_and_tell
    PASS  tests/test_cambium_downloader.py::TestRemoteZipReader::test_invalid_whence
    PASS  tests/test_cambium_downloader.py::TestRemoteZipReader::test_read_boundary
    PASS  tests/test_cambium_downloader.py::TestMissingDataDetection::test_empty_directory_flags_all
    PASS  tests/test_cambium_downloader.py::TestMissingDataDetection::test_detected_file_reduces_missing
    PASS  tests/test_cambium_downloader.py::TestMissingDataDetection::test_pd_read_first_rows

======================================================================
  Test Run: 2026-09-24 15:52:58  |  Result: FAILURES
  100 tests: 99 passed, 1 failed
======================================================================
    PASS  tests/test_calculations.py::TestCalculateAvoidedCosts::test_output_columns_exist
    PASS  tests/test_calculations.py::TestCalculateAvoidedCosts::test_output_length_8760
    PASS  tests/test_calculations.py::TestCalculateAvoidedCosts::test_gen_capacity_formula
    PASS  tests/test_calculations.py::TestCalculateAvoidedCosts::test_transmission_uses_pcaf
    PASS  tests/test_calculations.py::TestCalculateAvoidedCosts::test_emissions_formula
    PASS  tests/test_calculations.py::TestCalculateAvoidedCosts::test_total_is_sum_of_components
    PASS  tests/test_calculations.py::TestCalculateAvoidedCosts::test_zero_scalars_only_energy
    PASS  tests/test_calculations.py::TestCalculateUrdbBill::test_flat_rate_constant_load
    PASS  tests/test_calculations.py::TestCalculateUrdbBill::test_flat_rate_monthly_proportionality
    PASS  tests/test_calculations.py::TestCalculateUrdbBill::test_zero_load_only_fixed
    PASS  tests/test_calculations.py::TestCalculateUrdbBill::test_demand_charge
    PASS  tests/test_calculations.py::TestCalculateUrdbBill::test_gp_r31_seasonal_tiers
    PASS  tests/test_calculations.py::TestCalculateUrdbBill::test_bill_increases_with_load
    PASS  tests/test_calculations.py::TestGetHourlyEnergyRate::test_flat_rate_constant_everywhere
    PASS  tests/test_calculations.py::TestGetHourlyEnergyRate::test_gp_r31_seasonal_rate_changes
    PASS  tests/test_calculations.py::TestGetHourlyEnergyRate::test_no_energy_structure_returns_zeros
    PASS  tests/test_calculations.py::TestNPVDiscounting::test_discount_factors_sum
    PASS  tests/test_calculations.py::TestNPVDiscounting::test_zero_discount_rate
    PASS  tests/test_calculations.py::TestNPVDiscounting::test_npv_known_answer
    PASS  tests/test_calculations.py::TestNPVDiscounting::test_rim_ratio_calculation
    PASS  tests/test_calculations.py::TestNPVDiscounting::test_rim_zero_lost_revenue
    PASS  tests/test_calculations.py::TestCapacityMetrics::test_epc_uniform_cwft
    PASS  tests/test_calculations.py::TestCapacityMetrics::test_epc_peaked_cwft_higher_for_peaky_load
    PASS  tests/test_calculations.py::TestCapacityMetrics::test_epc_reduction
    PASS  tests/test_calculations.py::TestCapacityMetrics::test_elcc_proxy_formula
    PASS  tests/test_calculations.py::TestCapacityMetrics::test_elcc_proxy_peaky_load
    PASS  tests/test_calculations.py::TestCapacityMetrics::test_cwft_sums_to_one
    PASS  tests/test_calculations.py::TestFindPeakWeek::test_finds_true_spike_outside_fixed_window
    PASS  tests/test_calculations.py::TestFindPeakWeek::test_window_stays_within_month_filter
    PASS  tests/test_calculations.py::TestFindPeakWeek::test_min_mode_finds_lowest_stress_window
    PASS  tests/test_calculations.py::TestFindPeakWeek::test_returns_none_when_no_window_fits
    PASS  tests/test_calculations.py::TestClassifyHitMiss::test_basic_quadrants
    PASS  tests/test_calculations.py::TestClassifyHitMiss::test_default_threshold_is_median
    PASS  tests/test_calculations.py::TestClassifyHitMiss::test_perfect_hit_rate
    PASS  tests/test_calculations.py::TestClassifyHitMiss::test_no_high_stress_hours_gives_nan_hit_rate
    PASS  tests/test_calculations.py::TestDispatchDrProgram::test_respects_hour_limit
    PASS  tests/test_calculations.py::TestDispatchDrProgram::test_respects_daily_limit
    PASS  tests/test_calculations.py::TestDispatchDrProgram::test_summer_only_season
    PASS  tests/test_calculations.py::TestDispatchDrProgram::test_reduction_capped_at_load
    PASS  tests/test_calculations.py::TestDispatchDrProgram::test_returns_correct_shapes
    PASS  tests/test_calculations.py::TestConfig::test_scenario_options_nonempty
    PASS  tests/test_calculations.py::TestConfig::test_scenario_descriptions_complete
    PASS  tests/test_calculations.py::TestConfig::test_planning_year_options
    PASS  tests/test_calculations.py::TestConfig::test_default_values_positive
    PASS  tests/test_calculations.py::TestConfig::test_grid_components_has_5
    PASS  tests/test_calculations.py::TestConfig::test_week_windows_valid
    PASS  tests/test_calculations.py::TestConfig::test_weather_sensitivity_function
    PASS  tests/test_calculations.py::TestConfig::test_custom_css_nonempty
    PASS  tests/test_calculations.py::TestConfig::test_financial_metric_card_html
    PASS  tests/test_calculations.py::TestVisualizations::test_weekly_overlay_returns_figure
    PASS  tests/test_calculations.py::TestVisualizations::test_weekly_load_and_temp_chart
    PASS  tests/test_calculations.py::TestVisualizations::test_weekly_grid_economics_chart
    PASS  tests/test_calculations.py::TestVisualizations::test_weekly_grid_economics_chart_signed_area_split
    PASS  tests/test_calculations.py::TestVisualizations::test_annual_avoided_cost_returns_figure
    PASS  tests/test_calculations.py::TestVisualizations::test_annual_avoided_cost_monthly_boxplot
    PASS  tests/test_calculations.py::TestVisualizations::test_annual_avoided_cost_boxplot_caps_yaxis_and_annotates_outliers
    PASS  tests/test_calculations.py::TestVisualizations::test_stacked_components_returns_figure
    PASS  tests/test_calculations.py::TestVisualizations::test_stacked_components_no_legend
    PASS  tests/test_calculations.py::TestVisualizations::test_winter_summer_comparison_shares_one_legend
    PASS  tests/test_calculations.py::TestVisualizations::test_winter_summer_comparison_y_range_caps_both_panels
    FAIL  tests/test_calculations.py::TestVisualizations::test_hit_miss_quadrant_chart_returns_figure
    PASS  tests/test_calculations.py::TestVisualizations::test_hour_month_heatmap_returns_figure
    PASS  tests/test_calculations.py::TestVisualizations::test_lifetime_npv_returns_figure
    PASS  tests/test_calculations.py::TestVisualizations::test_economic_balance_chart_returns_figure
    PASS  tests/test_calculations.py::TestVisualizations::test_two_sided_cost_effectiveness_chart_returns_figure
    PASS  tests/test_calculations.py::TestVisualizations::test_bubble_chart_handles_nan_load_defensively
    PASS  tests/test_calculations.py::TestIntegrationPipeline::test_grid_to_avoided_costs_column_contract
    PASS  tests/test_calculations.py::TestIntegrationPipeline::test_full_pipeline_grid_to_npv
    PASS  tests/test_calculations.py::TestIntegrationPipeline::test_dr_dispatch_feeds_into_billing
    PASS  tests/test_calculations.py::TestIntegrationPipeline::test_avoided_costs_feed_into_visualizations
    PASS  tests/test_calculations.py::TestIntegrationPipeline::test_config_defaults_work_with_calculations
    PASS  tests/test_calculations.py::TestLoadProfileIngestion::test_beopt_raw_file_parsing
    PASS  tests/test_calculations.py::TestLoadProfileIngestion::test_load_profiles_directory_scan
    PASS  tests/test_calculations.py::TestLoadProfileIngestion::test_excel_file_parsing
    PASS  tests/test_calculations.py::TestLoadProfileIngestion::test_missing_hour_is_interpolated_not_left_as_nan
    PASS  tests/test_calculations.py::TestLoadProfileIngestion::test_beopt_native_export_format_parsing
    PASS  tests/test_calculations.py::TestLoadProfileIngestion::test_beopt_battery_example_shows_charge_discharge_shift
    PASS  tests/test_calculations.py::TestCostEffectivenessTests::test_trc_and_pct_ratios
    PASS  tests/test_calculations.py::TestSoutheastUtilityCapacityEngine::test_regulated_fcr_bounds
    PASS  tests/test_calculations.py::TestSoutheastUtilityCapacityEngine::test_regulated_fcr_zero_tax
    PASS  tests/test_calculations.py::TestSoutheastUtilityCapacityEngine::test_ct_carrying_cost_gross_and_net
    PASS  tests/test_calculations.py::TestSoutheastUtilityCapacityEngine::test_southeast_dual_peak_cwf_sums_and_shape
    PASS  tests/test_calculations.py::TestSoutheastUtilityCapacityEngine::test_southeast_dual_peak_cwf_exceedance_with_load
    PASS  tests/test_calculations.py::TestSoutheastUtilityCapacityEngine::test_cwf_lolp_proxy
    PASS  tests/test_calculations.py::TestSoutheastUtilityCapacityEngine::test_cwf_top_n_uniform_and_exceedance
    PASS  tests/test_calculations.py::TestSoutheastUtilityCapacityEngine::test_cwf_peaker_rent
    PASS  tests/test_calculations.py::TestSoutheastUtilityCapacityEngine::test_feeder_pcaf_weights
    PASS  tests/test_calculations.py::TestSoutheastUtilityCapacityEngine::test_avoided_costs_decoupled_td_weights
    PASS  tests/test_calculations.py::TestSoutheastUtilityCapacityEngine::test_new_visualization_functions
    PASS  tests/test_calculations.py::TestSoutheastUtilityCapacityEngine::test_cwf_temperature_exceedance_sums_and_shape
    PASS  tests/test_calculations.py::TestSoutheastUtilityCapacityEngine::test_cwf_temperature_exceedance_colder_gets_more_weight
    PASS  tests/test_calculations.py::TestSoutheastUtilityCapacityEngine::test_cwf_temperature_exceedance_seasonal_split_and_fallback
    PASS  tests/test_cambium_downloader.py::TestCambiumDownloaderConfig::test_southeast_states_covered
    PASS  tests/test_cambium_downloader.py::TestCambiumDownloaderConfig::test_scenario_package_map_structure
    PASS  tests/test_cambium_downloader.py::TestRemoteZipReader::test_seek_and_tell
    PASS  tests/test_cambium_downloader.py::TestRemoteZipReader::test_invalid_whence
    PASS  tests/test_cambium_downloader.py::TestRemoteZipReader::test_read_boundary
    PASS  tests/test_cambium_downloader.py::TestMissingDataDetection::test_empty_directory_flags_all
    PASS  tests/test_cambium_downloader.py::TestMissingDataDetection::test_detected_file_reduces_missing
    PASS  tests/test_cambium_downloader.py::TestMissingDataDetection::test_pd_read_first_rows

======================================================================
  Test Run: 2026-09-24 15:52:36  |  Result: ALL PASSED
  98 tests: 98 passed, 0 failed
======================================================================
    PASS  tests/test_calculations.py::TestCalculateAvoidedCosts::test_output_columns_exist
    PASS  tests/test_calculations.py::TestCalculateAvoidedCosts::test_output_length_8760
    PASS  tests/test_calculations.py::TestCalculateAvoidedCosts::test_gen_capacity_formula
    PASS  tests/test_calculations.py::TestCalculateAvoidedCosts::test_transmission_uses_pcaf
    PASS  tests/test_calculations.py::TestCalculateAvoidedCosts::test_emissions_formula
    PASS  tests/test_calculations.py::TestCalculateAvoidedCosts::test_total_is_sum_of_components
    PASS  tests/test_calculations.py::TestCalculateAvoidedCosts::test_zero_scalars_only_energy
    PASS  tests/test_calculations.py::TestCalculateUrdbBill::test_flat_rate_constant_load
    PASS  tests/test_calculations.py::TestCalculateUrdbBill::test_flat_rate_monthly_proportionality
    PASS  tests/test_calculations.py::TestCalculateUrdbBill::test_zero_load_only_fixed
    PASS  tests/test_calculations.py::TestCalculateUrdbBill::test_demand_charge
    PASS  tests/test_calculations.py::TestCalculateUrdbBill::test_gp_r31_seasonal_tiers
    PASS  tests/test_calculations.py::TestCalculateUrdbBill::test_bill_increases_with_load
    PASS  tests/test_calculations.py::TestGetHourlyEnergyRate::test_flat_rate_constant_everywhere
    PASS  tests/test_calculations.py::TestGetHourlyEnergyRate::test_gp_r31_seasonal_rate_changes
    PASS  tests/test_calculations.py::TestGetHourlyEnergyRate::test_no_energy_structure_returns_zeros
    PASS  tests/test_calculations.py::TestNPVDiscounting::test_discount_factors_sum
    PASS  tests/test_calculations.py::TestNPVDiscounting::test_zero_discount_rate
    PASS  tests/test_calculations.py::TestNPVDiscounting::test_npv_known_answer
    PASS  tests/test_calculations.py::TestNPVDiscounting::test_rim_ratio_calculation
    PASS  tests/test_calculations.py::TestNPVDiscounting::test_rim_zero_lost_revenue
    PASS  tests/test_calculations.py::TestCapacityMetrics::test_epc_uniform_cwft
    PASS  tests/test_calculations.py::TestCapacityMetrics::test_epc_peaked_cwft_higher_for_peaky_load
    PASS  tests/test_calculations.py::TestCapacityMetrics::test_epc_reduction
    PASS  tests/test_calculations.py::TestCapacityMetrics::test_elcc_proxy_formula
    PASS  tests/test_calculations.py::TestCapacityMetrics::test_elcc_proxy_peaky_load
    PASS  tests/test_calculations.py::TestCapacityMetrics::test_cwft_sums_to_one
    PASS  tests/test_calculations.py::TestFindPeakWeek::test_finds_true_spike_outside_fixed_window
    PASS  tests/test_calculations.py::TestFindPeakWeek::test_window_stays_within_month_filter
    PASS  tests/test_calculations.py::TestFindPeakWeek::test_min_mode_finds_lowest_stress_window
    PASS  tests/test_calculations.py::TestFindPeakWeek::test_returns_none_when_no_window_fits
    PASS  tests/test_calculations.py::TestClassifyHitMiss::test_basic_quadrants
    PASS  tests/test_calculations.py::TestClassifyHitMiss::test_default_threshold_is_median
    PASS  tests/test_calculations.py::TestClassifyHitMiss::test_perfect_hit_rate
    PASS  tests/test_calculations.py::TestClassifyHitMiss::test_no_high_stress_hours_gives_nan_hit_rate
    PASS  tests/test_calculations.py::TestDispatchDrProgram::test_respects_hour_limit
    PASS  tests/test_calculations.py::TestDispatchDrProgram::test_respects_daily_limit
    PASS  tests/test_calculations.py::TestDispatchDrProgram::test_summer_only_season
    PASS  tests/test_calculations.py::TestDispatchDrProgram::test_reduction_capped_at_load
    PASS  tests/test_calculations.py::TestDispatchDrProgram::test_returns_correct_shapes
    PASS  tests/test_calculations.py::TestConfig::test_scenario_options_nonempty
    PASS  tests/test_calculations.py::TestConfig::test_scenario_descriptions_complete
    PASS  tests/test_calculations.py::TestConfig::test_planning_year_options
    PASS  tests/test_calculations.py::TestConfig::test_default_values_positive
    PASS  tests/test_calculations.py::TestConfig::test_grid_components_has_5
    PASS  tests/test_calculations.py::TestConfig::test_week_windows_valid
    PASS  tests/test_calculations.py::TestConfig::test_weather_sensitivity_function
    PASS  tests/test_calculations.py::TestConfig::test_custom_css_nonempty
    PASS  tests/test_calculations.py::TestConfig::test_financial_metric_card_html
    PASS  tests/test_calculations.py::TestVisualizations::test_weekly_overlay_returns_figure
    PASS  tests/test_calculations.py::TestVisualizations::test_weekly_load_and_temp_chart
    PASS  tests/test_calculations.py::TestVisualizations::test_weekly_grid_economics_chart
    PASS  tests/test_calculations.py::TestVisualizations::test_weekly_grid_economics_chart_signed_area_split
    PASS  tests/test_calculations.py::TestVisualizations::test_annual_avoided_cost_returns_figure
    PASS  tests/test_calculations.py::TestVisualizations::test_annual_avoided_cost_monthly_boxplot
    PASS  tests/test_calculations.py::TestVisualizations::test_annual_avoided_cost_boxplot_caps_yaxis_and_annotates_outliers
    PASS  tests/test_calculations.py::TestVisualizations::test_stacked_components_returns_figure
    PASS  tests/test_calculations.py::TestVisualizations::test_stacked_components_no_legend
    PASS  tests/test_calculations.py::TestVisualizations::test_winter_summer_comparison_shares_one_legend
    PASS  tests/test_calculations.py::TestVisualizations::test_winter_summer_comparison_y_range_caps_both_panels
    PASS  tests/test_calculations.py::TestVisualizations::test_lifetime_npv_returns_figure
    PASS  tests/test_calculations.py::TestVisualizations::test_economic_balance_chart_returns_figure
    PASS  tests/test_calculations.py::TestVisualizations::test_two_sided_cost_effectiveness_chart_returns_figure
    PASS  tests/test_calculations.py::TestVisualizations::test_bubble_chart_handles_nan_load_defensively
    PASS  tests/test_calculations.py::TestIntegrationPipeline::test_grid_to_avoided_costs_column_contract
    PASS  tests/test_calculations.py::TestIntegrationPipeline::test_full_pipeline_grid_to_npv
    PASS  tests/test_calculations.py::TestIntegrationPipeline::test_dr_dispatch_feeds_into_billing
    PASS  tests/test_calculations.py::TestIntegrationPipeline::test_avoided_costs_feed_into_visualizations
    PASS  tests/test_calculations.py::TestIntegrationPipeline::test_config_defaults_work_with_calculations
    PASS  tests/test_calculations.py::TestLoadProfileIngestion::test_beopt_raw_file_parsing
    PASS  tests/test_calculations.py::TestLoadProfileIngestion::test_load_profiles_directory_scan
    PASS  tests/test_calculations.py::TestLoadProfileIngestion::test_excel_file_parsing
    PASS  tests/test_calculations.py::TestLoadProfileIngestion::test_missing_hour_is_interpolated_not_left_as_nan
    PASS  tests/test_calculations.py::TestLoadProfileIngestion::test_beopt_native_export_format_parsing
    PASS  tests/test_calculations.py::TestLoadProfileIngestion::test_beopt_battery_example_shows_charge_discharge_shift
    PASS  tests/test_calculations.py::TestCostEffectivenessTests::test_trc_and_pct_ratios
    PASS  tests/test_calculations.py::TestSoutheastUtilityCapacityEngine::test_regulated_fcr_bounds
    PASS  tests/test_calculations.py::TestSoutheastUtilityCapacityEngine::test_regulated_fcr_zero_tax
    PASS  tests/test_calculations.py::TestSoutheastUtilityCapacityEngine::test_ct_carrying_cost_gross_and_net
    PASS  tests/test_calculations.py::TestSoutheastUtilityCapacityEngine::test_southeast_dual_peak_cwf_sums_and_shape
    PASS  tests/test_calculations.py::TestSoutheastUtilityCapacityEngine::test_southeast_dual_peak_cwf_exceedance_with_load
    PASS  tests/test_calculations.py::TestSoutheastUtilityCapacityEngine::test_cwf_lolp_proxy
    PASS  tests/test_calculations.py::TestSoutheastUtilityCapacityEngine::test_cwf_top_n_uniform_and_exceedance
    PASS  tests/test_calculations.py::TestSoutheastUtilityCapacityEngine::test_cwf_peaker_rent
    PASS  tests/test_calculations.py::TestSoutheastUtilityCapacityEngine::test_feeder_pcaf_weights
    PASS  tests/test_calculations.py::TestSoutheastUtilityCapacityEngine::test_avoided_costs_decoupled_td_weights
    PASS  tests/test_calculations.py::TestSoutheastUtilityCapacityEngine::test_new_visualization_functions
    PASS  tests/test_calculations.py::TestSoutheastUtilityCapacityEngine::test_cwf_temperature_exceedance_sums_and_shape
    PASS  tests/test_calculations.py::TestSoutheastUtilityCapacityEngine::test_cwf_temperature_exceedance_colder_gets_more_weight
    PASS  tests/test_calculations.py::TestSoutheastUtilityCapacityEngine::test_cwf_temperature_exceedance_seasonal_split_and_fallback
    PASS  tests/test_cambium_downloader.py::TestCambiumDownloaderConfig::test_southeast_states_covered
    PASS  tests/test_cambium_downloader.py::TestCambiumDownloaderConfig::test_scenario_package_map_structure
    PASS  tests/test_cambium_downloader.py::TestRemoteZipReader::test_seek_and_tell
    PASS  tests/test_cambium_downloader.py::TestRemoteZipReader::test_invalid_whence
    PASS  tests/test_cambium_downloader.py::TestRemoteZipReader::test_read_boundary
    PASS  tests/test_cambium_downloader.py::TestMissingDataDetection::test_empty_directory_flags_all
    PASS  tests/test_cambium_downloader.py::TestMissingDataDetection::test_detected_file_reduces_missing
    PASS  tests/test_cambium_downloader.py::TestMissingDataDetection::test_pd_read_first_rows

======================================================================
  Test Run: 2026-09-24 15:48:13  |  Result: ALL PASSED
  4 tests: 4 passed, 0 failed
======================================================================
    PASS  tests/test_calculations.py::TestClassifyHitMiss::test_basic_quadrants
    PASS  tests/test_calculations.py::TestClassifyHitMiss::test_default_threshold_is_median
    PASS  tests/test_calculations.py::TestClassifyHitMiss::test_perfect_hit_rate
    PASS  tests/test_calculations.py::TestClassifyHitMiss::test_no_high_stress_hours_gives_nan_hit_rate

======================================================================
  Test Run: 2026-09-24 15:34:27  |  Result: ALL PASSED
  94 tests: 94 passed, 0 failed
======================================================================
    PASS  tests/test_calculations.py::TestCalculateAvoidedCosts::test_output_columns_exist
    PASS  tests/test_calculations.py::TestCalculateAvoidedCosts::test_output_length_8760
    PASS  tests/test_calculations.py::TestCalculateAvoidedCosts::test_gen_capacity_formula
    PASS  tests/test_calculations.py::TestCalculateAvoidedCosts::test_transmission_uses_pcaf
    PASS  tests/test_calculations.py::TestCalculateAvoidedCosts::test_emissions_formula
    PASS  tests/test_calculations.py::TestCalculateAvoidedCosts::test_total_is_sum_of_components
    PASS  tests/test_calculations.py::TestCalculateAvoidedCosts::test_zero_scalars_only_energy
    PASS  tests/test_calculations.py::TestCalculateUrdbBill::test_flat_rate_constant_load
    PASS  tests/test_calculations.py::TestCalculateUrdbBill::test_flat_rate_monthly_proportionality
    PASS  tests/test_calculations.py::TestCalculateUrdbBill::test_zero_load_only_fixed
    PASS  tests/test_calculations.py::TestCalculateUrdbBill::test_demand_charge
    PASS  tests/test_calculations.py::TestCalculateUrdbBill::test_gp_r31_seasonal_tiers
    PASS  tests/test_calculations.py::TestCalculateUrdbBill::test_bill_increases_with_load
    PASS  tests/test_calculations.py::TestGetHourlyEnergyRate::test_flat_rate_constant_everywhere
    PASS  tests/test_calculations.py::TestGetHourlyEnergyRate::test_gp_r31_seasonal_rate_changes
    PASS  tests/test_calculations.py::TestGetHourlyEnergyRate::test_no_energy_structure_returns_zeros
    PASS  tests/test_calculations.py::TestNPVDiscounting::test_discount_factors_sum
    PASS  tests/test_calculations.py::TestNPVDiscounting::test_zero_discount_rate
    PASS  tests/test_calculations.py::TestNPVDiscounting::test_npv_known_answer
    PASS  tests/test_calculations.py::TestNPVDiscounting::test_rim_ratio_calculation
    PASS  tests/test_calculations.py::TestNPVDiscounting::test_rim_zero_lost_revenue
    PASS  tests/test_calculations.py::TestCapacityMetrics::test_epc_uniform_cwft
    PASS  tests/test_calculations.py::TestCapacityMetrics::test_epc_peaked_cwft_higher_for_peaky_load
    PASS  tests/test_calculations.py::TestCapacityMetrics::test_epc_reduction
    PASS  tests/test_calculations.py::TestCapacityMetrics::test_elcc_proxy_formula
    PASS  tests/test_calculations.py::TestCapacityMetrics::test_elcc_proxy_peaky_load
    PASS  tests/test_calculations.py::TestCapacityMetrics::test_cwft_sums_to_one
    PASS  tests/test_calculations.py::TestFindPeakWeek::test_finds_true_spike_outside_fixed_window
    PASS  tests/test_calculations.py::TestFindPeakWeek::test_window_stays_within_month_filter
    PASS  tests/test_calculations.py::TestFindPeakWeek::test_min_mode_finds_lowest_stress_window
    PASS  tests/test_calculations.py::TestFindPeakWeek::test_returns_none_when_no_window_fits
    PASS  tests/test_calculations.py::TestDispatchDrProgram::test_respects_hour_limit
    PASS  tests/test_calculations.py::TestDispatchDrProgram::test_respects_daily_limit
    PASS  tests/test_calculations.py::TestDispatchDrProgram::test_summer_only_season
    PASS  tests/test_calculations.py::TestDispatchDrProgram::test_reduction_capped_at_load
    PASS  tests/test_calculations.py::TestDispatchDrProgram::test_returns_correct_shapes
    PASS  tests/test_calculations.py::TestConfig::test_scenario_options_nonempty
    PASS  tests/test_calculations.py::TestConfig::test_scenario_descriptions_complete
    PASS  tests/test_calculations.py::TestConfig::test_planning_year_options
    PASS  tests/test_calculations.py::TestConfig::test_default_values_positive
    PASS  tests/test_calculations.py::TestConfig::test_grid_components_has_5
    PASS  tests/test_calculations.py::TestConfig::test_week_windows_valid
    PASS  tests/test_calculations.py::TestConfig::test_weather_sensitivity_function
    PASS  tests/test_calculations.py::TestConfig::test_custom_css_nonempty
    PASS  tests/test_calculations.py::TestConfig::test_financial_metric_card_html
    PASS  tests/test_calculations.py::TestVisualizations::test_weekly_overlay_returns_figure
    PASS  tests/test_calculations.py::TestVisualizations::test_weekly_load_and_temp_chart
    PASS  tests/test_calculations.py::TestVisualizations::test_weekly_grid_economics_chart
    PASS  tests/test_calculations.py::TestVisualizations::test_weekly_grid_economics_chart_signed_area_split
    PASS  tests/test_calculations.py::TestVisualizations::test_annual_avoided_cost_returns_figure
    PASS  tests/test_calculations.py::TestVisualizations::test_annual_avoided_cost_monthly_boxplot
    PASS  tests/test_calculations.py::TestVisualizations::test_annual_avoided_cost_boxplot_caps_yaxis_and_annotates_outliers
    PASS  tests/test_calculations.py::TestVisualizations::test_stacked_components_returns_figure
    PASS  tests/test_calculations.py::TestVisualizations::test_stacked_components_no_legend
    PASS  tests/test_calculations.py::TestVisualizations::test_winter_summer_comparison_shares_one_legend
    PASS  tests/test_calculations.py::TestVisualizations::test_winter_summer_comparison_y_range_caps_both_panels
    PASS  tests/test_calculations.py::TestVisualizations::test_lifetime_npv_returns_figure
    PASS  tests/test_calculations.py::TestVisualizations::test_economic_balance_chart_returns_figure
    PASS  tests/test_calculations.py::TestVisualizations::test_two_sided_cost_effectiveness_chart_returns_figure
    PASS  tests/test_calculations.py::TestVisualizations::test_bubble_chart_handles_nan_load_defensively
    PASS  tests/test_calculations.py::TestIntegrationPipeline::test_grid_to_avoided_costs_column_contract
    PASS  tests/test_calculations.py::TestIntegrationPipeline::test_full_pipeline_grid_to_npv
    PASS  tests/test_calculations.py::TestIntegrationPipeline::test_dr_dispatch_feeds_into_billing
    PASS  tests/test_calculations.py::TestIntegrationPipeline::test_avoided_costs_feed_into_visualizations
    PASS  tests/test_calculations.py::TestIntegrationPipeline::test_config_defaults_work_with_calculations
    PASS  tests/test_calculations.py::TestLoadProfileIngestion::test_beopt_raw_file_parsing
    PASS  tests/test_calculations.py::TestLoadProfileIngestion::test_load_profiles_directory_scan
    PASS  tests/test_calculations.py::TestLoadProfileIngestion::test_excel_file_parsing
    PASS  tests/test_calculations.py::TestLoadProfileIngestion::test_missing_hour_is_interpolated_not_left_as_nan
    PASS  tests/test_calculations.py::TestLoadProfileIngestion::test_beopt_native_export_format_parsing
    PASS  tests/test_calculations.py::TestLoadProfileIngestion::test_beopt_battery_example_shows_charge_discharge_shift
    PASS  tests/test_calculations.py::TestCostEffectivenessTests::test_trc_and_pct_ratios
    PASS  tests/test_calculations.py::TestSoutheastUtilityCapacityEngine::test_regulated_fcr_bounds
    PASS  tests/test_calculations.py::TestSoutheastUtilityCapacityEngine::test_regulated_fcr_zero_tax
    PASS  tests/test_calculations.py::TestSoutheastUtilityCapacityEngine::test_ct_carrying_cost_gross_and_net
    PASS  tests/test_calculations.py::TestSoutheastUtilityCapacityEngine::test_southeast_dual_peak_cwf_sums_and_shape
    PASS  tests/test_calculations.py::TestSoutheastUtilityCapacityEngine::test_southeast_dual_peak_cwf_exceedance_with_load
    PASS  tests/test_calculations.py::TestSoutheastUtilityCapacityEngine::test_cwf_lolp_proxy
    PASS  tests/test_calculations.py::TestSoutheastUtilityCapacityEngine::test_cwf_top_n_uniform_and_exceedance
    PASS  tests/test_calculations.py::TestSoutheastUtilityCapacityEngine::test_cwf_peaker_rent
    PASS  tests/test_calculations.py::TestSoutheastUtilityCapacityEngine::test_feeder_pcaf_weights
    PASS  tests/test_calculations.py::TestSoutheastUtilityCapacityEngine::test_avoided_costs_decoupled_td_weights
    PASS  tests/test_calculations.py::TestSoutheastUtilityCapacityEngine::test_new_visualization_functions
    PASS  tests/test_calculations.py::TestSoutheastUtilityCapacityEngine::test_cwf_temperature_exceedance_sums_and_shape
    PASS  tests/test_calculations.py::TestSoutheastUtilityCapacityEngine::test_cwf_temperature_exceedance_colder_gets_more_weight
    PASS  tests/test_calculations.py::TestSoutheastUtilityCapacityEngine::test_cwf_temperature_exceedance_seasonal_split_and_fallback
    PASS  tests/test_cambium_downloader.py::TestCambiumDownloaderConfig::test_southeast_states_covered
    PASS  tests/test_cambium_downloader.py::TestCambiumDownloaderConfig::test_scenario_package_map_structure
    PASS  tests/test_cambium_downloader.py::TestRemoteZipReader::test_seek_and_tell
    PASS  tests/test_cambium_downloader.py::TestRemoteZipReader::test_invalid_whence
    PASS  tests/test_cambium_downloader.py::TestRemoteZipReader::test_read_boundary
    PASS  tests/test_cambium_downloader.py::TestMissingDataDetection::test_empty_directory_flags_all
    PASS  tests/test_cambium_downloader.py::TestMissingDataDetection::test_detected_file_reduces_missing
    PASS  tests/test_cambium_downloader.py::TestMissingDataDetection::test_pd_read_first_rows

======================================================================
  Test Run: 2026-09-24 15:33:01  |  Result: ALL PASSED
  94 tests: 94 passed, 0 failed
======================================================================
    PASS  tests/test_calculations.py::TestCalculateAvoidedCosts::test_output_columns_exist
    PASS  tests/test_calculations.py::TestCalculateAvoidedCosts::test_output_length_8760
    PASS  tests/test_calculations.py::TestCalculateAvoidedCosts::test_gen_capacity_formula
    PASS  tests/test_calculations.py::TestCalculateAvoidedCosts::test_transmission_uses_pcaf
    PASS  tests/test_calculations.py::TestCalculateAvoidedCosts::test_emissions_formula
    PASS  tests/test_calculations.py::TestCalculateAvoidedCosts::test_total_is_sum_of_components
    PASS  tests/test_calculations.py::TestCalculateAvoidedCosts::test_zero_scalars_only_energy
    PASS  tests/test_calculations.py::TestCalculateUrdbBill::test_flat_rate_constant_load
    PASS  tests/test_calculations.py::TestCalculateUrdbBill::test_flat_rate_monthly_proportionality
    PASS  tests/test_calculations.py::TestCalculateUrdbBill::test_zero_load_only_fixed
    PASS  tests/test_calculations.py::TestCalculateUrdbBill::test_demand_charge
    PASS  tests/test_calculations.py::TestCalculateUrdbBill::test_gp_r31_seasonal_tiers
    PASS  tests/test_calculations.py::TestCalculateUrdbBill::test_bill_increases_with_load
    PASS  tests/test_calculations.py::TestGetHourlyEnergyRate::test_flat_rate_constant_everywhere
    PASS  tests/test_calculations.py::TestGetHourlyEnergyRate::test_gp_r31_seasonal_rate_changes
    PASS  tests/test_calculations.py::TestGetHourlyEnergyRate::test_no_energy_structure_returns_zeros
    PASS  tests/test_calculations.py::TestNPVDiscounting::test_discount_factors_sum
    PASS  tests/test_calculations.py::TestNPVDiscounting::test_zero_discount_rate
    PASS  tests/test_calculations.py::TestNPVDiscounting::test_npv_known_answer
    PASS  tests/test_calculations.py::TestNPVDiscounting::test_rim_ratio_calculation
    PASS  tests/test_calculations.py::TestNPVDiscounting::test_rim_zero_lost_revenue
    PASS  tests/test_calculations.py::TestCapacityMetrics::test_epc_uniform_cwft
    PASS  tests/test_calculations.py::TestCapacityMetrics::test_epc_peaked_cwft_higher_for_peaky_load
    PASS  tests/test_calculations.py::TestCapacityMetrics::test_epc_reduction
    PASS  tests/test_calculations.py::TestCapacityMetrics::test_elcc_proxy_formula
    PASS  tests/test_calculations.py::TestCapacityMetrics::test_elcc_proxy_peaky_load
    PASS  tests/test_calculations.py::TestCapacityMetrics::test_cwft_sums_to_one
    PASS  tests/test_calculations.py::TestFindPeakWeek::test_finds_true_spike_outside_fixed_window
    PASS  tests/test_calculations.py::TestFindPeakWeek::test_window_stays_within_month_filter
    PASS  tests/test_calculations.py::TestFindPeakWeek::test_min_mode_finds_lowest_stress_window
    PASS  tests/test_calculations.py::TestFindPeakWeek::test_returns_none_when_no_window_fits
    PASS  tests/test_calculations.py::TestDispatchDrProgram::test_respects_hour_limit
    PASS  tests/test_calculations.py::TestDispatchDrProgram::test_respects_daily_limit
    PASS  tests/test_calculations.py::TestDispatchDrProgram::test_summer_only_season
    PASS  tests/test_calculations.py::TestDispatchDrProgram::test_reduction_capped_at_load
    PASS  tests/test_calculations.py::TestDispatchDrProgram::test_returns_correct_shapes
    PASS  tests/test_calculations.py::TestConfig::test_scenario_options_nonempty
    PASS  tests/test_calculations.py::TestConfig::test_scenario_descriptions_complete
    PASS  tests/test_calculations.py::TestConfig::test_planning_year_options
    PASS  tests/test_calculations.py::TestConfig::test_default_values_positive
    PASS  tests/test_calculations.py::TestConfig::test_grid_components_has_5
    PASS  tests/test_calculations.py::TestConfig::test_week_windows_valid
    PASS  tests/test_calculations.py::TestConfig::test_weather_sensitivity_function
    PASS  tests/test_calculations.py::TestConfig::test_custom_css_nonempty
    PASS  tests/test_calculations.py::TestConfig::test_financial_metric_card_html
    PASS  tests/test_calculations.py::TestVisualizations::test_weekly_overlay_returns_figure
    PASS  tests/test_calculations.py::TestVisualizations::test_weekly_load_and_temp_chart
    PASS  tests/test_calculations.py::TestVisualizations::test_weekly_grid_economics_chart
    PASS  tests/test_calculations.py::TestVisualizations::test_weekly_grid_economics_chart_signed_area_split
    PASS  tests/test_calculations.py::TestVisualizations::test_annual_avoided_cost_returns_figure
    PASS  tests/test_calculations.py::TestVisualizations::test_annual_avoided_cost_monthly_boxplot
    PASS  tests/test_calculations.py::TestVisualizations::test_annual_avoided_cost_boxplot_caps_yaxis_and_annotates_outliers
    PASS  tests/test_calculations.py::TestVisualizations::test_stacked_components_returns_figure
    PASS  tests/test_calculations.py::TestVisualizations::test_stacked_components_no_legend
    PASS  tests/test_calculations.py::TestVisualizations::test_winter_summer_comparison_shares_one_legend
    PASS  tests/test_calculations.py::TestVisualizations::test_winter_summer_comparison_y_range_caps_both_panels
    PASS  tests/test_calculations.py::TestVisualizations::test_lifetime_npv_returns_figure
    PASS  tests/test_calculations.py::TestVisualizations::test_economic_balance_chart_returns_figure
    PASS  tests/test_calculations.py::TestVisualizations::test_two_sided_cost_effectiveness_chart_returns_figure
    PASS  tests/test_calculations.py::TestVisualizations::test_bubble_chart_handles_nan_load_defensively
    PASS  tests/test_calculations.py::TestIntegrationPipeline::test_grid_to_avoided_costs_column_contract
    PASS  tests/test_calculations.py::TestIntegrationPipeline::test_full_pipeline_grid_to_npv
    PASS  tests/test_calculations.py::TestIntegrationPipeline::test_dr_dispatch_feeds_into_billing
    PASS  tests/test_calculations.py::TestIntegrationPipeline::test_avoided_costs_feed_into_visualizations
    PASS  tests/test_calculations.py::TestIntegrationPipeline::test_config_defaults_work_with_calculations
    PASS  tests/test_calculations.py::TestLoadProfileIngestion::test_beopt_raw_file_parsing
    PASS  tests/test_calculations.py::TestLoadProfileIngestion::test_load_profiles_directory_scan
    PASS  tests/test_calculations.py::TestLoadProfileIngestion::test_excel_file_parsing
    PASS  tests/test_calculations.py::TestLoadProfileIngestion::test_missing_hour_is_interpolated_not_left_as_nan
    PASS  tests/test_calculations.py::TestLoadProfileIngestion::test_beopt_native_export_format_parsing
    PASS  tests/test_calculations.py::TestLoadProfileIngestion::test_beopt_battery_example_shows_charge_discharge_shift
    PASS  tests/test_calculations.py::TestCostEffectivenessTests::test_trc_and_pct_ratios
    PASS  tests/test_calculations.py::TestSoutheastUtilityCapacityEngine::test_regulated_fcr_bounds
    PASS  tests/test_calculations.py::TestSoutheastUtilityCapacityEngine::test_regulated_fcr_zero_tax
    PASS  tests/test_calculations.py::TestSoutheastUtilityCapacityEngine::test_ct_carrying_cost_gross_and_net
    PASS  tests/test_calculations.py::TestSoutheastUtilityCapacityEngine::test_southeast_dual_peak_cwf_sums_and_shape
    PASS  tests/test_calculations.py::TestSoutheastUtilityCapacityEngine::test_southeast_dual_peak_cwf_exceedance_with_load
    PASS  tests/test_calculations.py::TestSoutheastUtilityCapacityEngine::test_cwf_lolp_proxy
    PASS  tests/test_calculations.py::TestSoutheastUtilityCapacityEngine::test_cwf_top_n_uniform_and_exceedance
    PASS  tests/test_calculations.py::TestSoutheastUtilityCapacityEngine::test_cwf_peaker_rent
    PASS  tests/test_calculations.py::TestSoutheastUtilityCapacityEngine::test_feeder_pcaf_weights
    PASS  tests/test_calculations.py::TestSoutheastUtilityCapacityEngine::test_avoided_costs_decoupled_td_weights
    PASS  tests/test_calculations.py::TestSoutheastUtilityCapacityEngine::test_new_visualization_functions
    PASS  tests/test_calculations.py::TestSoutheastUtilityCapacityEngine::test_cwf_temperature_exceedance_sums_and_shape
    PASS  tests/test_calculations.py::TestSoutheastUtilityCapacityEngine::test_cwf_temperature_exceedance_colder_gets_more_weight
    PASS  tests/test_calculations.py::TestSoutheastUtilityCapacityEngine::test_cwf_temperature_exceedance_seasonal_split_and_fallback
    PASS  tests/test_cambium_downloader.py::TestCambiumDownloaderConfig::test_southeast_states_covered
    PASS  tests/test_cambium_downloader.py::TestCambiumDownloaderConfig::test_scenario_package_map_structure
    PASS  tests/test_cambium_downloader.py::TestRemoteZipReader::test_seek_and_tell
    PASS  tests/test_cambium_downloader.py::TestRemoteZipReader::test_invalid_whence
    PASS  tests/test_cambium_downloader.py::TestRemoteZipReader::test_read_boundary
    PASS  tests/test_cambium_downloader.py::TestMissingDataDetection::test_empty_directory_flags_all
    PASS  tests/test_cambium_downloader.py::TestMissingDataDetection::test_detected_file_reduces_missing
    PASS  tests/test_cambium_downloader.py::TestMissingDataDetection::test_pd_read_first_rows

======================================================================
  Test Run: 2026-09-24 13:53:13  |  Result: ALL PASSED
  94 tests: 94 passed, 0 failed
======================================================================
    PASS  tests/test_calculations.py::TestCalculateAvoidedCosts::test_output_columns_exist
    PASS  tests/test_calculations.py::TestCalculateAvoidedCosts::test_output_length_8760
    PASS  tests/test_calculations.py::TestCalculateAvoidedCosts::test_gen_capacity_formula
    PASS  tests/test_calculations.py::TestCalculateAvoidedCosts::test_transmission_uses_pcaf
    PASS  tests/test_calculations.py::TestCalculateAvoidedCosts::test_emissions_formula
    PASS  tests/test_calculations.py::TestCalculateAvoidedCosts::test_total_is_sum_of_components
    PASS  tests/test_calculations.py::TestCalculateAvoidedCosts::test_zero_scalars_only_energy
    PASS  tests/test_calculations.py::TestCalculateUrdbBill::test_flat_rate_constant_load
    PASS  tests/test_calculations.py::TestCalculateUrdbBill::test_flat_rate_monthly_proportionality
    PASS  tests/test_calculations.py::TestCalculateUrdbBill::test_zero_load_only_fixed
    PASS  tests/test_calculations.py::TestCalculateUrdbBill::test_demand_charge
    PASS  tests/test_calculations.py::TestCalculateUrdbBill::test_gp_r31_seasonal_tiers
    PASS  tests/test_calculations.py::TestCalculateUrdbBill::test_bill_increases_with_load
    PASS  tests/test_calculations.py::TestGetHourlyEnergyRate::test_flat_rate_constant_everywhere
    PASS  tests/test_calculations.py::TestGetHourlyEnergyRate::test_gp_r31_seasonal_rate_changes
    PASS  tests/test_calculations.py::TestGetHourlyEnergyRate::test_no_energy_structure_returns_zeros
    PASS  tests/test_calculations.py::TestNPVDiscounting::test_discount_factors_sum
    PASS  tests/test_calculations.py::TestNPVDiscounting::test_zero_discount_rate
    PASS  tests/test_calculations.py::TestNPVDiscounting::test_npv_known_answer
    PASS  tests/test_calculations.py::TestNPVDiscounting::test_rim_ratio_calculation
    PASS  tests/test_calculations.py::TestNPVDiscounting::test_rim_zero_lost_revenue
    PASS  tests/test_calculations.py::TestCapacityMetrics::test_epc_uniform_cwft
    PASS  tests/test_calculations.py::TestCapacityMetrics::test_epc_peaked_cwft_higher_for_peaky_load
    PASS  tests/test_calculations.py::TestCapacityMetrics::test_epc_reduction
    PASS  tests/test_calculations.py::TestCapacityMetrics::test_elcc_proxy_formula
    PASS  tests/test_calculations.py::TestCapacityMetrics::test_elcc_proxy_peaky_load
    PASS  tests/test_calculations.py::TestCapacityMetrics::test_cwft_sums_to_one
    PASS  tests/test_calculations.py::TestFindPeakWeek::test_finds_true_spike_outside_fixed_window
    PASS  tests/test_calculations.py::TestFindPeakWeek::test_window_stays_within_month_filter
    PASS  tests/test_calculations.py::TestFindPeakWeek::test_min_mode_finds_lowest_stress_window
    PASS  tests/test_calculations.py::TestFindPeakWeek::test_returns_none_when_no_window_fits
    PASS  tests/test_calculations.py::TestDispatchDrProgram::test_respects_hour_limit
    PASS  tests/test_calculations.py::TestDispatchDrProgram::test_respects_daily_limit
    PASS  tests/test_calculations.py::TestDispatchDrProgram::test_summer_only_season
    PASS  tests/test_calculations.py::TestDispatchDrProgram::test_reduction_capped_at_load
    PASS  tests/test_calculations.py::TestDispatchDrProgram::test_returns_correct_shapes
    PASS  tests/test_calculations.py::TestConfig::test_scenario_options_nonempty
    PASS  tests/test_calculations.py::TestConfig::test_scenario_descriptions_complete
    PASS  tests/test_calculations.py::TestConfig::test_planning_year_options
    PASS  tests/test_calculations.py::TestConfig::test_default_values_positive
    PASS  tests/test_calculations.py::TestConfig::test_grid_components_has_5
    PASS  tests/test_calculations.py::TestConfig::test_week_windows_valid
    PASS  tests/test_calculations.py::TestConfig::test_weather_sensitivity_function
    PASS  tests/test_calculations.py::TestConfig::test_custom_css_nonempty
    PASS  tests/test_calculations.py::TestConfig::test_financial_metric_card_html
    PASS  tests/test_calculations.py::TestVisualizations::test_weekly_overlay_returns_figure
    PASS  tests/test_calculations.py::TestVisualizations::test_weekly_load_and_temp_chart
    PASS  tests/test_calculations.py::TestVisualizations::test_weekly_grid_economics_chart
    PASS  tests/test_calculations.py::TestVisualizations::test_weekly_grid_economics_chart_signed_area_split
    PASS  tests/test_calculations.py::TestVisualizations::test_annual_avoided_cost_returns_figure
    PASS  tests/test_calculations.py::TestVisualizations::test_annual_avoided_cost_monthly_boxplot
    PASS  tests/test_calculations.py::TestVisualizations::test_annual_avoided_cost_boxplot_caps_yaxis_and_annotates_outliers
    PASS  tests/test_calculations.py::TestVisualizations::test_stacked_components_returns_figure
    PASS  tests/test_calculations.py::TestVisualizations::test_stacked_components_no_legend
    PASS  tests/test_calculations.py::TestVisualizations::test_winter_summer_comparison_shares_one_legend
    PASS  tests/test_calculations.py::TestVisualizations::test_winter_summer_comparison_y_range_caps_both_panels
    PASS  tests/test_calculations.py::TestVisualizations::test_lifetime_npv_returns_figure
    PASS  tests/test_calculations.py::TestVisualizations::test_economic_balance_chart_returns_figure
    PASS  tests/test_calculations.py::TestVisualizations::test_two_sided_cost_effectiveness_chart_returns_figure
    PASS  tests/test_calculations.py::TestVisualizations::test_bubble_chart_handles_nan_load_defensively
    PASS  tests/test_calculations.py::TestIntegrationPipeline::test_grid_to_avoided_costs_column_contract
    PASS  tests/test_calculations.py::TestIntegrationPipeline::test_full_pipeline_grid_to_npv
    PASS  tests/test_calculations.py::TestIntegrationPipeline::test_dr_dispatch_feeds_into_billing
    PASS  tests/test_calculations.py::TestIntegrationPipeline::test_avoided_costs_feed_into_visualizations
    PASS  tests/test_calculations.py::TestIntegrationPipeline::test_config_defaults_work_with_calculations
    PASS  tests/test_calculations.py::TestLoadProfileIngestion::test_beopt_raw_file_parsing
    PASS  tests/test_calculations.py::TestLoadProfileIngestion::test_load_profiles_directory_scan
    PASS  tests/test_calculations.py::TestLoadProfileIngestion::test_excel_file_parsing
    PASS  tests/test_calculations.py::TestLoadProfileIngestion::test_missing_hour_is_interpolated_not_left_as_nan
    PASS  tests/test_calculations.py::TestLoadProfileIngestion::test_beopt_native_export_format_parsing
    PASS  tests/test_calculations.py::TestLoadProfileIngestion::test_beopt_battery_example_shows_charge_discharge_shift
    PASS  tests/test_calculations.py::TestCostEffectivenessTests::test_trc_and_pct_ratios
    PASS  tests/test_calculations.py::TestSoutheastUtilityCapacityEngine::test_regulated_fcr_bounds
    PASS  tests/test_calculations.py::TestSoutheastUtilityCapacityEngine::test_regulated_fcr_zero_tax
    PASS  tests/test_calculations.py::TestSoutheastUtilityCapacityEngine::test_ct_carrying_cost_gross_and_net
    PASS  tests/test_calculations.py::TestSoutheastUtilityCapacityEngine::test_southeast_dual_peak_cwf_sums_and_shape
    PASS  tests/test_calculations.py::TestSoutheastUtilityCapacityEngine::test_southeast_dual_peak_cwf_exceedance_with_load
    PASS  tests/test_calculations.py::TestSoutheastUtilityCapacityEngine::test_cwf_lolp_proxy
    PASS  tests/test_calculations.py::TestSoutheastUtilityCapacityEngine::test_cwf_top_n_uniform_and_exceedance
    PASS  tests/test_calculations.py::TestSoutheastUtilityCapacityEngine::test_cwf_peaker_rent
    PASS  tests/test_calculations.py::TestSoutheastUtilityCapacityEngine::test_feeder_pcaf_weights
    PASS  tests/test_calculations.py::TestSoutheastUtilityCapacityEngine::test_avoided_costs_decoupled_td_weights
    PASS  tests/test_calculations.py::TestSoutheastUtilityCapacityEngine::test_new_visualization_functions
    PASS  tests/test_calculations.py::TestSoutheastUtilityCapacityEngine::test_cwf_temperature_exceedance_sums_and_shape
    PASS  tests/test_calculations.py::TestSoutheastUtilityCapacityEngine::test_cwf_temperature_exceedance_colder_gets_more_weight
    PASS  tests/test_calculations.py::TestSoutheastUtilityCapacityEngine::test_cwf_temperature_exceedance_seasonal_split_and_fallback
    PASS  tests/test_cambium_downloader.py::TestCambiumDownloaderConfig::test_southeast_states_covered
    PASS  tests/test_cambium_downloader.py::TestCambiumDownloaderConfig::test_scenario_package_map_structure
    PASS  tests/test_cambium_downloader.py::TestRemoteZipReader::test_seek_and_tell
    PASS  tests/test_cambium_downloader.py::TestRemoteZipReader::test_invalid_whence
    PASS  tests/test_cambium_downloader.py::TestRemoteZipReader::test_read_boundary
    PASS  tests/test_cambium_downloader.py::TestMissingDataDetection::test_empty_directory_flags_all
    PASS  tests/test_cambium_downloader.py::TestMissingDataDetection::test_detected_file_reduces_missing
    PASS  tests/test_cambium_downloader.py::TestMissingDataDetection::test_pd_read_first_rows

======================================================================
  Test Run: 2026-09-24 13:44:38  |  Result: ALL PASSED
  94 tests: 94 passed, 0 failed
======================================================================
    PASS  tests/test_calculations.py::TestCalculateAvoidedCosts::test_output_columns_exist
    PASS  tests/test_calculations.py::TestCalculateAvoidedCosts::test_output_length_8760
    PASS  tests/test_calculations.py::TestCalculateAvoidedCosts::test_gen_capacity_formula
    PASS  tests/test_calculations.py::TestCalculateAvoidedCosts::test_transmission_uses_pcaf
    PASS  tests/test_calculations.py::TestCalculateAvoidedCosts::test_emissions_formula
    PASS  tests/test_calculations.py::TestCalculateAvoidedCosts::test_total_is_sum_of_components
    PASS  tests/test_calculations.py::TestCalculateAvoidedCosts::test_zero_scalars_only_energy
    PASS  tests/test_calculations.py::TestCalculateUrdbBill::test_flat_rate_constant_load
    PASS  tests/test_calculations.py::TestCalculateUrdbBill::test_flat_rate_monthly_proportionality
    PASS  tests/test_calculations.py::TestCalculateUrdbBill::test_zero_load_only_fixed
    PASS  tests/test_calculations.py::TestCalculateUrdbBill::test_demand_charge
    PASS  tests/test_calculations.py::TestCalculateUrdbBill::test_gp_r31_seasonal_tiers
    PASS  tests/test_calculations.py::TestCalculateUrdbBill::test_bill_increases_with_load
    PASS  tests/test_calculations.py::TestGetHourlyEnergyRate::test_flat_rate_constant_everywhere
    PASS  tests/test_calculations.py::TestGetHourlyEnergyRate::test_gp_r31_seasonal_rate_changes
    PASS  tests/test_calculations.py::TestGetHourlyEnergyRate::test_no_energy_structure_returns_zeros
    PASS  tests/test_calculations.py::TestNPVDiscounting::test_discount_factors_sum
    PASS  tests/test_calculations.py::TestNPVDiscounting::test_zero_discount_rate
    PASS  tests/test_calculations.py::TestNPVDiscounting::test_npv_known_answer
    PASS  tests/test_calculations.py::TestNPVDiscounting::test_rim_ratio_calculation
    PASS  tests/test_calculations.py::TestNPVDiscounting::test_rim_zero_lost_revenue
    PASS  tests/test_calculations.py::TestCapacityMetrics::test_epc_uniform_cwft
    PASS  tests/test_calculations.py::TestCapacityMetrics::test_epc_peaked_cwft_higher_for_peaky_load
    PASS  tests/test_calculations.py::TestCapacityMetrics::test_epc_reduction
    PASS  tests/test_calculations.py::TestCapacityMetrics::test_elcc_proxy_formula
    PASS  tests/test_calculations.py::TestCapacityMetrics::test_elcc_proxy_peaky_load
    PASS  tests/test_calculations.py::TestCapacityMetrics::test_cwft_sums_to_one
    PASS  tests/test_calculations.py::TestFindPeakWeek::test_finds_true_spike_outside_fixed_window
    PASS  tests/test_calculations.py::TestFindPeakWeek::test_window_stays_within_month_filter
    PASS  tests/test_calculations.py::TestFindPeakWeek::test_min_mode_finds_lowest_stress_window
    PASS  tests/test_calculations.py::TestFindPeakWeek::test_returns_none_when_no_window_fits
    PASS  tests/test_calculations.py::TestDispatchDrProgram::test_respects_hour_limit
    PASS  tests/test_calculations.py::TestDispatchDrProgram::test_respects_daily_limit
    PASS  tests/test_calculations.py::TestDispatchDrProgram::test_summer_only_season
    PASS  tests/test_calculations.py::TestDispatchDrProgram::test_reduction_capped_at_load
    PASS  tests/test_calculations.py::TestDispatchDrProgram::test_returns_correct_shapes
    PASS  tests/test_calculations.py::TestConfig::test_scenario_options_nonempty
    PASS  tests/test_calculations.py::TestConfig::test_scenario_descriptions_complete
    PASS  tests/test_calculations.py::TestConfig::test_planning_year_options
    PASS  tests/test_calculations.py::TestConfig::test_default_values_positive
    PASS  tests/test_calculations.py::TestConfig::test_grid_components_has_5
    PASS  tests/test_calculations.py::TestConfig::test_week_windows_valid
    PASS  tests/test_calculations.py::TestConfig::test_weather_sensitivity_function
    PASS  tests/test_calculations.py::TestConfig::test_custom_css_nonempty
    PASS  tests/test_calculations.py::TestConfig::test_financial_metric_card_html
    PASS  tests/test_calculations.py::TestVisualizations::test_weekly_overlay_returns_figure
    PASS  tests/test_calculations.py::TestVisualizations::test_weekly_load_and_temp_chart
    PASS  tests/test_calculations.py::TestVisualizations::test_weekly_grid_economics_chart
    PASS  tests/test_calculations.py::TestVisualizations::test_weekly_grid_economics_chart_signed_area_split
    PASS  tests/test_calculations.py::TestVisualizations::test_annual_avoided_cost_returns_figure
    PASS  tests/test_calculations.py::TestVisualizations::test_annual_avoided_cost_monthly_boxplot
    PASS  tests/test_calculations.py::TestVisualizations::test_annual_avoided_cost_boxplot_caps_yaxis_and_annotates_outliers
    PASS  tests/test_calculations.py::TestVisualizations::test_stacked_components_returns_figure
    PASS  tests/test_calculations.py::TestVisualizations::test_stacked_components_no_legend
    PASS  tests/test_calculations.py::TestVisualizations::test_winter_summer_comparison_shares_one_legend
    PASS  tests/test_calculations.py::TestVisualizations::test_winter_summer_comparison_y_range_caps_both_panels
    PASS  tests/test_calculations.py::TestVisualizations::test_lifetime_npv_returns_figure
    PASS  tests/test_calculations.py::TestVisualizations::test_economic_balance_chart_returns_figure
    PASS  tests/test_calculations.py::TestVisualizations::test_two_sided_cost_effectiveness_chart_returns_figure
    PASS  tests/test_calculations.py::TestVisualizations::test_bubble_chart_handles_nan_load_defensively
    PASS  tests/test_calculations.py::TestIntegrationPipeline::test_grid_to_avoided_costs_column_contract
    PASS  tests/test_calculations.py::TestIntegrationPipeline::test_full_pipeline_grid_to_npv
    PASS  tests/test_calculations.py::TestIntegrationPipeline::test_dr_dispatch_feeds_into_billing
    PASS  tests/test_calculations.py::TestIntegrationPipeline::test_avoided_costs_feed_into_visualizations
    PASS  tests/test_calculations.py::TestIntegrationPipeline::test_config_defaults_work_with_calculations
    PASS  tests/test_calculations.py::TestLoadProfileIngestion::test_beopt_raw_file_parsing
    PASS  tests/test_calculations.py::TestLoadProfileIngestion::test_load_profiles_directory_scan
    PASS  tests/test_calculations.py::TestLoadProfileIngestion::test_excel_file_parsing
    PASS  tests/test_calculations.py::TestLoadProfileIngestion::test_missing_hour_is_interpolated_not_left_as_nan
    PASS  tests/test_calculations.py::TestLoadProfileIngestion::test_beopt_native_export_format_parsing
    PASS  tests/test_calculations.py::TestLoadProfileIngestion::test_beopt_battery_example_shows_charge_discharge_shift
    PASS  tests/test_calculations.py::TestCostEffectivenessTests::test_trc_and_pct_ratios
    PASS  tests/test_calculations.py::TestSoutheastUtilityCapacityEngine::test_regulated_fcr_bounds
    PASS  tests/test_calculations.py::TestSoutheastUtilityCapacityEngine::test_regulated_fcr_zero_tax
    PASS  tests/test_calculations.py::TestSoutheastUtilityCapacityEngine::test_ct_carrying_cost_gross_and_net
    PASS  tests/test_calculations.py::TestSoutheastUtilityCapacityEngine::test_southeast_dual_peak_cwf_sums_and_shape
    PASS  tests/test_calculations.py::TestSoutheastUtilityCapacityEngine::test_southeast_dual_peak_cwf_exceedance_with_load
    PASS  tests/test_calculations.py::TestSoutheastUtilityCapacityEngine::test_cwf_lolp_proxy
    PASS  tests/test_calculations.py::TestSoutheastUtilityCapacityEngine::test_cwf_top_n_uniform_and_exceedance
    PASS  tests/test_calculations.py::TestSoutheastUtilityCapacityEngine::test_cwf_peaker_rent
    PASS  tests/test_calculations.py::TestSoutheastUtilityCapacityEngine::test_feeder_pcaf_weights
    PASS  tests/test_calculations.py::TestSoutheastUtilityCapacityEngine::test_avoided_costs_decoupled_td_weights
    PASS  tests/test_calculations.py::TestSoutheastUtilityCapacityEngine::test_new_visualization_functions
    PASS  tests/test_calculations.py::TestSoutheastUtilityCapacityEngine::test_cwf_temperature_exceedance_sums_and_shape
    PASS  tests/test_calculations.py::TestSoutheastUtilityCapacityEngine::test_cwf_temperature_exceedance_colder_gets_more_weight
    PASS  tests/test_calculations.py::TestSoutheastUtilityCapacityEngine::test_cwf_temperature_exceedance_seasonal_split_and_fallback
    PASS  tests/test_cambium_downloader.py::TestCambiumDownloaderConfig::test_southeast_states_covered
    PASS  tests/test_cambium_downloader.py::TestCambiumDownloaderConfig::test_scenario_package_map_structure
    PASS  tests/test_cambium_downloader.py::TestRemoteZipReader::test_seek_and_tell
    PASS  tests/test_cambium_downloader.py::TestRemoteZipReader::test_invalid_whence
    PASS  tests/test_cambium_downloader.py::TestRemoteZipReader::test_read_boundary
    PASS  tests/test_cambium_downloader.py::TestMissingDataDetection::test_empty_directory_flags_all
    PASS  tests/test_cambium_downloader.py::TestMissingDataDetection::test_detected_file_reduces_missing
    PASS  tests/test_cambium_downloader.py::TestMissingDataDetection::test_pd_read_first_rows

======================================================================
  Test Run: 2026-09-24 13:38:45  |  Result: ALL PASSED
  94 tests: 94 passed, 0 failed
======================================================================
    PASS  tests/test_calculations.py::TestCalculateAvoidedCosts::test_output_columns_exist
    PASS  tests/test_calculations.py::TestCalculateAvoidedCosts::test_output_length_8760
    PASS  tests/test_calculations.py::TestCalculateAvoidedCosts::test_gen_capacity_formula
    PASS  tests/test_calculations.py::TestCalculateAvoidedCosts::test_transmission_uses_pcaf
    PASS  tests/test_calculations.py::TestCalculateAvoidedCosts::test_emissions_formula
    PASS  tests/test_calculations.py::TestCalculateAvoidedCosts::test_total_is_sum_of_components
    PASS  tests/test_calculations.py::TestCalculateAvoidedCosts::test_zero_scalars_only_energy
    PASS  tests/test_calculations.py::TestCalculateUrdbBill::test_flat_rate_constant_load
    PASS  tests/test_calculations.py::TestCalculateUrdbBill::test_flat_rate_monthly_proportionality
    PASS  tests/test_calculations.py::TestCalculateUrdbBill::test_zero_load_only_fixed
    PASS  tests/test_calculations.py::TestCalculateUrdbBill::test_demand_charge
    PASS  tests/test_calculations.py::TestCalculateUrdbBill::test_gp_r31_seasonal_tiers
    PASS  tests/test_calculations.py::TestCalculateUrdbBill::test_bill_increases_with_load
    PASS  tests/test_calculations.py::TestGetHourlyEnergyRate::test_flat_rate_constant_everywhere
    PASS  tests/test_calculations.py::TestGetHourlyEnergyRate::test_gp_r31_seasonal_rate_changes
    PASS  tests/test_calculations.py::TestGetHourlyEnergyRate::test_no_energy_structure_returns_zeros
    PASS  tests/test_calculations.py::TestNPVDiscounting::test_discount_factors_sum
    PASS  tests/test_calculations.py::TestNPVDiscounting::test_zero_discount_rate
    PASS  tests/test_calculations.py::TestNPVDiscounting::test_npv_known_answer
    PASS  tests/test_calculations.py::TestNPVDiscounting::test_rim_ratio_calculation
    PASS  tests/test_calculations.py::TestNPVDiscounting::test_rim_zero_lost_revenue
    PASS  tests/test_calculations.py::TestCapacityMetrics::test_epc_uniform_cwft
    PASS  tests/test_calculations.py::TestCapacityMetrics::test_epc_peaked_cwft_higher_for_peaky_load
    PASS  tests/test_calculations.py::TestCapacityMetrics::test_epc_reduction
    PASS  tests/test_calculations.py::TestCapacityMetrics::test_elcc_proxy_formula
    PASS  tests/test_calculations.py::TestCapacityMetrics::test_elcc_proxy_peaky_load
    PASS  tests/test_calculations.py::TestCapacityMetrics::test_cwft_sums_to_one
    PASS  tests/test_calculations.py::TestFindPeakWeek::test_finds_true_spike_outside_fixed_window
    PASS  tests/test_calculations.py::TestFindPeakWeek::test_window_stays_within_month_filter
    PASS  tests/test_calculations.py::TestFindPeakWeek::test_min_mode_finds_lowest_stress_window
    PASS  tests/test_calculations.py::TestFindPeakWeek::test_returns_none_when_no_window_fits
    PASS  tests/test_calculations.py::TestDispatchDrProgram::test_respects_hour_limit
    PASS  tests/test_calculations.py::TestDispatchDrProgram::test_respects_daily_limit
    PASS  tests/test_calculations.py::TestDispatchDrProgram::test_summer_only_season
    PASS  tests/test_calculations.py::TestDispatchDrProgram::test_reduction_capped_at_load
    PASS  tests/test_calculations.py::TestDispatchDrProgram::test_returns_correct_shapes
    PASS  tests/test_calculations.py::TestConfig::test_scenario_options_nonempty
    PASS  tests/test_calculations.py::TestConfig::test_scenario_descriptions_complete
    PASS  tests/test_calculations.py::TestConfig::test_planning_year_options
    PASS  tests/test_calculations.py::TestConfig::test_default_values_positive
    PASS  tests/test_calculations.py::TestConfig::test_grid_components_has_5
    PASS  tests/test_calculations.py::TestConfig::test_week_windows_valid
    PASS  tests/test_calculations.py::TestConfig::test_weather_sensitivity_function
    PASS  tests/test_calculations.py::TestConfig::test_custom_css_nonempty
    PASS  tests/test_calculations.py::TestConfig::test_financial_metric_card_html
    PASS  tests/test_calculations.py::TestVisualizations::test_weekly_overlay_returns_figure
    PASS  tests/test_calculations.py::TestVisualizations::test_weekly_load_and_temp_chart
    PASS  tests/test_calculations.py::TestVisualizations::test_weekly_grid_economics_chart
    PASS  tests/test_calculations.py::TestVisualizations::test_weekly_grid_economics_chart_signed_area_split
    PASS  tests/test_calculations.py::TestVisualizations::test_annual_avoided_cost_returns_figure
    PASS  tests/test_calculations.py::TestVisualizations::test_annual_avoided_cost_monthly_boxplot
    PASS  tests/test_calculations.py::TestVisualizations::test_annual_avoided_cost_boxplot_caps_yaxis_and_annotates_outliers
    PASS  tests/test_calculations.py::TestVisualizations::test_stacked_components_returns_figure
    PASS  tests/test_calculations.py::TestVisualizations::test_stacked_components_no_legend
    PASS  tests/test_calculations.py::TestVisualizations::test_winter_summer_comparison_shares_one_legend
    PASS  tests/test_calculations.py::TestVisualizations::test_winter_summer_comparison_y_range_caps_both_panels
    PASS  tests/test_calculations.py::TestVisualizations::test_lifetime_npv_returns_figure
    PASS  tests/test_calculations.py::TestVisualizations::test_economic_balance_chart_returns_figure
    PASS  tests/test_calculations.py::TestVisualizations::test_two_sided_cost_effectiveness_chart_returns_figure
    PASS  tests/test_calculations.py::TestVisualizations::test_bubble_chart_handles_nan_load_defensively
    PASS  tests/test_calculations.py::TestIntegrationPipeline::test_grid_to_avoided_costs_column_contract
    PASS  tests/test_calculations.py::TestIntegrationPipeline::test_full_pipeline_grid_to_npv
    PASS  tests/test_calculations.py::TestIntegrationPipeline::test_dr_dispatch_feeds_into_billing
    PASS  tests/test_calculations.py::TestIntegrationPipeline::test_avoided_costs_feed_into_visualizations
    PASS  tests/test_calculations.py::TestIntegrationPipeline::test_config_defaults_work_with_calculations
    PASS  tests/test_calculations.py::TestLoadProfileIngestion::test_beopt_raw_file_parsing
    PASS  tests/test_calculations.py::TestLoadProfileIngestion::test_load_profiles_directory_scan
    PASS  tests/test_calculations.py::TestLoadProfileIngestion::test_excel_file_parsing
    PASS  tests/test_calculations.py::TestLoadProfileIngestion::test_missing_hour_is_interpolated_not_left_as_nan
    PASS  tests/test_calculations.py::TestLoadProfileIngestion::test_beopt_native_export_format_parsing
    PASS  tests/test_calculations.py::TestLoadProfileIngestion::test_beopt_battery_example_shows_charge_discharge_shift
    PASS  tests/test_calculations.py::TestCostEffectivenessTests::test_trc_and_pct_ratios
    PASS  tests/test_calculations.py::TestSoutheastUtilityCapacityEngine::test_regulated_fcr_bounds
    PASS  tests/test_calculations.py::TestSoutheastUtilityCapacityEngine::test_regulated_fcr_zero_tax
    PASS  tests/test_calculations.py::TestSoutheastUtilityCapacityEngine::test_ct_carrying_cost_gross_and_net
    PASS  tests/test_calculations.py::TestSoutheastUtilityCapacityEngine::test_southeast_dual_peak_cwf_sums_and_shape
    PASS  tests/test_calculations.py::TestSoutheastUtilityCapacityEngine::test_southeast_dual_peak_cwf_exceedance_with_load
    PASS  tests/test_calculations.py::TestSoutheastUtilityCapacityEngine::test_cwf_lolp_proxy
    PASS  tests/test_calculations.py::TestSoutheastUtilityCapacityEngine::test_cwf_top_n_uniform_and_exceedance
    PASS  tests/test_calculations.py::TestSoutheastUtilityCapacityEngine::test_cwf_peaker_rent
    PASS  tests/test_calculations.py::TestSoutheastUtilityCapacityEngine::test_feeder_pcaf_weights
    PASS  tests/test_calculations.py::TestSoutheastUtilityCapacityEngine::test_avoided_costs_decoupled_td_weights
    PASS  tests/test_calculations.py::TestSoutheastUtilityCapacityEngine::test_new_visualization_functions
    PASS  tests/test_calculations.py::TestSoutheastUtilityCapacityEngine::test_cwf_temperature_exceedance_sums_and_shape
    PASS  tests/test_calculations.py::TestSoutheastUtilityCapacityEngine::test_cwf_temperature_exceedance_colder_gets_more_weight
    PASS  tests/test_calculations.py::TestSoutheastUtilityCapacityEngine::test_cwf_temperature_exceedance_seasonal_split_and_fallback
    PASS  tests/test_cambium_downloader.py::TestCambiumDownloaderConfig::test_southeast_states_covered
    PASS  tests/test_cambium_downloader.py::TestCambiumDownloaderConfig::test_scenario_package_map_structure
    PASS  tests/test_cambium_downloader.py::TestRemoteZipReader::test_seek_and_tell
    PASS  tests/test_cambium_downloader.py::TestRemoteZipReader::test_invalid_whence
    PASS  tests/test_cambium_downloader.py::TestRemoteZipReader::test_read_boundary
    PASS  tests/test_cambium_downloader.py::TestMissingDataDetection::test_empty_directory_flags_all
    PASS  tests/test_cambium_downloader.py::TestMissingDataDetection::test_detected_file_reduces_missing
    PASS  tests/test_cambium_downloader.py::TestMissingDataDetection::test_pd_read_first_rows

======================================================================
  Test Run: 2026-09-24 13:38:26  |  Result: ALL PASSED
  93 tests: 93 passed, 0 failed
======================================================================
    PASS  tests/test_calculations.py::TestCalculateAvoidedCosts::test_output_columns_exist
    PASS  tests/test_calculations.py::TestCalculateAvoidedCosts::test_output_length_8760
    PASS  tests/test_calculations.py::TestCalculateAvoidedCosts::test_gen_capacity_formula
    PASS  tests/test_calculations.py::TestCalculateAvoidedCosts::test_transmission_uses_pcaf
    PASS  tests/test_calculations.py::TestCalculateAvoidedCosts::test_emissions_formula
    PASS  tests/test_calculations.py::TestCalculateAvoidedCosts::test_total_is_sum_of_components
    PASS  tests/test_calculations.py::TestCalculateAvoidedCosts::test_zero_scalars_only_energy
    PASS  tests/test_calculations.py::TestCalculateUrdbBill::test_flat_rate_constant_load
    PASS  tests/test_calculations.py::TestCalculateUrdbBill::test_flat_rate_monthly_proportionality
    PASS  tests/test_calculations.py::TestCalculateUrdbBill::test_zero_load_only_fixed
    PASS  tests/test_calculations.py::TestCalculateUrdbBill::test_demand_charge
    PASS  tests/test_calculations.py::TestCalculateUrdbBill::test_gp_r31_seasonal_tiers
    PASS  tests/test_calculations.py::TestCalculateUrdbBill::test_bill_increases_with_load
    PASS  tests/test_calculations.py::TestGetHourlyEnergyRate::test_flat_rate_constant_everywhere
    PASS  tests/test_calculations.py::TestGetHourlyEnergyRate::test_gp_r31_seasonal_rate_changes
    PASS  tests/test_calculations.py::TestGetHourlyEnergyRate::test_no_energy_structure_returns_zeros
    PASS  tests/test_calculations.py::TestNPVDiscounting::test_discount_factors_sum
    PASS  tests/test_calculations.py::TestNPVDiscounting::test_zero_discount_rate
    PASS  tests/test_calculations.py::TestNPVDiscounting::test_npv_known_answer
    PASS  tests/test_calculations.py::TestNPVDiscounting::test_rim_ratio_calculation
    PASS  tests/test_calculations.py::TestNPVDiscounting::test_rim_zero_lost_revenue
    PASS  tests/test_calculations.py::TestCapacityMetrics::test_epc_uniform_cwft
    PASS  tests/test_calculations.py::TestCapacityMetrics::test_epc_peaked_cwft_higher_for_peaky_load
    PASS  tests/test_calculations.py::TestCapacityMetrics::test_epc_reduction
    PASS  tests/test_calculations.py::TestCapacityMetrics::test_elcc_proxy_formula
    PASS  tests/test_calculations.py::TestCapacityMetrics::test_elcc_proxy_peaky_load
    PASS  tests/test_calculations.py::TestCapacityMetrics::test_cwft_sums_to_one
    PASS  tests/test_calculations.py::TestFindPeakWeek::test_finds_true_spike_outside_fixed_window
    PASS  tests/test_calculations.py::TestFindPeakWeek::test_window_stays_within_month_filter
    PASS  tests/test_calculations.py::TestFindPeakWeek::test_min_mode_finds_lowest_stress_window
    PASS  tests/test_calculations.py::TestFindPeakWeek::test_returns_none_when_no_window_fits
    PASS  tests/test_calculations.py::TestDispatchDrProgram::test_respects_hour_limit
    PASS  tests/test_calculations.py::TestDispatchDrProgram::test_respects_daily_limit
    PASS  tests/test_calculations.py::TestDispatchDrProgram::test_summer_only_season
    PASS  tests/test_calculations.py::TestDispatchDrProgram::test_reduction_capped_at_load
    PASS  tests/test_calculations.py::TestDispatchDrProgram::test_returns_correct_shapes
    PASS  tests/test_calculations.py::TestConfig::test_scenario_options_nonempty
    PASS  tests/test_calculations.py::TestConfig::test_scenario_descriptions_complete
    PASS  tests/test_calculations.py::TestConfig::test_planning_year_options
    PASS  tests/test_calculations.py::TestConfig::test_default_values_positive
    PASS  tests/test_calculations.py::TestConfig::test_grid_components_has_5
    PASS  tests/test_calculations.py::TestConfig::test_week_windows_valid
    PASS  tests/test_calculations.py::TestConfig::test_weather_sensitivity_function
    PASS  tests/test_calculations.py::TestConfig::test_custom_css_nonempty
    PASS  tests/test_calculations.py::TestConfig::test_financial_metric_card_html
    PASS  tests/test_calculations.py::TestVisualizations::test_weekly_overlay_returns_figure
    PASS  tests/test_calculations.py::TestVisualizations::test_weekly_load_and_temp_chart
    PASS  tests/test_calculations.py::TestVisualizations::test_weekly_grid_economics_chart
    PASS  tests/test_calculations.py::TestVisualizations::test_weekly_grid_economics_chart_signed_area_split
    PASS  tests/test_calculations.py::TestVisualizations::test_annual_avoided_cost_returns_figure
    PASS  tests/test_calculations.py::TestVisualizations::test_annual_avoided_cost_monthly_boxplot
    PASS  tests/test_calculations.py::TestVisualizations::test_annual_avoided_cost_boxplot_caps_yaxis_and_annotates_outliers
    PASS  tests/test_calculations.py::TestVisualizations::test_stacked_components_returns_figure
    PASS  tests/test_calculations.py::TestVisualizations::test_stacked_components_no_legend
    PASS  tests/test_calculations.py::TestVisualizations::test_winter_summer_comparison_shares_one_legend
    PASS  tests/test_calculations.py::TestVisualizations::test_lifetime_npv_returns_figure
    PASS  tests/test_calculations.py::TestVisualizations::test_economic_balance_chart_returns_figure
    PASS  tests/test_calculations.py::TestVisualizations::test_two_sided_cost_effectiveness_chart_returns_figure
    PASS  tests/test_calculations.py::TestVisualizations::test_bubble_chart_handles_nan_load_defensively
    PASS  tests/test_calculations.py::TestIntegrationPipeline::test_grid_to_avoided_costs_column_contract
    PASS  tests/test_calculations.py::TestIntegrationPipeline::test_full_pipeline_grid_to_npv
    PASS  tests/test_calculations.py::TestIntegrationPipeline::test_dr_dispatch_feeds_into_billing
    PASS  tests/test_calculations.py::TestIntegrationPipeline::test_avoided_costs_feed_into_visualizations
    PASS  tests/test_calculations.py::TestIntegrationPipeline::test_config_defaults_work_with_calculations
    PASS  tests/test_calculations.py::TestLoadProfileIngestion::test_beopt_raw_file_parsing
    PASS  tests/test_calculations.py::TestLoadProfileIngestion::test_load_profiles_directory_scan
    PASS  tests/test_calculations.py::TestLoadProfileIngestion::test_excel_file_parsing
    PASS  tests/test_calculations.py::TestLoadProfileIngestion::test_missing_hour_is_interpolated_not_left_as_nan
    PASS  tests/test_calculations.py::TestLoadProfileIngestion::test_beopt_native_export_format_parsing
    PASS  tests/test_calculations.py::TestLoadProfileIngestion::test_beopt_battery_example_shows_charge_discharge_shift
    PASS  tests/test_calculations.py::TestCostEffectivenessTests::test_trc_and_pct_ratios
    PASS  tests/test_calculations.py::TestSoutheastUtilityCapacityEngine::test_regulated_fcr_bounds
    PASS  tests/test_calculations.py::TestSoutheastUtilityCapacityEngine::test_regulated_fcr_zero_tax
    PASS  tests/test_calculations.py::TestSoutheastUtilityCapacityEngine::test_ct_carrying_cost_gross_and_net
    PASS  tests/test_calculations.py::TestSoutheastUtilityCapacityEngine::test_southeast_dual_peak_cwf_sums_and_shape
    PASS  tests/test_calculations.py::TestSoutheastUtilityCapacityEngine::test_southeast_dual_peak_cwf_exceedance_with_load
    PASS  tests/test_calculations.py::TestSoutheastUtilityCapacityEngine::test_cwf_lolp_proxy
    PASS  tests/test_calculations.py::TestSoutheastUtilityCapacityEngine::test_cwf_top_n_uniform_and_exceedance
    PASS  tests/test_calculations.py::TestSoutheastUtilityCapacityEngine::test_cwf_peaker_rent
    PASS  tests/test_calculations.py::TestSoutheastUtilityCapacityEngine::test_feeder_pcaf_weights
    PASS  tests/test_calculations.py::TestSoutheastUtilityCapacityEngine::test_avoided_costs_decoupled_td_weights
    PASS  tests/test_calculations.py::TestSoutheastUtilityCapacityEngine::test_new_visualization_functions
    PASS  tests/test_calculations.py::TestSoutheastUtilityCapacityEngine::test_cwf_temperature_exceedance_sums_and_shape
    PASS  tests/test_calculations.py::TestSoutheastUtilityCapacityEngine::test_cwf_temperature_exceedance_colder_gets_more_weight
    PASS  tests/test_calculations.py::TestSoutheastUtilityCapacityEngine::test_cwf_temperature_exceedance_seasonal_split_and_fallback
    PASS  tests/test_cambium_downloader.py::TestCambiumDownloaderConfig::test_southeast_states_covered
    PASS  tests/test_cambium_downloader.py::TestCambiumDownloaderConfig::test_scenario_package_map_structure
    PASS  tests/test_cambium_downloader.py::TestRemoteZipReader::test_seek_and_tell
    PASS  tests/test_cambium_downloader.py::TestRemoteZipReader::test_invalid_whence
    PASS  tests/test_cambium_downloader.py::TestRemoteZipReader::test_read_boundary
    PASS  tests/test_cambium_downloader.py::TestMissingDataDetection::test_empty_directory_flags_all
    PASS  tests/test_cambium_downloader.py::TestMissingDataDetection::test_detected_file_reduces_missing
    PASS  tests/test_cambium_downloader.py::TestMissingDataDetection::test_pd_read_first_rows

======================================================================
  Test Run: 2026-09-24 10:46:31  |  Result: ALL PASSED
  93 tests: 93 passed, 0 failed
======================================================================
    PASS  tests/test_calculations.py::TestCalculateAvoidedCosts::test_output_columns_exist
    PASS  tests/test_calculations.py::TestCalculateAvoidedCosts::test_output_length_8760
    PASS  tests/test_calculations.py::TestCalculateAvoidedCosts::test_gen_capacity_formula
    PASS  tests/test_calculations.py::TestCalculateAvoidedCosts::test_transmission_uses_pcaf
    PASS  tests/test_calculations.py::TestCalculateAvoidedCosts::test_emissions_formula
    PASS  tests/test_calculations.py::TestCalculateAvoidedCosts::test_total_is_sum_of_components
    PASS  tests/test_calculations.py::TestCalculateAvoidedCosts::test_zero_scalars_only_energy
    PASS  tests/test_calculations.py::TestCalculateUrdbBill::test_flat_rate_constant_load
    PASS  tests/test_calculations.py::TestCalculateUrdbBill::test_flat_rate_monthly_proportionality
    PASS  tests/test_calculations.py::TestCalculateUrdbBill::test_zero_load_only_fixed
    PASS  tests/test_calculations.py::TestCalculateUrdbBill::test_demand_charge
    PASS  tests/test_calculations.py::TestCalculateUrdbBill::test_gp_r31_seasonal_tiers
    PASS  tests/test_calculations.py::TestCalculateUrdbBill::test_bill_increases_with_load
    PASS  tests/test_calculations.py::TestGetHourlyEnergyRate::test_flat_rate_constant_everywhere
    PASS  tests/test_calculations.py::TestGetHourlyEnergyRate::test_gp_r31_seasonal_rate_changes
    PASS  tests/test_calculations.py::TestGetHourlyEnergyRate::test_no_energy_structure_returns_zeros
    PASS  tests/test_calculations.py::TestNPVDiscounting::test_discount_factors_sum
    PASS  tests/test_calculations.py::TestNPVDiscounting::test_zero_discount_rate
    PASS  tests/test_calculations.py::TestNPVDiscounting::test_npv_known_answer
    PASS  tests/test_calculations.py::TestNPVDiscounting::test_rim_ratio_calculation
    PASS  tests/test_calculations.py::TestNPVDiscounting::test_rim_zero_lost_revenue
    PASS  tests/test_calculations.py::TestCapacityMetrics::test_epc_uniform_cwft
    PASS  tests/test_calculations.py::TestCapacityMetrics::test_epc_peaked_cwft_higher_for_peaky_load
    PASS  tests/test_calculations.py::TestCapacityMetrics::test_epc_reduction
    PASS  tests/test_calculations.py::TestCapacityMetrics::test_elcc_proxy_formula
    PASS  tests/test_calculations.py::TestCapacityMetrics::test_elcc_proxy_peaky_load
    PASS  tests/test_calculations.py::TestCapacityMetrics::test_cwft_sums_to_one
    PASS  tests/test_calculations.py::TestFindPeakWeek::test_finds_true_spike_outside_fixed_window
    PASS  tests/test_calculations.py::TestFindPeakWeek::test_window_stays_within_month_filter
    PASS  tests/test_calculations.py::TestFindPeakWeek::test_min_mode_finds_lowest_stress_window
    PASS  tests/test_calculations.py::TestFindPeakWeek::test_returns_none_when_no_window_fits
    PASS  tests/test_calculations.py::TestDispatchDrProgram::test_respects_hour_limit
    PASS  tests/test_calculations.py::TestDispatchDrProgram::test_respects_daily_limit
    PASS  tests/test_calculations.py::TestDispatchDrProgram::test_summer_only_season
    PASS  tests/test_calculations.py::TestDispatchDrProgram::test_reduction_capped_at_load
    PASS  tests/test_calculations.py::TestDispatchDrProgram::test_returns_correct_shapes
    PASS  tests/test_calculations.py::TestConfig::test_scenario_options_nonempty
    PASS  tests/test_calculations.py::TestConfig::test_scenario_descriptions_complete
    PASS  tests/test_calculations.py::TestConfig::test_planning_year_options
    PASS  tests/test_calculations.py::TestConfig::test_default_values_positive
    PASS  tests/test_calculations.py::TestConfig::test_grid_components_has_5
    PASS  tests/test_calculations.py::TestConfig::test_week_windows_valid
    PASS  tests/test_calculations.py::TestConfig::test_weather_sensitivity_function
    PASS  tests/test_calculations.py::TestConfig::test_custom_css_nonempty
    PASS  tests/test_calculations.py::TestConfig::test_financial_metric_card_html
    PASS  tests/test_calculations.py::TestVisualizations::test_weekly_overlay_returns_figure
    PASS  tests/test_calculations.py::TestVisualizations::test_weekly_load_and_temp_chart
    PASS  tests/test_calculations.py::TestVisualizations::test_weekly_grid_economics_chart
    PASS  tests/test_calculations.py::TestVisualizations::test_weekly_grid_economics_chart_signed_area_split
    PASS  tests/test_calculations.py::TestVisualizations::test_annual_avoided_cost_returns_figure
    PASS  tests/test_calculations.py::TestVisualizations::test_annual_avoided_cost_monthly_boxplot
    PASS  tests/test_calculations.py::TestVisualizations::test_annual_avoided_cost_boxplot_caps_yaxis_and_annotates_outliers
    PASS  tests/test_calculations.py::TestVisualizations::test_stacked_components_returns_figure
    PASS  tests/test_calculations.py::TestVisualizations::test_stacked_components_no_legend
    PASS  tests/test_calculations.py::TestVisualizations::test_winter_summer_comparison_shares_one_legend
    PASS  tests/test_calculations.py::TestVisualizations::test_lifetime_npv_returns_figure
    PASS  tests/test_calculations.py::TestVisualizations::test_economic_balance_chart_returns_figure
    PASS  tests/test_calculations.py::TestVisualizations::test_two_sided_cost_effectiveness_chart_returns_figure
    PASS  tests/test_calculations.py::TestVisualizations::test_bubble_chart_handles_nan_load_defensively
    PASS  tests/test_calculations.py::TestIntegrationPipeline::test_grid_to_avoided_costs_column_contract
    PASS  tests/test_calculations.py::TestIntegrationPipeline::test_full_pipeline_grid_to_npv
    PASS  tests/test_calculations.py::TestIntegrationPipeline::test_dr_dispatch_feeds_into_billing
    PASS  tests/test_calculations.py::TestIntegrationPipeline::test_avoided_costs_feed_into_visualizations
    PASS  tests/test_calculations.py::TestIntegrationPipeline::test_config_defaults_work_with_calculations
    PASS  tests/test_calculations.py::TestLoadProfileIngestion::test_beopt_raw_file_parsing
    PASS  tests/test_calculations.py::TestLoadProfileIngestion::test_load_profiles_directory_scan
    PASS  tests/test_calculations.py::TestLoadProfileIngestion::test_excel_file_parsing
    PASS  tests/test_calculations.py::TestLoadProfileIngestion::test_missing_hour_is_interpolated_not_left_as_nan
    PASS  tests/test_calculations.py::TestLoadProfileIngestion::test_beopt_native_export_format_parsing
    PASS  tests/test_calculations.py::TestLoadProfileIngestion::test_beopt_battery_example_shows_charge_discharge_shift
    PASS  tests/test_calculations.py::TestCostEffectivenessTests::test_trc_and_pct_ratios
    PASS  tests/test_calculations.py::TestSoutheastUtilityCapacityEngine::test_regulated_fcr_bounds
    PASS  tests/test_calculations.py::TestSoutheastUtilityCapacityEngine::test_regulated_fcr_zero_tax
    PASS  tests/test_calculations.py::TestSoutheastUtilityCapacityEngine::test_ct_carrying_cost_gross_and_net
    PASS  tests/test_calculations.py::TestSoutheastUtilityCapacityEngine::test_southeast_dual_peak_cwf_sums_and_shape
    PASS  tests/test_calculations.py::TestSoutheastUtilityCapacityEngine::test_southeast_dual_peak_cwf_exceedance_with_load
    PASS  tests/test_calculations.py::TestSoutheastUtilityCapacityEngine::test_cwf_lolp_proxy
    PASS  tests/test_calculations.py::TestSoutheastUtilityCapacityEngine::test_cwf_top_n_uniform_and_exceedance
    PASS  tests/test_calculations.py::TestSoutheastUtilityCapacityEngine::test_cwf_peaker_rent
    PASS  tests/test_calculations.py::TestSoutheastUtilityCapacityEngine::test_feeder_pcaf_weights
    PASS  tests/test_calculations.py::TestSoutheastUtilityCapacityEngine::test_avoided_costs_decoupled_td_weights
    PASS  tests/test_calculations.py::TestSoutheastUtilityCapacityEngine::test_new_visualization_functions
    PASS  tests/test_calculations.py::TestSoutheastUtilityCapacityEngine::test_cwf_temperature_exceedance_sums_and_shape
    PASS  tests/test_calculations.py::TestSoutheastUtilityCapacityEngine::test_cwf_temperature_exceedance_colder_gets_more_weight
    PASS  tests/test_calculations.py::TestSoutheastUtilityCapacityEngine::test_cwf_temperature_exceedance_seasonal_split_and_fallback
    PASS  tests/test_cambium_downloader.py::TestCambiumDownloaderConfig::test_southeast_states_covered
    PASS  tests/test_cambium_downloader.py::TestCambiumDownloaderConfig::test_scenario_package_map_structure
    PASS  tests/test_cambium_downloader.py::TestRemoteZipReader::test_seek_and_tell
    PASS  tests/test_cambium_downloader.py::TestRemoteZipReader::test_invalid_whence
    PASS  tests/test_cambium_downloader.py::TestRemoteZipReader::test_read_boundary
    PASS  tests/test_cambium_downloader.py::TestMissingDataDetection::test_empty_directory_flags_all
    PASS  tests/test_cambium_downloader.py::TestMissingDataDetection::test_detected_file_reduces_missing
    PASS  tests/test_cambium_downloader.py::TestMissingDataDetection::test_pd_read_first_rows

======================================================================
  Test Run: 2026-09-24 10:36:30  |  Result: ALL PASSED
  92 tests: 92 passed, 0 failed
======================================================================
    PASS  tests/test_calculations.py::TestCalculateAvoidedCosts::test_output_columns_exist
    PASS  tests/test_calculations.py::TestCalculateAvoidedCosts::test_output_length_8760
    PASS  tests/test_calculations.py::TestCalculateAvoidedCosts::test_gen_capacity_formula
    PASS  tests/test_calculations.py::TestCalculateAvoidedCosts::test_transmission_uses_pcaf
    PASS  tests/test_calculations.py::TestCalculateAvoidedCosts::test_emissions_formula
    PASS  tests/test_calculations.py::TestCalculateAvoidedCosts::test_total_is_sum_of_components
    PASS  tests/test_calculations.py::TestCalculateAvoidedCosts::test_zero_scalars_only_energy
    PASS  tests/test_calculations.py::TestCalculateUrdbBill::test_flat_rate_constant_load
    PASS  tests/test_calculations.py::TestCalculateUrdbBill::test_flat_rate_monthly_proportionality
    PASS  tests/test_calculations.py::TestCalculateUrdbBill::test_zero_load_only_fixed
    PASS  tests/test_calculations.py::TestCalculateUrdbBill::test_demand_charge
    PASS  tests/test_calculations.py::TestCalculateUrdbBill::test_gp_r31_seasonal_tiers
    PASS  tests/test_calculations.py::TestCalculateUrdbBill::test_bill_increases_with_load
    PASS  tests/test_calculations.py::TestGetHourlyEnergyRate::test_flat_rate_constant_everywhere
    PASS  tests/test_calculations.py::TestGetHourlyEnergyRate::test_gp_r31_seasonal_rate_changes
    PASS  tests/test_calculations.py::TestGetHourlyEnergyRate::test_no_energy_structure_returns_zeros
    PASS  tests/test_calculations.py::TestNPVDiscounting::test_discount_factors_sum
    PASS  tests/test_calculations.py::TestNPVDiscounting::test_zero_discount_rate
    PASS  tests/test_calculations.py::TestNPVDiscounting::test_npv_known_answer
    PASS  tests/test_calculations.py::TestNPVDiscounting::test_rim_ratio_calculation
    PASS  tests/test_calculations.py::TestNPVDiscounting::test_rim_zero_lost_revenue
    PASS  tests/test_calculations.py::TestCapacityMetrics::test_epc_uniform_cwft
    PASS  tests/test_calculations.py::TestCapacityMetrics::test_epc_peaked_cwft_higher_for_peaky_load
    PASS  tests/test_calculations.py::TestCapacityMetrics::test_epc_reduction
    PASS  tests/test_calculations.py::TestCapacityMetrics::test_elcc_proxy_formula
    PASS  tests/test_calculations.py::TestCapacityMetrics::test_elcc_proxy_peaky_load
    PASS  tests/test_calculations.py::TestCapacityMetrics::test_cwft_sums_to_one
    PASS  tests/test_calculations.py::TestFindPeakWeek::test_finds_true_spike_outside_fixed_window
    PASS  tests/test_calculations.py::TestFindPeakWeek::test_window_stays_within_month_filter
    PASS  tests/test_calculations.py::TestFindPeakWeek::test_min_mode_finds_lowest_stress_window
    PASS  tests/test_calculations.py::TestFindPeakWeek::test_returns_none_when_no_window_fits
    PASS  tests/test_calculations.py::TestDispatchDrProgram::test_respects_hour_limit
    PASS  tests/test_calculations.py::TestDispatchDrProgram::test_respects_daily_limit
    PASS  tests/test_calculations.py::TestDispatchDrProgram::test_summer_only_season
    PASS  tests/test_calculations.py::TestDispatchDrProgram::test_reduction_capped_at_load
    PASS  tests/test_calculations.py::TestDispatchDrProgram::test_returns_correct_shapes
    PASS  tests/test_calculations.py::TestConfig::test_scenario_options_nonempty
    PASS  tests/test_calculations.py::TestConfig::test_scenario_descriptions_complete
    PASS  tests/test_calculations.py::TestConfig::test_planning_year_options
    PASS  tests/test_calculations.py::TestConfig::test_default_values_positive
    PASS  tests/test_calculations.py::TestConfig::test_grid_components_has_5
    PASS  tests/test_calculations.py::TestConfig::test_week_windows_valid
    PASS  tests/test_calculations.py::TestConfig::test_weather_sensitivity_function
    PASS  tests/test_calculations.py::TestConfig::test_custom_css_nonempty
    PASS  tests/test_calculations.py::TestConfig::test_financial_metric_card_html
    PASS  tests/test_calculations.py::TestVisualizations::test_weekly_overlay_returns_figure
    PASS  tests/test_calculations.py::TestVisualizations::test_weekly_load_and_temp_chart
    PASS  tests/test_calculations.py::TestVisualizations::test_weekly_grid_economics_chart
    PASS  tests/test_calculations.py::TestVisualizations::test_weekly_grid_economics_chart_signed_area_split
    PASS  tests/test_calculations.py::TestVisualizations::test_annual_avoided_cost_returns_figure
    PASS  tests/test_calculations.py::TestVisualizations::test_annual_avoided_cost_monthly_boxplot
    PASS  tests/test_calculations.py::TestVisualizations::test_annual_avoided_cost_boxplot_caps_yaxis_and_annotates_outliers
    PASS  tests/test_calculations.py::TestVisualizations::test_stacked_components_returns_figure
    PASS  tests/test_calculations.py::TestVisualizations::test_stacked_components_no_legend
    PASS  tests/test_calculations.py::TestVisualizations::test_lifetime_npv_returns_figure
    PASS  tests/test_calculations.py::TestVisualizations::test_economic_balance_chart_returns_figure
    PASS  tests/test_calculations.py::TestVisualizations::test_two_sided_cost_effectiveness_chart_returns_figure
    PASS  tests/test_calculations.py::TestVisualizations::test_bubble_chart_handles_nan_load_defensively
    PASS  tests/test_calculations.py::TestIntegrationPipeline::test_grid_to_avoided_costs_column_contract
    PASS  tests/test_calculations.py::TestIntegrationPipeline::test_full_pipeline_grid_to_npv
    PASS  tests/test_calculations.py::TestIntegrationPipeline::test_dr_dispatch_feeds_into_billing
    PASS  tests/test_calculations.py::TestIntegrationPipeline::test_avoided_costs_feed_into_visualizations
    PASS  tests/test_calculations.py::TestIntegrationPipeline::test_config_defaults_work_with_calculations
    PASS  tests/test_calculations.py::TestLoadProfileIngestion::test_beopt_raw_file_parsing
    PASS  tests/test_calculations.py::TestLoadProfileIngestion::test_load_profiles_directory_scan
    PASS  tests/test_calculations.py::TestLoadProfileIngestion::test_excel_file_parsing
    PASS  tests/test_calculations.py::TestLoadProfileIngestion::test_missing_hour_is_interpolated_not_left_as_nan
    PASS  tests/test_calculations.py::TestLoadProfileIngestion::test_beopt_native_export_format_parsing
    PASS  tests/test_calculations.py::TestLoadProfileIngestion::test_beopt_battery_example_shows_charge_discharge_shift
    PASS  tests/test_calculations.py::TestCostEffectivenessTests::test_trc_and_pct_ratios
    PASS  tests/test_calculations.py::TestSoutheastUtilityCapacityEngine::test_regulated_fcr_bounds
    PASS  tests/test_calculations.py::TestSoutheastUtilityCapacityEngine::test_regulated_fcr_zero_tax
    PASS  tests/test_calculations.py::TestSoutheastUtilityCapacityEngine::test_ct_carrying_cost_gross_and_net
    PASS  tests/test_calculations.py::TestSoutheastUtilityCapacityEngine::test_southeast_dual_peak_cwf_sums_and_shape
    PASS  tests/test_calculations.py::TestSoutheastUtilityCapacityEngine::test_southeast_dual_peak_cwf_exceedance_with_load
    PASS  tests/test_calculations.py::TestSoutheastUtilityCapacityEngine::test_cwf_lolp_proxy
    PASS  tests/test_calculations.py::TestSoutheastUtilityCapacityEngine::test_cwf_top_n_uniform_and_exceedance
    PASS  tests/test_calculations.py::TestSoutheastUtilityCapacityEngine::test_cwf_peaker_rent
    PASS  tests/test_calculations.py::TestSoutheastUtilityCapacityEngine::test_feeder_pcaf_weights
    PASS  tests/test_calculations.py::TestSoutheastUtilityCapacityEngine::test_avoided_costs_decoupled_td_weights
    PASS  tests/test_calculations.py::TestSoutheastUtilityCapacityEngine::test_new_visualization_functions
    PASS  tests/test_calculations.py::TestSoutheastUtilityCapacityEngine::test_cwf_temperature_exceedance_sums_and_shape
    PASS  tests/test_calculations.py::TestSoutheastUtilityCapacityEngine::test_cwf_temperature_exceedance_colder_gets_more_weight
    PASS  tests/test_calculations.py::TestSoutheastUtilityCapacityEngine::test_cwf_temperature_exceedance_seasonal_split_and_fallback
    PASS  tests/test_cambium_downloader.py::TestCambiumDownloaderConfig::test_southeast_states_covered
    PASS  tests/test_cambium_downloader.py::TestCambiumDownloaderConfig::test_scenario_package_map_structure
    PASS  tests/test_cambium_downloader.py::TestRemoteZipReader::test_seek_and_tell
    PASS  tests/test_cambium_downloader.py::TestRemoteZipReader::test_invalid_whence
    PASS  tests/test_cambium_downloader.py::TestRemoteZipReader::test_read_boundary
    PASS  tests/test_cambium_downloader.py::TestMissingDataDetection::test_empty_directory_flags_all
    PASS  tests/test_cambium_downloader.py::TestMissingDataDetection::test_detected_file_reduces_missing
    PASS  tests/test_cambium_downloader.py::TestMissingDataDetection::test_pd_read_first_rows

======================================================================
  Test Run: 2026-09-24 10:32:37  |  Result: ALL PASSED
  92 tests: 92 passed, 0 failed
======================================================================
    PASS  tests/test_calculations.py::TestCalculateAvoidedCosts::test_output_columns_exist
    PASS  tests/test_calculations.py::TestCalculateAvoidedCosts::test_output_length_8760
    PASS  tests/test_calculations.py::TestCalculateAvoidedCosts::test_gen_capacity_formula
    PASS  tests/test_calculations.py::TestCalculateAvoidedCosts::test_transmission_uses_pcaf
    PASS  tests/test_calculations.py::TestCalculateAvoidedCosts::test_emissions_formula
    PASS  tests/test_calculations.py::TestCalculateAvoidedCosts::test_total_is_sum_of_components
    PASS  tests/test_calculations.py::TestCalculateAvoidedCosts::test_zero_scalars_only_energy
    PASS  tests/test_calculations.py::TestCalculateUrdbBill::test_flat_rate_constant_load
    PASS  tests/test_calculations.py::TestCalculateUrdbBill::test_flat_rate_monthly_proportionality
    PASS  tests/test_calculations.py::TestCalculateUrdbBill::test_zero_load_only_fixed
    PASS  tests/test_calculations.py::TestCalculateUrdbBill::test_demand_charge
    PASS  tests/test_calculations.py::TestCalculateUrdbBill::test_gp_r31_seasonal_tiers
    PASS  tests/test_calculations.py::TestCalculateUrdbBill::test_bill_increases_with_load
    PASS  tests/test_calculations.py::TestGetHourlyEnergyRate::test_flat_rate_constant_everywhere
    PASS  tests/test_calculations.py::TestGetHourlyEnergyRate::test_gp_r31_seasonal_rate_changes
    PASS  tests/test_calculations.py::TestGetHourlyEnergyRate::test_no_energy_structure_returns_zeros
    PASS  tests/test_calculations.py::TestNPVDiscounting::test_discount_factors_sum
    PASS  tests/test_calculations.py::TestNPVDiscounting::test_zero_discount_rate
    PASS  tests/test_calculations.py::TestNPVDiscounting::test_npv_known_answer
    PASS  tests/test_calculations.py::TestNPVDiscounting::test_rim_ratio_calculation
    PASS  tests/test_calculations.py::TestNPVDiscounting::test_rim_zero_lost_revenue
    PASS  tests/test_calculations.py::TestCapacityMetrics::test_epc_uniform_cwft
    PASS  tests/test_calculations.py::TestCapacityMetrics::test_epc_peaked_cwft_higher_for_peaky_load
    PASS  tests/test_calculations.py::TestCapacityMetrics::test_epc_reduction
    PASS  tests/test_calculations.py::TestCapacityMetrics::test_elcc_proxy_formula
    PASS  tests/test_calculations.py::TestCapacityMetrics::test_elcc_proxy_peaky_load
    PASS  tests/test_calculations.py::TestCapacityMetrics::test_cwft_sums_to_one
    PASS  tests/test_calculations.py::TestFindPeakWeek::test_finds_true_spike_outside_fixed_window
    PASS  tests/test_calculations.py::TestFindPeakWeek::test_window_stays_within_month_filter
    PASS  tests/test_calculations.py::TestFindPeakWeek::test_min_mode_finds_lowest_stress_window
    PASS  tests/test_calculations.py::TestFindPeakWeek::test_returns_none_when_no_window_fits
    PASS  tests/test_calculations.py::TestDispatchDrProgram::test_respects_hour_limit
    PASS  tests/test_calculations.py::TestDispatchDrProgram::test_respects_daily_limit
    PASS  tests/test_calculations.py::TestDispatchDrProgram::test_summer_only_season
    PASS  tests/test_calculations.py::TestDispatchDrProgram::test_reduction_capped_at_load
    PASS  tests/test_calculations.py::TestDispatchDrProgram::test_returns_correct_shapes
    PASS  tests/test_calculations.py::TestConfig::test_scenario_options_nonempty
    PASS  tests/test_calculations.py::TestConfig::test_scenario_descriptions_complete
    PASS  tests/test_calculations.py::TestConfig::test_planning_year_options
    PASS  tests/test_calculations.py::TestConfig::test_default_values_positive
    PASS  tests/test_calculations.py::TestConfig::test_grid_components_has_5
    PASS  tests/test_calculations.py::TestConfig::test_week_windows_valid
    PASS  tests/test_calculations.py::TestConfig::test_weather_sensitivity_function
    PASS  tests/test_calculations.py::TestConfig::test_custom_css_nonempty
    PASS  tests/test_calculations.py::TestConfig::test_financial_metric_card_html
    PASS  tests/test_calculations.py::TestVisualizations::test_weekly_overlay_returns_figure
    PASS  tests/test_calculations.py::TestVisualizations::test_weekly_load_and_temp_chart
    PASS  tests/test_calculations.py::TestVisualizations::test_weekly_grid_economics_chart
    PASS  tests/test_calculations.py::TestVisualizations::test_weekly_grid_economics_chart_signed_area_split
    PASS  tests/test_calculations.py::TestVisualizations::test_annual_avoided_cost_returns_figure
    PASS  tests/test_calculations.py::TestVisualizations::test_annual_avoided_cost_monthly_boxplot
    PASS  tests/test_calculations.py::TestVisualizations::test_annual_avoided_cost_boxplot_caps_yaxis_and_annotates_outliers
    PASS  tests/test_calculations.py::TestVisualizations::test_stacked_components_returns_figure
    PASS  tests/test_calculations.py::TestVisualizations::test_stacked_components_no_legend
    PASS  tests/test_calculations.py::TestVisualizations::test_lifetime_npv_returns_figure
    PASS  tests/test_calculations.py::TestVisualizations::test_economic_balance_chart_returns_figure
    PASS  tests/test_calculations.py::TestVisualizations::test_two_sided_cost_effectiveness_chart_returns_figure
    PASS  tests/test_calculations.py::TestVisualizations::test_bubble_chart_handles_nan_load_defensively
    PASS  tests/test_calculations.py::TestIntegrationPipeline::test_grid_to_avoided_costs_column_contract
    PASS  tests/test_calculations.py::TestIntegrationPipeline::test_full_pipeline_grid_to_npv
    PASS  tests/test_calculations.py::TestIntegrationPipeline::test_dr_dispatch_feeds_into_billing
    PASS  tests/test_calculations.py::TestIntegrationPipeline::test_avoided_costs_feed_into_visualizations
    PASS  tests/test_calculations.py::TestIntegrationPipeline::test_config_defaults_work_with_calculations
    PASS  tests/test_calculations.py::TestLoadProfileIngestion::test_beopt_raw_file_parsing
    PASS  tests/test_calculations.py::TestLoadProfileIngestion::test_load_profiles_directory_scan
    PASS  tests/test_calculations.py::TestLoadProfileIngestion::test_excel_file_parsing
    PASS  tests/test_calculations.py::TestLoadProfileIngestion::test_missing_hour_is_interpolated_not_left_as_nan
    PASS  tests/test_calculations.py::TestLoadProfileIngestion::test_beopt_native_export_format_parsing
    PASS  tests/test_calculations.py::TestLoadProfileIngestion::test_beopt_battery_example_shows_charge_discharge_shift
    PASS  tests/test_calculations.py::TestCostEffectivenessTests::test_trc_and_pct_ratios
    PASS  tests/test_calculations.py::TestSoutheastUtilityCapacityEngine::test_regulated_fcr_bounds
    PASS  tests/test_calculations.py::TestSoutheastUtilityCapacityEngine::test_regulated_fcr_zero_tax
    PASS  tests/test_calculations.py::TestSoutheastUtilityCapacityEngine::test_ct_carrying_cost_gross_and_net
    PASS  tests/test_calculations.py::TestSoutheastUtilityCapacityEngine::test_southeast_dual_peak_cwf_sums_and_shape
    PASS  tests/test_calculations.py::TestSoutheastUtilityCapacityEngine::test_southeast_dual_peak_cwf_exceedance_with_load
    PASS  tests/test_calculations.py::TestSoutheastUtilityCapacityEngine::test_cwf_lolp_proxy
    PASS  tests/test_calculations.py::TestSoutheastUtilityCapacityEngine::test_cwf_top_n_uniform_and_exceedance
    PASS  tests/test_calculations.py::TestSoutheastUtilityCapacityEngine::test_cwf_peaker_rent
    PASS  tests/test_calculations.py::TestSoutheastUtilityCapacityEngine::test_feeder_pcaf_weights
    PASS  tests/test_calculations.py::TestSoutheastUtilityCapacityEngine::test_avoided_costs_decoupled_td_weights
    PASS  tests/test_calculations.py::TestSoutheastUtilityCapacityEngine::test_new_visualization_functions
    PASS  tests/test_calculations.py::TestSoutheastUtilityCapacityEngine::test_cwf_temperature_exceedance_sums_and_shape
    PASS  tests/test_calculations.py::TestSoutheastUtilityCapacityEngine::test_cwf_temperature_exceedance_colder_gets_more_weight
    PASS  tests/test_calculations.py::TestSoutheastUtilityCapacityEngine::test_cwf_temperature_exceedance_seasonal_split_and_fallback
    PASS  tests/test_cambium_downloader.py::TestCambiumDownloaderConfig::test_southeast_states_covered
    PASS  tests/test_cambium_downloader.py::TestCambiumDownloaderConfig::test_scenario_package_map_structure
    PASS  tests/test_cambium_downloader.py::TestRemoteZipReader::test_seek_and_tell
    PASS  tests/test_cambium_downloader.py::TestRemoteZipReader::test_invalid_whence
    PASS  tests/test_cambium_downloader.py::TestRemoteZipReader::test_read_boundary
    PASS  tests/test_cambium_downloader.py::TestMissingDataDetection::test_empty_directory_flags_all
    PASS  tests/test_cambium_downloader.py::TestMissingDataDetection::test_detected_file_reduces_missing
    PASS  tests/test_cambium_downloader.py::TestMissingDataDetection::test_pd_read_first_rows

======================================================================
  Test Run: 2026-09-24 10:26:18  |  Result: ALL PASSED
  92 tests: 92 passed, 0 failed
======================================================================
    PASS  tests/test_calculations.py::TestCalculateAvoidedCosts::test_output_columns_exist
    PASS  tests/test_calculations.py::TestCalculateAvoidedCosts::test_output_length_8760
    PASS  tests/test_calculations.py::TestCalculateAvoidedCosts::test_gen_capacity_formula
    PASS  tests/test_calculations.py::TestCalculateAvoidedCosts::test_transmission_uses_pcaf
    PASS  tests/test_calculations.py::TestCalculateAvoidedCosts::test_emissions_formula
    PASS  tests/test_calculations.py::TestCalculateAvoidedCosts::test_total_is_sum_of_components
    PASS  tests/test_calculations.py::TestCalculateAvoidedCosts::test_zero_scalars_only_energy
    PASS  tests/test_calculations.py::TestCalculateUrdbBill::test_flat_rate_constant_load
    PASS  tests/test_calculations.py::TestCalculateUrdbBill::test_flat_rate_monthly_proportionality
    PASS  tests/test_calculations.py::TestCalculateUrdbBill::test_zero_load_only_fixed
    PASS  tests/test_calculations.py::TestCalculateUrdbBill::test_demand_charge
    PASS  tests/test_calculations.py::TestCalculateUrdbBill::test_gp_r31_seasonal_tiers
    PASS  tests/test_calculations.py::TestCalculateUrdbBill::test_bill_increases_with_load
    PASS  tests/test_calculations.py::TestGetHourlyEnergyRate::test_flat_rate_constant_everywhere
    PASS  tests/test_calculations.py::TestGetHourlyEnergyRate::test_gp_r31_seasonal_rate_changes
    PASS  tests/test_calculations.py::TestGetHourlyEnergyRate::test_no_energy_structure_returns_zeros
    PASS  tests/test_calculations.py::TestNPVDiscounting::test_discount_factors_sum
    PASS  tests/test_calculations.py::TestNPVDiscounting::test_zero_discount_rate
    PASS  tests/test_calculations.py::TestNPVDiscounting::test_npv_known_answer
    PASS  tests/test_calculations.py::TestNPVDiscounting::test_rim_ratio_calculation
    PASS  tests/test_calculations.py::TestNPVDiscounting::test_rim_zero_lost_revenue
    PASS  tests/test_calculations.py::TestCapacityMetrics::test_epc_uniform_cwft
    PASS  tests/test_calculations.py::TestCapacityMetrics::test_epc_peaked_cwft_higher_for_peaky_load
    PASS  tests/test_calculations.py::TestCapacityMetrics::test_epc_reduction
    PASS  tests/test_calculations.py::TestCapacityMetrics::test_elcc_proxy_formula
    PASS  tests/test_calculations.py::TestCapacityMetrics::test_elcc_proxy_peaky_load
    PASS  tests/test_calculations.py::TestCapacityMetrics::test_cwft_sums_to_one
    PASS  tests/test_calculations.py::TestFindPeakWeek::test_finds_true_spike_outside_fixed_window
    PASS  tests/test_calculations.py::TestFindPeakWeek::test_window_stays_within_month_filter
    PASS  tests/test_calculations.py::TestFindPeakWeek::test_min_mode_finds_lowest_stress_window
    PASS  tests/test_calculations.py::TestFindPeakWeek::test_returns_none_when_no_window_fits
    PASS  tests/test_calculations.py::TestDispatchDrProgram::test_respects_hour_limit
    PASS  tests/test_calculations.py::TestDispatchDrProgram::test_respects_daily_limit
    PASS  tests/test_calculations.py::TestDispatchDrProgram::test_summer_only_season
    PASS  tests/test_calculations.py::TestDispatchDrProgram::test_reduction_capped_at_load
    PASS  tests/test_calculations.py::TestDispatchDrProgram::test_returns_correct_shapes
    PASS  tests/test_calculations.py::TestConfig::test_scenario_options_nonempty
    PASS  tests/test_calculations.py::TestConfig::test_scenario_descriptions_complete
    PASS  tests/test_calculations.py::TestConfig::test_planning_year_options
    PASS  tests/test_calculations.py::TestConfig::test_default_values_positive
    PASS  tests/test_calculations.py::TestConfig::test_grid_components_has_5
    PASS  tests/test_calculations.py::TestConfig::test_week_windows_valid
    PASS  tests/test_calculations.py::TestConfig::test_weather_sensitivity_function
    PASS  tests/test_calculations.py::TestConfig::test_custom_css_nonempty
    PASS  tests/test_calculations.py::TestConfig::test_financial_metric_card_html
    PASS  tests/test_calculations.py::TestVisualizations::test_weekly_overlay_returns_figure
    PASS  tests/test_calculations.py::TestVisualizations::test_weekly_load_and_temp_chart
    PASS  tests/test_calculations.py::TestVisualizations::test_weekly_grid_economics_chart
    PASS  tests/test_calculations.py::TestVisualizations::test_weekly_grid_economics_chart_signed_area_split
    PASS  tests/test_calculations.py::TestVisualizations::test_annual_avoided_cost_returns_figure
    PASS  tests/test_calculations.py::TestVisualizations::test_annual_avoided_cost_monthly_boxplot
    PASS  tests/test_calculations.py::TestVisualizations::test_annual_avoided_cost_boxplot_caps_yaxis_and_annotates_outliers
    PASS  tests/test_calculations.py::TestVisualizations::test_stacked_components_returns_figure
    PASS  tests/test_calculations.py::TestVisualizations::test_stacked_components_no_legend
    PASS  tests/test_calculations.py::TestVisualizations::test_lifetime_npv_returns_figure
    PASS  tests/test_calculations.py::TestVisualizations::test_economic_balance_chart_returns_figure
    PASS  tests/test_calculations.py::TestVisualizations::test_two_sided_cost_effectiveness_chart_returns_figure
    PASS  tests/test_calculations.py::TestVisualizations::test_bubble_chart_handles_nan_load_defensively
    PASS  tests/test_calculations.py::TestIntegrationPipeline::test_grid_to_avoided_costs_column_contract
    PASS  tests/test_calculations.py::TestIntegrationPipeline::test_full_pipeline_grid_to_npv
    PASS  tests/test_calculations.py::TestIntegrationPipeline::test_dr_dispatch_feeds_into_billing
    PASS  tests/test_calculations.py::TestIntegrationPipeline::test_avoided_costs_feed_into_visualizations
    PASS  tests/test_calculations.py::TestIntegrationPipeline::test_config_defaults_work_with_calculations
    PASS  tests/test_calculations.py::TestLoadProfileIngestion::test_beopt_raw_file_parsing
    PASS  tests/test_calculations.py::TestLoadProfileIngestion::test_load_profiles_directory_scan
    PASS  tests/test_calculations.py::TestLoadProfileIngestion::test_excel_file_parsing
    PASS  tests/test_calculations.py::TestLoadProfileIngestion::test_missing_hour_is_interpolated_not_left_as_nan
    PASS  tests/test_calculations.py::TestLoadProfileIngestion::test_beopt_native_export_format_parsing
    PASS  tests/test_calculations.py::TestLoadProfileIngestion::test_beopt_battery_example_shows_charge_discharge_shift
    PASS  tests/test_calculations.py::TestCostEffectivenessTests::test_trc_and_pct_ratios
    PASS  tests/test_calculations.py::TestSoutheastUtilityCapacityEngine::test_regulated_fcr_bounds
    PASS  tests/test_calculations.py::TestSoutheastUtilityCapacityEngine::test_regulated_fcr_zero_tax
    PASS  tests/test_calculations.py::TestSoutheastUtilityCapacityEngine::test_ct_carrying_cost_gross_and_net
    PASS  tests/test_calculations.py::TestSoutheastUtilityCapacityEngine::test_southeast_dual_peak_cwf_sums_and_shape
    PASS  tests/test_calculations.py::TestSoutheastUtilityCapacityEngine::test_southeast_dual_peak_cwf_exceedance_with_load
    PASS  tests/test_calculations.py::TestSoutheastUtilityCapacityEngine::test_cwf_lolp_proxy
    PASS  tests/test_calculations.py::TestSoutheastUtilityCapacityEngine::test_cwf_top_n_uniform_and_exceedance
    PASS  tests/test_calculations.py::TestSoutheastUtilityCapacityEngine::test_cwf_peaker_rent
    PASS  tests/test_calculations.py::TestSoutheastUtilityCapacityEngine::test_feeder_pcaf_weights
    PASS  tests/test_calculations.py::TestSoutheastUtilityCapacityEngine::test_avoided_costs_decoupled_td_weights
    PASS  tests/test_calculations.py::TestSoutheastUtilityCapacityEngine::test_new_visualization_functions
    PASS  tests/test_calculations.py::TestSoutheastUtilityCapacityEngine::test_cwf_temperature_exceedance_sums_and_shape
    PASS  tests/test_calculations.py::TestSoutheastUtilityCapacityEngine::test_cwf_temperature_exceedance_colder_gets_more_weight
    PASS  tests/test_calculations.py::TestSoutheastUtilityCapacityEngine::test_cwf_temperature_exceedance_seasonal_split_and_fallback
    PASS  tests/test_cambium_downloader.py::TestCambiumDownloaderConfig::test_southeast_states_covered
    PASS  tests/test_cambium_downloader.py::TestCambiumDownloaderConfig::test_scenario_package_map_structure
    PASS  tests/test_cambium_downloader.py::TestRemoteZipReader::test_seek_and_tell
    PASS  tests/test_cambium_downloader.py::TestRemoteZipReader::test_invalid_whence
    PASS  tests/test_cambium_downloader.py::TestRemoteZipReader::test_read_boundary
    PASS  tests/test_cambium_downloader.py::TestMissingDataDetection::test_empty_directory_flags_all
    PASS  tests/test_cambium_downloader.py::TestMissingDataDetection::test_detected_file_reduces_missing
    PASS  tests/test_cambium_downloader.py::TestMissingDataDetection::test_pd_read_first_rows

======================================================================
  Test Run: 2026-09-24 10:25:17  |  Result: ALL PASSED
  88 tests: 88 passed, 0 failed
======================================================================
    PASS  tests/test_calculations.py::TestCalculateAvoidedCosts::test_output_columns_exist
    PASS  tests/test_calculations.py::TestCalculateAvoidedCosts::test_output_length_8760
    PASS  tests/test_calculations.py::TestCalculateAvoidedCosts::test_gen_capacity_formula
    PASS  tests/test_calculations.py::TestCalculateAvoidedCosts::test_transmission_uses_pcaf
    PASS  tests/test_calculations.py::TestCalculateAvoidedCosts::test_emissions_formula
    PASS  tests/test_calculations.py::TestCalculateAvoidedCosts::test_total_is_sum_of_components
    PASS  tests/test_calculations.py::TestCalculateAvoidedCosts::test_zero_scalars_only_energy
    PASS  tests/test_calculations.py::TestCalculateUrdbBill::test_flat_rate_constant_load
    PASS  tests/test_calculations.py::TestCalculateUrdbBill::test_flat_rate_monthly_proportionality
    PASS  tests/test_calculations.py::TestCalculateUrdbBill::test_zero_load_only_fixed
    PASS  tests/test_calculations.py::TestCalculateUrdbBill::test_demand_charge
    PASS  tests/test_calculations.py::TestCalculateUrdbBill::test_gp_r31_seasonal_tiers
    PASS  tests/test_calculations.py::TestCalculateUrdbBill::test_bill_increases_with_load
    PASS  tests/test_calculations.py::TestGetHourlyEnergyRate::test_flat_rate_constant_everywhere
    PASS  tests/test_calculations.py::TestGetHourlyEnergyRate::test_gp_r31_seasonal_rate_changes
    PASS  tests/test_calculations.py::TestGetHourlyEnergyRate::test_no_energy_structure_returns_zeros
    PASS  tests/test_calculations.py::TestNPVDiscounting::test_discount_factors_sum
    PASS  tests/test_calculations.py::TestNPVDiscounting::test_zero_discount_rate
    PASS  tests/test_calculations.py::TestNPVDiscounting::test_npv_known_answer
    PASS  tests/test_calculations.py::TestNPVDiscounting::test_rim_ratio_calculation
    PASS  tests/test_calculations.py::TestNPVDiscounting::test_rim_zero_lost_revenue
    PASS  tests/test_calculations.py::TestCapacityMetrics::test_epc_uniform_cwft
    PASS  tests/test_calculations.py::TestCapacityMetrics::test_epc_peaked_cwft_higher_for_peaky_load
    PASS  tests/test_calculations.py::TestCapacityMetrics::test_epc_reduction
    PASS  tests/test_calculations.py::TestCapacityMetrics::test_elcc_proxy_formula
    PASS  tests/test_calculations.py::TestCapacityMetrics::test_elcc_proxy_peaky_load
    PASS  tests/test_calculations.py::TestCapacityMetrics::test_cwft_sums_to_one
    PASS  tests/test_calculations.py::TestDispatchDrProgram::test_respects_hour_limit
    PASS  tests/test_calculations.py::TestDispatchDrProgram::test_respects_daily_limit
    PASS  tests/test_calculations.py::TestDispatchDrProgram::test_summer_only_season
    PASS  tests/test_calculations.py::TestDispatchDrProgram::test_reduction_capped_at_load
    PASS  tests/test_calculations.py::TestDispatchDrProgram::test_returns_correct_shapes
    PASS  tests/test_calculations.py::TestConfig::test_scenario_options_nonempty
    PASS  tests/test_calculations.py::TestConfig::test_scenario_descriptions_complete
    PASS  tests/test_calculations.py::TestConfig::test_planning_year_options
    PASS  tests/test_calculations.py::TestConfig::test_default_values_positive
    PASS  tests/test_calculations.py::TestConfig::test_grid_components_has_5
    PASS  tests/test_calculations.py::TestConfig::test_week_windows_valid
    PASS  tests/test_calculations.py::TestConfig::test_weather_sensitivity_function
    PASS  tests/test_calculations.py::TestConfig::test_custom_css_nonempty
    PASS  tests/test_calculations.py::TestConfig::test_financial_metric_card_html
    PASS  tests/test_calculations.py::TestVisualizations::test_weekly_overlay_returns_figure
    PASS  tests/test_calculations.py::TestVisualizations::test_weekly_load_and_temp_chart
    PASS  tests/test_calculations.py::TestVisualizations::test_weekly_grid_economics_chart
    PASS  tests/test_calculations.py::TestVisualizations::test_weekly_grid_economics_chart_signed_area_split
    PASS  tests/test_calculations.py::TestVisualizations::test_annual_avoided_cost_returns_figure
    PASS  tests/test_calculations.py::TestVisualizations::test_annual_avoided_cost_monthly_boxplot
    PASS  tests/test_calculations.py::TestVisualizations::test_annual_avoided_cost_boxplot_caps_yaxis_and_annotates_outliers
    PASS  tests/test_calculations.py::TestVisualizations::test_stacked_components_returns_figure
    PASS  tests/test_calculations.py::TestVisualizations::test_stacked_components_no_legend
    PASS  tests/test_calculations.py::TestVisualizations::test_lifetime_npv_returns_figure
    PASS  tests/test_calculations.py::TestVisualizations::test_economic_balance_chart_returns_figure
    PASS  tests/test_calculations.py::TestVisualizations::test_two_sided_cost_effectiveness_chart_returns_figure
    PASS  tests/test_calculations.py::TestVisualizations::test_bubble_chart_handles_nan_load_defensively
    PASS  tests/test_calculations.py::TestIntegrationPipeline::test_grid_to_avoided_costs_column_contract
    PASS  tests/test_calculations.py::TestIntegrationPipeline::test_full_pipeline_grid_to_npv
    PASS  tests/test_calculations.py::TestIntegrationPipeline::test_dr_dispatch_feeds_into_billing
    PASS  tests/test_calculations.py::TestIntegrationPipeline::test_avoided_costs_feed_into_visualizations
    PASS  tests/test_calculations.py::TestIntegrationPipeline::test_config_defaults_work_with_calculations
    PASS  tests/test_calculations.py::TestLoadProfileIngestion::test_beopt_raw_file_parsing
    PASS  tests/test_calculations.py::TestLoadProfileIngestion::test_load_profiles_directory_scan
    PASS  tests/test_calculations.py::TestLoadProfileIngestion::test_excel_file_parsing
    PASS  tests/test_calculations.py::TestLoadProfileIngestion::test_missing_hour_is_interpolated_not_left_as_nan
    PASS  tests/test_calculations.py::TestLoadProfileIngestion::test_beopt_native_export_format_parsing
    PASS  tests/test_calculations.py::TestLoadProfileIngestion::test_beopt_battery_example_shows_charge_discharge_shift
    PASS  tests/test_calculations.py::TestCostEffectivenessTests::test_trc_and_pct_ratios
    PASS  tests/test_calculations.py::TestSoutheastUtilityCapacityEngine::test_regulated_fcr_bounds
    PASS  tests/test_calculations.py::TestSoutheastUtilityCapacityEngine::test_regulated_fcr_zero_tax
    PASS  tests/test_calculations.py::TestSoutheastUtilityCapacityEngine::test_ct_carrying_cost_gross_and_net
    PASS  tests/test_calculations.py::TestSoutheastUtilityCapacityEngine::test_southeast_dual_peak_cwf_sums_and_shape
    PASS  tests/test_calculations.py::TestSoutheastUtilityCapacityEngine::test_southeast_dual_peak_cwf_exceedance_with_load
    PASS  tests/test_calculations.py::TestSoutheastUtilityCapacityEngine::test_cwf_lolp_proxy
    PASS  tests/test_calculations.py::TestSoutheastUtilityCapacityEngine::test_cwf_top_n_uniform_and_exceedance
    PASS  tests/test_calculations.py::TestSoutheastUtilityCapacityEngine::test_cwf_peaker_rent
    PASS  tests/test_calculations.py::TestSoutheastUtilityCapacityEngine::test_feeder_pcaf_weights
    PASS  tests/test_calculations.py::TestSoutheastUtilityCapacityEngine::test_avoided_costs_decoupled_td_weights
    PASS  tests/test_calculations.py::TestSoutheastUtilityCapacityEngine::test_new_visualization_functions
    PASS  tests/test_calculations.py::TestSoutheastUtilityCapacityEngine::test_cwf_temperature_exceedance_sums_and_shape
    PASS  tests/test_calculations.py::TestSoutheastUtilityCapacityEngine::test_cwf_temperature_exceedance_colder_gets_more_weight
    PASS  tests/test_calculations.py::TestSoutheastUtilityCapacityEngine::test_cwf_temperature_exceedance_seasonal_split_and_fallback
    PASS  tests/test_cambium_downloader.py::TestCambiumDownloaderConfig::test_southeast_states_covered
    PASS  tests/test_cambium_downloader.py::TestCambiumDownloaderConfig::test_scenario_package_map_structure
    PASS  tests/test_cambium_downloader.py::TestRemoteZipReader::test_seek_and_tell
    PASS  tests/test_cambium_downloader.py::TestRemoteZipReader::test_invalid_whence
    PASS  tests/test_cambium_downloader.py::TestRemoteZipReader::test_read_boundary
    PASS  tests/test_cambium_downloader.py::TestMissingDataDetection::test_empty_directory_flags_all
    PASS  tests/test_cambium_downloader.py::TestMissingDataDetection::test_detected_file_reduces_missing
    PASS  tests/test_cambium_downloader.py::TestMissingDataDetection::test_pd_read_first_rows

======================================================================
  Test Run: 2026-09-23 15:56:39  |  Result: ALL PASSED
  88 tests: 88 passed, 0 failed
======================================================================
    PASS  tests/test_calculations.py::TestCalculateAvoidedCosts::test_output_columns_exist
    PASS  tests/test_calculations.py::TestCalculateAvoidedCosts::test_output_length_8760
    PASS  tests/test_calculations.py::TestCalculateAvoidedCosts::test_gen_capacity_formula
    PASS  tests/test_calculations.py::TestCalculateAvoidedCosts::test_transmission_uses_pcaf
    PASS  tests/test_calculations.py::TestCalculateAvoidedCosts::test_emissions_formula
    PASS  tests/test_calculations.py::TestCalculateAvoidedCosts::test_total_is_sum_of_components
    PASS  tests/test_calculations.py::TestCalculateAvoidedCosts::test_zero_scalars_only_energy
    PASS  tests/test_calculations.py::TestCalculateUrdbBill::test_flat_rate_constant_load
    PASS  tests/test_calculations.py::TestCalculateUrdbBill::test_flat_rate_monthly_proportionality
    PASS  tests/test_calculations.py::TestCalculateUrdbBill::test_zero_load_only_fixed
    PASS  tests/test_calculations.py::TestCalculateUrdbBill::test_demand_charge
    PASS  tests/test_calculations.py::TestCalculateUrdbBill::test_gp_r31_seasonal_tiers
    PASS  tests/test_calculations.py::TestCalculateUrdbBill::test_bill_increases_with_load
    PASS  tests/test_calculations.py::TestGetHourlyEnergyRate::test_flat_rate_constant_everywhere
    PASS  tests/test_calculations.py::TestGetHourlyEnergyRate::test_gp_r31_seasonal_rate_changes
    PASS  tests/test_calculations.py::TestGetHourlyEnergyRate::test_no_energy_structure_returns_zeros
    PASS  tests/test_calculations.py::TestNPVDiscounting::test_discount_factors_sum
    PASS  tests/test_calculations.py::TestNPVDiscounting::test_zero_discount_rate
    PASS  tests/test_calculations.py::TestNPVDiscounting::test_npv_known_answer
    PASS  tests/test_calculations.py::TestNPVDiscounting::test_rim_ratio_calculation
    PASS  tests/test_calculations.py::TestNPVDiscounting::test_rim_zero_lost_revenue
    PASS  tests/test_calculations.py::TestCapacityMetrics::test_epc_uniform_cwft
    PASS  tests/test_calculations.py::TestCapacityMetrics::test_epc_peaked_cwft_higher_for_peaky_load
    PASS  tests/test_calculations.py::TestCapacityMetrics::test_epc_reduction
    PASS  tests/test_calculations.py::TestCapacityMetrics::test_elcc_proxy_formula
    PASS  tests/test_calculations.py::TestCapacityMetrics::test_elcc_proxy_peaky_load
    PASS  tests/test_calculations.py::TestCapacityMetrics::test_cwft_sums_to_one
    PASS  tests/test_calculations.py::TestDispatchDrProgram::test_respects_hour_limit
    PASS  tests/test_calculations.py::TestDispatchDrProgram::test_respects_daily_limit
    PASS  tests/test_calculations.py::TestDispatchDrProgram::test_summer_only_season
    PASS  tests/test_calculations.py::TestDispatchDrProgram::test_reduction_capped_at_load
    PASS  tests/test_calculations.py::TestDispatchDrProgram::test_returns_correct_shapes
    PASS  tests/test_calculations.py::TestConfig::test_scenario_options_nonempty
    PASS  tests/test_calculations.py::TestConfig::test_scenario_descriptions_complete
    PASS  tests/test_calculations.py::TestConfig::test_planning_year_options
    PASS  tests/test_calculations.py::TestConfig::test_default_values_positive
    PASS  tests/test_calculations.py::TestConfig::test_grid_components_has_5
    PASS  tests/test_calculations.py::TestConfig::test_week_windows_valid
    PASS  tests/test_calculations.py::TestConfig::test_weather_sensitivity_function
    PASS  tests/test_calculations.py::TestConfig::test_custom_css_nonempty
    PASS  tests/test_calculations.py::TestConfig::test_financial_metric_card_html
    PASS  tests/test_calculations.py::TestVisualizations::test_weekly_overlay_returns_figure
    PASS  tests/test_calculations.py::TestVisualizations::test_weekly_load_and_temp_chart
    PASS  tests/test_calculations.py::TestVisualizations::test_weekly_grid_economics_chart
    PASS  tests/test_calculations.py::TestVisualizations::test_weekly_grid_economics_chart_signed_area_split
    PASS  tests/test_calculations.py::TestVisualizations::test_annual_avoided_cost_returns_figure
    PASS  tests/test_calculations.py::TestVisualizations::test_annual_avoided_cost_monthly_boxplot
    PASS  tests/test_calculations.py::TestVisualizations::test_annual_avoided_cost_boxplot_caps_yaxis_and_annotates_outliers
    PASS  tests/test_calculations.py::TestVisualizations::test_stacked_components_returns_figure
    PASS  tests/test_calculations.py::TestVisualizations::test_stacked_components_no_legend
    PASS  tests/test_calculations.py::TestVisualizations::test_lifetime_npv_returns_figure
    PASS  tests/test_calculations.py::TestVisualizations::test_economic_balance_chart_returns_figure
    PASS  tests/test_calculations.py::TestVisualizations::test_two_sided_cost_effectiveness_chart_returns_figure
    PASS  tests/test_calculations.py::TestVisualizations::test_bubble_chart_handles_nan_load_defensively
    PASS  tests/test_calculations.py::TestIntegrationPipeline::test_grid_to_avoided_costs_column_contract
    PASS  tests/test_calculations.py::TestIntegrationPipeline::test_full_pipeline_grid_to_npv
    PASS  tests/test_calculations.py::TestIntegrationPipeline::test_dr_dispatch_feeds_into_billing
    PASS  tests/test_calculations.py::TestIntegrationPipeline::test_avoided_costs_feed_into_visualizations
    PASS  tests/test_calculations.py::TestIntegrationPipeline::test_config_defaults_work_with_calculations
    PASS  tests/test_calculations.py::TestLoadProfileIngestion::test_beopt_raw_file_parsing
    PASS  tests/test_calculations.py::TestLoadProfileIngestion::test_load_profiles_directory_scan
    PASS  tests/test_calculations.py::TestLoadProfileIngestion::test_excel_file_parsing
    PASS  tests/test_calculations.py::TestLoadProfileIngestion::test_missing_hour_is_interpolated_not_left_as_nan
    PASS  tests/test_calculations.py::TestLoadProfileIngestion::test_beopt_native_export_format_parsing
    PASS  tests/test_calculations.py::TestLoadProfileIngestion::test_beopt_battery_example_shows_charge_discharge_shift
    PASS  tests/test_calculations.py::TestCostEffectivenessTests::test_trc_and_pct_ratios
    PASS  tests/test_calculations.py::TestSoutheastUtilityCapacityEngine::test_regulated_fcr_bounds
    PASS  tests/test_calculations.py::TestSoutheastUtilityCapacityEngine::test_regulated_fcr_zero_tax
    PASS  tests/test_calculations.py::TestSoutheastUtilityCapacityEngine::test_ct_carrying_cost_gross_and_net
    PASS  tests/test_calculations.py::TestSoutheastUtilityCapacityEngine::test_southeast_dual_peak_cwf_sums_and_shape
    PASS  tests/test_calculations.py::TestSoutheastUtilityCapacityEngine::test_southeast_dual_peak_cwf_exceedance_with_load
    PASS  tests/test_calculations.py::TestSoutheastUtilityCapacityEngine::test_cwf_lolp_proxy
    PASS  tests/test_calculations.py::TestSoutheastUtilityCapacityEngine::test_cwf_top_n_uniform_and_exceedance
    PASS  tests/test_calculations.py::TestSoutheastUtilityCapacityEngine::test_cwf_peaker_rent
    PASS  tests/test_calculations.py::TestSoutheastUtilityCapacityEngine::test_feeder_pcaf_weights
    PASS  tests/test_calculations.py::TestSoutheastUtilityCapacityEngine::test_avoided_costs_decoupled_td_weights
    PASS  tests/test_calculations.py::TestSoutheastUtilityCapacityEngine::test_new_visualization_functions
    PASS  tests/test_calculations.py::TestSoutheastUtilityCapacityEngine::test_cwf_temperature_exceedance_sums_and_shape
    PASS  tests/test_calculations.py::TestSoutheastUtilityCapacityEngine::test_cwf_temperature_exceedance_colder_gets_more_weight
    PASS  tests/test_calculations.py::TestSoutheastUtilityCapacityEngine::test_cwf_temperature_exceedance_seasonal_split_and_fallback
    PASS  tests/test_cambium_downloader.py::TestCambiumDownloaderConfig::test_southeast_states_covered
    PASS  tests/test_cambium_downloader.py::TestCambiumDownloaderConfig::test_scenario_package_map_structure
    PASS  tests/test_cambium_downloader.py::TestRemoteZipReader::test_seek_and_tell
    PASS  tests/test_cambium_downloader.py::TestRemoteZipReader::test_invalid_whence
    PASS  tests/test_cambium_downloader.py::TestRemoteZipReader::test_read_boundary
    PASS  tests/test_cambium_downloader.py::TestMissingDataDetection::test_empty_directory_flags_all
    PASS  tests/test_cambium_downloader.py::TestMissingDataDetection::test_detected_file_reduces_missing
    PASS  tests/test_cambium_downloader.py::TestMissingDataDetection::test_pd_read_first_rows

======================================================================
  Test Run: 2026-09-23 15:39:33  |  Result: ALL PASSED
  88 tests: 88 passed, 0 failed
======================================================================
    PASS  tests/test_calculations.py::TestCalculateAvoidedCosts::test_output_columns_exist
    PASS  tests/test_calculations.py::TestCalculateAvoidedCosts::test_output_length_8760
    PASS  tests/test_calculations.py::TestCalculateAvoidedCosts::test_gen_capacity_formula
    PASS  tests/test_calculations.py::TestCalculateAvoidedCosts::test_transmission_uses_pcaf
    PASS  tests/test_calculations.py::TestCalculateAvoidedCosts::test_emissions_formula
    PASS  tests/test_calculations.py::TestCalculateAvoidedCosts::test_total_is_sum_of_components
    PASS  tests/test_calculations.py::TestCalculateAvoidedCosts::test_zero_scalars_only_energy
    PASS  tests/test_calculations.py::TestCalculateUrdbBill::test_flat_rate_constant_load
    PASS  tests/test_calculations.py::TestCalculateUrdbBill::test_flat_rate_monthly_proportionality
    PASS  tests/test_calculations.py::TestCalculateUrdbBill::test_zero_load_only_fixed
    PASS  tests/test_calculations.py::TestCalculateUrdbBill::test_demand_charge
    PASS  tests/test_calculations.py::TestCalculateUrdbBill::test_gp_r31_seasonal_tiers
    PASS  tests/test_calculations.py::TestCalculateUrdbBill::test_bill_increases_with_load
    PASS  tests/test_calculations.py::TestGetHourlyEnergyRate::test_flat_rate_constant_everywhere
    PASS  tests/test_calculations.py::TestGetHourlyEnergyRate::test_gp_r31_seasonal_rate_changes
    PASS  tests/test_calculations.py::TestGetHourlyEnergyRate::test_no_energy_structure_returns_zeros
    PASS  tests/test_calculations.py::TestNPVDiscounting::test_discount_factors_sum
    PASS  tests/test_calculations.py::TestNPVDiscounting::test_zero_discount_rate
    PASS  tests/test_calculations.py::TestNPVDiscounting::test_npv_known_answer
    PASS  tests/test_calculations.py::TestNPVDiscounting::test_rim_ratio_calculation
    PASS  tests/test_calculations.py::TestNPVDiscounting::test_rim_zero_lost_revenue
    PASS  tests/test_calculations.py::TestCapacityMetrics::test_epc_uniform_cwft
    PASS  tests/test_calculations.py::TestCapacityMetrics::test_epc_peaked_cwft_higher_for_peaky_load
    PASS  tests/test_calculations.py::TestCapacityMetrics::test_epc_reduction
    PASS  tests/test_calculations.py::TestCapacityMetrics::test_elcc_proxy_formula
    PASS  tests/test_calculations.py::TestCapacityMetrics::test_elcc_proxy_peaky_load
    PASS  tests/test_calculations.py::TestCapacityMetrics::test_cwft_sums_to_one
    PASS  tests/test_calculations.py::TestDispatchDrProgram::test_respects_hour_limit
    PASS  tests/test_calculations.py::TestDispatchDrProgram::test_respects_daily_limit
    PASS  tests/test_calculations.py::TestDispatchDrProgram::test_summer_only_season
    PASS  tests/test_calculations.py::TestDispatchDrProgram::test_reduction_capped_at_load
    PASS  tests/test_calculations.py::TestDispatchDrProgram::test_returns_correct_shapes
    PASS  tests/test_calculations.py::TestConfig::test_scenario_options_nonempty
    PASS  tests/test_calculations.py::TestConfig::test_scenario_descriptions_complete
    PASS  tests/test_calculations.py::TestConfig::test_planning_year_options
    PASS  tests/test_calculations.py::TestConfig::test_default_values_positive
    PASS  tests/test_calculations.py::TestConfig::test_grid_components_has_5
    PASS  tests/test_calculations.py::TestConfig::test_week_windows_valid
    PASS  tests/test_calculations.py::TestConfig::test_weather_sensitivity_function
    PASS  tests/test_calculations.py::TestConfig::test_custom_css_nonempty
    PASS  tests/test_calculations.py::TestConfig::test_financial_metric_card_html
    PASS  tests/test_calculations.py::TestVisualizations::test_weekly_overlay_returns_figure
    PASS  tests/test_calculations.py::TestVisualizations::test_weekly_load_and_temp_chart
    PASS  tests/test_calculations.py::TestVisualizations::test_weekly_grid_economics_chart
    PASS  tests/test_calculations.py::TestVisualizations::test_weekly_grid_economics_chart_signed_area_split
    PASS  tests/test_calculations.py::TestVisualizations::test_annual_avoided_cost_returns_figure
    PASS  tests/test_calculations.py::TestVisualizations::test_annual_avoided_cost_monthly_boxplot
    PASS  tests/test_calculations.py::TestVisualizations::test_annual_avoided_cost_boxplot_caps_yaxis_and_annotates_outliers
    PASS  tests/test_calculations.py::TestVisualizations::test_stacked_components_returns_figure
    PASS  tests/test_calculations.py::TestVisualizations::test_stacked_components_no_legend
    PASS  tests/test_calculations.py::TestVisualizations::test_lifetime_npv_returns_figure
    PASS  tests/test_calculations.py::TestVisualizations::test_economic_balance_chart_returns_figure
    PASS  tests/test_calculations.py::TestVisualizations::test_two_sided_cost_effectiveness_chart_returns_figure
    PASS  tests/test_calculations.py::TestVisualizations::test_bubble_chart_handles_nan_load_defensively
    PASS  tests/test_calculations.py::TestIntegrationPipeline::test_grid_to_avoided_costs_column_contract
    PASS  tests/test_calculations.py::TestIntegrationPipeline::test_full_pipeline_grid_to_npv
    PASS  tests/test_calculations.py::TestIntegrationPipeline::test_dr_dispatch_feeds_into_billing
    PASS  tests/test_calculations.py::TestIntegrationPipeline::test_avoided_costs_feed_into_visualizations
    PASS  tests/test_calculations.py::TestIntegrationPipeline::test_config_defaults_work_with_calculations
    PASS  tests/test_calculations.py::TestLoadProfileIngestion::test_beopt_raw_file_parsing
    PASS  tests/test_calculations.py::TestLoadProfileIngestion::test_load_profiles_directory_scan
    PASS  tests/test_calculations.py::TestLoadProfileIngestion::test_excel_file_parsing
    PASS  tests/test_calculations.py::TestLoadProfileIngestion::test_missing_hour_is_interpolated_not_left_as_nan
    PASS  tests/test_calculations.py::TestLoadProfileIngestion::test_beopt_native_export_format_parsing
    PASS  tests/test_calculations.py::TestLoadProfileIngestion::test_beopt_battery_example_shows_charge_discharge_shift
    PASS  tests/test_calculations.py::TestCostEffectivenessTests::test_trc_and_pct_ratios
    PASS  tests/test_calculations.py::TestSoutheastUtilityCapacityEngine::test_regulated_fcr_bounds
    PASS  tests/test_calculations.py::TestSoutheastUtilityCapacityEngine::test_regulated_fcr_zero_tax
    PASS  tests/test_calculations.py::TestSoutheastUtilityCapacityEngine::test_ct_carrying_cost_gross_and_net
    PASS  tests/test_calculations.py::TestSoutheastUtilityCapacityEngine::test_southeast_dual_peak_cwf_sums_and_shape
    PASS  tests/test_calculations.py::TestSoutheastUtilityCapacityEngine::test_southeast_dual_peak_cwf_exceedance_with_load
    PASS  tests/test_calculations.py::TestSoutheastUtilityCapacityEngine::test_cwf_lolp_proxy
    PASS  tests/test_calculations.py::TestSoutheastUtilityCapacityEngine::test_cwf_top_n_uniform_and_exceedance
    PASS  tests/test_calculations.py::TestSoutheastUtilityCapacityEngine::test_cwf_peaker_rent
    PASS  tests/test_calculations.py::TestSoutheastUtilityCapacityEngine::test_feeder_pcaf_weights
    PASS  tests/test_calculations.py::TestSoutheastUtilityCapacityEngine::test_avoided_costs_decoupled_td_weights
    PASS  tests/test_calculations.py::TestSoutheastUtilityCapacityEngine::test_new_visualization_functions
    PASS  tests/test_calculations.py::TestSoutheastUtilityCapacityEngine::test_cwf_temperature_exceedance_sums_and_shape
    PASS  tests/test_calculations.py::TestSoutheastUtilityCapacityEngine::test_cwf_temperature_exceedance_colder_gets_more_weight
    PASS  tests/test_calculations.py::TestSoutheastUtilityCapacityEngine::test_cwf_temperature_exceedance_seasonal_split_and_fallback
    PASS  tests/test_cambium_downloader.py::TestCambiumDownloaderConfig::test_southeast_states_covered
    PASS  tests/test_cambium_downloader.py::TestCambiumDownloaderConfig::test_scenario_package_map_structure
    PASS  tests/test_cambium_downloader.py::TestRemoteZipReader::test_seek_and_tell
    PASS  tests/test_cambium_downloader.py::TestRemoteZipReader::test_invalid_whence
    PASS  tests/test_cambium_downloader.py::TestRemoteZipReader::test_read_boundary
    PASS  tests/test_cambium_downloader.py::TestMissingDataDetection::test_empty_directory_flags_all
    PASS  tests/test_cambium_downloader.py::TestMissingDataDetection::test_detected_file_reduces_missing
    PASS  tests/test_cambium_downloader.py::TestMissingDataDetection::test_pd_read_first_rows

======================================================================
  Test Run: 2026-09-23 15:26:45  |  Result: ALL PASSED
  88 tests: 88 passed, 0 failed
======================================================================
    PASS  tests/test_calculations.py::TestCalculateAvoidedCosts::test_output_columns_exist
    PASS  tests/test_calculations.py::TestCalculateAvoidedCosts::test_output_length_8760
    PASS  tests/test_calculations.py::TestCalculateAvoidedCosts::test_gen_capacity_formula
    PASS  tests/test_calculations.py::TestCalculateAvoidedCosts::test_transmission_uses_pcaf
    PASS  tests/test_calculations.py::TestCalculateAvoidedCosts::test_emissions_formula
    PASS  tests/test_calculations.py::TestCalculateAvoidedCosts::test_total_is_sum_of_components
    PASS  tests/test_calculations.py::TestCalculateAvoidedCosts::test_zero_scalars_only_energy
    PASS  tests/test_calculations.py::TestCalculateUrdbBill::test_flat_rate_constant_load
    PASS  tests/test_calculations.py::TestCalculateUrdbBill::test_flat_rate_monthly_proportionality
    PASS  tests/test_calculations.py::TestCalculateUrdbBill::test_zero_load_only_fixed
    PASS  tests/test_calculations.py::TestCalculateUrdbBill::test_demand_charge
    PASS  tests/test_calculations.py::TestCalculateUrdbBill::test_gp_r31_seasonal_tiers
    PASS  tests/test_calculations.py::TestCalculateUrdbBill::test_bill_increases_with_load
    PASS  tests/test_calculations.py::TestGetHourlyEnergyRate::test_flat_rate_constant_everywhere
    PASS  tests/test_calculations.py::TestGetHourlyEnergyRate::test_gp_r31_seasonal_rate_changes
    PASS  tests/test_calculations.py::TestGetHourlyEnergyRate::test_no_energy_structure_returns_zeros
    PASS  tests/test_calculations.py::TestNPVDiscounting::test_discount_factors_sum
    PASS  tests/test_calculations.py::TestNPVDiscounting::test_zero_discount_rate
    PASS  tests/test_calculations.py::TestNPVDiscounting::test_npv_known_answer
    PASS  tests/test_calculations.py::TestNPVDiscounting::test_rim_ratio_calculation
    PASS  tests/test_calculations.py::TestNPVDiscounting::test_rim_zero_lost_revenue
    PASS  tests/test_calculations.py::TestCapacityMetrics::test_epc_uniform_cwft
    PASS  tests/test_calculations.py::TestCapacityMetrics::test_epc_peaked_cwft_higher_for_peaky_load
    PASS  tests/test_calculations.py::TestCapacityMetrics::test_epc_reduction
    PASS  tests/test_calculations.py::TestCapacityMetrics::test_elcc_proxy_formula
    PASS  tests/test_calculations.py::TestCapacityMetrics::test_elcc_proxy_peaky_load
    PASS  tests/test_calculations.py::TestCapacityMetrics::test_cwft_sums_to_one
    PASS  tests/test_calculations.py::TestDispatchDrProgram::test_respects_hour_limit
    PASS  tests/test_calculations.py::TestDispatchDrProgram::test_respects_daily_limit
    PASS  tests/test_calculations.py::TestDispatchDrProgram::test_summer_only_season
    PASS  tests/test_calculations.py::TestDispatchDrProgram::test_reduction_capped_at_load
    PASS  tests/test_calculations.py::TestDispatchDrProgram::test_returns_correct_shapes
    PASS  tests/test_calculations.py::TestConfig::test_scenario_options_nonempty
    PASS  tests/test_calculations.py::TestConfig::test_scenario_descriptions_complete
    PASS  tests/test_calculations.py::TestConfig::test_planning_year_options
    PASS  tests/test_calculations.py::TestConfig::test_default_values_positive
    PASS  tests/test_calculations.py::TestConfig::test_grid_components_has_5
    PASS  tests/test_calculations.py::TestConfig::test_week_windows_valid
    PASS  tests/test_calculations.py::TestConfig::test_weather_sensitivity_function
    PASS  tests/test_calculations.py::TestConfig::test_custom_css_nonempty
    PASS  tests/test_calculations.py::TestConfig::test_financial_metric_card_html
    PASS  tests/test_calculations.py::TestVisualizations::test_weekly_overlay_returns_figure
    PASS  tests/test_calculations.py::TestVisualizations::test_weekly_load_and_temp_chart
    PASS  tests/test_calculations.py::TestVisualizations::test_weekly_grid_economics_chart
    PASS  tests/test_calculations.py::TestVisualizations::test_weekly_grid_economics_chart_signed_area_split
    PASS  tests/test_calculations.py::TestVisualizations::test_annual_avoided_cost_returns_figure
    PASS  tests/test_calculations.py::TestVisualizations::test_annual_avoided_cost_monthly_boxplot
    PASS  tests/test_calculations.py::TestVisualizations::test_annual_avoided_cost_boxplot_caps_yaxis_and_annotates_outliers
    PASS  tests/test_calculations.py::TestVisualizations::test_stacked_components_returns_figure
    PASS  tests/test_calculations.py::TestVisualizations::test_stacked_components_no_legend
    PASS  tests/test_calculations.py::TestVisualizations::test_lifetime_npv_returns_figure
    PASS  tests/test_calculations.py::TestVisualizations::test_economic_balance_chart_returns_figure
    PASS  tests/test_calculations.py::TestVisualizations::test_two_sided_cost_effectiveness_chart_returns_figure
    PASS  tests/test_calculations.py::TestVisualizations::test_bubble_chart_handles_nan_load_defensively
    PASS  tests/test_calculations.py::TestIntegrationPipeline::test_grid_to_avoided_costs_column_contract
    PASS  tests/test_calculations.py::TestIntegrationPipeline::test_full_pipeline_grid_to_npv
    PASS  tests/test_calculations.py::TestIntegrationPipeline::test_dr_dispatch_feeds_into_billing
    PASS  tests/test_calculations.py::TestIntegrationPipeline::test_avoided_costs_feed_into_visualizations
    PASS  tests/test_calculations.py::TestIntegrationPipeline::test_config_defaults_work_with_calculations
    PASS  tests/test_calculations.py::TestLoadProfileIngestion::test_beopt_raw_file_parsing
    PASS  tests/test_calculations.py::TestLoadProfileIngestion::test_load_profiles_directory_scan
    PASS  tests/test_calculations.py::TestLoadProfileIngestion::test_excel_file_parsing
    PASS  tests/test_calculations.py::TestLoadProfileIngestion::test_missing_hour_is_interpolated_not_left_as_nan
    PASS  tests/test_calculations.py::TestLoadProfileIngestion::test_beopt_native_export_format_parsing
    PASS  tests/test_calculations.py::TestLoadProfileIngestion::test_beopt_battery_example_shows_charge_discharge_shift
    PASS  tests/test_calculations.py::TestCostEffectivenessTests::test_trc_and_pct_ratios
    PASS  tests/test_calculations.py::TestSoutheastUtilityCapacityEngine::test_regulated_fcr_bounds
    PASS  tests/test_calculations.py::TestSoutheastUtilityCapacityEngine::test_regulated_fcr_zero_tax
    PASS  tests/test_calculations.py::TestSoutheastUtilityCapacityEngine::test_ct_carrying_cost_gross_and_net
    PASS  tests/test_calculations.py::TestSoutheastUtilityCapacityEngine::test_southeast_dual_peak_cwf_sums_and_shape
    PASS  tests/test_calculations.py::TestSoutheastUtilityCapacityEngine::test_southeast_dual_peak_cwf_exceedance_with_load
    PASS  tests/test_calculations.py::TestSoutheastUtilityCapacityEngine::test_cwf_lolp_proxy
    PASS  tests/test_calculations.py::TestSoutheastUtilityCapacityEngine::test_cwf_top_n_uniform_and_exceedance
    PASS  tests/test_calculations.py::TestSoutheastUtilityCapacityEngine::test_cwf_peaker_rent
    PASS  tests/test_calculations.py::TestSoutheastUtilityCapacityEngine::test_feeder_pcaf_weights
    PASS  tests/test_calculations.py::TestSoutheastUtilityCapacityEngine::test_avoided_costs_decoupled_td_weights
    PASS  tests/test_calculations.py::TestSoutheastUtilityCapacityEngine::test_new_visualization_functions
    PASS  tests/test_calculations.py::TestSoutheastUtilityCapacityEngine::test_cwf_temperature_exceedance_sums_and_shape
    PASS  tests/test_calculations.py::TestSoutheastUtilityCapacityEngine::test_cwf_temperature_exceedance_colder_gets_more_weight
    PASS  tests/test_calculations.py::TestSoutheastUtilityCapacityEngine::test_cwf_temperature_exceedance_seasonal_split_and_fallback
    PASS  tests/test_cambium_downloader.py::TestCambiumDownloaderConfig::test_southeast_states_covered
    PASS  tests/test_cambium_downloader.py::TestCambiumDownloaderConfig::test_scenario_package_map_structure
    PASS  tests/test_cambium_downloader.py::TestRemoteZipReader::test_seek_and_tell
    PASS  tests/test_cambium_downloader.py::TestRemoteZipReader::test_invalid_whence
    PASS  tests/test_cambium_downloader.py::TestRemoteZipReader::test_read_boundary
    PASS  tests/test_cambium_downloader.py::TestMissingDataDetection::test_empty_directory_flags_all
    PASS  tests/test_cambium_downloader.py::TestMissingDataDetection::test_detected_file_reduces_missing
    PASS  tests/test_cambium_downloader.py::TestMissingDataDetection::test_pd_read_first_rows

======================================================================
  Test Run: 2026-09-23 15:25:42  |  Result: ALL PASSED
  88 tests: 88 passed, 0 failed
======================================================================
    PASS  tests/test_calculations.py::TestCalculateAvoidedCosts::test_output_columns_exist
    PASS  tests/test_calculations.py::TestCalculateAvoidedCosts::test_output_length_8760
    PASS  tests/test_calculations.py::TestCalculateAvoidedCosts::test_gen_capacity_formula
    PASS  tests/test_calculations.py::TestCalculateAvoidedCosts::test_transmission_uses_pcaf
    PASS  tests/test_calculations.py::TestCalculateAvoidedCosts::test_emissions_formula
    PASS  tests/test_calculations.py::TestCalculateAvoidedCosts::test_total_is_sum_of_components
    PASS  tests/test_calculations.py::TestCalculateAvoidedCosts::test_zero_scalars_only_energy
    PASS  tests/test_calculations.py::TestCalculateUrdbBill::test_flat_rate_constant_load
    PASS  tests/test_calculations.py::TestCalculateUrdbBill::test_flat_rate_monthly_proportionality
    PASS  tests/test_calculations.py::TestCalculateUrdbBill::test_zero_load_only_fixed
    PASS  tests/test_calculations.py::TestCalculateUrdbBill::test_demand_charge
    PASS  tests/test_calculations.py::TestCalculateUrdbBill::test_gp_r31_seasonal_tiers
    PASS  tests/test_calculations.py::TestCalculateUrdbBill::test_bill_increases_with_load
    PASS  tests/test_calculations.py::TestGetHourlyEnergyRate::test_flat_rate_constant_everywhere
    PASS  tests/test_calculations.py::TestGetHourlyEnergyRate::test_gp_r31_seasonal_rate_changes
    PASS  tests/test_calculations.py::TestGetHourlyEnergyRate::test_no_energy_structure_returns_zeros
    PASS  tests/test_calculations.py::TestNPVDiscounting::test_discount_factors_sum
    PASS  tests/test_calculations.py::TestNPVDiscounting::test_zero_discount_rate
    PASS  tests/test_calculations.py::TestNPVDiscounting::test_npv_known_answer
    PASS  tests/test_calculations.py::TestNPVDiscounting::test_rim_ratio_calculation
    PASS  tests/test_calculations.py::TestNPVDiscounting::test_rim_zero_lost_revenue
    PASS  tests/test_calculations.py::TestCapacityMetrics::test_epc_uniform_cwft
    PASS  tests/test_calculations.py::TestCapacityMetrics::test_epc_peaked_cwft_higher_for_peaky_load
    PASS  tests/test_calculations.py::TestCapacityMetrics::test_epc_reduction
    PASS  tests/test_calculations.py::TestCapacityMetrics::test_elcc_proxy_formula
    PASS  tests/test_calculations.py::TestCapacityMetrics::test_elcc_proxy_peaky_load
    PASS  tests/test_calculations.py::TestCapacityMetrics::test_cwft_sums_to_one
    PASS  tests/test_calculations.py::TestDispatchDrProgram::test_respects_hour_limit
    PASS  tests/test_calculations.py::TestDispatchDrProgram::test_respects_daily_limit
    PASS  tests/test_calculations.py::TestDispatchDrProgram::test_summer_only_season
    PASS  tests/test_calculations.py::TestDispatchDrProgram::test_reduction_capped_at_load
    PASS  tests/test_calculations.py::TestDispatchDrProgram::test_returns_correct_shapes
    PASS  tests/test_calculations.py::TestConfig::test_scenario_options_nonempty
    PASS  tests/test_calculations.py::TestConfig::test_scenario_descriptions_complete
    PASS  tests/test_calculations.py::TestConfig::test_planning_year_options
    PASS  tests/test_calculations.py::TestConfig::test_default_values_positive
    PASS  tests/test_calculations.py::TestConfig::test_grid_components_has_5
    PASS  tests/test_calculations.py::TestConfig::test_week_windows_valid
    PASS  tests/test_calculations.py::TestConfig::test_weather_sensitivity_function
    PASS  tests/test_calculations.py::TestConfig::test_custom_css_nonempty
    PASS  tests/test_calculations.py::TestConfig::test_financial_metric_card_html
    PASS  tests/test_calculations.py::TestVisualizations::test_weekly_overlay_returns_figure
    PASS  tests/test_calculations.py::TestVisualizations::test_weekly_load_and_temp_chart
    PASS  tests/test_calculations.py::TestVisualizations::test_weekly_grid_economics_chart
    PASS  tests/test_calculations.py::TestVisualizations::test_weekly_grid_economics_chart_signed_area_split
    PASS  tests/test_calculations.py::TestVisualizations::test_annual_avoided_cost_returns_figure
    PASS  tests/test_calculations.py::TestVisualizations::test_annual_avoided_cost_monthly_boxplot
    PASS  tests/test_calculations.py::TestVisualizations::test_annual_avoided_cost_boxplot_caps_yaxis_and_annotates_outliers
    PASS  tests/test_calculations.py::TestVisualizations::test_stacked_components_returns_figure
    PASS  tests/test_calculations.py::TestVisualizations::test_stacked_components_no_legend
    PASS  tests/test_calculations.py::TestVisualizations::test_lifetime_npv_returns_figure
    PASS  tests/test_calculations.py::TestVisualizations::test_economic_balance_chart_returns_figure
    PASS  tests/test_calculations.py::TestVisualizations::test_two_sided_cost_effectiveness_chart_returns_figure
    PASS  tests/test_calculations.py::TestVisualizations::test_bubble_chart_handles_nan_load_defensively
    PASS  tests/test_calculations.py::TestIntegrationPipeline::test_grid_to_avoided_costs_column_contract
    PASS  tests/test_calculations.py::TestIntegrationPipeline::test_full_pipeline_grid_to_npv
    PASS  tests/test_calculations.py::TestIntegrationPipeline::test_dr_dispatch_feeds_into_billing
    PASS  tests/test_calculations.py::TestIntegrationPipeline::test_avoided_costs_feed_into_visualizations
    PASS  tests/test_calculations.py::TestIntegrationPipeline::test_config_defaults_work_with_calculations
    PASS  tests/test_calculations.py::TestLoadProfileIngestion::test_beopt_raw_file_parsing
    PASS  tests/test_calculations.py::TestLoadProfileIngestion::test_load_profiles_directory_scan
    PASS  tests/test_calculations.py::TestLoadProfileIngestion::test_excel_file_parsing
    PASS  tests/test_calculations.py::TestLoadProfileIngestion::test_missing_hour_is_interpolated_not_left_as_nan
    PASS  tests/test_calculations.py::TestLoadProfileIngestion::test_beopt_native_export_format_parsing
    PASS  tests/test_calculations.py::TestLoadProfileIngestion::test_beopt_battery_example_shows_charge_discharge_shift
    PASS  tests/test_calculations.py::TestCostEffectivenessTests::test_trc_and_pct_ratios
    PASS  tests/test_calculations.py::TestSoutheastUtilityCapacityEngine::test_regulated_fcr_bounds
    PASS  tests/test_calculations.py::TestSoutheastUtilityCapacityEngine::test_regulated_fcr_zero_tax
    PASS  tests/test_calculations.py::TestSoutheastUtilityCapacityEngine::test_ct_carrying_cost_gross_and_net
    PASS  tests/test_calculations.py::TestSoutheastUtilityCapacityEngine::test_southeast_dual_peak_cwf_sums_and_shape
    PASS  tests/test_calculations.py::TestSoutheastUtilityCapacityEngine::test_southeast_dual_peak_cwf_exceedance_with_load
    PASS  tests/test_calculations.py::TestSoutheastUtilityCapacityEngine::test_cwf_lolp_proxy
    PASS  tests/test_calculations.py::TestSoutheastUtilityCapacityEngine::test_cwf_top_n_uniform_and_exceedance
    PASS  tests/test_calculations.py::TestSoutheastUtilityCapacityEngine::test_cwf_peaker_rent
    PASS  tests/test_calculations.py::TestSoutheastUtilityCapacityEngine::test_feeder_pcaf_weights
    PASS  tests/test_calculations.py::TestSoutheastUtilityCapacityEngine::test_avoided_costs_decoupled_td_weights
    PASS  tests/test_calculations.py::TestSoutheastUtilityCapacityEngine::test_new_visualization_functions
    PASS  tests/test_calculations.py::TestSoutheastUtilityCapacityEngine::test_cwf_temperature_exceedance_sums_and_shape
    PASS  tests/test_calculations.py::TestSoutheastUtilityCapacityEngine::test_cwf_temperature_exceedance_colder_gets_more_weight
    PASS  tests/test_calculations.py::TestSoutheastUtilityCapacityEngine::test_cwf_temperature_exceedance_seasonal_split_and_fallback
    PASS  tests/test_cambium_downloader.py::TestCambiumDownloaderConfig::test_southeast_states_covered
    PASS  tests/test_cambium_downloader.py::TestCambiumDownloaderConfig::test_scenario_package_map_structure
    PASS  tests/test_cambium_downloader.py::TestRemoteZipReader::test_seek_and_tell
    PASS  tests/test_cambium_downloader.py::TestRemoteZipReader::test_invalid_whence
    PASS  tests/test_cambium_downloader.py::TestRemoteZipReader::test_read_boundary
    PASS  tests/test_cambium_downloader.py::TestMissingDataDetection::test_empty_directory_flags_all
    PASS  tests/test_cambium_downloader.py::TestMissingDataDetection::test_detected_file_reduces_missing
    PASS  tests/test_cambium_downloader.py::TestMissingDataDetection::test_pd_read_first_rows

======================================================================
  Test Run: 2026-09-23 15:16:16  |  Result: ALL PASSED
  87 tests: 87 passed, 0 failed
======================================================================
    PASS  tests/test_calculations.py::TestCalculateAvoidedCosts::test_output_columns_exist
    PASS  tests/test_calculations.py::TestCalculateAvoidedCosts::test_output_length_8760
    PASS  tests/test_calculations.py::TestCalculateAvoidedCosts::test_gen_capacity_formula
    PASS  tests/test_calculations.py::TestCalculateAvoidedCosts::test_transmission_uses_pcaf
    PASS  tests/test_calculations.py::TestCalculateAvoidedCosts::test_emissions_formula
    PASS  tests/test_calculations.py::TestCalculateAvoidedCosts::test_total_is_sum_of_components
    PASS  tests/test_calculations.py::TestCalculateAvoidedCosts::test_zero_scalars_only_energy
    PASS  tests/test_calculations.py::TestCalculateUrdbBill::test_flat_rate_constant_load
    PASS  tests/test_calculations.py::TestCalculateUrdbBill::test_flat_rate_monthly_proportionality
    PASS  tests/test_calculations.py::TestCalculateUrdbBill::test_zero_load_only_fixed
    PASS  tests/test_calculations.py::TestCalculateUrdbBill::test_demand_charge
    PASS  tests/test_calculations.py::TestCalculateUrdbBill::test_gp_r31_seasonal_tiers
    PASS  tests/test_calculations.py::TestCalculateUrdbBill::test_bill_increases_with_load
    PASS  tests/test_calculations.py::TestGetHourlyEnergyRate::test_flat_rate_constant_everywhere
    PASS  tests/test_calculations.py::TestGetHourlyEnergyRate::test_gp_r31_seasonal_rate_changes
    PASS  tests/test_calculations.py::TestGetHourlyEnergyRate::test_no_energy_structure_returns_zeros
    PASS  tests/test_calculations.py::TestNPVDiscounting::test_discount_factors_sum
    PASS  tests/test_calculations.py::TestNPVDiscounting::test_zero_discount_rate
    PASS  tests/test_calculations.py::TestNPVDiscounting::test_npv_known_answer
    PASS  tests/test_calculations.py::TestNPVDiscounting::test_rim_ratio_calculation
    PASS  tests/test_calculations.py::TestNPVDiscounting::test_rim_zero_lost_revenue
    PASS  tests/test_calculations.py::TestCapacityMetrics::test_epc_uniform_cwft
    PASS  tests/test_calculations.py::TestCapacityMetrics::test_epc_peaked_cwft_higher_for_peaky_load
    PASS  tests/test_calculations.py::TestCapacityMetrics::test_epc_reduction
    PASS  tests/test_calculations.py::TestCapacityMetrics::test_elcc_proxy_formula
    PASS  tests/test_calculations.py::TestCapacityMetrics::test_elcc_proxy_peaky_load
    PASS  tests/test_calculations.py::TestCapacityMetrics::test_cwft_sums_to_one
    PASS  tests/test_calculations.py::TestDispatchDrProgram::test_respects_hour_limit
    PASS  tests/test_calculations.py::TestDispatchDrProgram::test_respects_daily_limit
    PASS  tests/test_calculations.py::TestDispatchDrProgram::test_summer_only_season
    PASS  tests/test_calculations.py::TestDispatchDrProgram::test_reduction_capped_at_load
    PASS  tests/test_calculations.py::TestDispatchDrProgram::test_returns_correct_shapes
    PASS  tests/test_calculations.py::TestConfig::test_scenario_options_nonempty
    PASS  tests/test_calculations.py::TestConfig::test_scenario_descriptions_complete
    PASS  tests/test_calculations.py::TestConfig::test_planning_year_options
    PASS  tests/test_calculations.py::TestConfig::test_default_values_positive
    PASS  tests/test_calculations.py::TestConfig::test_grid_components_has_5
    PASS  tests/test_calculations.py::TestConfig::test_week_windows_valid
    PASS  tests/test_calculations.py::TestConfig::test_weather_sensitivity_function
    PASS  tests/test_calculations.py::TestConfig::test_custom_css_nonempty
    PASS  tests/test_calculations.py::TestConfig::test_financial_metric_card_html
    PASS  tests/test_calculations.py::TestVisualizations::test_weekly_overlay_returns_figure
    PASS  tests/test_calculations.py::TestVisualizations::test_weekly_load_and_temp_chart
    PASS  tests/test_calculations.py::TestVisualizations::test_weekly_grid_economics_chart
    PASS  tests/test_calculations.py::TestVisualizations::test_weekly_grid_economics_chart_signed_area_split
    PASS  tests/test_calculations.py::TestVisualizations::test_annual_avoided_cost_returns_figure
    PASS  tests/test_calculations.py::TestVisualizations::test_annual_avoided_cost_monthly_boxplot
    PASS  tests/test_calculations.py::TestVisualizations::test_stacked_components_returns_figure
    PASS  tests/test_calculations.py::TestVisualizations::test_stacked_components_no_legend
    PASS  tests/test_calculations.py::TestVisualizations::test_lifetime_npv_returns_figure
    PASS  tests/test_calculations.py::TestVisualizations::test_economic_balance_chart_returns_figure
    PASS  tests/test_calculations.py::TestVisualizations::test_two_sided_cost_effectiveness_chart_returns_figure
    PASS  tests/test_calculations.py::TestVisualizations::test_bubble_chart_handles_nan_load_defensively
    PASS  tests/test_calculations.py::TestIntegrationPipeline::test_grid_to_avoided_costs_column_contract
    PASS  tests/test_calculations.py::TestIntegrationPipeline::test_full_pipeline_grid_to_npv
    PASS  tests/test_calculations.py::TestIntegrationPipeline::test_dr_dispatch_feeds_into_billing
    PASS  tests/test_calculations.py::TestIntegrationPipeline::test_avoided_costs_feed_into_visualizations
    PASS  tests/test_calculations.py::TestIntegrationPipeline::test_config_defaults_work_with_calculations
    PASS  tests/test_calculations.py::TestLoadProfileIngestion::test_beopt_raw_file_parsing
    PASS  tests/test_calculations.py::TestLoadProfileIngestion::test_load_profiles_directory_scan
    PASS  tests/test_calculations.py::TestLoadProfileIngestion::test_excel_file_parsing
    PASS  tests/test_calculations.py::TestLoadProfileIngestion::test_missing_hour_is_interpolated_not_left_as_nan
    PASS  tests/test_calculations.py::TestLoadProfileIngestion::test_beopt_native_export_format_parsing
    PASS  tests/test_calculations.py::TestLoadProfileIngestion::test_beopt_battery_example_shows_charge_discharge_shift
    PASS  tests/test_calculations.py::TestCostEffectivenessTests::test_trc_and_pct_ratios
    PASS  tests/test_calculations.py::TestSoutheastUtilityCapacityEngine::test_regulated_fcr_bounds
    PASS  tests/test_calculations.py::TestSoutheastUtilityCapacityEngine::test_regulated_fcr_zero_tax
    PASS  tests/test_calculations.py::TestSoutheastUtilityCapacityEngine::test_ct_carrying_cost_gross_and_net
    PASS  tests/test_calculations.py::TestSoutheastUtilityCapacityEngine::test_southeast_dual_peak_cwf_sums_and_shape
    PASS  tests/test_calculations.py::TestSoutheastUtilityCapacityEngine::test_southeast_dual_peak_cwf_exceedance_with_load
    PASS  tests/test_calculations.py::TestSoutheastUtilityCapacityEngine::test_cwf_lolp_proxy
    PASS  tests/test_calculations.py::TestSoutheastUtilityCapacityEngine::test_cwf_top_n_uniform_and_exceedance
    PASS  tests/test_calculations.py::TestSoutheastUtilityCapacityEngine::test_cwf_peaker_rent
    PASS  tests/test_calculations.py::TestSoutheastUtilityCapacityEngine::test_feeder_pcaf_weights
    PASS  tests/test_calculations.py::TestSoutheastUtilityCapacityEngine::test_avoided_costs_decoupled_td_weights
    PASS  tests/test_calculations.py::TestSoutheastUtilityCapacityEngine::test_new_visualization_functions
    PASS  tests/test_calculations.py::TestSoutheastUtilityCapacityEngine::test_cwf_temperature_exceedance_sums_and_shape
    PASS  tests/test_calculations.py::TestSoutheastUtilityCapacityEngine::test_cwf_temperature_exceedance_colder_gets_more_weight
    PASS  tests/test_calculations.py::TestSoutheastUtilityCapacityEngine::test_cwf_temperature_exceedance_seasonal_split_and_fallback
    PASS  tests/test_cambium_downloader.py::TestCambiumDownloaderConfig::test_southeast_states_covered
    PASS  tests/test_cambium_downloader.py::TestCambiumDownloaderConfig::test_scenario_package_map_structure
    PASS  tests/test_cambium_downloader.py::TestRemoteZipReader::test_seek_and_tell
    PASS  tests/test_cambium_downloader.py::TestRemoteZipReader::test_invalid_whence
    PASS  tests/test_cambium_downloader.py::TestRemoteZipReader::test_read_boundary
    PASS  tests/test_cambium_downloader.py::TestMissingDataDetection::test_empty_directory_flags_all
    PASS  tests/test_cambium_downloader.py::TestMissingDataDetection::test_detected_file_reduces_missing
    PASS  tests/test_cambium_downloader.py::TestMissingDataDetection::test_pd_read_first_rows

======================================================================
  Test Run: 2026-09-23 11:00:27  |  Result: ALL PASSED
  86 tests: 86 passed, 0 failed
======================================================================
    PASS  tests/test_calculations.py::TestCalculateAvoidedCosts::test_output_columns_exist
    PASS  tests/test_calculations.py::TestCalculateAvoidedCosts::test_output_length_8760
    PASS  tests/test_calculations.py::TestCalculateAvoidedCosts::test_gen_capacity_formula
    PASS  tests/test_calculations.py::TestCalculateAvoidedCosts::test_transmission_uses_pcaf
    PASS  tests/test_calculations.py::TestCalculateAvoidedCosts::test_emissions_formula
    PASS  tests/test_calculations.py::TestCalculateAvoidedCosts::test_total_is_sum_of_components
    PASS  tests/test_calculations.py::TestCalculateAvoidedCosts::test_zero_scalars_only_energy
    PASS  tests/test_calculations.py::TestCalculateUrdbBill::test_flat_rate_constant_load
    PASS  tests/test_calculations.py::TestCalculateUrdbBill::test_flat_rate_monthly_proportionality
    PASS  tests/test_calculations.py::TestCalculateUrdbBill::test_zero_load_only_fixed
    PASS  tests/test_calculations.py::TestCalculateUrdbBill::test_demand_charge
    PASS  tests/test_calculations.py::TestCalculateUrdbBill::test_gp_r31_seasonal_tiers
    PASS  tests/test_calculations.py::TestCalculateUrdbBill::test_bill_increases_with_load
    PASS  tests/test_calculations.py::TestGetHourlyEnergyRate::test_flat_rate_constant_everywhere
    PASS  tests/test_calculations.py::TestGetHourlyEnergyRate::test_gp_r31_seasonal_rate_changes
    PASS  tests/test_calculations.py::TestGetHourlyEnergyRate::test_no_energy_structure_returns_zeros
    PASS  tests/test_calculations.py::TestNPVDiscounting::test_discount_factors_sum
    PASS  tests/test_calculations.py::TestNPVDiscounting::test_zero_discount_rate
    PASS  tests/test_calculations.py::TestNPVDiscounting::test_npv_known_answer
    PASS  tests/test_calculations.py::TestNPVDiscounting::test_rim_ratio_calculation
    PASS  tests/test_calculations.py::TestNPVDiscounting::test_rim_zero_lost_revenue
    PASS  tests/test_calculations.py::TestCapacityMetrics::test_epc_uniform_cwft
    PASS  tests/test_calculations.py::TestCapacityMetrics::test_epc_peaked_cwft_higher_for_peaky_load
    PASS  tests/test_calculations.py::TestCapacityMetrics::test_epc_reduction
    PASS  tests/test_calculations.py::TestCapacityMetrics::test_elcc_proxy_formula
    PASS  tests/test_calculations.py::TestCapacityMetrics::test_elcc_proxy_peaky_load
    PASS  tests/test_calculations.py::TestCapacityMetrics::test_cwft_sums_to_one
    PASS  tests/test_calculations.py::TestDispatchDrProgram::test_respects_hour_limit
    PASS  tests/test_calculations.py::TestDispatchDrProgram::test_respects_daily_limit
    PASS  tests/test_calculations.py::TestDispatchDrProgram::test_summer_only_season
    PASS  tests/test_calculations.py::TestDispatchDrProgram::test_reduction_capped_at_load
    PASS  tests/test_calculations.py::TestDispatchDrProgram::test_returns_correct_shapes
    PASS  tests/test_calculations.py::TestConfig::test_scenario_options_nonempty
    PASS  tests/test_calculations.py::TestConfig::test_scenario_descriptions_complete
    PASS  tests/test_calculations.py::TestConfig::test_planning_year_options
    PASS  tests/test_calculations.py::TestConfig::test_default_values_positive
    PASS  tests/test_calculations.py::TestConfig::test_grid_components_has_5
    PASS  tests/test_calculations.py::TestConfig::test_week_windows_valid
    PASS  tests/test_calculations.py::TestConfig::test_weather_sensitivity_function
    PASS  tests/test_calculations.py::TestConfig::test_custom_css_nonempty
    PASS  tests/test_calculations.py::TestConfig::test_financial_metric_card_html
    PASS  tests/test_calculations.py::TestVisualizations::test_weekly_overlay_returns_figure
    PASS  tests/test_calculations.py::TestVisualizations::test_weekly_load_and_temp_chart
    PASS  tests/test_calculations.py::TestVisualizations::test_weekly_grid_economics_chart
    PASS  tests/test_calculations.py::TestVisualizations::test_weekly_grid_economics_chart_signed_area_split
    PASS  tests/test_calculations.py::TestVisualizations::test_annual_avoided_cost_returns_figure
    PASS  tests/test_calculations.py::TestVisualizations::test_stacked_components_returns_figure
    PASS  tests/test_calculations.py::TestVisualizations::test_stacked_components_no_legend
    PASS  tests/test_calculations.py::TestVisualizations::test_lifetime_npv_returns_figure
    PASS  tests/test_calculations.py::TestVisualizations::test_economic_balance_chart_returns_figure
    PASS  tests/test_calculations.py::TestVisualizations::test_two_sided_cost_effectiveness_chart_returns_figure
    PASS  tests/test_calculations.py::TestVisualizations::test_bubble_chart_handles_nan_load_defensively
    PASS  tests/test_calculations.py::TestIntegrationPipeline::test_grid_to_avoided_costs_column_contract
    PASS  tests/test_calculations.py::TestIntegrationPipeline::test_full_pipeline_grid_to_npv
    PASS  tests/test_calculations.py::TestIntegrationPipeline::test_dr_dispatch_feeds_into_billing
    PASS  tests/test_calculations.py::TestIntegrationPipeline::test_avoided_costs_feed_into_visualizations
    PASS  tests/test_calculations.py::TestIntegrationPipeline::test_config_defaults_work_with_calculations
    PASS  tests/test_calculations.py::TestLoadProfileIngestion::test_beopt_raw_file_parsing
    PASS  tests/test_calculations.py::TestLoadProfileIngestion::test_load_profiles_directory_scan
    PASS  tests/test_calculations.py::TestLoadProfileIngestion::test_excel_file_parsing
    PASS  tests/test_calculations.py::TestLoadProfileIngestion::test_missing_hour_is_interpolated_not_left_as_nan
    PASS  tests/test_calculations.py::TestLoadProfileIngestion::test_beopt_native_export_format_parsing
    PASS  tests/test_calculations.py::TestLoadProfileIngestion::test_beopt_battery_example_shows_charge_discharge_shift
    PASS  tests/test_calculations.py::TestCostEffectivenessTests::test_trc_and_pct_ratios
    PASS  tests/test_calculations.py::TestSoutheastUtilityCapacityEngine::test_regulated_fcr_bounds
    PASS  tests/test_calculations.py::TestSoutheastUtilityCapacityEngine::test_regulated_fcr_zero_tax
    PASS  tests/test_calculations.py::TestSoutheastUtilityCapacityEngine::test_ct_carrying_cost_gross_and_net
    PASS  tests/test_calculations.py::TestSoutheastUtilityCapacityEngine::test_southeast_dual_peak_cwf_sums_and_shape
    PASS  tests/test_calculations.py::TestSoutheastUtilityCapacityEngine::test_southeast_dual_peak_cwf_exceedance_with_load
    PASS  tests/test_calculations.py::TestSoutheastUtilityCapacityEngine::test_cwf_lolp_proxy
    PASS  tests/test_calculations.py::TestSoutheastUtilityCapacityEngine::test_cwf_top_n_uniform_and_exceedance
    PASS  tests/test_calculations.py::TestSoutheastUtilityCapacityEngine::test_cwf_peaker_rent
    PASS  tests/test_calculations.py::TestSoutheastUtilityCapacityEngine::test_feeder_pcaf_weights
    PASS  tests/test_calculations.py::TestSoutheastUtilityCapacityEngine::test_avoided_costs_decoupled_td_weights
    PASS  tests/test_calculations.py::TestSoutheastUtilityCapacityEngine::test_new_visualization_functions
    PASS  tests/test_calculations.py::TestSoutheastUtilityCapacityEngine::test_cwf_temperature_exceedance_sums_and_shape
    PASS  tests/test_calculations.py::TestSoutheastUtilityCapacityEngine::test_cwf_temperature_exceedance_colder_gets_more_weight
    PASS  tests/test_calculations.py::TestSoutheastUtilityCapacityEngine::test_cwf_temperature_exceedance_seasonal_split_and_fallback
    PASS  tests/test_cambium_downloader.py::TestCambiumDownloaderConfig::test_southeast_states_covered
    PASS  tests/test_cambium_downloader.py::TestCambiumDownloaderConfig::test_scenario_package_map_structure
    PASS  tests/test_cambium_downloader.py::TestRemoteZipReader::test_seek_and_tell
    PASS  tests/test_cambium_downloader.py::TestRemoteZipReader::test_invalid_whence
    PASS  tests/test_cambium_downloader.py::TestRemoteZipReader::test_read_boundary
    PASS  tests/test_cambium_downloader.py::TestMissingDataDetection::test_empty_directory_flags_all
    PASS  tests/test_cambium_downloader.py::TestMissingDataDetection::test_detected_file_reduces_missing
    PASS  tests/test_cambium_downloader.py::TestMissingDataDetection::test_pd_read_first_rows

======================================================================
  Test Run: 2026-09-23 10:47:43  |  Result: ALL PASSED
  86 tests: 86 passed, 0 failed
======================================================================
    PASS  tests/test_calculations.py::TestCalculateAvoidedCosts::test_output_columns_exist
    PASS  tests/test_calculations.py::TestCalculateAvoidedCosts::test_output_length_8760
    PASS  tests/test_calculations.py::TestCalculateAvoidedCosts::test_gen_capacity_formula
    PASS  tests/test_calculations.py::TestCalculateAvoidedCosts::test_transmission_uses_pcaf
    PASS  tests/test_calculations.py::TestCalculateAvoidedCosts::test_emissions_formula
    PASS  tests/test_calculations.py::TestCalculateAvoidedCosts::test_total_is_sum_of_components
    PASS  tests/test_calculations.py::TestCalculateAvoidedCosts::test_zero_scalars_only_energy
    PASS  tests/test_calculations.py::TestCalculateUrdbBill::test_flat_rate_constant_load
    PASS  tests/test_calculations.py::TestCalculateUrdbBill::test_flat_rate_monthly_proportionality
    PASS  tests/test_calculations.py::TestCalculateUrdbBill::test_zero_load_only_fixed
    PASS  tests/test_calculations.py::TestCalculateUrdbBill::test_demand_charge
    PASS  tests/test_calculations.py::TestCalculateUrdbBill::test_gp_r31_seasonal_tiers
    PASS  tests/test_calculations.py::TestCalculateUrdbBill::test_bill_increases_with_load
    PASS  tests/test_calculations.py::TestGetHourlyEnergyRate::test_flat_rate_constant_everywhere
    PASS  tests/test_calculations.py::TestGetHourlyEnergyRate::test_gp_r31_seasonal_rate_changes
    PASS  tests/test_calculations.py::TestGetHourlyEnergyRate::test_no_energy_structure_returns_zeros
    PASS  tests/test_calculations.py::TestNPVDiscounting::test_discount_factors_sum
    PASS  tests/test_calculations.py::TestNPVDiscounting::test_zero_discount_rate
    PASS  tests/test_calculations.py::TestNPVDiscounting::test_npv_known_answer
    PASS  tests/test_calculations.py::TestNPVDiscounting::test_rim_ratio_calculation
    PASS  tests/test_calculations.py::TestNPVDiscounting::test_rim_zero_lost_revenue
    PASS  tests/test_calculations.py::TestCapacityMetrics::test_epc_uniform_cwft
    PASS  tests/test_calculations.py::TestCapacityMetrics::test_epc_peaked_cwft_higher_for_peaky_load
    PASS  tests/test_calculations.py::TestCapacityMetrics::test_epc_reduction
    PASS  tests/test_calculations.py::TestCapacityMetrics::test_elcc_proxy_formula
    PASS  tests/test_calculations.py::TestCapacityMetrics::test_elcc_proxy_peaky_load
    PASS  tests/test_calculations.py::TestCapacityMetrics::test_cwft_sums_to_one
    PASS  tests/test_calculations.py::TestDispatchDrProgram::test_respects_hour_limit
    PASS  tests/test_calculations.py::TestDispatchDrProgram::test_respects_daily_limit
    PASS  tests/test_calculations.py::TestDispatchDrProgram::test_summer_only_season
    PASS  tests/test_calculations.py::TestDispatchDrProgram::test_reduction_capped_at_load
    PASS  tests/test_calculations.py::TestDispatchDrProgram::test_returns_correct_shapes
    PASS  tests/test_calculations.py::TestConfig::test_scenario_options_nonempty
    PASS  tests/test_calculations.py::TestConfig::test_scenario_descriptions_complete
    PASS  tests/test_calculations.py::TestConfig::test_planning_year_options
    PASS  tests/test_calculations.py::TestConfig::test_default_values_positive
    PASS  tests/test_calculations.py::TestConfig::test_grid_components_has_5
    PASS  tests/test_calculations.py::TestConfig::test_week_windows_valid
    PASS  tests/test_calculations.py::TestConfig::test_weather_sensitivity_function
    PASS  tests/test_calculations.py::TestConfig::test_custom_css_nonempty
    PASS  tests/test_calculations.py::TestConfig::test_financial_metric_card_html
    PASS  tests/test_calculations.py::TestVisualizations::test_weekly_overlay_returns_figure
    PASS  tests/test_calculations.py::TestVisualizations::test_weekly_load_and_temp_chart
    PASS  tests/test_calculations.py::TestVisualizations::test_weekly_grid_economics_chart
    PASS  tests/test_calculations.py::TestVisualizations::test_weekly_grid_economics_chart_signed_area_split
    PASS  tests/test_calculations.py::TestVisualizations::test_annual_avoided_cost_returns_figure
    PASS  tests/test_calculations.py::TestVisualizations::test_stacked_components_returns_figure
    PASS  tests/test_calculations.py::TestVisualizations::test_stacked_components_no_legend
    PASS  tests/test_calculations.py::TestVisualizations::test_lifetime_npv_returns_figure
    PASS  tests/test_calculations.py::TestVisualizations::test_economic_balance_chart_returns_figure
    PASS  tests/test_calculations.py::TestVisualizations::test_two_sided_cost_effectiveness_chart_returns_figure
    PASS  tests/test_calculations.py::TestVisualizations::test_bubble_chart_handles_nan_load_defensively
    PASS  tests/test_calculations.py::TestIntegrationPipeline::test_grid_to_avoided_costs_column_contract
    PASS  tests/test_calculations.py::TestIntegrationPipeline::test_full_pipeline_grid_to_npv
    PASS  tests/test_calculations.py::TestIntegrationPipeline::test_dr_dispatch_feeds_into_billing
    PASS  tests/test_calculations.py::TestIntegrationPipeline::test_avoided_costs_feed_into_visualizations
    PASS  tests/test_calculations.py::TestIntegrationPipeline::test_config_defaults_work_with_calculations
    PASS  tests/test_calculations.py::TestLoadProfileIngestion::test_beopt_raw_file_parsing
    PASS  tests/test_calculations.py::TestLoadProfileIngestion::test_load_profiles_directory_scan
    PASS  tests/test_calculations.py::TestLoadProfileIngestion::test_excel_file_parsing
    PASS  tests/test_calculations.py::TestLoadProfileIngestion::test_missing_hour_is_interpolated_not_left_as_nan
    PASS  tests/test_calculations.py::TestLoadProfileIngestion::test_beopt_native_export_format_parsing
    PASS  tests/test_calculations.py::TestLoadProfileIngestion::test_beopt_battery_example_shows_charge_discharge_shift
    PASS  tests/test_calculations.py::TestCostEffectivenessTests::test_trc_and_pct_ratios
    PASS  tests/test_calculations.py::TestSoutheastUtilityCapacityEngine::test_regulated_fcr_bounds
    PASS  tests/test_calculations.py::TestSoutheastUtilityCapacityEngine::test_regulated_fcr_zero_tax
    PASS  tests/test_calculations.py::TestSoutheastUtilityCapacityEngine::test_ct_carrying_cost_gross_and_net
    PASS  tests/test_calculations.py::TestSoutheastUtilityCapacityEngine::test_southeast_dual_peak_cwf_sums_and_shape
    PASS  tests/test_calculations.py::TestSoutheastUtilityCapacityEngine::test_southeast_dual_peak_cwf_exceedance_with_load
    PASS  tests/test_calculations.py::TestSoutheastUtilityCapacityEngine::test_cwf_lolp_proxy
    PASS  tests/test_calculations.py::TestSoutheastUtilityCapacityEngine::test_cwf_top_n_uniform_and_exceedance
    PASS  tests/test_calculations.py::TestSoutheastUtilityCapacityEngine::test_cwf_peaker_rent
    PASS  tests/test_calculations.py::TestSoutheastUtilityCapacityEngine::test_feeder_pcaf_weights
    PASS  tests/test_calculations.py::TestSoutheastUtilityCapacityEngine::test_avoided_costs_decoupled_td_weights
    PASS  tests/test_calculations.py::TestSoutheastUtilityCapacityEngine::test_new_visualization_functions
    PASS  tests/test_calculations.py::TestSoutheastUtilityCapacityEngine::test_cwf_temperature_exceedance_sums_and_shape
    PASS  tests/test_calculations.py::TestSoutheastUtilityCapacityEngine::test_cwf_temperature_exceedance_colder_gets_more_weight
    PASS  tests/test_calculations.py::TestSoutheastUtilityCapacityEngine::test_cwf_temperature_exceedance_seasonal_split_and_fallback
    PASS  tests/test_cambium_downloader.py::TestCambiumDownloaderConfig::test_southeast_states_covered
    PASS  tests/test_cambium_downloader.py::TestCambiumDownloaderConfig::test_scenario_package_map_structure
    PASS  tests/test_cambium_downloader.py::TestRemoteZipReader::test_seek_and_tell
    PASS  tests/test_cambium_downloader.py::TestRemoteZipReader::test_invalid_whence
    PASS  tests/test_cambium_downloader.py::TestRemoteZipReader::test_read_boundary
    PASS  tests/test_cambium_downloader.py::TestMissingDataDetection::test_empty_directory_flags_all
    PASS  tests/test_cambium_downloader.py::TestMissingDataDetection::test_detected_file_reduces_missing
    PASS  tests/test_cambium_downloader.py::TestMissingDataDetection::test_pd_read_first_rows

======================================================================
  Test Run: 2026-09-23 10:47:19  |  Result: ALL PASSED
  86 tests: 86 passed, 0 failed
======================================================================
    PASS  tests/test_calculations.py::TestCalculateAvoidedCosts::test_output_columns_exist
    PASS  tests/test_calculations.py::TestCalculateAvoidedCosts::test_output_length_8760
    PASS  tests/test_calculations.py::TestCalculateAvoidedCosts::test_gen_capacity_formula
    PASS  tests/test_calculations.py::TestCalculateAvoidedCosts::test_transmission_uses_pcaf
    PASS  tests/test_calculations.py::TestCalculateAvoidedCosts::test_emissions_formula
    PASS  tests/test_calculations.py::TestCalculateAvoidedCosts::test_total_is_sum_of_components
    PASS  tests/test_calculations.py::TestCalculateAvoidedCosts::test_zero_scalars_only_energy
    PASS  tests/test_calculations.py::TestCalculateUrdbBill::test_flat_rate_constant_load
    PASS  tests/test_calculations.py::TestCalculateUrdbBill::test_flat_rate_monthly_proportionality
    PASS  tests/test_calculations.py::TestCalculateUrdbBill::test_zero_load_only_fixed
    PASS  tests/test_calculations.py::TestCalculateUrdbBill::test_demand_charge
    PASS  tests/test_calculations.py::TestCalculateUrdbBill::test_gp_r31_seasonal_tiers
    PASS  tests/test_calculations.py::TestCalculateUrdbBill::test_bill_increases_with_load
    PASS  tests/test_calculations.py::TestGetHourlyEnergyRate::test_flat_rate_constant_everywhere
    PASS  tests/test_calculations.py::TestGetHourlyEnergyRate::test_gp_r31_seasonal_rate_changes
    PASS  tests/test_calculations.py::TestGetHourlyEnergyRate::test_no_energy_structure_returns_zeros
    PASS  tests/test_calculations.py::TestNPVDiscounting::test_discount_factors_sum
    PASS  tests/test_calculations.py::TestNPVDiscounting::test_zero_discount_rate
    PASS  tests/test_calculations.py::TestNPVDiscounting::test_npv_known_answer
    PASS  tests/test_calculations.py::TestNPVDiscounting::test_rim_ratio_calculation
    PASS  tests/test_calculations.py::TestNPVDiscounting::test_rim_zero_lost_revenue
    PASS  tests/test_calculations.py::TestCapacityMetrics::test_epc_uniform_cwft
    PASS  tests/test_calculations.py::TestCapacityMetrics::test_epc_peaked_cwft_higher_for_peaky_load
    PASS  tests/test_calculations.py::TestCapacityMetrics::test_epc_reduction
    PASS  tests/test_calculations.py::TestCapacityMetrics::test_elcc_proxy_formula
    PASS  tests/test_calculations.py::TestCapacityMetrics::test_elcc_proxy_peaky_load
    PASS  tests/test_calculations.py::TestCapacityMetrics::test_cwft_sums_to_one
    PASS  tests/test_calculations.py::TestDispatchDrProgram::test_respects_hour_limit
    PASS  tests/test_calculations.py::TestDispatchDrProgram::test_respects_daily_limit
    PASS  tests/test_calculations.py::TestDispatchDrProgram::test_summer_only_season
    PASS  tests/test_calculations.py::TestDispatchDrProgram::test_reduction_capped_at_load
    PASS  tests/test_calculations.py::TestDispatchDrProgram::test_returns_correct_shapes
    PASS  tests/test_calculations.py::TestConfig::test_scenario_options_nonempty
    PASS  tests/test_calculations.py::TestConfig::test_scenario_descriptions_complete
    PASS  tests/test_calculations.py::TestConfig::test_planning_year_options
    PASS  tests/test_calculations.py::TestConfig::test_default_values_positive
    PASS  tests/test_calculations.py::TestConfig::test_grid_components_has_5
    PASS  tests/test_calculations.py::TestConfig::test_week_windows_valid
    PASS  tests/test_calculations.py::TestConfig::test_weather_sensitivity_function
    PASS  tests/test_calculations.py::TestConfig::test_custom_css_nonempty
    PASS  tests/test_calculations.py::TestConfig::test_financial_metric_card_html
    PASS  tests/test_calculations.py::TestVisualizations::test_weekly_overlay_returns_figure
    PASS  tests/test_calculations.py::TestVisualizations::test_weekly_load_and_temp_chart
    PASS  tests/test_calculations.py::TestVisualizations::test_weekly_grid_economics_chart
    PASS  tests/test_calculations.py::TestVisualizations::test_weekly_grid_economics_chart_signed_area_split
    PASS  tests/test_calculations.py::TestVisualizations::test_annual_avoided_cost_returns_figure
    PASS  tests/test_calculations.py::TestVisualizations::test_stacked_components_returns_figure
    PASS  tests/test_calculations.py::TestVisualizations::test_stacked_components_no_legend
    PASS  tests/test_calculations.py::TestVisualizations::test_lifetime_npv_returns_figure
    PASS  tests/test_calculations.py::TestVisualizations::test_economic_balance_chart_returns_figure
    PASS  tests/test_calculations.py::TestVisualizations::test_two_sided_cost_effectiveness_chart_returns_figure
    PASS  tests/test_calculations.py::TestVisualizations::test_bubble_chart_handles_nan_load_defensively
    PASS  tests/test_calculations.py::TestIntegrationPipeline::test_grid_to_avoided_costs_column_contract
    PASS  tests/test_calculations.py::TestIntegrationPipeline::test_full_pipeline_grid_to_npv
    PASS  tests/test_calculations.py::TestIntegrationPipeline::test_dr_dispatch_feeds_into_billing
    PASS  tests/test_calculations.py::TestIntegrationPipeline::test_avoided_costs_feed_into_visualizations
    PASS  tests/test_calculations.py::TestIntegrationPipeline::test_config_defaults_work_with_calculations
    PASS  tests/test_calculations.py::TestLoadProfileIngestion::test_beopt_raw_file_parsing
    PASS  tests/test_calculations.py::TestLoadProfileIngestion::test_load_profiles_directory_scan
    PASS  tests/test_calculations.py::TestLoadProfileIngestion::test_excel_file_parsing
    PASS  tests/test_calculations.py::TestLoadProfileIngestion::test_missing_hour_is_interpolated_not_left_as_nan
    PASS  tests/test_calculations.py::TestLoadProfileIngestion::test_beopt_native_export_format_parsing
    PASS  tests/test_calculations.py::TestLoadProfileIngestion::test_beopt_battery_example_shows_charge_discharge_shift
    PASS  tests/test_calculations.py::TestCostEffectivenessTests::test_trc_and_pct_ratios
    PASS  tests/test_calculations.py::TestSoutheastUtilityCapacityEngine::test_regulated_fcr_bounds
    PASS  tests/test_calculations.py::TestSoutheastUtilityCapacityEngine::test_regulated_fcr_zero_tax
    PASS  tests/test_calculations.py::TestSoutheastUtilityCapacityEngine::test_ct_carrying_cost_gross_and_net
    PASS  tests/test_calculations.py::TestSoutheastUtilityCapacityEngine::test_southeast_dual_peak_cwf_sums_and_shape
    PASS  tests/test_calculations.py::TestSoutheastUtilityCapacityEngine::test_southeast_dual_peak_cwf_exceedance_with_load
    PASS  tests/test_calculations.py::TestSoutheastUtilityCapacityEngine::test_cwf_lolp_proxy
    PASS  tests/test_calculations.py::TestSoutheastUtilityCapacityEngine::test_cwf_top_n_uniform_and_exceedance
    PASS  tests/test_calculations.py::TestSoutheastUtilityCapacityEngine::test_cwf_peaker_rent
    PASS  tests/test_calculations.py::TestSoutheastUtilityCapacityEngine::test_feeder_pcaf_weights
    PASS  tests/test_calculations.py::TestSoutheastUtilityCapacityEngine::test_avoided_costs_decoupled_td_weights
    PASS  tests/test_calculations.py::TestSoutheastUtilityCapacityEngine::test_new_visualization_functions
    PASS  tests/test_calculations.py::TestSoutheastUtilityCapacityEngine::test_cwf_temperature_exceedance_sums_and_shape
    PASS  tests/test_calculations.py::TestSoutheastUtilityCapacityEngine::test_cwf_temperature_exceedance_colder_gets_more_weight
    PASS  tests/test_calculations.py::TestSoutheastUtilityCapacityEngine::test_cwf_temperature_exceedance_seasonal_split_and_fallback
    PASS  tests/test_cambium_downloader.py::TestCambiumDownloaderConfig::test_southeast_states_covered
    PASS  tests/test_cambium_downloader.py::TestCambiumDownloaderConfig::test_scenario_package_map_structure
    PASS  tests/test_cambium_downloader.py::TestRemoteZipReader::test_seek_and_tell
    PASS  tests/test_cambium_downloader.py::TestRemoteZipReader::test_invalid_whence
    PASS  tests/test_cambium_downloader.py::TestRemoteZipReader::test_read_boundary
    PASS  tests/test_cambium_downloader.py::TestMissingDataDetection::test_empty_directory_flags_all
    PASS  tests/test_cambium_downloader.py::TestMissingDataDetection::test_detected_file_reduces_missing
    PASS  tests/test_cambium_downloader.py::TestMissingDataDetection::test_pd_read_first_rows

======================================================================
  Test Run: 2026-09-23 10:42:54  |  Result: ALL PASSED
  86 tests: 86 passed, 0 failed
======================================================================
    PASS  tests/test_calculations.py::TestCalculateAvoidedCosts::test_output_columns_exist
    PASS  tests/test_calculations.py::TestCalculateAvoidedCosts::test_output_length_8760
    PASS  tests/test_calculations.py::TestCalculateAvoidedCosts::test_gen_capacity_formula
    PASS  tests/test_calculations.py::TestCalculateAvoidedCosts::test_transmission_uses_pcaf
    PASS  tests/test_calculations.py::TestCalculateAvoidedCosts::test_emissions_formula
    PASS  tests/test_calculations.py::TestCalculateAvoidedCosts::test_total_is_sum_of_components
    PASS  tests/test_calculations.py::TestCalculateAvoidedCosts::test_zero_scalars_only_energy
    PASS  tests/test_calculations.py::TestCalculateUrdbBill::test_flat_rate_constant_load
    PASS  tests/test_calculations.py::TestCalculateUrdbBill::test_flat_rate_monthly_proportionality
    PASS  tests/test_calculations.py::TestCalculateUrdbBill::test_zero_load_only_fixed
    PASS  tests/test_calculations.py::TestCalculateUrdbBill::test_demand_charge
    PASS  tests/test_calculations.py::TestCalculateUrdbBill::test_gp_r31_seasonal_tiers
    PASS  tests/test_calculations.py::TestCalculateUrdbBill::test_bill_increases_with_load
    PASS  tests/test_calculations.py::TestGetHourlyEnergyRate::test_flat_rate_constant_everywhere
    PASS  tests/test_calculations.py::TestGetHourlyEnergyRate::test_gp_r31_seasonal_rate_changes
    PASS  tests/test_calculations.py::TestGetHourlyEnergyRate::test_no_energy_structure_returns_zeros
    PASS  tests/test_calculations.py::TestNPVDiscounting::test_discount_factors_sum
    PASS  tests/test_calculations.py::TestNPVDiscounting::test_zero_discount_rate
    PASS  tests/test_calculations.py::TestNPVDiscounting::test_npv_known_answer
    PASS  tests/test_calculations.py::TestNPVDiscounting::test_rim_ratio_calculation
    PASS  tests/test_calculations.py::TestNPVDiscounting::test_rim_zero_lost_revenue
    PASS  tests/test_calculations.py::TestCapacityMetrics::test_epc_uniform_cwft
    PASS  tests/test_calculations.py::TestCapacityMetrics::test_epc_peaked_cwft_higher_for_peaky_load
    PASS  tests/test_calculations.py::TestCapacityMetrics::test_epc_reduction
    PASS  tests/test_calculations.py::TestCapacityMetrics::test_elcc_proxy_formula
    PASS  tests/test_calculations.py::TestCapacityMetrics::test_elcc_proxy_peaky_load
    PASS  tests/test_calculations.py::TestCapacityMetrics::test_cwft_sums_to_one
    PASS  tests/test_calculations.py::TestDispatchDrProgram::test_respects_hour_limit
    PASS  tests/test_calculations.py::TestDispatchDrProgram::test_respects_daily_limit
    PASS  tests/test_calculations.py::TestDispatchDrProgram::test_summer_only_season
    PASS  tests/test_calculations.py::TestDispatchDrProgram::test_reduction_capped_at_load
    PASS  tests/test_calculations.py::TestDispatchDrProgram::test_returns_correct_shapes
    PASS  tests/test_calculations.py::TestConfig::test_scenario_options_nonempty
    PASS  tests/test_calculations.py::TestConfig::test_scenario_descriptions_complete
    PASS  tests/test_calculations.py::TestConfig::test_planning_year_options
    PASS  tests/test_calculations.py::TestConfig::test_default_values_positive
    PASS  tests/test_calculations.py::TestConfig::test_grid_components_has_5
    PASS  tests/test_calculations.py::TestConfig::test_week_windows_valid
    PASS  tests/test_calculations.py::TestConfig::test_weather_sensitivity_function
    PASS  tests/test_calculations.py::TestConfig::test_custom_css_nonempty
    PASS  tests/test_calculations.py::TestConfig::test_financial_metric_card_html
    PASS  tests/test_calculations.py::TestVisualizations::test_weekly_overlay_returns_figure
    PASS  tests/test_calculations.py::TestVisualizations::test_weekly_load_and_temp_chart
    PASS  tests/test_calculations.py::TestVisualizations::test_weekly_grid_economics_chart
    PASS  tests/test_calculations.py::TestVisualizations::test_weekly_grid_economics_chart_signed_area_split
    PASS  tests/test_calculations.py::TestVisualizations::test_annual_avoided_cost_returns_figure
    PASS  tests/test_calculations.py::TestVisualizations::test_stacked_components_returns_figure
    PASS  tests/test_calculations.py::TestVisualizations::test_stacked_components_no_legend
    PASS  tests/test_calculations.py::TestVisualizations::test_lifetime_npv_returns_figure
    PASS  tests/test_calculations.py::TestVisualizations::test_economic_balance_chart_returns_figure
    PASS  tests/test_calculations.py::TestVisualizations::test_two_sided_cost_effectiveness_chart_returns_figure
    PASS  tests/test_calculations.py::TestVisualizations::test_bubble_chart_handles_nan_load_defensively
    PASS  tests/test_calculations.py::TestIntegrationPipeline::test_grid_to_avoided_costs_column_contract
    PASS  tests/test_calculations.py::TestIntegrationPipeline::test_full_pipeline_grid_to_npv
    PASS  tests/test_calculations.py::TestIntegrationPipeline::test_dr_dispatch_feeds_into_billing
    PASS  tests/test_calculations.py::TestIntegrationPipeline::test_avoided_costs_feed_into_visualizations
    PASS  tests/test_calculations.py::TestIntegrationPipeline::test_config_defaults_work_with_calculations
    PASS  tests/test_calculations.py::TestLoadProfileIngestion::test_beopt_raw_file_parsing
    PASS  tests/test_calculations.py::TestLoadProfileIngestion::test_load_profiles_directory_scan
    PASS  tests/test_calculations.py::TestLoadProfileIngestion::test_excel_file_parsing
    PASS  tests/test_calculations.py::TestLoadProfileIngestion::test_missing_hour_is_interpolated_not_left_as_nan
    PASS  tests/test_calculations.py::TestLoadProfileIngestion::test_beopt_native_export_format_parsing
    PASS  tests/test_calculations.py::TestLoadProfileIngestion::test_beopt_battery_example_shows_charge_discharge_shift
    PASS  tests/test_calculations.py::TestCostEffectivenessTests::test_trc_and_pct_ratios
    PASS  tests/test_calculations.py::TestSoutheastUtilityCapacityEngine::test_regulated_fcr_bounds
    PASS  tests/test_calculations.py::TestSoutheastUtilityCapacityEngine::test_regulated_fcr_zero_tax
    PASS  tests/test_calculations.py::TestSoutheastUtilityCapacityEngine::test_ct_carrying_cost_gross_and_net
    PASS  tests/test_calculations.py::TestSoutheastUtilityCapacityEngine::test_southeast_dual_peak_cwf_sums_and_shape
    PASS  tests/test_calculations.py::TestSoutheastUtilityCapacityEngine::test_southeast_dual_peak_cwf_exceedance_with_load
    PASS  tests/test_calculations.py::TestSoutheastUtilityCapacityEngine::test_cwf_lolp_proxy
    PASS  tests/test_calculations.py::TestSoutheastUtilityCapacityEngine::test_cwf_top_n_uniform_and_exceedance
    PASS  tests/test_calculations.py::TestSoutheastUtilityCapacityEngine::test_cwf_peaker_rent
    PASS  tests/test_calculations.py::TestSoutheastUtilityCapacityEngine::test_feeder_pcaf_weights
    PASS  tests/test_calculations.py::TestSoutheastUtilityCapacityEngine::test_avoided_costs_decoupled_td_weights
    PASS  tests/test_calculations.py::TestSoutheastUtilityCapacityEngine::test_new_visualization_functions
    PASS  tests/test_calculations.py::TestSoutheastUtilityCapacityEngine::test_cwf_temperature_exceedance_sums_and_shape
    PASS  tests/test_calculations.py::TestSoutheastUtilityCapacityEngine::test_cwf_temperature_exceedance_colder_gets_more_weight
    PASS  tests/test_calculations.py::TestSoutheastUtilityCapacityEngine::test_cwf_temperature_exceedance_seasonal_split_and_fallback
    PASS  tests/test_cambium_downloader.py::TestCambiumDownloaderConfig::test_southeast_states_covered
    PASS  tests/test_cambium_downloader.py::TestCambiumDownloaderConfig::test_scenario_package_map_structure
    PASS  tests/test_cambium_downloader.py::TestRemoteZipReader::test_seek_and_tell
    PASS  tests/test_cambium_downloader.py::TestRemoteZipReader::test_invalid_whence
    PASS  tests/test_cambium_downloader.py::TestRemoteZipReader::test_read_boundary
    PASS  tests/test_cambium_downloader.py::TestMissingDataDetection::test_empty_directory_flags_all
    PASS  tests/test_cambium_downloader.py::TestMissingDataDetection::test_detected_file_reduces_missing
    PASS  tests/test_cambium_downloader.py::TestMissingDataDetection::test_pd_read_first_rows

======================================================================
  Test Run: 2026-09-23 10:39:42  |  Result: ALL PASSED
  86 tests: 86 passed, 0 failed
======================================================================
    PASS  tests/test_calculations.py::TestCalculateAvoidedCosts::test_output_columns_exist
    PASS  tests/test_calculations.py::TestCalculateAvoidedCosts::test_output_length_8760
    PASS  tests/test_calculations.py::TestCalculateAvoidedCosts::test_gen_capacity_formula
    PASS  tests/test_calculations.py::TestCalculateAvoidedCosts::test_transmission_uses_pcaf
    PASS  tests/test_calculations.py::TestCalculateAvoidedCosts::test_emissions_formula
    PASS  tests/test_calculations.py::TestCalculateAvoidedCosts::test_total_is_sum_of_components
    PASS  tests/test_calculations.py::TestCalculateAvoidedCosts::test_zero_scalars_only_energy
    PASS  tests/test_calculations.py::TestCalculateUrdbBill::test_flat_rate_constant_load
    PASS  tests/test_calculations.py::TestCalculateUrdbBill::test_flat_rate_monthly_proportionality
    PASS  tests/test_calculations.py::TestCalculateUrdbBill::test_zero_load_only_fixed
    PASS  tests/test_calculations.py::TestCalculateUrdbBill::test_demand_charge
    PASS  tests/test_calculations.py::TestCalculateUrdbBill::test_gp_r31_seasonal_tiers
    PASS  tests/test_calculations.py::TestCalculateUrdbBill::test_bill_increases_with_load
    PASS  tests/test_calculations.py::TestGetHourlyEnergyRate::test_flat_rate_constant_everywhere
    PASS  tests/test_calculations.py::TestGetHourlyEnergyRate::test_gp_r31_seasonal_rate_changes
    PASS  tests/test_calculations.py::TestGetHourlyEnergyRate::test_no_energy_structure_returns_zeros
    PASS  tests/test_calculations.py::TestNPVDiscounting::test_discount_factors_sum
    PASS  tests/test_calculations.py::TestNPVDiscounting::test_zero_discount_rate
    PASS  tests/test_calculations.py::TestNPVDiscounting::test_npv_known_answer
    PASS  tests/test_calculations.py::TestNPVDiscounting::test_rim_ratio_calculation
    PASS  tests/test_calculations.py::TestNPVDiscounting::test_rim_zero_lost_revenue
    PASS  tests/test_calculations.py::TestCapacityMetrics::test_epc_uniform_cwft
    PASS  tests/test_calculations.py::TestCapacityMetrics::test_epc_peaked_cwft_higher_for_peaky_load
    PASS  tests/test_calculations.py::TestCapacityMetrics::test_epc_reduction
    PASS  tests/test_calculations.py::TestCapacityMetrics::test_elcc_proxy_formula
    PASS  tests/test_calculations.py::TestCapacityMetrics::test_elcc_proxy_peaky_load
    PASS  tests/test_calculations.py::TestCapacityMetrics::test_cwft_sums_to_one
    PASS  tests/test_calculations.py::TestDispatchDrProgram::test_respects_hour_limit
    PASS  tests/test_calculations.py::TestDispatchDrProgram::test_respects_daily_limit
    PASS  tests/test_calculations.py::TestDispatchDrProgram::test_summer_only_season
    PASS  tests/test_calculations.py::TestDispatchDrProgram::test_reduction_capped_at_load
    PASS  tests/test_calculations.py::TestDispatchDrProgram::test_returns_correct_shapes
    PASS  tests/test_calculations.py::TestConfig::test_scenario_options_nonempty
    PASS  tests/test_calculations.py::TestConfig::test_scenario_descriptions_complete
    PASS  tests/test_calculations.py::TestConfig::test_planning_year_options
    PASS  tests/test_calculations.py::TestConfig::test_default_values_positive
    PASS  tests/test_calculations.py::TestConfig::test_grid_components_has_5
    PASS  tests/test_calculations.py::TestConfig::test_week_windows_valid
    PASS  tests/test_calculations.py::TestConfig::test_weather_sensitivity_function
    PASS  tests/test_calculations.py::TestConfig::test_custom_css_nonempty
    PASS  tests/test_calculations.py::TestConfig::test_financial_metric_card_html
    PASS  tests/test_calculations.py::TestVisualizations::test_weekly_overlay_returns_figure
    PASS  tests/test_calculations.py::TestVisualizations::test_weekly_load_and_temp_chart
    PASS  tests/test_calculations.py::TestVisualizations::test_weekly_grid_economics_chart
    PASS  tests/test_calculations.py::TestVisualizations::test_weekly_grid_economics_chart_signed_area_split
    PASS  tests/test_calculations.py::TestVisualizations::test_annual_avoided_cost_returns_figure
    PASS  tests/test_calculations.py::TestVisualizations::test_stacked_components_returns_figure
    PASS  tests/test_calculations.py::TestVisualizations::test_stacked_components_no_legend
    PASS  tests/test_calculations.py::TestVisualizations::test_lifetime_npv_returns_figure
    PASS  tests/test_calculations.py::TestVisualizations::test_economic_balance_chart_returns_figure
    PASS  tests/test_calculations.py::TestVisualizations::test_two_sided_cost_effectiveness_chart_returns_figure
    PASS  tests/test_calculations.py::TestVisualizations::test_bubble_chart_handles_nan_load_defensively
    PASS  tests/test_calculations.py::TestIntegrationPipeline::test_grid_to_avoided_costs_column_contract
    PASS  tests/test_calculations.py::TestIntegrationPipeline::test_full_pipeline_grid_to_npv
    PASS  tests/test_calculations.py::TestIntegrationPipeline::test_dr_dispatch_feeds_into_billing
    PASS  tests/test_calculations.py::TestIntegrationPipeline::test_avoided_costs_feed_into_visualizations
    PASS  tests/test_calculations.py::TestIntegrationPipeline::test_config_defaults_work_with_calculations
    PASS  tests/test_calculations.py::TestLoadProfileIngestion::test_beopt_raw_file_parsing
    PASS  tests/test_calculations.py::TestLoadProfileIngestion::test_load_profiles_directory_scan
    PASS  tests/test_calculations.py::TestLoadProfileIngestion::test_excel_file_parsing
    PASS  tests/test_calculations.py::TestLoadProfileIngestion::test_missing_hour_is_interpolated_not_left_as_nan
    PASS  tests/test_calculations.py::TestLoadProfileIngestion::test_beopt_native_export_format_parsing
    PASS  tests/test_calculations.py::TestLoadProfileIngestion::test_beopt_battery_example_shows_charge_discharge_shift
    PASS  tests/test_calculations.py::TestCostEffectivenessTests::test_trc_and_pct_ratios
    PASS  tests/test_calculations.py::TestSoutheastUtilityCapacityEngine::test_regulated_fcr_bounds
    PASS  tests/test_calculations.py::TestSoutheastUtilityCapacityEngine::test_regulated_fcr_zero_tax
    PASS  tests/test_calculations.py::TestSoutheastUtilityCapacityEngine::test_ct_carrying_cost_gross_and_net
    PASS  tests/test_calculations.py::TestSoutheastUtilityCapacityEngine::test_southeast_dual_peak_cwf_sums_and_shape
    PASS  tests/test_calculations.py::TestSoutheastUtilityCapacityEngine::test_southeast_dual_peak_cwf_exceedance_with_load
    PASS  tests/test_calculations.py::TestSoutheastUtilityCapacityEngine::test_cwf_lolp_proxy
    PASS  tests/test_calculations.py::TestSoutheastUtilityCapacityEngine::test_cwf_top_n_uniform_and_exceedance
    PASS  tests/test_calculations.py::TestSoutheastUtilityCapacityEngine::test_cwf_peaker_rent
    PASS  tests/test_calculations.py::TestSoutheastUtilityCapacityEngine::test_feeder_pcaf_weights
    PASS  tests/test_calculations.py::TestSoutheastUtilityCapacityEngine::test_avoided_costs_decoupled_td_weights
    PASS  tests/test_calculations.py::TestSoutheastUtilityCapacityEngine::test_new_visualization_functions
    PASS  tests/test_calculations.py::TestSoutheastUtilityCapacityEngine::test_cwf_temperature_exceedance_sums_and_shape
    PASS  tests/test_calculations.py::TestSoutheastUtilityCapacityEngine::test_cwf_temperature_exceedance_colder_gets_more_weight
    PASS  tests/test_calculations.py::TestSoutheastUtilityCapacityEngine::test_cwf_temperature_exceedance_seasonal_split_and_fallback
    PASS  tests/test_cambium_downloader.py::TestCambiumDownloaderConfig::test_southeast_states_covered
    PASS  tests/test_cambium_downloader.py::TestCambiumDownloaderConfig::test_scenario_package_map_structure
    PASS  tests/test_cambium_downloader.py::TestRemoteZipReader::test_seek_and_tell
    PASS  tests/test_cambium_downloader.py::TestRemoteZipReader::test_invalid_whence
    PASS  tests/test_cambium_downloader.py::TestRemoteZipReader::test_read_boundary
    PASS  tests/test_cambium_downloader.py::TestMissingDataDetection::test_empty_directory_flags_all
    PASS  tests/test_cambium_downloader.py::TestMissingDataDetection::test_detected_file_reduces_missing
    PASS  tests/test_cambium_downloader.py::TestMissingDataDetection::test_pd_read_first_rows

======================================================================
  Test Run: 2026-09-23 10:37:25  |  Result: ALL PASSED
  86 tests: 86 passed, 0 failed
======================================================================
    PASS  tests/test_calculations.py::TestCalculateAvoidedCosts::test_output_columns_exist
    PASS  tests/test_calculations.py::TestCalculateAvoidedCosts::test_output_length_8760
    PASS  tests/test_calculations.py::TestCalculateAvoidedCosts::test_gen_capacity_formula
    PASS  tests/test_calculations.py::TestCalculateAvoidedCosts::test_transmission_uses_pcaf
    PASS  tests/test_calculations.py::TestCalculateAvoidedCosts::test_emissions_formula
    PASS  tests/test_calculations.py::TestCalculateAvoidedCosts::test_total_is_sum_of_components
    PASS  tests/test_calculations.py::TestCalculateAvoidedCosts::test_zero_scalars_only_energy
    PASS  tests/test_calculations.py::TestCalculateUrdbBill::test_flat_rate_constant_load
    PASS  tests/test_calculations.py::TestCalculateUrdbBill::test_flat_rate_monthly_proportionality
    PASS  tests/test_calculations.py::TestCalculateUrdbBill::test_zero_load_only_fixed
    PASS  tests/test_calculations.py::TestCalculateUrdbBill::test_demand_charge
    PASS  tests/test_calculations.py::TestCalculateUrdbBill::test_gp_r31_seasonal_tiers
    PASS  tests/test_calculations.py::TestCalculateUrdbBill::test_bill_increases_with_load
    PASS  tests/test_calculations.py::TestGetHourlyEnergyRate::test_flat_rate_constant_everywhere
    PASS  tests/test_calculations.py::TestGetHourlyEnergyRate::test_gp_r31_seasonal_rate_changes
    PASS  tests/test_calculations.py::TestGetHourlyEnergyRate::test_no_energy_structure_returns_zeros
    PASS  tests/test_calculations.py::TestNPVDiscounting::test_discount_factors_sum
    PASS  tests/test_calculations.py::TestNPVDiscounting::test_zero_discount_rate
    PASS  tests/test_calculations.py::TestNPVDiscounting::test_npv_known_answer
    PASS  tests/test_calculations.py::TestNPVDiscounting::test_rim_ratio_calculation
    PASS  tests/test_calculations.py::TestNPVDiscounting::test_rim_zero_lost_revenue
    PASS  tests/test_calculations.py::TestCapacityMetrics::test_epc_uniform_cwft
    PASS  tests/test_calculations.py::TestCapacityMetrics::test_epc_peaked_cwft_higher_for_peaky_load
    PASS  tests/test_calculations.py::TestCapacityMetrics::test_epc_reduction
    PASS  tests/test_calculations.py::TestCapacityMetrics::test_elcc_proxy_formula
    PASS  tests/test_calculations.py::TestCapacityMetrics::test_elcc_proxy_peaky_load
    PASS  tests/test_calculations.py::TestCapacityMetrics::test_cwft_sums_to_one
    PASS  tests/test_calculations.py::TestDispatchDrProgram::test_respects_hour_limit
    PASS  tests/test_calculations.py::TestDispatchDrProgram::test_respects_daily_limit
    PASS  tests/test_calculations.py::TestDispatchDrProgram::test_summer_only_season
    PASS  tests/test_calculations.py::TestDispatchDrProgram::test_reduction_capped_at_load
    PASS  tests/test_calculations.py::TestDispatchDrProgram::test_returns_correct_shapes
    PASS  tests/test_calculations.py::TestConfig::test_scenario_options_nonempty
    PASS  tests/test_calculations.py::TestConfig::test_scenario_descriptions_complete
    PASS  tests/test_calculations.py::TestConfig::test_planning_year_options
    PASS  tests/test_calculations.py::TestConfig::test_default_values_positive
    PASS  tests/test_calculations.py::TestConfig::test_grid_components_has_5
    PASS  tests/test_calculations.py::TestConfig::test_week_windows_valid
    PASS  tests/test_calculations.py::TestConfig::test_weather_sensitivity_function
    PASS  tests/test_calculations.py::TestConfig::test_custom_css_nonempty
    PASS  tests/test_calculations.py::TestConfig::test_financial_metric_card_html
    PASS  tests/test_calculations.py::TestVisualizations::test_weekly_overlay_returns_figure
    PASS  tests/test_calculations.py::TestVisualizations::test_weekly_load_and_temp_chart
    PASS  tests/test_calculations.py::TestVisualizations::test_weekly_grid_economics_chart
    PASS  tests/test_calculations.py::TestVisualizations::test_weekly_grid_economics_chart_signed_area_split
    PASS  tests/test_calculations.py::TestVisualizations::test_annual_avoided_cost_returns_figure
    PASS  tests/test_calculations.py::TestVisualizations::test_stacked_components_returns_figure
    PASS  tests/test_calculations.py::TestVisualizations::test_stacked_components_no_legend
    PASS  tests/test_calculations.py::TestVisualizations::test_lifetime_npv_returns_figure
    PASS  tests/test_calculations.py::TestVisualizations::test_economic_balance_chart_returns_figure
    PASS  tests/test_calculations.py::TestVisualizations::test_two_sided_cost_effectiveness_chart_returns_figure
    PASS  tests/test_calculations.py::TestVisualizations::test_bubble_chart_handles_nan_load_defensively
    PASS  tests/test_calculations.py::TestIntegrationPipeline::test_grid_to_avoided_costs_column_contract
    PASS  tests/test_calculations.py::TestIntegrationPipeline::test_full_pipeline_grid_to_npv
    PASS  tests/test_calculations.py::TestIntegrationPipeline::test_dr_dispatch_feeds_into_billing
    PASS  tests/test_calculations.py::TestIntegrationPipeline::test_avoided_costs_feed_into_visualizations
    PASS  tests/test_calculations.py::TestIntegrationPipeline::test_config_defaults_work_with_calculations
    PASS  tests/test_calculations.py::TestLoadProfileIngestion::test_beopt_raw_file_parsing
    PASS  tests/test_calculations.py::TestLoadProfileIngestion::test_load_profiles_directory_scan
    PASS  tests/test_calculations.py::TestLoadProfileIngestion::test_excel_file_parsing
    PASS  tests/test_calculations.py::TestLoadProfileIngestion::test_missing_hour_is_interpolated_not_left_as_nan
    PASS  tests/test_calculations.py::TestLoadProfileIngestion::test_beopt_native_export_format_parsing
    PASS  tests/test_calculations.py::TestLoadProfileIngestion::test_beopt_battery_example_shows_charge_discharge_shift
    PASS  tests/test_calculations.py::TestCostEffectivenessTests::test_trc_and_pct_ratios
    PASS  tests/test_calculations.py::TestSoutheastUtilityCapacityEngine::test_regulated_fcr_bounds
    PASS  tests/test_calculations.py::TestSoutheastUtilityCapacityEngine::test_regulated_fcr_zero_tax
    PASS  tests/test_calculations.py::TestSoutheastUtilityCapacityEngine::test_ct_carrying_cost_gross_and_net
    PASS  tests/test_calculations.py::TestSoutheastUtilityCapacityEngine::test_southeast_dual_peak_cwf_sums_and_shape
    PASS  tests/test_calculations.py::TestSoutheastUtilityCapacityEngine::test_southeast_dual_peak_cwf_exceedance_with_load
    PASS  tests/test_calculations.py::TestSoutheastUtilityCapacityEngine::test_cwf_lolp_proxy
    PASS  tests/test_calculations.py::TestSoutheastUtilityCapacityEngine::test_cwf_top_n_uniform_and_exceedance
    PASS  tests/test_calculations.py::TestSoutheastUtilityCapacityEngine::test_cwf_peaker_rent
    PASS  tests/test_calculations.py::TestSoutheastUtilityCapacityEngine::test_feeder_pcaf_weights
    PASS  tests/test_calculations.py::TestSoutheastUtilityCapacityEngine::test_avoided_costs_decoupled_td_weights
    PASS  tests/test_calculations.py::TestSoutheastUtilityCapacityEngine::test_new_visualization_functions
    PASS  tests/test_calculations.py::TestSoutheastUtilityCapacityEngine::test_cwf_temperature_exceedance_sums_and_shape
    PASS  tests/test_calculations.py::TestSoutheastUtilityCapacityEngine::test_cwf_temperature_exceedance_colder_gets_more_weight
    PASS  tests/test_calculations.py::TestSoutheastUtilityCapacityEngine::test_cwf_temperature_exceedance_seasonal_split_and_fallback
    PASS  tests/test_cambium_downloader.py::TestCambiumDownloaderConfig::test_southeast_states_covered
    PASS  tests/test_cambium_downloader.py::TestCambiumDownloaderConfig::test_scenario_package_map_structure
    PASS  tests/test_cambium_downloader.py::TestRemoteZipReader::test_seek_and_tell
    PASS  tests/test_cambium_downloader.py::TestRemoteZipReader::test_invalid_whence
    PASS  tests/test_cambium_downloader.py::TestRemoteZipReader::test_read_boundary
    PASS  tests/test_cambium_downloader.py::TestMissingDataDetection::test_empty_directory_flags_all
    PASS  tests/test_cambium_downloader.py::TestMissingDataDetection::test_detected_file_reduces_missing
    PASS  tests/test_cambium_downloader.py::TestMissingDataDetection::test_pd_read_first_rows

======================================================================
  Test Run: 2026-09-23 10:33:00  |  Result: ALL PASSED
  86 tests: 86 passed, 0 failed
======================================================================
    PASS  tests/test_calculations.py::TestCalculateAvoidedCosts::test_output_columns_exist
    PASS  tests/test_calculations.py::TestCalculateAvoidedCosts::test_output_length_8760
    PASS  tests/test_calculations.py::TestCalculateAvoidedCosts::test_gen_capacity_formula
    PASS  tests/test_calculations.py::TestCalculateAvoidedCosts::test_transmission_uses_pcaf
    PASS  tests/test_calculations.py::TestCalculateAvoidedCosts::test_emissions_formula
    PASS  tests/test_calculations.py::TestCalculateAvoidedCosts::test_total_is_sum_of_components
    PASS  tests/test_calculations.py::TestCalculateAvoidedCosts::test_zero_scalars_only_energy
    PASS  tests/test_calculations.py::TestCalculateUrdbBill::test_flat_rate_constant_load
    PASS  tests/test_calculations.py::TestCalculateUrdbBill::test_flat_rate_monthly_proportionality
    PASS  tests/test_calculations.py::TestCalculateUrdbBill::test_zero_load_only_fixed
    PASS  tests/test_calculations.py::TestCalculateUrdbBill::test_demand_charge
    PASS  tests/test_calculations.py::TestCalculateUrdbBill::test_gp_r31_seasonal_tiers
    PASS  tests/test_calculations.py::TestCalculateUrdbBill::test_bill_increases_with_load
    PASS  tests/test_calculations.py::TestGetHourlyEnergyRate::test_flat_rate_constant_everywhere
    PASS  tests/test_calculations.py::TestGetHourlyEnergyRate::test_gp_r31_seasonal_rate_changes
    PASS  tests/test_calculations.py::TestGetHourlyEnergyRate::test_no_energy_structure_returns_zeros
    PASS  tests/test_calculations.py::TestNPVDiscounting::test_discount_factors_sum
    PASS  tests/test_calculations.py::TestNPVDiscounting::test_zero_discount_rate
    PASS  tests/test_calculations.py::TestNPVDiscounting::test_npv_known_answer
    PASS  tests/test_calculations.py::TestNPVDiscounting::test_rim_ratio_calculation
    PASS  tests/test_calculations.py::TestNPVDiscounting::test_rim_zero_lost_revenue
    PASS  tests/test_calculations.py::TestCapacityMetrics::test_epc_uniform_cwft
    PASS  tests/test_calculations.py::TestCapacityMetrics::test_epc_peaked_cwft_higher_for_peaky_load
    PASS  tests/test_calculations.py::TestCapacityMetrics::test_epc_reduction
    PASS  tests/test_calculations.py::TestCapacityMetrics::test_elcc_proxy_formula
    PASS  tests/test_calculations.py::TestCapacityMetrics::test_elcc_proxy_peaky_load
    PASS  tests/test_calculations.py::TestCapacityMetrics::test_cwft_sums_to_one
    PASS  tests/test_calculations.py::TestDispatchDrProgram::test_respects_hour_limit
    PASS  tests/test_calculations.py::TestDispatchDrProgram::test_respects_daily_limit
    PASS  tests/test_calculations.py::TestDispatchDrProgram::test_summer_only_season
    PASS  tests/test_calculations.py::TestDispatchDrProgram::test_reduction_capped_at_load
    PASS  tests/test_calculations.py::TestDispatchDrProgram::test_returns_correct_shapes
    PASS  tests/test_calculations.py::TestConfig::test_scenario_options_nonempty
    PASS  tests/test_calculations.py::TestConfig::test_scenario_descriptions_complete
    PASS  tests/test_calculations.py::TestConfig::test_planning_year_options
    PASS  tests/test_calculations.py::TestConfig::test_default_values_positive
    PASS  tests/test_calculations.py::TestConfig::test_grid_components_has_5
    PASS  tests/test_calculations.py::TestConfig::test_week_windows_valid
    PASS  tests/test_calculations.py::TestConfig::test_weather_sensitivity_function
    PASS  tests/test_calculations.py::TestConfig::test_custom_css_nonempty
    PASS  tests/test_calculations.py::TestConfig::test_financial_metric_card_html
    PASS  tests/test_calculations.py::TestVisualizations::test_weekly_overlay_returns_figure
    PASS  tests/test_calculations.py::TestVisualizations::test_weekly_load_and_temp_chart
    PASS  tests/test_calculations.py::TestVisualizations::test_weekly_grid_economics_chart
    PASS  tests/test_calculations.py::TestVisualizations::test_weekly_grid_economics_chart_signed_area_split
    PASS  tests/test_calculations.py::TestVisualizations::test_annual_avoided_cost_returns_figure
    PASS  tests/test_calculations.py::TestVisualizations::test_stacked_components_returns_figure
    PASS  tests/test_calculations.py::TestVisualizations::test_stacked_components_no_legend
    PASS  tests/test_calculations.py::TestVisualizations::test_lifetime_npv_returns_figure
    PASS  tests/test_calculations.py::TestVisualizations::test_economic_balance_chart_returns_figure
    PASS  tests/test_calculations.py::TestVisualizations::test_two_sided_cost_effectiveness_chart_returns_figure
    PASS  tests/test_calculations.py::TestVisualizations::test_bubble_chart_handles_nan_load_defensively
    PASS  tests/test_calculations.py::TestIntegrationPipeline::test_grid_to_avoided_costs_column_contract
    PASS  tests/test_calculations.py::TestIntegrationPipeline::test_full_pipeline_grid_to_npv
    PASS  tests/test_calculations.py::TestIntegrationPipeline::test_dr_dispatch_feeds_into_billing
    PASS  tests/test_calculations.py::TestIntegrationPipeline::test_avoided_costs_feed_into_visualizations
    PASS  tests/test_calculations.py::TestIntegrationPipeline::test_config_defaults_work_with_calculations
    PASS  tests/test_calculations.py::TestLoadProfileIngestion::test_beopt_raw_file_parsing
    PASS  tests/test_calculations.py::TestLoadProfileIngestion::test_load_profiles_directory_scan
    PASS  tests/test_calculations.py::TestLoadProfileIngestion::test_excel_file_parsing
    PASS  tests/test_calculations.py::TestLoadProfileIngestion::test_missing_hour_is_interpolated_not_left_as_nan
    PASS  tests/test_calculations.py::TestLoadProfileIngestion::test_beopt_native_export_format_parsing
    PASS  tests/test_calculations.py::TestLoadProfileIngestion::test_beopt_battery_example_shows_charge_discharge_shift
    PASS  tests/test_calculations.py::TestCostEffectivenessTests::test_trc_and_pct_ratios
    PASS  tests/test_calculations.py::TestSoutheastUtilityCapacityEngine::test_regulated_fcr_bounds
    PASS  tests/test_calculations.py::TestSoutheastUtilityCapacityEngine::test_regulated_fcr_zero_tax
    PASS  tests/test_calculations.py::TestSoutheastUtilityCapacityEngine::test_ct_carrying_cost_gross_and_net
    PASS  tests/test_calculations.py::TestSoutheastUtilityCapacityEngine::test_southeast_dual_peak_cwf_sums_and_shape
    PASS  tests/test_calculations.py::TestSoutheastUtilityCapacityEngine::test_southeast_dual_peak_cwf_exceedance_with_load
    PASS  tests/test_calculations.py::TestSoutheastUtilityCapacityEngine::test_cwf_lolp_proxy
    PASS  tests/test_calculations.py::TestSoutheastUtilityCapacityEngine::test_cwf_top_n_uniform_and_exceedance
    PASS  tests/test_calculations.py::TestSoutheastUtilityCapacityEngine::test_cwf_peaker_rent
    PASS  tests/test_calculations.py::TestSoutheastUtilityCapacityEngine::test_feeder_pcaf_weights
    PASS  tests/test_calculations.py::TestSoutheastUtilityCapacityEngine::test_avoided_costs_decoupled_td_weights
    PASS  tests/test_calculations.py::TestSoutheastUtilityCapacityEngine::test_new_visualization_functions
    PASS  tests/test_calculations.py::TestSoutheastUtilityCapacityEngine::test_cwf_temperature_exceedance_sums_and_shape
    PASS  tests/test_calculations.py::TestSoutheastUtilityCapacityEngine::test_cwf_temperature_exceedance_colder_gets_more_weight
    PASS  tests/test_calculations.py::TestSoutheastUtilityCapacityEngine::test_cwf_temperature_exceedance_seasonal_split_and_fallback
    PASS  tests/test_cambium_downloader.py::TestCambiumDownloaderConfig::test_southeast_states_covered
    PASS  tests/test_cambium_downloader.py::TestCambiumDownloaderConfig::test_scenario_package_map_structure
    PASS  tests/test_cambium_downloader.py::TestRemoteZipReader::test_seek_and_tell
    PASS  tests/test_cambium_downloader.py::TestRemoteZipReader::test_invalid_whence
    PASS  tests/test_cambium_downloader.py::TestRemoteZipReader::test_read_boundary
    PASS  tests/test_cambium_downloader.py::TestMissingDataDetection::test_empty_directory_flags_all
    PASS  tests/test_cambium_downloader.py::TestMissingDataDetection::test_detected_file_reduces_missing
    PASS  tests/test_cambium_downloader.py::TestMissingDataDetection::test_pd_read_first_rows

======================================================================
  Test Run: 2026-09-23 10:22:49  |  Result: ALL PASSED
  85 tests: 85 passed, 0 failed
======================================================================
    PASS  tests/test_calculations.py::TestCalculateAvoidedCosts::test_output_columns_exist
    PASS  tests/test_calculations.py::TestCalculateAvoidedCosts::test_output_length_8760
    PASS  tests/test_calculations.py::TestCalculateAvoidedCosts::test_gen_capacity_formula
    PASS  tests/test_calculations.py::TestCalculateAvoidedCosts::test_transmission_uses_pcaf
    PASS  tests/test_calculations.py::TestCalculateAvoidedCosts::test_emissions_formula
    PASS  tests/test_calculations.py::TestCalculateAvoidedCosts::test_total_is_sum_of_components
    PASS  tests/test_calculations.py::TestCalculateAvoidedCosts::test_zero_scalars_only_energy
    PASS  tests/test_calculations.py::TestCalculateUrdbBill::test_flat_rate_constant_load
    PASS  tests/test_calculations.py::TestCalculateUrdbBill::test_flat_rate_monthly_proportionality
    PASS  tests/test_calculations.py::TestCalculateUrdbBill::test_zero_load_only_fixed
    PASS  tests/test_calculations.py::TestCalculateUrdbBill::test_demand_charge
    PASS  tests/test_calculations.py::TestCalculateUrdbBill::test_gp_r31_seasonal_tiers
    PASS  tests/test_calculations.py::TestCalculateUrdbBill::test_bill_increases_with_load
    PASS  tests/test_calculations.py::TestGetHourlyEnergyRate::test_flat_rate_constant_everywhere
    PASS  tests/test_calculations.py::TestGetHourlyEnergyRate::test_gp_r31_seasonal_rate_changes
    PASS  tests/test_calculations.py::TestGetHourlyEnergyRate::test_no_energy_structure_returns_zeros
    PASS  tests/test_calculations.py::TestNPVDiscounting::test_discount_factors_sum
    PASS  tests/test_calculations.py::TestNPVDiscounting::test_zero_discount_rate
    PASS  tests/test_calculations.py::TestNPVDiscounting::test_npv_known_answer
    PASS  tests/test_calculations.py::TestNPVDiscounting::test_rim_ratio_calculation
    PASS  tests/test_calculations.py::TestNPVDiscounting::test_rim_zero_lost_revenue
    PASS  tests/test_calculations.py::TestCapacityMetrics::test_epc_uniform_cwft
    PASS  tests/test_calculations.py::TestCapacityMetrics::test_epc_peaked_cwft_higher_for_peaky_load
    PASS  tests/test_calculations.py::TestCapacityMetrics::test_epc_reduction
    PASS  tests/test_calculations.py::TestCapacityMetrics::test_elcc_proxy_formula
    PASS  tests/test_calculations.py::TestCapacityMetrics::test_elcc_proxy_peaky_load
    PASS  tests/test_calculations.py::TestCapacityMetrics::test_cwft_sums_to_one
    PASS  tests/test_calculations.py::TestDispatchDrProgram::test_respects_hour_limit
    PASS  tests/test_calculations.py::TestDispatchDrProgram::test_respects_daily_limit
    PASS  tests/test_calculations.py::TestDispatchDrProgram::test_summer_only_season
    PASS  tests/test_calculations.py::TestDispatchDrProgram::test_reduction_capped_at_load
    PASS  tests/test_calculations.py::TestDispatchDrProgram::test_returns_correct_shapes
    PASS  tests/test_calculations.py::TestConfig::test_scenario_options_nonempty
    PASS  tests/test_calculations.py::TestConfig::test_scenario_descriptions_complete
    PASS  tests/test_calculations.py::TestConfig::test_planning_year_options
    PASS  tests/test_calculations.py::TestConfig::test_default_values_positive
    PASS  tests/test_calculations.py::TestConfig::test_grid_components_has_5
    PASS  tests/test_calculations.py::TestConfig::test_week_windows_valid
    PASS  tests/test_calculations.py::TestConfig::test_weather_sensitivity_function
    PASS  tests/test_calculations.py::TestConfig::test_custom_css_nonempty
    PASS  tests/test_calculations.py::TestConfig::test_financial_metric_card_html
    PASS  tests/test_calculations.py::TestVisualizations::test_weekly_overlay_returns_figure
    PASS  tests/test_calculations.py::TestVisualizations::test_weekly_load_and_temp_chart
    PASS  tests/test_calculations.py::TestVisualizations::test_weekly_grid_economics_chart
    PASS  tests/test_calculations.py::TestVisualizations::test_annual_avoided_cost_returns_figure
    PASS  tests/test_calculations.py::TestVisualizations::test_stacked_components_returns_figure
    PASS  tests/test_calculations.py::TestVisualizations::test_stacked_components_no_legend
    PASS  tests/test_calculations.py::TestVisualizations::test_lifetime_npv_returns_figure
    PASS  tests/test_calculations.py::TestVisualizations::test_economic_balance_chart_returns_figure
    PASS  tests/test_calculations.py::TestVisualizations::test_two_sided_cost_effectiveness_chart_returns_figure
    PASS  tests/test_calculations.py::TestVisualizations::test_bubble_chart_handles_nan_load_defensively
    PASS  tests/test_calculations.py::TestIntegrationPipeline::test_grid_to_avoided_costs_column_contract
    PASS  tests/test_calculations.py::TestIntegrationPipeline::test_full_pipeline_grid_to_npv
    PASS  tests/test_calculations.py::TestIntegrationPipeline::test_dr_dispatch_feeds_into_billing
    PASS  tests/test_calculations.py::TestIntegrationPipeline::test_avoided_costs_feed_into_visualizations
    PASS  tests/test_calculations.py::TestIntegrationPipeline::test_config_defaults_work_with_calculations
    PASS  tests/test_calculations.py::TestLoadProfileIngestion::test_beopt_raw_file_parsing
    PASS  tests/test_calculations.py::TestLoadProfileIngestion::test_load_profiles_directory_scan
    PASS  tests/test_calculations.py::TestLoadProfileIngestion::test_excel_file_parsing
    PASS  tests/test_calculations.py::TestLoadProfileIngestion::test_missing_hour_is_interpolated_not_left_as_nan
    PASS  tests/test_calculations.py::TestLoadProfileIngestion::test_beopt_native_export_format_parsing
    PASS  tests/test_calculations.py::TestLoadProfileIngestion::test_beopt_battery_example_shows_charge_discharge_shift
    PASS  tests/test_calculations.py::TestCostEffectivenessTests::test_trc_and_pct_ratios
    PASS  tests/test_calculations.py::TestSoutheastUtilityCapacityEngine::test_regulated_fcr_bounds
    PASS  tests/test_calculations.py::TestSoutheastUtilityCapacityEngine::test_regulated_fcr_zero_tax
    PASS  tests/test_calculations.py::TestSoutheastUtilityCapacityEngine::test_ct_carrying_cost_gross_and_net
    PASS  tests/test_calculations.py::TestSoutheastUtilityCapacityEngine::test_southeast_dual_peak_cwf_sums_and_shape
    PASS  tests/test_calculations.py::TestSoutheastUtilityCapacityEngine::test_southeast_dual_peak_cwf_exceedance_with_load
    PASS  tests/test_calculations.py::TestSoutheastUtilityCapacityEngine::test_cwf_lolp_proxy
    PASS  tests/test_calculations.py::TestSoutheastUtilityCapacityEngine::test_cwf_top_n_uniform_and_exceedance
    PASS  tests/test_calculations.py::TestSoutheastUtilityCapacityEngine::test_cwf_peaker_rent
    PASS  tests/test_calculations.py::TestSoutheastUtilityCapacityEngine::test_feeder_pcaf_weights
    PASS  tests/test_calculations.py::TestSoutheastUtilityCapacityEngine::test_avoided_costs_decoupled_td_weights
    PASS  tests/test_calculations.py::TestSoutheastUtilityCapacityEngine::test_new_visualization_functions
    PASS  tests/test_calculations.py::TestSoutheastUtilityCapacityEngine::test_cwf_temperature_exceedance_sums_and_shape
    PASS  tests/test_calculations.py::TestSoutheastUtilityCapacityEngine::test_cwf_temperature_exceedance_colder_gets_more_weight
    PASS  tests/test_calculations.py::TestSoutheastUtilityCapacityEngine::test_cwf_temperature_exceedance_seasonal_split_and_fallback
    PASS  tests/test_cambium_downloader.py::TestCambiumDownloaderConfig::test_southeast_states_covered
    PASS  tests/test_cambium_downloader.py::TestCambiumDownloaderConfig::test_scenario_package_map_structure
    PASS  tests/test_cambium_downloader.py::TestRemoteZipReader::test_seek_and_tell
    PASS  tests/test_cambium_downloader.py::TestRemoteZipReader::test_invalid_whence
    PASS  tests/test_cambium_downloader.py::TestRemoteZipReader::test_read_boundary
    PASS  tests/test_cambium_downloader.py::TestMissingDataDetection::test_empty_directory_flags_all
    PASS  tests/test_cambium_downloader.py::TestMissingDataDetection::test_detected_file_reduces_missing
    PASS  tests/test_cambium_downloader.py::TestMissingDataDetection::test_pd_read_first_rows

======================================================================
  Test Run: 2026-09-22 13:36:06  |  Result: ALL PASSED
  85 tests: 85 passed, 0 failed
======================================================================
    PASS  tests/test_calculations.py::TestCalculateAvoidedCosts::test_output_columns_exist
    PASS  tests/test_calculations.py::TestCalculateAvoidedCosts::test_output_length_8760
    PASS  tests/test_calculations.py::TestCalculateAvoidedCosts::test_gen_capacity_formula
    PASS  tests/test_calculations.py::TestCalculateAvoidedCosts::test_transmission_uses_pcaf
    PASS  tests/test_calculations.py::TestCalculateAvoidedCosts::test_emissions_formula
    PASS  tests/test_calculations.py::TestCalculateAvoidedCosts::test_total_is_sum_of_components
    PASS  tests/test_calculations.py::TestCalculateAvoidedCosts::test_zero_scalars_only_energy
    PASS  tests/test_calculations.py::TestCalculateUrdbBill::test_flat_rate_constant_load
    PASS  tests/test_calculations.py::TestCalculateUrdbBill::test_flat_rate_monthly_proportionality
    PASS  tests/test_calculations.py::TestCalculateUrdbBill::test_zero_load_only_fixed
    PASS  tests/test_calculations.py::TestCalculateUrdbBill::test_demand_charge
    PASS  tests/test_calculations.py::TestCalculateUrdbBill::test_gp_r31_seasonal_tiers
    PASS  tests/test_calculations.py::TestCalculateUrdbBill::test_bill_increases_with_load
    PASS  tests/test_calculations.py::TestGetHourlyEnergyRate::test_flat_rate_constant_everywhere
    PASS  tests/test_calculations.py::TestGetHourlyEnergyRate::test_gp_r31_seasonal_rate_changes
    PASS  tests/test_calculations.py::TestGetHourlyEnergyRate::test_no_energy_structure_returns_zeros
    PASS  tests/test_calculations.py::TestNPVDiscounting::test_discount_factors_sum
    PASS  tests/test_calculations.py::TestNPVDiscounting::test_zero_discount_rate
    PASS  tests/test_calculations.py::TestNPVDiscounting::test_npv_known_answer
    PASS  tests/test_calculations.py::TestNPVDiscounting::test_rim_ratio_calculation
    PASS  tests/test_calculations.py::TestNPVDiscounting::test_rim_zero_lost_revenue
    PASS  tests/test_calculations.py::TestCapacityMetrics::test_epc_uniform_cwft
    PASS  tests/test_calculations.py::TestCapacityMetrics::test_epc_peaked_cwft_higher_for_peaky_load
    PASS  tests/test_calculations.py::TestCapacityMetrics::test_epc_reduction
    PASS  tests/test_calculations.py::TestCapacityMetrics::test_elcc_proxy_formula
    PASS  tests/test_calculations.py::TestCapacityMetrics::test_elcc_proxy_peaky_load
    PASS  tests/test_calculations.py::TestCapacityMetrics::test_cwft_sums_to_one
    PASS  tests/test_calculations.py::TestDispatchDrProgram::test_respects_hour_limit
    PASS  tests/test_calculations.py::TestDispatchDrProgram::test_respects_daily_limit
    PASS  tests/test_calculations.py::TestDispatchDrProgram::test_summer_only_season
    PASS  tests/test_calculations.py::TestDispatchDrProgram::test_reduction_capped_at_load
    PASS  tests/test_calculations.py::TestDispatchDrProgram::test_returns_correct_shapes
    PASS  tests/test_calculations.py::TestConfig::test_scenario_options_nonempty
    PASS  tests/test_calculations.py::TestConfig::test_scenario_descriptions_complete
    PASS  tests/test_calculations.py::TestConfig::test_planning_year_options
    PASS  tests/test_calculations.py::TestConfig::test_default_values_positive
    PASS  tests/test_calculations.py::TestConfig::test_grid_components_has_5
    PASS  tests/test_calculations.py::TestConfig::test_week_windows_valid
    PASS  tests/test_calculations.py::TestConfig::test_weather_sensitivity_function
    PASS  tests/test_calculations.py::TestConfig::test_custom_css_nonempty
    PASS  tests/test_calculations.py::TestConfig::test_financial_metric_card_html
    PASS  tests/test_calculations.py::TestVisualizations::test_weekly_overlay_returns_figure
    PASS  tests/test_calculations.py::TestVisualizations::test_weekly_load_and_temp_chart
    PASS  tests/test_calculations.py::TestVisualizations::test_weekly_grid_economics_chart
    PASS  tests/test_calculations.py::TestVisualizations::test_annual_avoided_cost_returns_figure
    PASS  tests/test_calculations.py::TestVisualizations::test_stacked_components_returns_figure
    PASS  tests/test_calculations.py::TestVisualizations::test_stacked_components_no_legend
    PASS  tests/test_calculations.py::TestVisualizations::test_lifetime_npv_returns_figure
    PASS  tests/test_calculations.py::TestVisualizations::test_economic_balance_chart_returns_figure
    PASS  tests/test_calculations.py::TestVisualizations::test_two_sided_cost_effectiveness_chart_returns_figure
    PASS  tests/test_calculations.py::TestVisualizations::test_bubble_chart_handles_nan_load_defensively
    PASS  tests/test_calculations.py::TestIntegrationPipeline::test_grid_to_avoided_costs_column_contract
    PASS  tests/test_calculations.py::TestIntegrationPipeline::test_full_pipeline_grid_to_npv
    PASS  tests/test_calculations.py::TestIntegrationPipeline::test_dr_dispatch_feeds_into_billing
    PASS  tests/test_calculations.py::TestIntegrationPipeline::test_avoided_costs_feed_into_visualizations
    PASS  tests/test_calculations.py::TestIntegrationPipeline::test_config_defaults_work_with_calculations
    PASS  tests/test_calculations.py::TestLoadProfileIngestion::test_beopt_raw_file_parsing
    PASS  tests/test_calculations.py::TestLoadProfileIngestion::test_load_profiles_directory_scan
    PASS  tests/test_calculations.py::TestLoadProfileIngestion::test_excel_file_parsing
    PASS  tests/test_calculations.py::TestLoadProfileIngestion::test_missing_hour_is_interpolated_not_left_as_nan
    PASS  tests/test_calculations.py::TestLoadProfileIngestion::test_beopt_native_export_format_parsing
    PASS  tests/test_calculations.py::TestLoadProfileIngestion::test_beopt_battery_example_shows_charge_discharge_shift
    PASS  tests/test_calculations.py::TestCostEffectivenessTests::test_trc_and_pct_ratios
    PASS  tests/test_calculations.py::TestSoutheastUtilityCapacityEngine::test_regulated_fcr_bounds
    PASS  tests/test_calculations.py::TestSoutheastUtilityCapacityEngine::test_regulated_fcr_zero_tax
    PASS  tests/test_calculations.py::TestSoutheastUtilityCapacityEngine::test_ct_carrying_cost_gross_and_net
    PASS  tests/test_calculations.py::TestSoutheastUtilityCapacityEngine::test_southeast_dual_peak_cwf_sums_and_shape
    PASS  tests/test_calculations.py::TestSoutheastUtilityCapacityEngine::test_southeast_dual_peak_cwf_exceedance_with_load
    PASS  tests/test_calculations.py::TestSoutheastUtilityCapacityEngine::test_cwf_lolp_proxy
    PASS  tests/test_calculations.py::TestSoutheastUtilityCapacityEngine::test_cwf_top_n_uniform_and_exceedance
    PASS  tests/test_calculations.py::TestSoutheastUtilityCapacityEngine::test_cwf_peaker_rent
    PASS  tests/test_calculations.py::TestSoutheastUtilityCapacityEngine::test_feeder_pcaf_weights
    PASS  tests/test_calculations.py::TestSoutheastUtilityCapacityEngine::test_avoided_costs_decoupled_td_weights
    PASS  tests/test_calculations.py::TestSoutheastUtilityCapacityEngine::test_new_visualization_functions
    PASS  tests/test_calculations.py::TestSoutheastUtilityCapacityEngine::test_cwf_temperature_exceedance_sums_and_shape
    PASS  tests/test_calculations.py::TestSoutheastUtilityCapacityEngine::test_cwf_temperature_exceedance_colder_gets_more_weight
    PASS  tests/test_calculations.py::TestSoutheastUtilityCapacityEngine::test_cwf_temperature_exceedance_seasonal_split_and_fallback
    PASS  tests/test_cambium_downloader.py::TestCambiumDownloaderConfig::test_southeast_states_covered
    PASS  tests/test_cambium_downloader.py::TestCambiumDownloaderConfig::test_scenario_package_map_structure
    PASS  tests/test_cambium_downloader.py::TestRemoteZipReader::test_seek_and_tell
    PASS  tests/test_cambium_downloader.py::TestRemoteZipReader::test_invalid_whence
    PASS  tests/test_cambium_downloader.py::TestRemoteZipReader::test_read_boundary
    PASS  tests/test_cambium_downloader.py::TestMissingDataDetection::test_empty_directory_flags_all
    PASS  tests/test_cambium_downloader.py::TestMissingDataDetection::test_detected_file_reduces_missing
    PASS  tests/test_cambium_downloader.py::TestMissingDataDetection::test_pd_read_first_rows

======================================================================
  Test Run: 2026-09-22 13:34:57  |  Result: ALL PASSED
  83 tests: 83 passed, 0 failed
======================================================================
    PASS  tests/test_calculations.py::TestCalculateAvoidedCosts::test_output_columns_exist
    PASS  tests/test_calculations.py::TestCalculateAvoidedCosts::test_output_length_8760
    PASS  tests/test_calculations.py::TestCalculateAvoidedCosts::test_gen_capacity_formula
    PASS  tests/test_calculations.py::TestCalculateAvoidedCosts::test_transmission_uses_pcaf
    PASS  tests/test_calculations.py::TestCalculateAvoidedCosts::test_emissions_formula
    PASS  tests/test_calculations.py::TestCalculateAvoidedCosts::test_total_is_sum_of_components
    PASS  tests/test_calculations.py::TestCalculateAvoidedCosts::test_zero_scalars_only_energy
    PASS  tests/test_calculations.py::TestCalculateUrdbBill::test_flat_rate_constant_load
    PASS  tests/test_calculations.py::TestCalculateUrdbBill::test_flat_rate_monthly_proportionality
    PASS  tests/test_calculations.py::TestCalculateUrdbBill::test_zero_load_only_fixed
    PASS  tests/test_calculations.py::TestCalculateUrdbBill::test_demand_charge
    PASS  tests/test_calculations.py::TestCalculateUrdbBill::test_gp_r31_seasonal_tiers
    PASS  tests/test_calculations.py::TestCalculateUrdbBill::test_bill_increases_with_load
    PASS  tests/test_calculations.py::TestGetHourlyEnergyRate::test_flat_rate_constant_everywhere
    PASS  tests/test_calculations.py::TestGetHourlyEnergyRate::test_gp_r31_seasonal_rate_changes
    PASS  tests/test_calculations.py::TestGetHourlyEnergyRate::test_no_energy_structure_returns_zeros
    PASS  tests/test_calculations.py::TestNPVDiscounting::test_discount_factors_sum
    PASS  tests/test_calculations.py::TestNPVDiscounting::test_zero_discount_rate
    PASS  tests/test_calculations.py::TestNPVDiscounting::test_npv_known_answer
    PASS  tests/test_calculations.py::TestNPVDiscounting::test_rim_ratio_calculation
    PASS  tests/test_calculations.py::TestNPVDiscounting::test_rim_zero_lost_revenue
    PASS  tests/test_calculations.py::TestCapacityMetrics::test_epc_uniform_cwft
    PASS  tests/test_calculations.py::TestCapacityMetrics::test_epc_peaked_cwft_higher_for_peaky_load
    PASS  tests/test_calculations.py::TestCapacityMetrics::test_epc_reduction
    PASS  tests/test_calculations.py::TestCapacityMetrics::test_elcc_proxy_formula
    PASS  tests/test_calculations.py::TestCapacityMetrics::test_elcc_proxy_peaky_load
    PASS  tests/test_calculations.py::TestCapacityMetrics::test_cwft_sums_to_one
    PASS  tests/test_calculations.py::TestDispatchDrProgram::test_respects_hour_limit
    PASS  tests/test_calculations.py::TestDispatchDrProgram::test_respects_daily_limit
    PASS  tests/test_calculations.py::TestDispatchDrProgram::test_summer_only_season
    PASS  tests/test_calculations.py::TestDispatchDrProgram::test_reduction_capped_at_load
    PASS  tests/test_calculations.py::TestDispatchDrProgram::test_returns_correct_shapes
    PASS  tests/test_calculations.py::TestConfig::test_scenario_options_nonempty
    PASS  tests/test_calculations.py::TestConfig::test_scenario_descriptions_complete
    PASS  tests/test_calculations.py::TestConfig::test_planning_year_options
    PASS  tests/test_calculations.py::TestConfig::test_default_values_positive
    PASS  tests/test_calculations.py::TestConfig::test_grid_components_has_5
    PASS  tests/test_calculations.py::TestConfig::test_week_windows_valid
    PASS  tests/test_calculations.py::TestConfig::test_weather_sensitivity_function
    PASS  tests/test_calculations.py::TestConfig::test_custom_css_nonempty
    PASS  tests/test_calculations.py::TestConfig::test_financial_metric_card_html
    PASS  tests/test_calculations.py::TestVisualizations::test_weekly_overlay_returns_figure
    PASS  tests/test_calculations.py::TestVisualizations::test_weekly_load_and_temp_chart
    PASS  tests/test_calculations.py::TestVisualizations::test_weekly_grid_economics_chart
    PASS  tests/test_calculations.py::TestVisualizations::test_annual_avoided_cost_returns_figure
    PASS  tests/test_calculations.py::TestVisualizations::test_stacked_components_returns_figure
    PASS  tests/test_calculations.py::TestVisualizations::test_stacked_components_no_legend
    PASS  tests/test_calculations.py::TestVisualizations::test_lifetime_npv_returns_figure
    PASS  tests/test_calculations.py::TestVisualizations::test_economic_balance_chart_returns_figure
    PASS  tests/test_calculations.py::TestVisualizations::test_two_sided_cost_effectiveness_chart_returns_figure
    PASS  tests/test_calculations.py::TestIntegrationPipeline::test_grid_to_avoided_costs_column_contract
    PASS  tests/test_calculations.py::TestIntegrationPipeline::test_full_pipeline_grid_to_npv
    PASS  tests/test_calculations.py::TestIntegrationPipeline::test_dr_dispatch_feeds_into_billing
    PASS  tests/test_calculations.py::TestIntegrationPipeline::test_avoided_costs_feed_into_visualizations
    PASS  tests/test_calculations.py::TestIntegrationPipeline::test_config_defaults_work_with_calculations
    PASS  tests/test_calculations.py::TestLoadProfileIngestion::test_beopt_raw_file_parsing
    PASS  tests/test_calculations.py::TestLoadProfileIngestion::test_load_profiles_directory_scan
    PASS  tests/test_calculations.py::TestLoadProfileIngestion::test_excel_file_parsing
    PASS  tests/test_calculations.py::TestLoadProfileIngestion::test_beopt_native_export_format_parsing
    PASS  tests/test_calculations.py::TestLoadProfileIngestion::test_beopt_battery_example_shows_charge_discharge_shift
    PASS  tests/test_calculations.py::TestCostEffectivenessTests::test_trc_and_pct_ratios
    PASS  tests/test_calculations.py::TestSoutheastUtilityCapacityEngine::test_regulated_fcr_bounds
    PASS  tests/test_calculations.py::TestSoutheastUtilityCapacityEngine::test_regulated_fcr_zero_tax
    PASS  tests/test_calculations.py::TestSoutheastUtilityCapacityEngine::test_ct_carrying_cost_gross_and_net
    PASS  tests/test_calculations.py::TestSoutheastUtilityCapacityEngine::test_southeast_dual_peak_cwf_sums_and_shape
    PASS  tests/test_calculations.py::TestSoutheastUtilityCapacityEngine::test_southeast_dual_peak_cwf_exceedance_with_load
    PASS  tests/test_calculations.py::TestSoutheastUtilityCapacityEngine::test_cwf_lolp_proxy
    PASS  tests/test_calculations.py::TestSoutheastUtilityCapacityEngine::test_cwf_top_n_uniform_and_exceedance
    PASS  tests/test_calculations.py::TestSoutheastUtilityCapacityEngine::test_cwf_peaker_rent
    PASS  tests/test_calculations.py::TestSoutheastUtilityCapacityEngine::test_feeder_pcaf_weights
    PASS  tests/test_calculations.py::TestSoutheastUtilityCapacityEngine::test_avoided_costs_decoupled_td_weights
    PASS  tests/test_calculations.py::TestSoutheastUtilityCapacityEngine::test_new_visualization_functions
    PASS  tests/test_calculations.py::TestSoutheastUtilityCapacityEngine::test_cwf_temperature_exceedance_sums_and_shape
    PASS  tests/test_calculations.py::TestSoutheastUtilityCapacityEngine::test_cwf_temperature_exceedance_colder_gets_more_weight
    PASS  tests/test_calculations.py::TestSoutheastUtilityCapacityEngine::test_cwf_temperature_exceedance_seasonal_split_and_fallback
    PASS  tests/test_cambium_downloader.py::TestCambiumDownloaderConfig::test_southeast_states_covered
    PASS  tests/test_cambium_downloader.py::TestCambiumDownloaderConfig::test_scenario_package_map_structure
    PASS  tests/test_cambium_downloader.py::TestRemoteZipReader::test_seek_and_tell
    PASS  tests/test_cambium_downloader.py::TestRemoteZipReader::test_invalid_whence
    PASS  tests/test_cambium_downloader.py::TestRemoteZipReader::test_read_boundary
    PASS  tests/test_cambium_downloader.py::TestMissingDataDetection::test_empty_directory_flags_all
    PASS  tests/test_cambium_downloader.py::TestMissingDataDetection::test_detected_file_reduces_missing
    PASS  tests/test_cambium_downloader.py::TestMissingDataDetection::test_pd_read_first_rows

======================================================================
  Test Run: 2026-09-21 16:24:07  |  Result: ALL PASSED
  83 tests: 83 passed, 0 failed
======================================================================
    PASS  tests/test_calculations.py::TestCalculateAvoidedCosts::test_output_columns_exist
    PASS  tests/test_calculations.py::TestCalculateAvoidedCosts::test_output_length_8760
    PASS  tests/test_calculations.py::TestCalculateAvoidedCosts::test_gen_capacity_formula
    PASS  tests/test_calculations.py::TestCalculateAvoidedCosts::test_transmission_uses_pcaf
    PASS  tests/test_calculations.py::TestCalculateAvoidedCosts::test_emissions_formula
    PASS  tests/test_calculations.py::TestCalculateAvoidedCosts::test_total_is_sum_of_components
    PASS  tests/test_calculations.py::TestCalculateAvoidedCosts::test_zero_scalars_only_energy
    PASS  tests/test_calculations.py::TestCalculateUrdbBill::test_flat_rate_constant_load
    PASS  tests/test_calculations.py::TestCalculateUrdbBill::test_flat_rate_monthly_proportionality
    PASS  tests/test_calculations.py::TestCalculateUrdbBill::test_zero_load_only_fixed
    PASS  tests/test_calculations.py::TestCalculateUrdbBill::test_demand_charge
    PASS  tests/test_calculations.py::TestCalculateUrdbBill::test_gp_r31_seasonal_tiers
    PASS  tests/test_calculations.py::TestCalculateUrdbBill::test_bill_increases_with_load
    PASS  tests/test_calculations.py::TestGetHourlyEnergyRate::test_flat_rate_constant_everywhere
    PASS  tests/test_calculations.py::TestGetHourlyEnergyRate::test_gp_r31_seasonal_rate_changes
    PASS  tests/test_calculations.py::TestGetHourlyEnergyRate::test_no_energy_structure_returns_zeros
    PASS  tests/test_calculations.py::TestNPVDiscounting::test_discount_factors_sum
    PASS  tests/test_calculations.py::TestNPVDiscounting::test_zero_discount_rate
    PASS  tests/test_calculations.py::TestNPVDiscounting::test_npv_known_answer
    PASS  tests/test_calculations.py::TestNPVDiscounting::test_rim_ratio_calculation
    PASS  tests/test_calculations.py::TestNPVDiscounting::test_rim_zero_lost_revenue
    PASS  tests/test_calculations.py::TestCapacityMetrics::test_epc_uniform_cwft
    PASS  tests/test_calculations.py::TestCapacityMetrics::test_epc_peaked_cwft_higher_for_peaky_load
    PASS  tests/test_calculations.py::TestCapacityMetrics::test_epc_reduction
    PASS  tests/test_calculations.py::TestCapacityMetrics::test_elcc_proxy_formula
    PASS  tests/test_calculations.py::TestCapacityMetrics::test_elcc_proxy_peaky_load
    PASS  tests/test_calculations.py::TestCapacityMetrics::test_cwft_sums_to_one
    PASS  tests/test_calculations.py::TestDispatchDrProgram::test_respects_hour_limit
    PASS  tests/test_calculations.py::TestDispatchDrProgram::test_respects_daily_limit
    PASS  tests/test_calculations.py::TestDispatchDrProgram::test_summer_only_season
    PASS  tests/test_calculations.py::TestDispatchDrProgram::test_reduction_capped_at_load
    PASS  tests/test_calculations.py::TestDispatchDrProgram::test_returns_correct_shapes
    PASS  tests/test_calculations.py::TestConfig::test_scenario_options_nonempty
    PASS  tests/test_calculations.py::TestConfig::test_scenario_descriptions_complete
    PASS  tests/test_calculations.py::TestConfig::test_planning_year_options
    PASS  tests/test_calculations.py::TestConfig::test_default_values_positive
    PASS  tests/test_calculations.py::TestConfig::test_grid_components_has_5
    PASS  tests/test_calculations.py::TestConfig::test_week_windows_valid
    PASS  tests/test_calculations.py::TestConfig::test_weather_sensitivity_function
    PASS  tests/test_calculations.py::TestConfig::test_custom_css_nonempty
    PASS  tests/test_calculations.py::TestConfig::test_financial_metric_card_html
    PASS  tests/test_calculations.py::TestVisualizations::test_weekly_overlay_returns_figure
    PASS  tests/test_calculations.py::TestVisualizations::test_weekly_load_and_temp_chart
    PASS  tests/test_calculations.py::TestVisualizations::test_weekly_grid_economics_chart
    PASS  tests/test_calculations.py::TestVisualizations::test_annual_avoided_cost_returns_figure
    PASS  tests/test_calculations.py::TestVisualizations::test_stacked_components_returns_figure
    PASS  tests/test_calculations.py::TestVisualizations::test_stacked_components_no_legend
    PASS  tests/test_calculations.py::TestVisualizations::test_lifetime_npv_returns_figure
    PASS  tests/test_calculations.py::TestVisualizations::test_economic_balance_chart_returns_figure
    PASS  tests/test_calculations.py::TestVisualizations::test_two_sided_cost_effectiveness_chart_returns_figure
    PASS  tests/test_calculations.py::TestIntegrationPipeline::test_grid_to_avoided_costs_column_contract
    PASS  tests/test_calculations.py::TestIntegrationPipeline::test_full_pipeline_grid_to_npv
    PASS  tests/test_calculations.py::TestIntegrationPipeline::test_dr_dispatch_feeds_into_billing
    PASS  tests/test_calculations.py::TestIntegrationPipeline::test_avoided_costs_feed_into_visualizations
    PASS  tests/test_calculations.py::TestIntegrationPipeline::test_config_defaults_work_with_calculations
    PASS  tests/test_calculations.py::TestLoadProfileIngestion::test_beopt_raw_file_parsing
    PASS  tests/test_calculations.py::TestLoadProfileIngestion::test_load_profiles_directory_scan
    PASS  tests/test_calculations.py::TestLoadProfileIngestion::test_excel_file_parsing
    PASS  tests/test_calculations.py::TestLoadProfileIngestion::test_beopt_native_export_format_parsing
    PASS  tests/test_calculations.py::TestLoadProfileIngestion::test_beopt_battery_example_shows_charge_discharge_shift
    PASS  tests/test_calculations.py::TestCostEffectivenessTests::test_trc_and_pct_ratios
    PASS  tests/test_calculations.py::TestSoutheastUtilityCapacityEngine::test_regulated_fcr_bounds
    PASS  tests/test_calculations.py::TestSoutheastUtilityCapacityEngine::test_regulated_fcr_zero_tax
    PASS  tests/test_calculations.py::TestSoutheastUtilityCapacityEngine::test_ct_carrying_cost_gross_and_net
    PASS  tests/test_calculations.py::TestSoutheastUtilityCapacityEngine::test_southeast_dual_peak_cwf_sums_and_shape
    PASS  tests/test_calculations.py::TestSoutheastUtilityCapacityEngine::test_southeast_dual_peak_cwf_exceedance_with_load
    PASS  tests/test_calculations.py::TestSoutheastUtilityCapacityEngine::test_cwf_lolp_proxy
    PASS  tests/test_calculations.py::TestSoutheastUtilityCapacityEngine::test_cwf_top_n_uniform_and_exceedance
    PASS  tests/test_calculations.py::TestSoutheastUtilityCapacityEngine::test_cwf_peaker_rent
    PASS  tests/test_calculations.py::TestSoutheastUtilityCapacityEngine::test_feeder_pcaf_weights
    PASS  tests/test_calculations.py::TestSoutheastUtilityCapacityEngine::test_avoided_costs_decoupled_td_weights
    PASS  tests/test_calculations.py::TestSoutheastUtilityCapacityEngine::test_new_visualization_functions
    PASS  tests/test_calculations.py::TestSoutheastUtilityCapacityEngine::test_cwf_temperature_exceedance_sums_and_shape
    PASS  tests/test_calculations.py::TestSoutheastUtilityCapacityEngine::test_cwf_temperature_exceedance_colder_gets_more_weight
    PASS  tests/test_calculations.py::TestSoutheastUtilityCapacityEngine::test_cwf_temperature_exceedance_seasonal_split_and_fallback
    PASS  tests/test_cambium_downloader.py::TestCambiumDownloaderConfig::test_southeast_states_covered
    PASS  tests/test_cambium_downloader.py::TestCambiumDownloaderConfig::test_scenario_package_map_structure
    PASS  tests/test_cambium_downloader.py::TestRemoteZipReader::test_seek_and_tell
    PASS  tests/test_cambium_downloader.py::TestRemoteZipReader::test_invalid_whence
    PASS  tests/test_cambium_downloader.py::TestRemoteZipReader::test_read_boundary
    PASS  tests/test_cambium_downloader.py::TestMissingDataDetection::test_empty_directory_flags_all
    PASS  tests/test_cambium_downloader.py::TestMissingDataDetection::test_detected_file_reduces_missing
    PASS  tests/test_cambium_downloader.py::TestMissingDataDetection::test_pd_read_first_rows

======================================================================
  Test Run: 2026-09-11 11:10:00  |  Result: ALL PASSED
  83 tests: 83 passed, 0 failed
======================================================================
    PASS  tests/test_calculations.py::TestCalculateAvoidedCosts::test_output_columns_exist
    PASS  tests/test_calculations.py::TestCalculateAvoidedCosts::test_output_length_8760
    PASS  tests/test_calculations.py::TestCalculateAvoidedCosts::test_gen_capacity_formula
    PASS  tests/test_calculations.py::TestCalculateAvoidedCosts::test_transmission_uses_pcaf
    PASS  tests/test_calculations.py::TestCalculateAvoidedCosts::test_emissions_formula
    PASS  tests/test_calculations.py::TestCalculateAvoidedCosts::test_total_is_sum_of_components
    PASS  tests/test_calculations.py::TestCalculateAvoidedCosts::test_zero_scalars_only_energy
    PASS  tests/test_calculations.py::TestCalculateUrdbBill::test_flat_rate_constant_load
    PASS  tests/test_calculations.py::TestCalculateUrdbBill::test_flat_rate_monthly_proportionality
    PASS  tests/test_calculations.py::TestCalculateUrdbBill::test_zero_load_only_fixed
    PASS  tests/test_calculations.py::TestCalculateUrdbBill::test_demand_charge
    PASS  tests/test_calculations.py::TestCalculateUrdbBill::test_gp_r31_seasonal_tiers
    PASS  tests/test_calculations.py::TestCalculateUrdbBill::test_bill_increases_with_load
    PASS  tests/test_calculations.py::TestGetHourlyEnergyRate::test_flat_rate_constant_everywhere
    PASS  tests/test_calculations.py::TestGetHourlyEnergyRate::test_gp_r31_seasonal_rate_changes
    PASS  tests/test_calculations.py::TestGetHourlyEnergyRate::test_no_energy_structure_returns_zeros
    PASS  tests/test_calculations.py::TestNPVDiscounting::test_discount_factors_sum
    PASS  tests/test_calculations.py::TestNPVDiscounting::test_zero_discount_rate
    PASS  tests/test_calculations.py::TestNPVDiscounting::test_npv_known_answer
    PASS  tests/test_calculations.py::TestNPVDiscounting::test_rim_ratio_calculation
    PASS  tests/test_calculations.py::TestNPVDiscounting::test_rim_zero_lost_revenue
    PASS  tests/test_calculations.py::TestCapacityMetrics::test_epc_uniform_cwft
    PASS  tests/test_calculations.py::TestCapacityMetrics::test_epc_peaked_cwft_higher_for_peaky_load
    PASS  tests/test_calculations.py::TestCapacityMetrics::test_epc_reduction
    PASS  tests/test_calculations.py::TestCapacityMetrics::test_elcc_proxy_formula
    PASS  tests/test_calculations.py::TestCapacityMetrics::test_elcc_proxy_peaky_load
    PASS  tests/test_calculations.py::TestCapacityMetrics::test_cwft_sums_to_one
    PASS  tests/test_calculations.py::TestDispatchDrProgram::test_respects_hour_limit
    PASS  tests/test_calculations.py::TestDispatchDrProgram::test_respects_daily_limit
    PASS  tests/test_calculations.py::TestDispatchDrProgram::test_summer_only_season
    PASS  tests/test_calculations.py::TestDispatchDrProgram::test_reduction_capped_at_load
    PASS  tests/test_calculations.py::TestDispatchDrProgram::test_returns_correct_shapes
    PASS  tests/test_calculations.py::TestConfig::test_scenario_options_nonempty
    PASS  tests/test_calculations.py::TestConfig::test_scenario_descriptions_complete
    PASS  tests/test_calculations.py::TestConfig::test_planning_year_options
    PASS  tests/test_calculations.py::TestConfig::test_default_values_positive
    PASS  tests/test_calculations.py::TestConfig::test_grid_components_has_5
    PASS  tests/test_calculations.py::TestConfig::test_week_windows_valid
    PASS  tests/test_calculations.py::TestConfig::test_weather_sensitivity_function
    PASS  tests/test_calculations.py::TestConfig::test_custom_css_nonempty
    PASS  tests/test_calculations.py::TestConfig::test_financial_metric_card_html
    PASS  tests/test_calculations.py::TestVisualizations::test_weekly_overlay_returns_figure
    PASS  tests/test_calculations.py::TestVisualizations::test_weekly_load_and_temp_chart
    PASS  tests/test_calculations.py::TestVisualizations::test_weekly_grid_economics_chart
    PASS  tests/test_calculations.py::TestVisualizations::test_annual_avoided_cost_returns_figure
    PASS  tests/test_calculations.py::TestVisualizations::test_stacked_components_returns_figure
    PASS  tests/test_calculations.py::TestVisualizations::test_stacked_components_no_legend
    PASS  tests/test_calculations.py::TestVisualizations::test_lifetime_npv_returns_figure
    PASS  tests/test_calculations.py::TestVisualizations::test_economic_balance_chart_returns_figure
    PASS  tests/test_calculations.py::TestVisualizations::test_two_sided_cost_effectiveness_chart_returns_figure
    PASS  tests/test_calculations.py::TestIntegrationPipeline::test_grid_to_avoided_costs_column_contract
    PASS  tests/test_calculations.py::TestIntegrationPipeline::test_full_pipeline_grid_to_npv
    PASS  tests/test_calculations.py::TestIntegrationPipeline::test_dr_dispatch_feeds_into_billing
    PASS  tests/test_calculations.py::TestIntegrationPipeline::test_avoided_costs_feed_into_visualizations
    PASS  tests/test_calculations.py::TestIntegrationPipeline::test_config_defaults_work_with_calculations
    PASS  tests/test_calculations.py::TestLoadProfileIngestion::test_beopt_raw_file_parsing
    PASS  tests/test_calculations.py::TestLoadProfileIngestion::test_load_profiles_directory_scan
    PASS  tests/test_calculations.py::TestLoadProfileIngestion::test_excel_file_parsing
    PASS  tests/test_calculations.py::TestLoadProfileIngestion::test_beopt_native_export_format_parsing
    PASS  tests/test_calculations.py::TestLoadProfileIngestion::test_beopt_battery_example_shows_charge_discharge_shift
    PASS  tests/test_calculations.py::TestCostEffectivenessTests::test_trc_and_pct_ratios
    PASS  tests/test_calculations.py::TestSoutheastUtilityCapacityEngine::test_regulated_fcr_bounds
    PASS  tests/test_calculations.py::TestSoutheastUtilityCapacityEngine::test_regulated_fcr_zero_tax
    PASS  tests/test_calculations.py::TestSoutheastUtilityCapacityEngine::test_ct_carrying_cost_gross_and_net
    PASS  tests/test_calculations.py::TestSoutheastUtilityCapacityEngine::test_southeast_dual_peak_cwf_sums_and_shape
    PASS  tests/test_calculations.py::TestSoutheastUtilityCapacityEngine::test_southeast_dual_peak_cwf_exceedance_with_load
    PASS  tests/test_calculations.py::TestSoutheastUtilityCapacityEngine::test_cwf_lolp_proxy
    PASS  tests/test_calculations.py::TestSoutheastUtilityCapacityEngine::test_cwf_top_n_uniform_and_exceedance
    PASS  tests/test_calculations.py::TestSoutheastUtilityCapacityEngine::test_cwf_peaker_rent
    PASS  tests/test_calculations.py::TestSoutheastUtilityCapacityEngine::test_feeder_pcaf_weights
    PASS  tests/test_calculations.py::TestSoutheastUtilityCapacityEngine::test_avoided_costs_decoupled_td_weights
    PASS  tests/test_calculations.py::TestSoutheastUtilityCapacityEngine::test_new_visualization_functions
    PASS  tests/test_calculations.py::TestSoutheastUtilityCapacityEngine::test_cwf_temperature_exceedance_sums_and_shape
    PASS  tests/test_calculations.py::TestSoutheastUtilityCapacityEngine::test_cwf_temperature_exceedance_colder_gets_more_weight
    PASS  tests/test_calculations.py::TestSoutheastUtilityCapacityEngine::test_cwf_temperature_exceedance_seasonal_split_and_fallback
    PASS  tests/test_cambium_downloader.py::TestCambiumDownloaderConfig::test_southeast_states_covered
    PASS  tests/test_cambium_downloader.py::TestCambiumDownloaderConfig::test_scenario_package_map_structure
    PASS  tests/test_cambium_downloader.py::TestRemoteZipReader::test_seek_and_tell
    PASS  tests/test_cambium_downloader.py::TestRemoteZipReader::test_invalid_whence
    PASS  tests/test_cambium_downloader.py::TestRemoteZipReader::test_read_boundary
    PASS  tests/test_cambium_downloader.py::TestMissingDataDetection::test_empty_directory_flags_all
    PASS  tests/test_cambium_downloader.py::TestMissingDataDetection::test_detected_file_reduces_missing
    PASS  tests/test_cambium_downloader.py::TestMissingDataDetection::test_pd_read_first_rows

======================================================================
  Test Run: 2026-09-11 11:00:11  |  Result: ALL PASSED
  82 tests: 82 passed, 0 failed
======================================================================
    PASS  tests/test_calculations.py::TestCalculateAvoidedCosts::test_output_columns_exist
    PASS  tests/test_calculations.py::TestCalculateAvoidedCosts::test_output_length_8760
    PASS  tests/test_calculations.py::TestCalculateAvoidedCosts::test_gen_capacity_formula
    PASS  tests/test_calculations.py::TestCalculateAvoidedCosts::test_transmission_uses_pcaf
    PASS  tests/test_calculations.py::TestCalculateAvoidedCosts::test_emissions_formula
    PASS  tests/test_calculations.py::TestCalculateAvoidedCosts::test_total_is_sum_of_components
    PASS  tests/test_calculations.py::TestCalculateAvoidedCosts::test_zero_scalars_only_energy
    PASS  tests/test_calculations.py::TestCalculateUrdbBill::test_flat_rate_constant_load
    PASS  tests/test_calculations.py::TestCalculateUrdbBill::test_flat_rate_monthly_proportionality
    PASS  tests/test_calculations.py::TestCalculateUrdbBill::test_zero_load_only_fixed
    PASS  tests/test_calculations.py::TestCalculateUrdbBill::test_demand_charge
    PASS  tests/test_calculations.py::TestCalculateUrdbBill::test_gp_r31_seasonal_tiers
    PASS  tests/test_calculations.py::TestCalculateUrdbBill::test_bill_increases_with_load
    PASS  tests/test_calculations.py::TestGetHourlyEnergyRate::test_flat_rate_constant_everywhere
    PASS  tests/test_calculations.py::TestGetHourlyEnergyRate::test_gp_r31_seasonal_rate_changes
    PASS  tests/test_calculations.py::TestGetHourlyEnergyRate::test_no_energy_structure_returns_zeros
    PASS  tests/test_calculations.py::TestNPVDiscounting::test_discount_factors_sum
    PASS  tests/test_calculations.py::TestNPVDiscounting::test_zero_discount_rate
    PASS  tests/test_calculations.py::TestNPVDiscounting::test_npv_known_answer
    PASS  tests/test_calculations.py::TestNPVDiscounting::test_rim_ratio_calculation
    PASS  tests/test_calculations.py::TestNPVDiscounting::test_rim_zero_lost_revenue
    PASS  tests/test_calculations.py::TestCapacityMetrics::test_epc_uniform_cwft
    PASS  tests/test_calculations.py::TestCapacityMetrics::test_epc_peaked_cwft_higher_for_peaky_load
    PASS  tests/test_calculations.py::TestCapacityMetrics::test_epc_reduction
    PASS  tests/test_calculations.py::TestCapacityMetrics::test_elcc_proxy_formula
    PASS  tests/test_calculations.py::TestCapacityMetrics::test_elcc_proxy_peaky_load
    PASS  tests/test_calculations.py::TestCapacityMetrics::test_cwft_sums_to_one
    PASS  tests/test_calculations.py::TestDispatchDrProgram::test_respects_hour_limit
    PASS  tests/test_calculations.py::TestDispatchDrProgram::test_respects_daily_limit
    PASS  tests/test_calculations.py::TestDispatchDrProgram::test_summer_only_season
    PASS  tests/test_calculations.py::TestDispatchDrProgram::test_reduction_capped_at_load
    PASS  tests/test_calculations.py::TestDispatchDrProgram::test_returns_correct_shapes
    PASS  tests/test_calculations.py::TestConfig::test_scenario_options_nonempty
    PASS  tests/test_calculations.py::TestConfig::test_scenario_descriptions_complete
    PASS  tests/test_calculations.py::TestConfig::test_planning_year_options
    PASS  tests/test_calculations.py::TestConfig::test_default_values_positive
    PASS  tests/test_calculations.py::TestConfig::test_grid_components_has_5
    PASS  tests/test_calculations.py::TestConfig::test_week_windows_valid
    PASS  tests/test_calculations.py::TestConfig::test_weather_sensitivity_function
    PASS  tests/test_calculations.py::TestConfig::test_custom_css_nonempty
    PASS  tests/test_calculations.py::TestVisualizations::test_weekly_overlay_returns_figure
    PASS  tests/test_calculations.py::TestVisualizations::test_weekly_load_and_temp_chart
    PASS  tests/test_calculations.py::TestVisualizations::test_weekly_grid_economics_chart
    PASS  tests/test_calculations.py::TestVisualizations::test_annual_avoided_cost_returns_figure
    PASS  tests/test_calculations.py::TestVisualizations::test_stacked_components_returns_figure
    PASS  tests/test_calculations.py::TestVisualizations::test_stacked_components_no_legend
    PASS  tests/test_calculations.py::TestVisualizations::test_lifetime_npv_returns_figure
    PASS  tests/test_calculations.py::TestVisualizations::test_economic_balance_chart_returns_figure
    PASS  tests/test_calculations.py::TestVisualizations::test_two_sided_cost_effectiveness_chart_returns_figure
    PASS  tests/test_calculations.py::TestIntegrationPipeline::test_grid_to_avoided_costs_column_contract
    PASS  tests/test_calculations.py::TestIntegrationPipeline::test_full_pipeline_grid_to_npv
    PASS  tests/test_calculations.py::TestIntegrationPipeline::test_dr_dispatch_feeds_into_billing
    PASS  tests/test_calculations.py::TestIntegrationPipeline::test_avoided_costs_feed_into_visualizations
    PASS  tests/test_calculations.py::TestIntegrationPipeline::test_config_defaults_work_with_calculations
    PASS  tests/test_calculations.py::TestLoadProfileIngestion::test_beopt_raw_file_parsing
    PASS  tests/test_calculations.py::TestLoadProfileIngestion::test_load_profiles_directory_scan
    PASS  tests/test_calculations.py::TestLoadProfileIngestion::test_excel_file_parsing
    PASS  tests/test_calculations.py::TestLoadProfileIngestion::test_beopt_native_export_format_parsing
    PASS  tests/test_calculations.py::TestLoadProfileIngestion::test_beopt_battery_example_shows_charge_discharge_shift
    PASS  tests/test_calculations.py::TestCostEffectivenessTests::test_trc_and_pct_ratios
    PASS  tests/test_calculations.py::TestSoutheastUtilityCapacityEngine::test_regulated_fcr_bounds
    PASS  tests/test_calculations.py::TestSoutheastUtilityCapacityEngine::test_regulated_fcr_zero_tax
    PASS  tests/test_calculations.py::TestSoutheastUtilityCapacityEngine::test_ct_carrying_cost_gross_and_net
    PASS  tests/test_calculations.py::TestSoutheastUtilityCapacityEngine::test_southeast_dual_peak_cwf_sums_and_shape
    PASS  tests/test_calculations.py::TestSoutheastUtilityCapacityEngine::test_southeast_dual_peak_cwf_exceedance_with_load
    PASS  tests/test_calculations.py::TestSoutheastUtilityCapacityEngine::test_cwf_lolp_proxy
    PASS  tests/test_calculations.py::TestSoutheastUtilityCapacityEngine::test_cwf_top_n_uniform_and_exceedance
    PASS  tests/test_calculations.py::TestSoutheastUtilityCapacityEngine::test_cwf_peaker_rent
    PASS  tests/test_calculations.py::TestSoutheastUtilityCapacityEngine::test_feeder_pcaf_weights
    PASS  tests/test_calculations.py::TestSoutheastUtilityCapacityEngine::test_avoided_costs_decoupled_td_weights
    PASS  tests/test_calculations.py::TestSoutheastUtilityCapacityEngine::test_new_visualization_functions
    PASS  tests/test_calculations.py::TestSoutheastUtilityCapacityEngine::test_cwf_temperature_exceedance_sums_and_shape
    PASS  tests/test_calculations.py::TestSoutheastUtilityCapacityEngine::test_cwf_temperature_exceedance_colder_gets_more_weight
    PASS  tests/test_calculations.py::TestSoutheastUtilityCapacityEngine::test_cwf_temperature_exceedance_seasonal_split_and_fallback
    PASS  tests/test_cambium_downloader.py::TestCambiumDownloaderConfig::test_southeast_states_covered
    PASS  tests/test_cambium_downloader.py::TestCambiumDownloaderConfig::test_scenario_package_map_structure
    PASS  tests/test_cambium_downloader.py::TestRemoteZipReader::test_seek_and_tell
    PASS  tests/test_cambium_downloader.py::TestRemoteZipReader::test_invalid_whence
    PASS  tests/test_cambium_downloader.py::TestRemoteZipReader::test_read_boundary
    PASS  tests/test_cambium_downloader.py::TestMissingDataDetection::test_empty_directory_flags_all
    PASS  tests/test_cambium_downloader.py::TestMissingDataDetection::test_detected_file_reduces_missing
    PASS  tests/test_cambium_downloader.py::TestMissingDataDetection::test_pd_read_first_rows

======================================================================
  Test Run: 2026-09-11 10:31:40  |  Result: ALL PASSED
  81 tests: 81 passed, 0 failed
======================================================================
    PASS  tests/test_calculations.py::TestCalculateAvoidedCosts::test_output_columns_exist
    PASS  tests/test_calculations.py::TestCalculateAvoidedCosts::test_output_length_8760
    PASS  tests/test_calculations.py::TestCalculateAvoidedCosts::test_gen_capacity_formula
    PASS  tests/test_calculations.py::TestCalculateAvoidedCosts::test_transmission_uses_pcaf
    PASS  tests/test_calculations.py::TestCalculateAvoidedCosts::test_emissions_formula
    PASS  tests/test_calculations.py::TestCalculateAvoidedCosts::test_total_is_sum_of_components
    PASS  tests/test_calculations.py::TestCalculateAvoidedCosts::test_zero_scalars_only_energy
    PASS  tests/test_calculations.py::TestCalculateUrdbBill::test_flat_rate_constant_load
    PASS  tests/test_calculations.py::TestCalculateUrdbBill::test_flat_rate_monthly_proportionality
    PASS  tests/test_calculations.py::TestCalculateUrdbBill::test_zero_load_only_fixed
    PASS  tests/test_calculations.py::TestCalculateUrdbBill::test_demand_charge
    PASS  tests/test_calculations.py::TestCalculateUrdbBill::test_gp_r31_seasonal_tiers
    PASS  tests/test_calculations.py::TestCalculateUrdbBill::test_bill_increases_with_load
    PASS  tests/test_calculations.py::TestGetHourlyEnergyRate::test_flat_rate_constant_everywhere
    PASS  tests/test_calculations.py::TestGetHourlyEnergyRate::test_gp_r31_seasonal_rate_changes
    PASS  tests/test_calculations.py::TestGetHourlyEnergyRate::test_no_energy_structure_returns_zeros
    PASS  tests/test_calculations.py::TestNPVDiscounting::test_discount_factors_sum
    PASS  tests/test_calculations.py::TestNPVDiscounting::test_zero_discount_rate
    PASS  tests/test_calculations.py::TestNPVDiscounting::test_npv_known_answer
    PASS  tests/test_calculations.py::TestNPVDiscounting::test_rim_ratio_calculation
    PASS  tests/test_calculations.py::TestNPVDiscounting::test_rim_zero_lost_revenue
    PASS  tests/test_calculations.py::TestCapacityMetrics::test_epc_uniform_cwft
    PASS  tests/test_calculations.py::TestCapacityMetrics::test_epc_peaked_cwft_higher_for_peaky_load
    PASS  tests/test_calculations.py::TestCapacityMetrics::test_epc_reduction
    PASS  tests/test_calculations.py::TestCapacityMetrics::test_elcc_proxy_formula
    PASS  tests/test_calculations.py::TestCapacityMetrics::test_elcc_proxy_peaky_load
    PASS  tests/test_calculations.py::TestCapacityMetrics::test_cwft_sums_to_one
    PASS  tests/test_calculations.py::TestDispatchDrProgram::test_respects_hour_limit
    PASS  tests/test_calculations.py::TestDispatchDrProgram::test_respects_daily_limit
    PASS  tests/test_calculations.py::TestDispatchDrProgram::test_summer_only_season
    PASS  tests/test_calculations.py::TestDispatchDrProgram::test_reduction_capped_at_load
    PASS  tests/test_calculations.py::TestDispatchDrProgram::test_returns_correct_shapes
    PASS  tests/test_calculations.py::TestConfig::test_scenario_options_nonempty
    PASS  tests/test_calculations.py::TestConfig::test_scenario_descriptions_complete
    PASS  tests/test_calculations.py::TestConfig::test_planning_year_options
    PASS  tests/test_calculations.py::TestConfig::test_default_values_positive
    PASS  tests/test_calculations.py::TestConfig::test_grid_components_has_5
    PASS  tests/test_calculations.py::TestConfig::test_week_windows_valid
    PASS  tests/test_calculations.py::TestConfig::test_weather_sensitivity_function
    PASS  tests/test_calculations.py::TestConfig::test_custom_css_nonempty
    PASS  tests/test_calculations.py::TestVisualizations::test_weekly_overlay_returns_figure
    PASS  tests/test_calculations.py::TestVisualizations::test_weekly_load_and_temp_chart
    PASS  tests/test_calculations.py::TestVisualizations::test_weekly_grid_economics_chart
    PASS  tests/test_calculations.py::TestVisualizations::test_annual_avoided_cost_returns_figure
    PASS  tests/test_calculations.py::TestVisualizations::test_stacked_components_returns_figure
    PASS  tests/test_calculations.py::TestVisualizations::test_stacked_components_no_legend
    PASS  tests/test_calculations.py::TestVisualizations::test_lifetime_npv_returns_figure
    PASS  tests/test_calculations.py::TestVisualizations::test_economic_balance_chart_returns_figure
    PASS  tests/test_calculations.py::TestIntegrationPipeline::test_grid_to_avoided_costs_column_contract
    PASS  tests/test_calculations.py::TestIntegrationPipeline::test_full_pipeline_grid_to_npv
    PASS  tests/test_calculations.py::TestIntegrationPipeline::test_dr_dispatch_feeds_into_billing
    PASS  tests/test_calculations.py::TestIntegrationPipeline::test_avoided_costs_feed_into_visualizations
    PASS  tests/test_calculations.py::TestIntegrationPipeline::test_config_defaults_work_with_calculations
    PASS  tests/test_calculations.py::TestLoadProfileIngestion::test_beopt_raw_file_parsing
    PASS  tests/test_calculations.py::TestLoadProfileIngestion::test_load_profiles_directory_scan
    PASS  tests/test_calculations.py::TestLoadProfileIngestion::test_excel_file_parsing
    PASS  tests/test_calculations.py::TestLoadProfileIngestion::test_beopt_native_export_format_parsing
    PASS  tests/test_calculations.py::TestLoadProfileIngestion::test_beopt_battery_example_shows_charge_discharge_shift
    PASS  tests/test_calculations.py::TestCostEffectivenessTests::test_trc_and_pct_ratios
    PASS  tests/test_calculations.py::TestSoutheastUtilityCapacityEngine::test_regulated_fcr_bounds
    PASS  tests/test_calculations.py::TestSoutheastUtilityCapacityEngine::test_regulated_fcr_zero_tax
    PASS  tests/test_calculations.py::TestSoutheastUtilityCapacityEngine::test_ct_carrying_cost_gross_and_net
    PASS  tests/test_calculations.py::TestSoutheastUtilityCapacityEngine::test_southeast_dual_peak_cwf_sums_and_shape
    PASS  tests/test_calculations.py::TestSoutheastUtilityCapacityEngine::test_southeast_dual_peak_cwf_exceedance_with_load
    PASS  tests/test_calculations.py::TestSoutheastUtilityCapacityEngine::test_cwf_lolp_proxy
    PASS  tests/test_calculations.py::TestSoutheastUtilityCapacityEngine::test_cwf_top_n_uniform_and_exceedance
    PASS  tests/test_calculations.py::TestSoutheastUtilityCapacityEngine::test_cwf_peaker_rent
    PASS  tests/test_calculations.py::TestSoutheastUtilityCapacityEngine::test_feeder_pcaf_weights
    PASS  tests/test_calculations.py::TestSoutheastUtilityCapacityEngine::test_avoided_costs_decoupled_td_weights
    PASS  tests/test_calculations.py::TestSoutheastUtilityCapacityEngine::test_new_visualization_functions
    PASS  tests/test_calculations.py::TestSoutheastUtilityCapacityEngine::test_cwf_temperature_exceedance_sums_and_shape
    PASS  tests/test_calculations.py::TestSoutheastUtilityCapacityEngine::test_cwf_temperature_exceedance_colder_gets_more_weight
    PASS  tests/test_calculations.py::TestSoutheastUtilityCapacityEngine::test_cwf_temperature_exceedance_seasonal_split_and_fallback
    PASS  tests/test_cambium_downloader.py::TestCambiumDownloaderConfig::test_southeast_states_covered
    PASS  tests/test_cambium_downloader.py::TestCambiumDownloaderConfig::test_scenario_package_map_structure
    PASS  tests/test_cambium_downloader.py::TestRemoteZipReader::test_seek_and_tell
    PASS  tests/test_cambium_downloader.py::TestRemoteZipReader::test_invalid_whence
    PASS  tests/test_cambium_downloader.py::TestRemoteZipReader::test_read_boundary
    PASS  tests/test_cambium_downloader.py::TestMissingDataDetection::test_empty_directory_flags_all
    PASS  tests/test_cambium_downloader.py::TestMissingDataDetection::test_detected_file_reduces_missing
    PASS  tests/test_cambium_downloader.py::TestMissingDataDetection::test_pd_read_first_rows

======================================================================
  Test Run: 2026-09-11 10:13:23  |  Result: ALL PASSED
  80 tests: 80 passed, 0 failed
======================================================================
    PASS  tests/test_calculations.py::TestCalculateAvoidedCosts::test_output_columns_exist
    PASS  tests/test_calculations.py::TestCalculateAvoidedCosts::test_output_length_8760
    PASS  tests/test_calculations.py::TestCalculateAvoidedCosts::test_gen_capacity_formula
    PASS  tests/test_calculations.py::TestCalculateAvoidedCosts::test_transmission_uses_pcaf
    PASS  tests/test_calculations.py::TestCalculateAvoidedCosts::test_emissions_formula
    PASS  tests/test_calculations.py::TestCalculateAvoidedCosts::test_total_is_sum_of_components
    PASS  tests/test_calculations.py::TestCalculateAvoidedCosts::test_zero_scalars_only_energy
    PASS  tests/test_calculations.py::TestCalculateUrdbBill::test_flat_rate_constant_load
    PASS  tests/test_calculations.py::TestCalculateUrdbBill::test_flat_rate_monthly_proportionality
    PASS  tests/test_calculations.py::TestCalculateUrdbBill::test_zero_load_only_fixed
    PASS  tests/test_calculations.py::TestCalculateUrdbBill::test_demand_charge
    PASS  tests/test_calculations.py::TestCalculateUrdbBill::test_gp_r31_seasonal_tiers
    PASS  tests/test_calculations.py::TestCalculateUrdbBill::test_bill_increases_with_load
    PASS  tests/test_calculations.py::TestGetHourlyEnergyRate::test_flat_rate_constant_everywhere
    PASS  tests/test_calculations.py::TestGetHourlyEnergyRate::test_gp_r31_seasonal_rate_changes
    PASS  tests/test_calculations.py::TestGetHourlyEnergyRate::test_no_energy_structure_returns_zeros
    PASS  tests/test_calculations.py::TestNPVDiscounting::test_discount_factors_sum
    PASS  tests/test_calculations.py::TestNPVDiscounting::test_zero_discount_rate
    PASS  tests/test_calculations.py::TestNPVDiscounting::test_npv_known_answer
    PASS  tests/test_calculations.py::TestNPVDiscounting::test_rim_ratio_calculation
    PASS  tests/test_calculations.py::TestNPVDiscounting::test_rim_zero_lost_revenue
    PASS  tests/test_calculations.py::TestCapacityMetrics::test_epc_uniform_cwft
    PASS  tests/test_calculations.py::TestCapacityMetrics::test_epc_peaked_cwft_higher_for_peaky_load
    PASS  tests/test_calculations.py::TestCapacityMetrics::test_epc_reduction
    PASS  tests/test_calculations.py::TestCapacityMetrics::test_elcc_proxy_formula
    PASS  tests/test_calculations.py::TestCapacityMetrics::test_elcc_proxy_peaky_load
    PASS  tests/test_calculations.py::TestCapacityMetrics::test_cwft_sums_to_one
    PASS  tests/test_calculations.py::TestDispatchDrProgram::test_respects_hour_limit
    PASS  tests/test_calculations.py::TestDispatchDrProgram::test_respects_daily_limit
    PASS  tests/test_calculations.py::TestDispatchDrProgram::test_summer_only_season
    PASS  tests/test_calculations.py::TestDispatchDrProgram::test_reduction_capped_at_load
    PASS  tests/test_calculations.py::TestDispatchDrProgram::test_returns_correct_shapes
    PASS  tests/test_calculations.py::TestConfig::test_scenario_options_nonempty
    PASS  tests/test_calculations.py::TestConfig::test_scenario_descriptions_complete
    PASS  tests/test_calculations.py::TestConfig::test_planning_year_options
    PASS  tests/test_calculations.py::TestConfig::test_default_values_positive
    PASS  tests/test_calculations.py::TestConfig::test_grid_components_has_5
    PASS  tests/test_calculations.py::TestConfig::test_week_windows_valid
    PASS  tests/test_calculations.py::TestConfig::test_weather_sensitivity_function
    PASS  tests/test_calculations.py::TestConfig::test_custom_css_nonempty
    PASS  tests/test_calculations.py::TestVisualizations::test_weekly_overlay_returns_figure
    PASS  tests/test_calculations.py::TestVisualizations::test_weekly_load_and_temp_chart
    PASS  tests/test_calculations.py::TestVisualizations::test_weekly_grid_economics_chart
    PASS  tests/test_calculations.py::TestVisualizations::test_annual_avoided_cost_returns_figure
    PASS  tests/test_calculations.py::TestVisualizations::test_stacked_components_returns_figure
    PASS  tests/test_calculations.py::TestVisualizations::test_stacked_components_no_legend
    PASS  tests/test_calculations.py::TestVisualizations::test_lifetime_npv_returns_figure
    PASS  tests/test_calculations.py::TestIntegrationPipeline::test_grid_to_avoided_costs_column_contract
    PASS  tests/test_calculations.py::TestIntegrationPipeline::test_full_pipeline_grid_to_npv
    PASS  tests/test_calculations.py::TestIntegrationPipeline::test_dr_dispatch_feeds_into_billing
    PASS  tests/test_calculations.py::TestIntegrationPipeline::test_avoided_costs_feed_into_visualizations
    PASS  tests/test_calculations.py::TestIntegrationPipeline::test_config_defaults_work_with_calculations
    PASS  tests/test_calculations.py::TestLoadProfileIngestion::test_beopt_raw_file_parsing
    PASS  tests/test_calculations.py::TestLoadProfileIngestion::test_load_profiles_directory_scan
    PASS  tests/test_calculations.py::TestLoadProfileIngestion::test_excel_file_parsing
    PASS  tests/test_calculations.py::TestLoadProfileIngestion::test_beopt_native_export_format_parsing
    PASS  tests/test_calculations.py::TestLoadProfileIngestion::test_beopt_battery_example_shows_charge_discharge_shift
    PASS  tests/test_calculations.py::TestCostEffectivenessTests::test_trc_and_pct_ratios
    PASS  tests/test_calculations.py::TestSoutheastUtilityCapacityEngine::test_regulated_fcr_bounds
    PASS  tests/test_calculations.py::TestSoutheastUtilityCapacityEngine::test_regulated_fcr_zero_tax
    PASS  tests/test_calculations.py::TestSoutheastUtilityCapacityEngine::test_ct_carrying_cost_gross_and_net
    PASS  tests/test_calculations.py::TestSoutheastUtilityCapacityEngine::test_southeast_dual_peak_cwf_sums_and_shape
    PASS  tests/test_calculations.py::TestSoutheastUtilityCapacityEngine::test_southeast_dual_peak_cwf_exceedance_with_load
    PASS  tests/test_calculations.py::TestSoutheastUtilityCapacityEngine::test_cwf_lolp_proxy
    PASS  tests/test_calculations.py::TestSoutheastUtilityCapacityEngine::test_cwf_top_n_uniform_and_exceedance
    PASS  tests/test_calculations.py::TestSoutheastUtilityCapacityEngine::test_cwf_peaker_rent
    PASS  tests/test_calculations.py::TestSoutheastUtilityCapacityEngine::test_feeder_pcaf_weights
    PASS  tests/test_calculations.py::TestSoutheastUtilityCapacityEngine::test_avoided_costs_decoupled_td_weights
    PASS  tests/test_calculations.py::TestSoutheastUtilityCapacityEngine::test_new_visualization_functions
    PASS  tests/test_calculations.py::TestSoutheastUtilityCapacityEngine::test_cwf_temperature_exceedance_sums_and_shape
    PASS  tests/test_calculations.py::TestSoutheastUtilityCapacityEngine::test_cwf_temperature_exceedance_colder_gets_more_weight
    PASS  tests/test_calculations.py::TestSoutheastUtilityCapacityEngine::test_cwf_temperature_exceedance_seasonal_split_and_fallback
    PASS  tests/test_cambium_downloader.py::TestCambiumDownloaderConfig::test_southeast_states_covered
    PASS  tests/test_cambium_downloader.py::TestCambiumDownloaderConfig::test_scenario_package_map_structure
    PASS  tests/test_cambium_downloader.py::TestRemoteZipReader::test_seek_and_tell
    PASS  tests/test_cambium_downloader.py::TestRemoteZipReader::test_invalid_whence
    PASS  tests/test_cambium_downloader.py::TestRemoteZipReader::test_read_boundary
    PASS  tests/test_cambium_downloader.py::TestMissingDataDetection::test_empty_directory_flags_all
    PASS  tests/test_cambium_downloader.py::TestMissingDataDetection::test_detected_file_reduces_missing
    PASS  tests/test_cambium_downloader.py::TestMissingDataDetection::test_pd_read_first_rows

======================================================================
  Test Run: 2026-09-11 09:49:59  |  Result: ALL PASSED
  72 tests: 72 passed, 0 failed
======================================================================
    PASS  tests/test_calculations.py::TestCalculateAvoidedCosts::test_output_columns_exist
    PASS  tests/test_calculations.py::TestCalculateAvoidedCosts::test_output_length_8760
    PASS  tests/test_calculations.py::TestCalculateAvoidedCosts::test_gen_capacity_formula
    PASS  tests/test_calculations.py::TestCalculateAvoidedCosts::test_transmission_uses_pcaf
    PASS  tests/test_calculations.py::TestCalculateAvoidedCosts::test_emissions_formula
    PASS  tests/test_calculations.py::TestCalculateAvoidedCosts::test_total_is_sum_of_components
    PASS  tests/test_calculations.py::TestCalculateAvoidedCosts::test_zero_scalars_only_energy
    PASS  tests/test_calculations.py::TestCalculateUrdbBill::test_flat_rate_constant_load
    PASS  tests/test_calculations.py::TestCalculateUrdbBill::test_flat_rate_monthly_proportionality
    PASS  tests/test_calculations.py::TestCalculateUrdbBill::test_zero_load_only_fixed
    PASS  tests/test_calculations.py::TestCalculateUrdbBill::test_demand_charge
    PASS  tests/test_calculations.py::TestCalculateUrdbBill::test_gp_r31_seasonal_tiers
    PASS  tests/test_calculations.py::TestCalculateUrdbBill::test_bill_increases_with_load
    PASS  tests/test_calculations.py::TestGetHourlyEnergyRate::test_flat_rate_constant_everywhere
    PASS  tests/test_calculations.py::TestGetHourlyEnergyRate::test_gp_r31_seasonal_rate_changes
    PASS  tests/test_calculations.py::TestGetHourlyEnergyRate::test_no_energy_structure_returns_zeros
    PASS  tests/test_calculations.py::TestNPVDiscounting::test_discount_factors_sum
    PASS  tests/test_calculations.py::TestNPVDiscounting::test_zero_discount_rate
    PASS  tests/test_calculations.py::TestNPVDiscounting::test_npv_known_answer
    PASS  tests/test_calculations.py::TestNPVDiscounting::test_rim_ratio_calculation
    PASS  tests/test_calculations.py::TestNPVDiscounting::test_rim_zero_lost_revenue
    PASS  tests/test_calculations.py::TestCapacityMetrics::test_epc_uniform_cwft
    PASS  tests/test_calculations.py::TestCapacityMetrics::test_epc_peaked_cwft_higher_for_peaky_load
    PASS  tests/test_calculations.py::TestCapacityMetrics::test_epc_reduction
    PASS  tests/test_calculations.py::TestCapacityMetrics::test_elcc_proxy_formula
    PASS  tests/test_calculations.py::TestCapacityMetrics::test_elcc_proxy_peaky_load
    PASS  tests/test_calculations.py::TestCapacityMetrics::test_cwft_sums_to_one
    PASS  tests/test_calculations.py::TestDispatchDrProgram::test_respects_hour_limit
    PASS  tests/test_calculations.py::TestDispatchDrProgram::test_respects_daily_limit
    PASS  tests/test_calculations.py::TestDispatchDrProgram::test_summer_only_season
    PASS  tests/test_calculations.py::TestDispatchDrProgram::test_reduction_capped_at_load
    PASS  tests/test_calculations.py::TestDispatchDrProgram::test_returns_correct_shapes
    PASS  tests/test_calculations.py::TestConfig::test_scenario_options_nonempty
    PASS  tests/test_calculations.py::TestConfig::test_scenario_descriptions_complete
    PASS  tests/test_calculations.py::TestConfig::test_planning_year_options
    PASS  tests/test_calculations.py::TestConfig::test_default_values_positive
    PASS  tests/test_calculations.py::TestConfig::test_grid_components_has_5
    PASS  tests/test_calculations.py::TestConfig::test_week_windows_valid
    PASS  tests/test_calculations.py::TestConfig::test_weather_sensitivity_function
    PASS  tests/test_calculations.py::TestConfig::test_custom_css_nonempty
    PASS  tests/test_calculations.py::TestVisualizations::test_weekly_overlay_returns_figure
    PASS  tests/test_calculations.py::TestVisualizations::test_weekly_load_and_temp_chart
    PASS  tests/test_calculations.py::TestVisualizations::test_weekly_grid_economics_chart
    PASS  tests/test_calculations.py::TestVisualizations::test_annual_avoided_cost_returns_figure
    PASS  tests/test_calculations.py::TestVisualizations::test_stacked_components_returns_figure
    PASS  tests/test_calculations.py::TestVisualizations::test_stacked_components_no_legend
    PASS  tests/test_calculations.py::TestVisualizations::test_lifetime_npv_returns_figure
    PASS  tests/test_calculations.py::TestIntegrationPipeline::test_grid_to_avoided_costs_column_contract
    PASS  tests/test_calculations.py::TestIntegrationPipeline::test_full_pipeline_grid_to_npv
    PASS  tests/test_calculations.py::TestIntegrationPipeline::test_dr_dispatch_feeds_into_billing
    PASS  tests/test_calculations.py::TestIntegrationPipeline::test_avoided_costs_feed_into_visualizations
    PASS  tests/test_calculations.py::TestIntegrationPipeline::test_config_defaults_work_with_calculations
    PASS  tests/test_calculations.py::TestLoadProfileIngestion::test_beopt_raw_file_parsing
    PASS  tests/test_calculations.py::TestLoadProfileIngestion::test_load_profiles_directory_scan
    PASS  tests/test_calculations.py::TestLoadProfileIngestion::test_excel_file_parsing
    PASS  tests/test_calculations.py::TestLoadProfileIngestion::test_beopt_native_export_format_parsing
    PASS  tests/test_calculations.py::TestLoadProfileIngestion::test_beopt_battery_example_shows_charge_discharge_shift
    PASS  tests/test_calculations.py::TestCostEffectivenessTests::test_trc_and_pct_ratios
    PASS  tests/test_calculations.py::TestSoutheastUtilityCapacityEngine::test_regulated_fcr_bounds
    PASS  tests/test_calculations.py::TestSoutheastUtilityCapacityEngine::test_regulated_fcr_zero_tax
    PASS  tests/test_calculations.py::TestSoutheastUtilityCapacityEngine::test_ct_carrying_cost_gross_and_net
    PASS  tests/test_calculations.py::TestSoutheastUtilityCapacityEngine::test_southeast_dual_peak_cwf_sums_and_shape
    PASS  tests/test_calculations.py::TestSoutheastUtilityCapacityEngine::test_southeast_dual_peak_cwf_exceedance_with_load
    PASS  tests/test_calculations.py::TestSoutheastUtilityCapacityEngine::test_cwf_lolp_proxy
    PASS  tests/test_calculations.py::TestSoutheastUtilityCapacityEngine::test_cwf_top_n_uniform_and_exceedance
    PASS  tests/test_calculations.py::TestSoutheastUtilityCapacityEngine::test_cwf_peaker_rent
    PASS  tests/test_calculations.py::TestSoutheastUtilityCapacityEngine::test_feeder_pcaf_weights
    PASS  tests/test_calculations.py::TestSoutheastUtilityCapacityEngine::test_avoided_costs_decoupled_td_weights
    PASS  tests/test_calculations.py::TestSoutheastUtilityCapacityEngine::test_new_visualization_functions
    PASS  tests/test_calculations.py::TestSoutheastUtilityCapacityEngine::test_cwf_temperature_exceedance_sums_and_shape
    PASS  tests/test_calculations.py::TestSoutheastUtilityCapacityEngine::test_cwf_temperature_exceedance_colder_gets_more_weight
    PASS  tests/test_calculations.py::TestSoutheastUtilityCapacityEngine::test_cwf_temperature_exceedance_seasonal_split_and_fallback

======================================================================
  Test Run: 2026-09-11 09:44:06  |  Result: ALL PASSED
  72 tests: 72 passed, 0 failed
======================================================================
    PASS  tests/test_calculations.py::TestCalculateAvoidedCosts::test_output_columns_exist
    PASS  tests/test_calculations.py::TestCalculateAvoidedCosts::test_output_length_8760
    PASS  tests/test_calculations.py::TestCalculateAvoidedCosts::test_gen_capacity_formula
    PASS  tests/test_calculations.py::TestCalculateAvoidedCosts::test_transmission_uses_pcaf
    PASS  tests/test_calculations.py::TestCalculateAvoidedCosts::test_emissions_formula
    PASS  tests/test_calculations.py::TestCalculateAvoidedCosts::test_total_is_sum_of_components
    PASS  tests/test_calculations.py::TestCalculateAvoidedCosts::test_zero_scalars_only_energy
    PASS  tests/test_calculations.py::TestCalculateUrdbBill::test_flat_rate_constant_load
    PASS  tests/test_calculations.py::TestCalculateUrdbBill::test_flat_rate_monthly_proportionality
    PASS  tests/test_calculations.py::TestCalculateUrdbBill::test_zero_load_only_fixed
    PASS  tests/test_calculations.py::TestCalculateUrdbBill::test_demand_charge
    PASS  tests/test_calculations.py::TestCalculateUrdbBill::test_gp_r31_seasonal_tiers
    PASS  tests/test_calculations.py::TestCalculateUrdbBill::test_bill_increases_with_load
    PASS  tests/test_calculations.py::TestGetHourlyEnergyRate::test_flat_rate_constant_everywhere
    PASS  tests/test_calculations.py::TestGetHourlyEnergyRate::test_gp_r31_seasonal_rate_changes
    PASS  tests/test_calculations.py::TestGetHourlyEnergyRate::test_no_energy_structure_returns_zeros
    PASS  tests/test_calculations.py::TestNPVDiscounting::test_discount_factors_sum
    PASS  tests/test_calculations.py::TestNPVDiscounting::test_zero_discount_rate
    PASS  tests/test_calculations.py::TestNPVDiscounting::test_npv_known_answer
    PASS  tests/test_calculations.py::TestNPVDiscounting::test_rim_ratio_calculation
    PASS  tests/test_calculations.py::TestNPVDiscounting::test_rim_zero_lost_revenue
    PASS  tests/test_calculations.py::TestCapacityMetrics::test_epc_uniform_cwft
    PASS  tests/test_calculations.py::TestCapacityMetrics::test_epc_peaked_cwft_higher_for_peaky_load
    PASS  tests/test_calculations.py::TestCapacityMetrics::test_epc_reduction
    PASS  tests/test_calculations.py::TestCapacityMetrics::test_elcc_proxy_formula
    PASS  tests/test_calculations.py::TestCapacityMetrics::test_elcc_proxy_peaky_load
    PASS  tests/test_calculations.py::TestCapacityMetrics::test_cwft_sums_to_one
    PASS  tests/test_calculations.py::TestDispatchDrProgram::test_respects_hour_limit
    PASS  tests/test_calculations.py::TestDispatchDrProgram::test_respects_daily_limit
    PASS  tests/test_calculations.py::TestDispatchDrProgram::test_summer_only_season
    PASS  tests/test_calculations.py::TestDispatchDrProgram::test_reduction_capped_at_load
    PASS  tests/test_calculations.py::TestDispatchDrProgram::test_returns_correct_shapes
    PASS  tests/test_calculations.py::TestConfig::test_scenario_options_nonempty
    PASS  tests/test_calculations.py::TestConfig::test_scenario_descriptions_complete
    PASS  tests/test_calculations.py::TestConfig::test_planning_year_options
    PASS  tests/test_calculations.py::TestConfig::test_default_values_positive
    PASS  tests/test_calculations.py::TestConfig::test_grid_components_has_5
    PASS  tests/test_calculations.py::TestConfig::test_week_windows_valid
    PASS  tests/test_calculations.py::TestConfig::test_weather_sensitivity_function
    PASS  tests/test_calculations.py::TestConfig::test_custom_css_nonempty
    PASS  tests/test_calculations.py::TestVisualizations::test_weekly_overlay_returns_figure
    PASS  tests/test_calculations.py::TestVisualizations::test_weekly_load_and_temp_chart
    PASS  tests/test_calculations.py::TestVisualizations::test_weekly_grid_economics_chart
    PASS  tests/test_calculations.py::TestVisualizations::test_annual_avoided_cost_returns_figure
    PASS  tests/test_calculations.py::TestVisualizations::test_stacked_components_returns_figure
    PASS  tests/test_calculations.py::TestVisualizations::test_stacked_components_no_legend
    PASS  tests/test_calculations.py::TestVisualizations::test_lifetime_npv_returns_figure
    PASS  tests/test_calculations.py::TestIntegrationPipeline::test_grid_to_avoided_costs_column_contract
    PASS  tests/test_calculations.py::TestIntegrationPipeline::test_full_pipeline_grid_to_npv
    PASS  tests/test_calculations.py::TestIntegrationPipeline::test_dr_dispatch_feeds_into_billing
    PASS  tests/test_calculations.py::TestIntegrationPipeline::test_avoided_costs_feed_into_visualizations
    PASS  tests/test_calculations.py::TestIntegrationPipeline::test_config_defaults_work_with_calculations
    PASS  tests/test_calculations.py::TestLoadProfileIngestion::test_beopt_raw_file_parsing
    PASS  tests/test_calculations.py::TestLoadProfileIngestion::test_load_profiles_directory_scan
    PASS  tests/test_calculations.py::TestLoadProfileIngestion::test_excel_file_parsing
    PASS  tests/test_calculations.py::TestLoadProfileIngestion::test_beopt_native_export_format_parsing
    PASS  tests/test_calculations.py::TestLoadProfileIngestion::test_beopt_battery_example_shows_charge_discharge_shift
    PASS  tests/test_calculations.py::TestCostEffectivenessTests::test_trc_and_pct_ratios
    PASS  tests/test_calculations.py::TestSoutheastUtilityCapacityEngine::test_regulated_fcr_bounds
    PASS  tests/test_calculations.py::TestSoutheastUtilityCapacityEngine::test_regulated_fcr_zero_tax
    PASS  tests/test_calculations.py::TestSoutheastUtilityCapacityEngine::test_ct_carrying_cost_gross_and_net
    PASS  tests/test_calculations.py::TestSoutheastUtilityCapacityEngine::test_southeast_dual_peak_cwf_sums_and_shape
    PASS  tests/test_calculations.py::TestSoutheastUtilityCapacityEngine::test_southeast_dual_peak_cwf_exceedance_with_load
    PASS  tests/test_calculations.py::TestSoutheastUtilityCapacityEngine::test_cwf_lolp_proxy
    PASS  tests/test_calculations.py::TestSoutheastUtilityCapacityEngine::test_cwf_top_n_uniform_and_exceedance
    PASS  tests/test_calculations.py::TestSoutheastUtilityCapacityEngine::test_cwf_peaker_rent
    PASS  tests/test_calculations.py::TestSoutheastUtilityCapacityEngine::test_feeder_pcaf_weights
    PASS  tests/test_calculations.py::TestSoutheastUtilityCapacityEngine::test_avoided_costs_decoupled_td_weights
    PASS  tests/test_calculations.py::TestSoutheastUtilityCapacityEngine::test_new_visualization_functions
    PASS  tests/test_calculations.py::TestSoutheastUtilityCapacityEngine::test_cwf_temperature_exceedance_sums_and_shape
    PASS  tests/test_calculations.py::TestSoutheastUtilityCapacityEngine::test_cwf_temperature_exceedance_colder_gets_more_weight
    PASS  tests/test_calculations.py::TestSoutheastUtilityCapacityEngine::test_cwf_temperature_exceedance_seasonal_split_and_fallback

======================================================================
  Test Run: 2026-09-11 09:35:16  |  Result: ALL PASSED
  72 tests: 72 passed, 0 failed
======================================================================
    PASS  tests/test_calculations.py::TestCalculateAvoidedCosts::test_output_columns_exist
    PASS  tests/test_calculations.py::TestCalculateAvoidedCosts::test_output_length_8760
    PASS  tests/test_calculations.py::TestCalculateAvoidedCosts::test_gen_capacity_formula
    PASS  tests/test_calculations.py::TestCalculateAvoidedCosts::test_transmission_uses_pcaf
    PASS  tests/test_calculations.py::TestCalculateAvoidedCosts::test_emissions_formula
    PASS  tests/test_calculations.py::TestCalculateAvoidedCosts::test_total_is_sum_of_components
    PASS  tests/test_calculations.py::TestCalculateAvoidedCosts::test_zero_scalars_only_energy
    PASS  tests/test_calculations.py::TestCalculateUrdbBill::test_flat_rate_constant_load
    PASS  tests/test_calculations.py::TestCalculateUrdbBill::test_flat_rate_monthly_proportionality
    PASS  tests/test_calculations.py::TestCalculateUrdbBill::test_zero_load_only_fixed
    PASS  tests/test_calculations.py::TestCalculateUrdbBill::test_demand_charge
    PASS  tests/test_calculations.py::TestCalculateUrdbBill::test_gp_r31_seasonal_tiers
    PASS  tests/test_calculations.py::TestCalculateUrdbBill::test_bill_increases_with_load
    PASS  tests/test_calculations.py::TestGetHourlyEnergyRate::test_flat_rate_constant_everywhere
    PASS  tests/test_calculations.py::TestGetHourlyEnergyRate::test_gp_r31_seasonal_rate_changes
    PASS  tests/test_calculations.py::TestGetHourlyEnergyRate::test_no_energy_structure_returns_zeros
    PASS  tests/test_calculations.py::TestNPVDiscounting::test_discount_factors_sum
    PASS  tests/test_calculations.py::TestNPVDiscounting::test_zero_discount_rate
    PASS  tests/test_calculations.py::TestNPVDiscounting::test_npv_known_answer
    PASS  tests/test_calculations.py::TestNPVDiscounting::test_rim_ratio_calculation
    PASS  tests/test_calculations.py::TestNPVDiscounting::test_rim_zero_lost_revenue
    PASS  tests/test_calculations.py::TestCapacityMetrics::test_epc_uniform_cwft
    PASS  tests/test_calculations.py::TestCapacityMetrics::test_epc_peaked_cwft_higher_for_peaky_load
    PASS  tests/test_calculations.py::TestCapacityMetrics::test_epc_reduction
    PASS  tests/test_calculations.py::TestCapacityMetrics::test_elcc_proxy_formula
    PASS  tests/test_calculations.py::TestCapacityMetrics::test_elcc_proxy_peaky_load
    PASS  tests/test_calculations.py::TestCapacityMetrics::test_cwft_sums_to_one
    PASS  tests/test_calculations.py::TestDispatchDrProgram::test_respects_hour_limit
    PASS  tests/test_calculations.py::TestDispatchDrProgram::test_respects_daily_limit
    PASS  tests/test_calculations.py::TestDispatchDrProgram::test_summer_only_season
    PASS  tests/test_calculations.py::TestDispatchDrProgram::test_reduction_capped_at_load
    PASS  tests/test_calculations.py::TestDispatchDrProgram::test_returns_correct_shapes
    PASS  tests/test_calculations.py::TestConfig::test_scenario_options_nonempty
    PASS  tests/test_calculations.py::TestConfig::test_scenario_descriptions_complete
    PASS  tests/test_calculations.py::TestConfig::test_planning_year_options
    PASS  tests/test_calculations.py::TestConfig::test_default_values_positive
    PASS  tests/test_calculations.py::TestConfig::test_grid_components_has_5
    PASS  tests/test_calculations.py::TestConfig::test_week_windows_valid
    PASS  tests/test_calculations.py::TestConfig::test_weather_sensitivity_function
    PASS  tests/test_calculations.py::TestConfig::test_custom_css_nonempty
    PASS  tests/test_calculations.py::TestVisualizations::test_weekly_overlay_returns_figure
    PASS  tests/test_calculations.py::TestVisualizations::test_weekly_load_and_temp_chart
    PASS  tests/test_calculations.py::TestVisualizations::test_weekly_grid_economics_chart
    PASS  tests/test_calculations.py::TestVisualizations::test_annual_avoided_cost_returns_figure
    PASS  tests/test_calculations.py::TestVisualizations::test_stacked_components_returns_figure
    PASS  tests/test_calculations.py::TestVisualizations::test_stacked_components_no_legend
    PASS  tests/test_calculations.py::TestVisualizations::test_lifetime_npv_returns_figure
    PASS  tests/test_calculations.py::TestIntegrationPipeline::test_grid_to_avoided_costs_column_contract
    PASS  tests/test_calculations.py::TestIntegrationPipeline::test_full_pipeline_grid_to_npv
    PASS  tests/test_calculations.py::TestIntegrationPipeline::test_dr_dispatch_feeds_into_billing
    PASS  tests/test_calculations.py::TestIntegrationPipeline::test_avoided_costs_feed_into_visualizations
    PASS  tests/test_calculations.py::TestIntegrationPipeline::test_config_defaults_work_with_calculations
    PASS  tests/test_calculations.py::TestLoadProfileIngestion::test_beopt_raw_file_parsing
    PASS  tests/test_calculations.py::TestLoadProfileIngestion::test_load_profiles_directory_scan
    PASS  tests/test_calculations.py::TestLoadProfileIngestion::test_excel_file_parsing
    PASS  tests/test_calculations.py::TestLoadProfileIngestion::test_beopt_native_export_format_parsing
    PASS  tests/test_calculations.py::TestLoadProfileIngestion::test_beopt_battery_example_shows_charge_discharge_shift
    PASS  tests/test_calculations.py::TestCostEffectivenessTests::test_trc_and_pct_ratios
    PASS  tests/test_calculations.py::TestSoutheastUtilityCapacityEngine::test_regulated_fcr_bounds
    PASS  tests/test_calculations.py::TestSoutheastUtilityCapacityEngine::test_regulated_fcr_zero_tax
    PASS  tests/test_calculations.py::TestSoutheastUtilityCapacityEngine::test_ct_carrying_cost_gross_and_net
    PASS  tests/test_calculations.py::TestSoutheastUtilityCapacityEngine::test_southeast_dual_peak_cwf_sums_and_shape
    PASS  tests/test_calculations.py::TestSoutheastUtilityCapacityEngine::test_southeast_dual_peak_cwf_exceedance_with_load
    PASS  tests/test_calculations.py::TestSoutheastUtilityCapacityEngine::test_cwf_lolp_proxy
    PASS  tests/test_calculations.py::TestSoutheastUtilityCapacityEngine::test_cwf_top_n_uniform_and_exceedance
    PASS  tests/test_calculations.py::TestSoutheastUtilityCapacityEngine::test_cwf_peaker_rent
    PASS  tests/test_calculations.py::TestSoutheastUtilityCapacityEngine::test_feeder_pcaf_weights
    PASS  tests/test_calculations.py::TestSoutheastUtilityCapacityEngine::test_avoided_costs_decoupled_td_weights
    PASS  tests/test_calculations.py::TestSoutheastUtilityCapacityEngine::test_new_visualization_functions
    PASS  tests/test_calculations.py::TestSoutheastUtilityCapacityEngine::test_cwf_temperature_exceedance_sums_and_shape
    PASS  tests/test_calculations.py::TestSoutheastUtilityCapacityEngine::test_cwf_temperature_exceedance_colder_gets_more_weight
    PASS  tests/test_calculations.py::TestSoutheastUtilityCapacityEngine::test_cwf_temperature_exceedance_seasonal_split_and_fallback

======================================================================
  Test Run: 2026-09-11 09:31:19  |  Result: ALL PASSED
  72 tests: 72 passed, 0 failed
======================================================================
    PASS  tests/test_calculations.py::TestCalculateAvoidedCosts::test_output_columns_exist
    PASS  tests/test_calculations.py::TestCalculateAvoidedCosts::test_output_length_8760
    PASS  tests/test_calculations.py::TestCalculateAvoidedCosts::test_gen_capacity_formula
    PASS  tests/test_calculations.py::TestCalculateAvoidedCosts::test_transmission_uses_pcaf
    PASS  tests/test_calculations.py::TestCalculateAvoidedCosts::test_emissions_formula
    PASS  tests/test_calculations.py::TestCalculateAvoidedCosts::test_total_is_sum_of_components
    PASS  tests/test_calculations.py::TestCalculateAvoidedCosts::test_zero_scalars_only_energy
    PASS  tests/test_calculations.py::TestCalculateUrdbBill::test_flat_rate_constant_load
    PASS  tests/test_calculations.py::TestCalculateUrdbBill::test_flat_rate_monthly_proportionality
    PASS  tests/test_calculations.py::TestCalculateUrdbBill::test_zero_load_only_fixed
    PASS  tests/test_calculations.py::TestCalculateUrdbBill::test_demand_charge
    PASS  tests/test_calculations.py::TestCalculateUrdbBill::test_gp_r31_seasonal_tiers
    PASS  tests/test_calculations.py::TestCalculateUrdbBill::test_bill_increases_with_load
    PASS  tests/test_calculations.py::TestGetHourlyEnergyRate::test_flat_rate_constant_everywhere
    PASS  tests/test_calculations.py::TestGetHourlyEnergyRate::test_gp_r31_seasonal_rate_changes
    PASS  tests/test_calculations.py::TestGetHourlyEnergyRate::test_no_energy_structure_returns_zeros
    PASS  tests/test_calculations.py::TestNPVDiscounting::test_discount_factors_sum
    PASS  tests/test_calculations.py::TestNPVDiscounting::test_zero_discount_rate
    PASS  tests/test_calculations.py::TestNPVDiscounting::test_npv_known_answer
    PASS  tests/test_calculations.py::TestNPVDiscounting::test_rim_ratio_calculation
    PASS  tests/test_calculations.py::TestNPVDiscounting::test_rim_zero_lost_revenue
    PASS  tests/test_calculations.py::TestCapacityMetrics::test_epc_uniform_cwft
    PASS  tests/test_calculations.py::TestCapacityMetrics::test_epc_peaked_cwft_higher_for_peaky_load
    PASS  tests/test_calculations.py::TestCapacityMetrics::test_epc_reduction
    PASS  tests/test_calculations.py::TestCapacityMetrics::test_elcc_proxy_formula
    PASS  tests/test_calculations.py::TestCapacityMetrics::test_elcc_proxy_peaky_load
    PASS  tests/test_calculations.py::TestCapacityMetrics::test_cwft_sums_to_one
    PASS  tests/test_calculations.py::TestDispatchDrProgram::test_respects_hour_limit
    PASS  tests/test_calculations.py::TestDispatchDrProgram::test_respects_daily_limit
    PASS  tests/test_calculations.py::TestDispatchDrProgram::test_summer_only_season
    PASS  tests/test_calculations.py::TestDispatchDrProgram::test_reduction_capped_at_load
    PASS  tests/test_calculations.py::TestDispatchDrProgram::test_returns_correct_shapes
    PASS  tests/test_calculations.py::TestConfig::test_scenario_options_nonempty
    PASS  tests/test_calculations.py::TestConfig::test_scenario_descriptions_complete
    PASS  tests/test_calculations.py::TestConfig::test_planning_year_options
    PASS  tests/test_calculations.py::TestConfig::test_default_values_positive
    PASS  tests/test_calculations.py::TestConfig::test_grid_components_has_5
    PASS  tests/test_calculations.py::TestConfig::test_week_windows_valid
    PASS  tests/test_calculations.py::TestConfig::test_weather_sensitivity_function
    PASS  tests/test_calculations.py::TestConfig::test_custom_css_nonempty
    PASS  tests/test_calculations.py::TestVisualizations::test_weekly_overlay_returns_figure
    PASS  tests/test_calculations.py::TestVisualizations::test_weekly_load_and_temp_chart
    PASS  tests/test_calculations.py::TestVisualizations::test_weekly_grid_economics_chart
    PASS  tests/test_calculations.py::TestVisualizations::test_annual_avoided_cost_returns_figure
    PASS  tests/test_calculations.py::TestVisualizations::test_stacked_components_returns_figure
    PASS  tests/test_calculations.py::TestVisualizations::test_stacked_components_no_legend
    PASS  tests/test_calculations.py::TestVisualizations::test_lifetime_npv_returns_figure
    PASS  tests/test_calculations.py::TestIntegrationPipeline::test_grid_to_avoided_costs_column_contract
    PASS  tests/test_calculations.py::TestIntegrationPipeline::test_full_pipeline_grid_to_npv
    PASS  tests/test_calculations.py::TestIntegrationPipeline::test_dr_dispatch_feeds_into_billing
    PASS  tests/test_calculations.py::TestIntegrationPipeline::test_avoided_costs_feed_into_visualizations
    PASS  tests/test_calculations.py::TestIntegrationPipeline::test_config_defaults_work_with_calculations
    PASS  tests/test_calculations.py::TestLoadProfileIngestion::test_beopt_raw_file_parsing
    PASS  tests/test_calculations.py::TestLoadProfileIngestion::test_load_profiles_directory_scan
    PASS  tests/test_calculations.py::TestLoadProfileIngestion::test_excel_file_parsing
    PASS  tests/test_calculations.py::TestLoadProfileIngestion::test_beopt_native_export_format_parsing
    PASS  tests/test_calculations.py::TestLoadProfileIngestion::test_beopt_battery_example_shows_charge_discharge_shift
    PASS  tests/test_calculations.py::TestCostEffectivenessTests::test_trc_and_pct_ratios
    PASS  tests/test_calculations.py::TestSoutheastUtilityCapacityEngine::test_regulated_fcr_bounds
    PASS  tests/test_calculations.py::TestSoutheastUtilityCapacityEngine::test_regulated_fcr_zero_tax
    PASS  tests/test_calculations.py::TestSoutheastUtilityCapacityEngine::test_ct_carrying_cost_gross_and_net
    PASS  tests/test_calculations.py::TestSoutheastUtilityCapacityEngine::test_southeast_dual_peak_cwf_sums_and_shape
    PASS  tests/test_calculations.py::TestSoutheastUtilityCapacityEngine::test_southeast_dual_peak_cwf_exceedance_with_load
    PASS  tests/test_calculations.py::TestSoutheastUtilityCapacityEngine::test_cwf_lolp_proxy
    PASS  tests/test_calculations.py::TestSoutheastUtilityCapacityEngine::test_cwf_top_n_uniform_and_exceedance
    PASS  tests/test_calculations.py::TestSoutheastUtilityCapacityEngine::test_cwf_peaker_rent
    PASS  tests/test_calculations.py::TestSoutheastUtilityCapacityEngine::test_feeder_pcaf_weights
    PASS  tests/test_calculations.py::TestSoutheastUtilityCapacityEngine::test_avoided_costs_decoupled_td_weights
    PASS  tests/test_calculations.py::TestSoutheastUtilityCapacityEngine::test_new_visualization_functions
    PASS  tests/test_calculations.py::TestSoutheastUtilityCapacityEngine::test_cwf_temperature_exceedance_sums_and_shape
    PASS  tests/test_calculations.py::TestSoutheastUtilityCapacityEngine::test_cwf_temperature_exceedance_colder_gets_more_weight
    PASS  tests/test_calculations.py::TestSoutheastUtilityCapacityEngine::test_cwf_temperature_exceedance_seasonal_split_and_fallback

======================================================================
  Test Run: 2026-09-11 09:29:14  |  Result: ALL PASSED
  72 tests: 72 passed, 0 failed
======================================================================
    PASS  tests/test_calculations.py::TestCalculateAvoidedCosts::test_output_columns_exist
    PASS  tests/test_calculations.py::TestCalculateAvoidedCosts::test_output_length_8760
    PASS  tests/test_calculations.py::TestCalculateAvoidedCosts::test_gen_capacity_formula
    PASS  tests/test_calculations.py::TestCalculateAvoidedCosts::test_transmission_uses_pcaf
    PASS  tests/test_calculations.py::TestCalculateAvoidedCosts::test_emissions_formula
    PASS  tests/test_calculations.py::TestCalculateAvoidedCosts::test_total_is_sum_of_components
    PASS  tests/test_calculations.py::TestCalculateAvoidedCosts::test_zero_scalars_only_energy
    PASS  tests/test_calculations.py::TestCalculateUrdbBill::test_flat_rate_constant_load
    PASS  tests/test_calculations.py::TestCalculateUrdbBill::test_flat_rate_monthly_proportionality
    PASS  tests/test_calculations.py::TestCalculateUrdbBill::test_zero_load_only_fixed
    PASS  tests/test_calculations.py::TestCalculateUrdbBill::test_demand_charge
    PASS  tests/test_calculations.py::TestCalculateUrdbBill::test_gp_r31_seasonal_tiers
    PASS  tests/test_calculations.py::TestCalculateUrdbBill::test_bill_increases_with_load
    PASS  tests/test_calculations.py::TestGetHourlyEnergyRate::test_flat_rate_constant_everywhere
    PASS  tests/test_calculations.py::TestGetHourlyEnergyRate::test_gp_r31_seasonal_rate_changes
    PASS  tests/test_calculations.py::TestGetHourlyEnergyRate::test_no_energy_structure_returns_zeros
    PASS  tests/test_calculations.py::TestNPVDiscounting::test_discount_factors_sum
    PASS  tests/test_calculations.py::TestNPVDiscounting::test_zero_discount_rate
    PASS  tests/test_calculations.py::TestNPVDiscounting::test_npv_known_answer
    PASS  tests/test_calculations.py::TestNPVDiscounting::test_rim_ratio_calculation
    PASS  tests/test_calculations.py::TestNPVDiscounting::test_rim_zero_lost_revenue
    PASS  tests/test_calculations.py::TestCapacityMetrics::test_epc_uniform_cwft
    PASS  tests/test_calculations.py::TestCapacityMetrics::test_epc_peaked_cwft_higher_for_peaky_load
    PASS  tests/test_calculations.py::TestCapacityMetrics::test_epc_reduction
    PASS  tests/test_calculations.py::TestCapacityMetrics::test_elcc_proxy_formula
    PASS  tests/test_calculations.py::TestCapacityMetrics::test_elcc_proxy_peaky_load
    PASS  tests/test_calculations.py::TestCapacityMetrics::test_cwft_sums_to_one
    PASS  tests/test_calculations.py::TestDispatchDrProgram::test_respects_hour_limit
    PASS  tests/test_calculations.py::TestDispatchDrProgram::test_respects_daily_limit
    PASS  tests/test_calculations.py::TestDispatchDrProgram::test_summer_only_season
    PASS  tests/test_calculations.py::TestDispatchDrProgram::test_reduction_capped_at_load
    PASS  tests/test_calculations.py::TestDispatchDrProgram::test_returns_correct_shapes
    PASS  tests/test_calculations.py::TestConfig::test_scenario_options_nonempty
    PASS  tests/test_calculations.py::TestConfig::test_scenario_descriptions_complete
    PASS  tests/test_calculations.py::TestConfig::test_planning_year_options
    PASS  tests/test_calculations.py::TestConfig::test_default_values_positive
    PASS  tests/test_calculations.py::TestConfig::test_grid_components_has_5
    PASS  tests/test_calculations.py::TestConfig::test_week_windows_valid
    PASS  tests/test_calculations.py::TestConfig::test_weather_sensitivity_function
    PASS  tests/test_calculations.py::TestConfig::test_custom_css_nonempty
    PASS  tests/test_calculations.py::TestVisualizations::test_weekly_overlay_returns_figure
    PASS  tests/test_calculations.py::TestVisualizations::test_weekly_load_and_temp_chart
    PASS  tests/test_calculations.py::TestVisualizations::test_weekly_grid_economics_chart
    PASS  tests/test_calculations.py::TestVisualizations::test_annual_avoided_cost_returns_figure
    PASS  tests/test_calculations.py::TestVisualizations::test_stacked_components_returns_figure
    PASS  tests/test_calculations.py::TestVisualizations::test_stacked_components_no_legend
    PASS  tests/test_calculations.py::TestVisualizations::test_lifetime_npv_returns_figure
    PASS  tests/test_calculations.py::TestIntegrationPipeline::test_grid_to_avoided_costs_column_contract
    PASS  tests/test_calculations.py::TestIntegrationPipeline::test_full_pipeline_grid_to_npv
    PASS  tests/test_calculations.py::TestIntegrationPipeline::test_dr_dispatch_feeds_into_billing
    PASS  tests/test_calculations.py::TestIntegrationPipeline::test_avoided_costs_feed_into_visualizations
    PASS  tests/test_calculations.py::TestIntegrationPipeline::test_config_defaults_work_with_calculations
    PASS  tests/test_calculations.py::TestLoadProfileIngestion::test_beopt_raw_file_parsing
    PASS  tests/test_calculations.py::TestLoadProfileIngestion::test_load_profiles_directory_scan
    PASS  tests/test_calculations.py::TestLoadProfileIngestion::test_excel_file_parsing
    PASS  tests/test_calculations.py::TestLoadProfileIngestion::test_beopt_native_export_format_parsing
    PASS  tests/test_calculations.py::TestLoadProfileIngestion::test_beopt_battery_example_shows_charge_discharge_shift
    PASS  tests/test_calculations.py::TestCostEffectivenessTests::test_trc_and_pct_ratios
    PASS  tests/test_calculations.py::TestSoutheastUtilityCapacityEngine::test_regulated_fcr_bounds
    PASS  tests/test_calculations.py::TestSoutheastUtilityCapacityEngine::test_regulated_fcr_zero_tax
    PASS  tests/test_calculations.py::TestSoutheastUtilityCapacityEngine::test_ct_carrying_cost_gross_and_net
    PASS  tests/test_calculations.py::TestSoutheastUtilityCapacityEngine::test_southeast_dual_peak_cwf_sums_and_shape
    PASS  tests/test_calculations.py::TestSoutheastUtilityCapacityEngine::test_southeast_dual_peak_cwf_exceedance_with_load
    PASS  tests/test_calculations.py::TestSoutheastUtilityCapacityEngine::test_cwf_lolp_proxy
    PASS  tests/test_calculations.py::TestSoutheastUtilityCapacityEngine::test_cwf_top_n_uniform_and_exceedance
    PASS  tests/test_calculations.py::TestSoutheastUtilityCapacityEngine::test_cwf_peaker_rent
    PASS  tests/test_calculations.py::TestSoutheastUtilityCapacityEngine::test_feeder_pcaf_weights
    PASS  tests/test_calculations.py::TestSoutheastUtilityCapacityEngine::test_avoided_costs_decoupled_td_weights
    PASS  tests/test_calculations.py::TestSoutheastUtilityCapacityEngine::test_new_visualization_functions
    PASS  tests/test_calculations.py::TestSoutheastUtilityCapacityEngine::test_cwf_temperature_exceedance_sums_and_shape
    PASS  tests/test_calculations.py::TestSoutheastUtilityCapacityEngine::test_cwf_temperature_exceedance_colder_gets_more_weight
    PASS  tests/test_calculations.py::TestSoutheastUtilityCapacityEngine::test_cwf_temperature_exceedance_seasonal_split_and_fallback

======================================================================
  Test Run: 2026-09-11 09:14:09  |  Result: ALL PASSED
  71 tests: 71 passed, 0 failed
======================================================================
    PASS  tests/test_calculations.py::TestCalculateAvoidedCosts::test_output_columns_exist
    PASS  tests/test_calculations.py::TestCalculateAvoidedCosts::test_output_length_8760
    PASS  tests/test_calculations.py::TestCalculateAvoidedCosts::test_gen_capacity_formula
    PASS  tests/test_calculations.py::TestCalculateAvoidedCosts::test_transmission_uses_pcaf
    PASS  tests/test_calculations.py::TestCalculateAvoidedCosts::test_emissions_formula
    PASS  tests/test_calculations.py::TestCalculateAvoidedCosts::test_total_is_sum_of_components
    PASS  tests/test_calculations.py::TestCalculateAvoidedCosts::test_zero_scalars_only_energy
    PASS  tests/test_calculations.py::TestCalculateUrdbBill::test_flat_rate_constant_load
    PASS  tests/test_calculations.py::TestCalculateUrdbBill::test_flat_rate_monthly_proportionality
    PASS  tests/test_calculations.py::TestCalculateUrdbBill::test_zero_load_only_fixed
    PASS  tests/test_calculations.py::TestCalculateUrdbBill::test_demand_charge
    PASS  tests/test_calculations.py::TestCalculateUrdbBill::test_gp_r31_seasonal_tiers
    PASS  tests/test_calculations.py::TestCalculateUrdbBill::test_bill_increases_with_load
    PASS  tests/test_calculations.py::TestGetHourlyEnergyRate::test_flat_rate_constant_everywhere
    PASS  tests/test_calculations.py::TestGetHourlyEnergyRate::test_gp_r31_seasonal_rate_changes
    PASS  tests/test_calculations.py::TestGetHourlyEnergyRate::test_no_energy_structure_returns_zeros
    PASS  tests/test_calculations.py::TestNPVDiscounting::test_discount_factors_sum
    PASS  tests/test_calculations.py::TestNPVDiscounting::test_zero_discount_rate
    PASS  tests/test_calculations.py::TestNPVDiscounting::test_npv_known_answer
    PASS  tests/test_calculations.py::TestNPVDiscounting::test_rim_ratio_calculation
    PASS  tests/test_calculations.py::TestNPVDiscounting::test_rim_zero_lost_revenue
    PASS  tests/test_calculations.py::TestCapacityMetrics::test_epc_uniform_cwft
    PASS  tests/test_calculations.py::TestCapacityMetrics::test_epc_peaked_cwft_higher_for_peaky_load
    PASS  tests/test_calculations.py::TestCapacityMetrics::test_epc_reduction
    PASS  tests/test_calculations.py::TestCapacityMetrics::test_elcc_proxy_formula
    PASS  tests/test_calculations.py::TestCapacityMetrics::test_elcc_proxy_peaky_load
    PASS  tests/test_calculations.py::TestCapacityMetrics::test_cwft_sums_to_one
    PASS  tests/test_calculations.py::TestDispatchDrProgram::test_respects_hour_limit
    PASS  tests/test_calculations.py::TestDispatchDrProgram::test_respects_daily_limit
    PASS  tests/test_calculations.py::TestDispatchDrProgram::test_summer_only_season
    PASS  tests/test_calculations.py::TestDispatchDrProgram::test_reduction_capped_at_load
    PASS  tests/test_calculations.py::TestDispatchDrProgram::test_returns_correct_shapes
    PASS  tests/test_calculations.py::TestConfig::test_scenario_options_nonempty
    PASS  tests/test_calculations.py::TestConfig::test_planning_year_options
    PASS  tests/test_calculations.py::TestConfig::test_default_values_positive
    PASS  tests/test_calculations.py::TestConfig::test_grid_components_has_5
    PASS  tests/test_calculations.py::TestConfig::test_week_windows_valid
    PASS  tests/test_calculations.py::TestConfig::test_weather_sensitivity_function
    PASS  tests/test_calculations.py::TestConfig::test_custom_css_nonempty
    PASS  tests/test_calculations.py::TestVisualizations::test_weekly_overlay_returns_figure
    PASS  tests/test_calculations.py::TestVisualizations::test_weekly_load_and_temp_chart
    PASS  tests/test_calculations.py::TestVisualizations::test_weekly_grid_economics_chart
    PASS  tests/test_calculations.py::TestVisualizations::test_annual_avoided_cost_returns_figure
    PASS  tests/test_calculations.py::TestVisualizations::test_stacked_components_returns_figure
    PASS  tests/test_calculations.py::TestVisualizations::test_stacked_components_no_legend
    PASS  tests/test_calculations.py::TestVisualizations::test_lifetime_npv_returns_figure
    PASS  tests/test_calculations.py::TestIntegrationPipeline::test_grid_to_avoided_costs_column_contract
    PASS  tests/test_calculations.py::TestIntegrationPipeline::test_full_pipeline_grid_to_npv
    PASS  tests/test_calculations.py::TestIntegrationPipeline::test_dr_dispatch_feeds_into_billing
    PASS  tests/test_calculations.py::TestIntegrationPipeline::test_avoided_costs_feed_into_visualizations
    PASS  tests/test_calculations.py::TestIntegrationPipeline::test_config_defaults_work_with_calculations
    PASS  tests/test_calculations.py::TestLoadProfileIngestion::test_beopt_raw_file_parsing
    PASS  tests/test_calculations.py::TestLoadProfileIngestion::test_load_profiles_directory_scan
    PASS  tests/test_calculations.py::TestLoadProfileIngestion::test_excel_file_parsing
    PASS  tests/test_calculations.py::TestLoadProfileIngestion::test_beopt_native_export_format_parsing
    PASS  tests/test_calculations.py::TestLoadProfileIngestion::test_beopt_battery_example_shows_charge_discharge_shift
    PASS  tests/test_calculations.py::TestCostEffectivenessTests::test_trc_and_pct_ratios
    PASS  tests/test_calculations.py::TestSoutheastUtilityCapacityEngine::test_regulated_fcr_bounds
    PASS  tests/test_calculations.py::TestSoutheastUtilityCapacityEngine::test_regulated_fcr_zero_tax
    PASS  tests/test_calculations.py::TestSoutheastUtilityCapacityEngine::test_ct_carrying_cost_gross_and_net
    PASS  tests/test_calculations.py::TestSoutheastUtilityCapacityEngine::test_southeast_dual_peak_cwf_sums_and_shape
    PASS  tests/test_calculations.py::TestSoutheastUtilityCapacityEngine::test_southeast_dual_peak_cwf_exceedance_with_load
    PASS  tests/test_calculations.py::TestSoutheastUtilityCapacityEngine::test_cwf_lolp_proxy
    PASS  tests/test_calculations.py::TestSoutheastUtilityCapacityEngine::test_cwf_top_n_uniform_and_exceedance
    PASS  tests/test_calculations.py::TestSoutheastUtilityCapacityEngine::test_cwf_peaker_rent
    PASS  tests/test_calculations.py::TestSoutheastUtilityCapacityEngine::test_feeder_pcaf_weights
    PASS  tests/test_calculations.py::TestSoutheastUtilityCapacityEngine::test_avoided_costs_decoupled_td_weights
    PASS  tests/test_calculations.py::TestSoutheastUtilityCapacityEngine::test_new_visualization_functions
    PASS  tests/test_calculations.py::TestSoutheastUtilityCapacityEngine::test_cwf_temperature_exceedance_sums_and_shape
    PASS  tests/test_calculations.py::TestSoutheastUtilityCapacityEngine::test_cwf_temperature_exceedance_colder_gets_more_weight
    PASS  tests/test_calculations.py::TestSoutheastUtilityCapacityEngine::test_cwf_temperature_exceedance_seasonal_split_and_fallback

======================================================================
  Test Run: 2026-09-11 08:51:29  |  Result: ALL PASSED
  68 tests: 68 passed, 0 failed
======================================================================
    PASS  tests/test_calculations.py::TestCalculateAvoidedCosts::test_output_columns_exist
    PASS  tests/test_calculations.py::TestCalculateAvoidedCosts::test_output_length_8760
    PASS  tests/test_calculations.py::TestCalculateAvoidedCosts::test_gen_capacity_formula
    PASS  tests/test_calculations.py::TestCalculateAvoidedCosts::test_transmission_uses_pcaf
    PASS  tests/test_calculations.py::TestCalculateAvoidedCosts::test_emissions_formula
    PASS  tests/test_calculations.py::TestCalculateAvoidedCosts::test_total_is_sum_of_components
    PASS  tests/test_calculations.py::TestCalculateAvoidedCosts::test_zero_scalars_only_energy
    PASS  tests/test_calculations.py::TestCalculateUrdbBill::test_flat_rate_constant_load
    PASS  tests/test_calculations.py::TestCalculateUrdbBill::test_flat_rate_monthly_proportionality
    PASS  tests/test_calculations.py::TestCalculateUrdbBill::test_zero_load_only_fixed
    PASS  tests/test_calculations.py::TestCalculateUrdbBill::test_demand_charge
    PASS  tests/test_calculations.py::TestCalculateUrdbBill::test_gp_r31_seasonal_tiers
    PASS  tests/test_calculations.py::TestCalculateUrdbBill::test_bill_increases_with_load
    PASS  tests/test_calculations.py::TestGetHourlyEnergyRate::test_flat_rate_constant_everywhere
    PASS  tests/test_calculations.py::TestGetHourlyEnergyRate::test_gp_r31_seasonal_rate_changes
    PASS  tests/test_calculations.py::TestGetHourlyEnergyRate::test_no_energy_structure_returns_zeros
    PASS  tests/test_calculations.py::TestNPVDiscounting::test_discount_factors_sum
    PASS  tests/test_calculations.py::TestNPVDiscounting::test_zero_discount_rate
    PASS  tests/test_calculations.py::TestNPVDiscounting::test_npv_known_answer
    PASS  tests/test_calculations.py::TestNPVDiscounting::test_rim_ratio_calculation
    PASS  tests/test_calculations.py::TestNPVDiscounting::test_rim_zero_lost_revenue
    PASS  tests/test_calculations.py::TestCapacityMetrics::test_epc_uniform_cwft
    PASS  tests/test_calculations.py::TestCapacityMetrics::test_epc_peaked_cwft_higher_for_peaky_load
    PASS  tests/test_calculations.py::TestCapacityMetrics::test_epc_reduction
    PASS  tests/test_calculations.py::TestCapacityMetrics::test_elcc_proxy_formula
    PASS  tests/test_calculations.py::TestCapacityMetrics::test_elcc_proxy_peaky_load
    PASS  tests/test_calculations.py::TestCapacityMetrics::test_cwft_sums_to_one
    PASS  tests/test_calculations.py::TestDispatchDrProgram::test_respects_hour_limit
    PASS  tests/test_calculations.py::TestDispatchDrProgram::test_respects_daily_limit
    PASS  tests/test_calculations.py::TestDispatchDrProgram::test_summer_only_season
    PASS  tests/test_calculations.py::TestDispatchDrProgram::test_reduction_capped_at_load
    PASS  tests/test_calculations.py::TestDispatchDrProgram::test_returns_correct_shapes
    PASS  tests/test_calculations.py::TestConfig::test_scenario_options_nonempty
    PASS  tests/test_calculations.py::TestConfig::test_planning_year_options
    PASS  tests/test_calculations.py::TestConfig::test_default_values_positive
    PASS  tests/test_calculations.py::TestConfig::test_grid_components_has_5
    PASS  tests/test_calculations.py::TestConfig::test_week_windows_valid
    PASS  tests/test_calculations.py::TestConfig::test_weather_sensitivity_function
    PASS  tests/test_calculations.py::TestConfig::test_custom_css_nonempty
    PASS  tests/test_calculations.py::TestVisualizations::test_weekly_overlay_returns_figure
    PASS  tests/test_calculations.py::TestVisualizations::test_weekly_load_and_temp_chart
    PASS  tests/test_calculations.py::TestVisualizations::test_weekly_grid_economics_chart
    PASS  tests/test_calculations.py::TestVisualizations::test_annual_avoided_cost_returns_figure
    PASS  tests/test_calculations.py::TestVisualizations::test_stacked_components_returns_figure
    PASS  tests/test_calculations.py::TestVisualizations::test_stacked_components_no_legend
    PASS  tests/test_calculations.py::TestVisualizations::test_lifetime_npv_returns_figure
    PASS  tests/test_calculations.py::TestIntegrationPipeline::test_grid_to_avoided_costs_column_contract
    PASS  tests/test_calculations.py::TestIntegrationPipeline::test_full_pipeline_grid_to_npv
    PASS  tests/test_calculations.py::TestIntegrationPipeline::test_dr_dispatch_feeds_into_billing
    PASS  tests/test_calculations.py::TestIntegrationPipeline::test_avoided_costs_feed_into_visualizations
    PASS  tests/test_calculations.py::TestIntegrationPipeline::test_config_defaults_work_with_calculations
    PASS  tests/test_calculations.py::TestLoadProfileIngestion::test_beopt_raw_file_parsing
    PASS  tests/test_calculations.py::TestLoadProfileIngestion::test_load_profiles_directory_scan
    PASS  tests/test_calculations.py::TestLoadProfileIngestion::test_excel_file_parsing
    PASS  tests/test_calculations.py::TestLoadProfileIngestion::test_beopt_native_export_format_parsing
    PASS  tests/test_calculations.py::TestLoadProfileIngestion::test_beopt_battery_example_shows_charge_discharge_shift
    PASS  tests/test_calculations.py::TestCostEffectivenessTests::test_trc_and_pct_ratios
    PASS  tests/test_calculations.py::TestSoutheastUtilityCapacityEngine::test_regulated_fcr_bounds
    PASS  tests/test_calculations.py::TestSoutheastUtilityCapacityEngine::test_regulated_fcr_zero_tax
    PASS  tests/test_calculations.py::TestSoutheastUtilityCapacityEngine::test_ct_carrying_cost_gross_and_net
    PASS  tests/test_calculations.py::TestSoutheastUtilityCapacityEngine::test_southeast_dual_peak_cwf_sums_and_shape
    PASS  tests/test_calculations.py::TestSoutheastUtilityCapacityEngine::test_southeast_dual_peak_cwf_exceedance_with_load
    PASS  tests/test_calculations.py::TestSoutheastUtilityCapacityEngine::test_cwf_lolp_proxy
    PASS  tests/test_calculations.py::TestSoutheastUtilityCapacityEngine::test_cwf_top_n_uniform_and_exceedance
    PASS  tests/test_calculations.py::TestSoutheastUtilityCapacityEngine::test_cwf_peaker_rent
    PASS  tests/test_calculations.py::TestSoutheastUtilityCapacityEngine::test_feeder_pcaf_weights
    PASS  tests/test_calculations.py::TestSoutheastUtilityCapacityEngine::test_avoided_costs_decoupled_td_weights
    PASS  tests/test_calculations.py::TestSoutheastUtilityCapacityEngine::test_new_visualization_functions

======================================================================
  Test Run: 2026-09-11 08:50:54  |  Result: ALL PASSED
  68 tests: 68 passed, 0 failed
======================================================================
    PASS  tests/test_calculations.py::TestCalculateAvoidedCosts::test_output_columns_exist
    PASS  tests/test_calculations.py::TestCalculateAvoidedCosts::test_output_length_8760
    PASS  tests/test_calculations.py::TestCalculateAvoidedCosts::test_gen_capacity_formula
    PASS  tests/test_calculations.py::TestCalculateAvoidedCosts::test_transmission_uses_pcaf
    PASS  tests/test_calculations.py::TestCalculateAvoidedCosts::test_emissions_formula
    PASS  tests/test_calculations.py::TestCalculateAvoidedCosts::test_total_is_sum_of_components
    PASS  tests/test_calculations.py::TestCalculateAvoidedCosts::test_zero_scalars_only_energy
    PASS  tests/test_calculations.py::TestCalculateUrdbBill::test_flat_rate_constant_load
    PASS  tests/test_calculations.py::TestCalculateUrdbBill::test_flat_rate_monthly_proportionality
    PASS  tests/test_calculations.py::TestCalculateUrdbBill::test_zero_load_only_fixed
    PASS  tests/test_calculations.py::TestCalculateUrdbBill::test_demand_charge
    PASS  tests/test_calculations.py::TestCalculateUrdbBill::test_gp_r31_seasonal_tiers
    PASS  tests/test_calculations.py::TestCalculateUrdbBill::test_bill_increases_with_load
    PASS  tests/test_calculations.py::TestGetHourlyEnergyRate::test_flat_rate_constant_everywhere
    PASS  tests/test_calculations.py::TestGetHourlyEnergyRate::test_gp_r31_seasonal_rate_changes
    PASS  tests/test_calculations.py::TestGetHourlyEnergyRate::test_no_energy_structure_returns_zeros
    PASS  tests/test_calculations.py::TestNPVDiscounting::test_discount_factors_sum
    PASS  tests/test_calculations.py::TestNPVDiscounting::test_zero_discount_rate
    PASS  tests/test_calculations.py::TestNPVDiscounting::test_npv_known_answer
    PASS  tests/test_calculations.py::TestNPVDiscounting::test_rim_ratio_calculation
    PASS  tests/test_calculations.py::TestNPVDiscounting::test_rim_zero_lost_revenue
    PASS  tests/test_calculations.py::TestCapacityMetrics::test_epc_uniform_cwft
    PASS  tests/test_calculations.py::TestCapacityMetrics::test_epc_peaked_cwft_higher_for_peaky_load
    PASS  tests/test_calculations.py::TestCapacityMetrics::test_epc_reduction
    PASS  tests/test_calculations.py::TestCapacityMetrics::test_elcc_proxy_formula
    PASS  tests/test_calculations.py::TestCapacityMetrics::test_elcc_proxy_peaky_load
    PASS  tests/test_calculations.py::TestCapacityMetrics::test_cwft_sums_to_one
    PASS  tests/test_calculations.py::TestDispatchDrProgram::test_respects_hour_limit
    PASS  tests/test_calculations.py::TestDispatchDrProgram::test_respects_daily_limit
    PASS  tests/test_calculations.py::TestDispatchDrProgram::test_summer_only_season
    PASS  tests/test_calculations.py::TestDispatchDrProgram::test_reduction_capped_at_load
    PASS  tests/test_calculations.py::TestDispatchDrProgram::test_returns_correct_shapes
    PASS  tests/test_calculations.py::TestConfig::test_scenario_options_nonempty
    PASS  tests/test_calculations.py::TestConfig::test_planning_year_options
    PASS  tests/test_calculations.py::TestConfig::test_default_values_positive
    PASS  tests/test_calculations.py::TestConfig::test_grid_components_has_5
    PASS  tests/test_calculations.py::TestConfig::test_week_windows_valid
    PASS  tests/test_calculations.py::TestConfig::test_weather_sensitivity_function
    PASS  tests/test_calculations.py::TestConfig::test_custom_css_nonempty
    PASS  tests/test_calculations.py::TestVisualizations::test_weekly_overlay_returns_figure
    PASS  tests/test_calculations.py::TestVisualizations::test_weekly_load_and_temp_chart
    PASS  tests/test_calculations.py::TestVisualizations::test_weekly_grid_economics_chart
    PASS  tests/test_calculations.py::TestVisualizations::test_annual_avoided_cost_returns_figure
    PASS  tests/test_calculations.py::TestVisualizations::test_stacked_components_returns_figure
    PASS  tests/test_calculations.py::TestVisualizations::test_stacked_components_no_legend
    PASS  tests/test_calculations.py::TestVisualizations::test_lifetime_npv_returns_figure
    PASS  tests/test_calculations.py::TestIntegrationPipeline::test_grid_to_avoided_costs_column_contract
    PASS  tests/test_calculations.py::TestIntegrationPipeline::test_full_pipeline_grid_to_npv
    PASS  tests/test_calculations.py::TestIntegrationPipeline::test_dr_dispatch_feeds_into_billing
    PASS  tests/test_calculations.py::TestIntegrationPipeline::test_avoided_costs_feed_into_visualizations
    PASS  tests/test_calculations.py::TestIntegrationPipeline::test_config_defaults_work_with_calculations
    PASS  tests/test_calculations.py::TestLoadProfileIngestion::test_beopt_raw_file_parsing
    PASS  tests/test_calculations.py::TestLoadProfileIngestion::test_load_profiles_directory_scan
    PASS  tests/test_calculations.py::TestLoadProfileIngestion::test_excel_file_parsing
    PASS  tests/test_calculations.py::TestLoadProfileIngestion::test_beopt_native_export_format_parsing
    PASS  tests/test_calculations.py::TestLoadProfileIngestion::test_beopt_battery_example_shows_charge_discharge_shift
    PASS  tests/test_calculations.py::TestCostEffectivenessTests::test_trc_and_pct_ratios
    PASS  tests/test_calculations.py::TestSoutheastUtilityCapacityEngine::test_regulated_fcr_bounds
    PASS  tests/test_calculations.py::TestSoutheastUtilityCapacityEngine::test_regulated_fcr_zero_tax
    PASS  tests/test_calculations.py::TestSoutheastUtilityCapacityEngine::test_ct_carrying_cost_gross_and_net
    PASS  tests/test_calculations.py::TestSoutheastUtilityCapacityEngine::test_southeast_dual_peak_cwf_sums_and_shape
    PASS  tests/test_calculations.py::TestSoutheastUtilityCapacityEngine::test_southeast_dual_peak_cwf_exceedance_with_load
    PASS  tests/test_calculations.py::TestSoutheastUtilityCapacityEngine::test_cwf_lolp_proxy
    PASS  tests/test_calculations.py::TestSoutheastUtilityCapacityEngine::test_cwf_top_n_uniform_and_exceedance
    PASS  tests/test_calculations.py::TestSoutheastUtilityCapacityEngine::test_cwf_peaker_rent
    PASS  tests/test_calculations.py::TestSoutheastUtilityCapacityEngine::test_feeder_pcaf_weights
    PASS  tests/test_calculations.py::TestSoutheastUtilityCapacityEngine::test_avoided_costs_decoupled_td_weights
    PASS  tests/test_calculations.py::TestSoutheastUtilityCapacityEngine::test_new_visualization_functions

======================================================================
  Test Run: 2026-09-10 14:18:18  |  Result: ALL PASSED
  68 tests: 68 passed, 0 failed
======================================================================
    PASS  tests/test_calculations.py::TestCalculateAvoidedCosts::test_output_columns_exist
    PASS  tests/test_calculations.py::TestCalculateAvoidedCosts::test_output_length_8760
    PASS  tests/test_calculations.py::TestCalculateAvoidedCosts::test_gen_capacity_formula
    PASS  tests/test_calculations.py::TestCalculateAvoidedCosts::test_transmission_uses_pcaf
    PASS  tests/test_calculations.py::TestCalculateAvoidedCosts::test_emissions_formula
    PASS  tests/test_calculations.py::TestCalculateAvoidedCosts::test_total_is_sum_of_components
    PASS  tests/test_calculations.py::TestCalculateAvoidedCosts::test_zero_scalars_only_energy
    PASS  tests/test_calculations.py::TestCalculateUrdbBill::test_flat_rate_constant_load
    PASS  tests/test_calculations.py::TestCalculateUrdbBill::test_flat_rate_monthly_proportionality
    PASS  tests/test_calculations.py::TestCalculateUrdbBill::test_zero_load_only_fixed
    PASS  tests/test_calculations.py::TestCalculateUrdbBill::test_demand_charge
    PASS  tests/test_calculations.py::TestCalculateUrdbBill::test_gp_r31_seasonal_tiers
    PASS  tests/test_calculations.py::TestCalculateUrdbBill::test_bill_increases_with_load
    PASS  tests/test_calculations.py::TestGetHourlyEnergyRate::test_flat_rate_constant_everywhere
    PASS  tests/test_calculations.py::TestGetHourlyEnergyRate::test_gp_r31_seasonal_rate_changes
    PASS  tests/test_calculations.py::TestGetHourlyEnergyRate::test_no_energy_structure_returns_zeros
    PASS  tests/test_calculations.py::TestNPVDiscounting::test_discount_factors_sum
    PASS  tests/test_calculations.py::TestNPVDiscounting::test_zero_discount_rate
    PASS  tests/test_calculations.py::TestNPVDiscounting::test_npv_known_answer
    PASS  tests/test_calculations.py::TestNPVDiscounting::test_rim_ratio_calculation
    PASS  tests/test_calculations.py::TestNPVDiscounting::test_rim_zero_lost_revenue
    PASS  tests/test_calculations.py::TestCapacityMetrics::test_epc_uniform_cwft
    PASS  tests/test_calculations.py::TestCapacityMetrics::test_epc_peaked_cwft_higher_for_peaky_load
    PASS  tests/test_calculations.py::TestCapacityMetrics::test_epc_reduction
    PASS  tests/test_calculations.py::TestCapacityMetrics::test_elcc_proxy_formula
    PASS  tests/test_calculations.py::TestCapacityMetrics::test_elcc_proxy_peaky_load
    PASS  tests/test_calculations.py::TestCapacityMetrics::test_cwft_sums_to_one
    PASS  tests/test_calculations.py::TestDispatchDrProgram::test_respects_hour_limit
    PASS  tests/test_calculations.py::TestDispatchDrProgram::test_respects_daily_limit
    PASS  tests/test_calculations.py::TestDispatchDrProgram::test_summer_only_season
    PASS  tests/test_calculations.py::TestDispatchDrProgram::test_reduction_capped_at_load
    PASS  tests/test_calculations.py::TestDispatchDrProgram::test_returns_correct_shapes
    PASS  tests/test_calculations.py::TestConfig::test_scenario_options_nonempty
    PASS  tests/test_calculations.py::TestConfig::test_planning_year_options
    PASS  tests/test_calculations.py::TestConfig::test_default_values_positive
    PASS  tests/test_calculations.py::TestConfig::test_grid_components_has_5
    PASS  tests/test_calculations.py::TestConfig::test_week_windows_valid
    PASS  tests/test_calculations.py::TestConfig::test_weather_sensitivity_function
    PASS  tests/test_calculations.py::TestConfig::test_custom_css_nonempty
    PASS  tests/test_calculations.py::TestVisualizations::test_weekly_overlay_returns_figure
    PASS  tests/test_calculations.py::TestVisualizations::test_weekly_load_and_temp_chart
    PASS  tests/test_calculations.py::TestVisualizations::test_weekly_grid_economics_chart
    PASS  tests/test_calculations.py::TestVisualizations::test_annual_avoided_cost_returns_figure
    PASS  tests/test_calculations.py::TestVisualizations::test_stacked_components_returns_figure
    PASS  tests/test_calculations.py::TestVisualizations::test_stacked_components_no_legend
    PASS  tests/test_calculations.py::TestVisualizations::test_lifetime_npv_returns_figure
    PASS  tests/test_calculations.py::TestIntegrationPipeline::test_grid_to_avoided_costs_column_contract
    PASS  tests/test_calculations.py::TestIntegrationPipeline::test_full_pipeline_grid_to_npv
    PASS  tests/test_calculations.py::TestIntegrationPipeline::test_dr_dispatch_feeds_into_billing
    PASS  tests/test_calculations.py::TestIntegrationPipeline::test_avoided_costs_feed_into_visualizations
    PASS  tests/test_calculations.py::TestIntegrationPipeline::test_config_defaults_work_with_calculations
    PASS  tests/test_calculations.py::TestLoadProfileIngestion::test_beopt_raw_file_parsing
    PASS  tests/test_calculations.py::TestLoadProfileIngestion::test_load_profiles_directory_scan
    PASS  tests/test_calculations.py::TestLoadProfileIngestion::test_excel_file_parsing
    PASS  tests/test_calculations.py::TestLoadProfileIngestion::test_beopt_native_export_format_parsing
    PASS  tests/test_calculations.py::TestLoadProfileIngestion::test_beopt_battery_example_shows_charge_discharge_shift
    PASS  tests/test_calculations.py::TestCostEffectivenessTests::test_trc_and_pct_ratios
    PASS  tests/test_calculations.py::TestSoutheastUtilityCapacityEngine::test_regulated_fcr_bounds
    PASS  tests/test_calculations.py::TestSoutheastUtilityCapacityEngine::test_regulated_fcr_zero_tax
    PASS  tests/test_calculations.py::TestSoutheastUtilityCapacityEngine::test_ct_carrying_cost_gross_and_net
    PASS  tests/test_calculations.py::TestSoutheastUtilityCapacityEngine::test_southeast_dual_peak_cwf_sums_and_shape
    PASS  tests/test_calculations.py::TestSoutheastUtilityCapacityEngine::test_southeast_dual_peak_cwf_exceedance_with_load
    PASS  tests/test_calculations.py::TestSoutheastUtilityCapacityEngine::test_cwf_lolp_proxy
    PASS  tests/test_calculations.py::TestSoutheastUtilityCapacityEngine::test_cwf_top_n_uniform_and_exceedance
    PASS  tests/test_calculations.py::TestSoutheastUtilityCapacityEngine::test_cwf_peaker_rent
    PASS  tests/test_calculations.py::TestSoutheastUtilityCapacityEngine::test_feeder_pcaf_weights
    PASS  tests/test_calculations.py::TestSoutheastUtilityCapacityEngine::test_avoided_costs_decoupled_td_weights
    PASS  tests/test_calculations.py::TestSoutheastUtilityCapacityEngine::test_new_visualization_functions

======================================================================
  Test Run: 2026-09-10 14:17:53  |  Result: FAILURES
  68 tests: 66 passed, 2 failed
======================================================================
    PASS  tests/test_calculations.py::TestCalculateAvoidedCosts::test_output_columns_exist
    PASS  tests/test_calculations.py::TestCalculateAvoidedCosts::test_output_length_8760
    PASS  tests/test_calculations.py::TestCalculateAvoidedCosts::test_gen_capacity_formula
    PASS  tests/test_calculations.py::TestCalculateAvoidedCosts::test_transmission_uses_pcaf
    PASS  tests/test_calculations.py::TestCalculateAvoidedCosts::test_emissions_formula
    PASS  tests/test_calculations.py::TestCalculateAvoidedCosts::test_total_is_sum_of_components
    PASS  tests/test_calculations.py::TestCalculateAvoidedCosts::test_zero_scalars_only_energy
    PASS  tests/test_calculations.py::TestCalculateUrdbBill::test_flat_rate_constant_load
    PASS  tests/test_calculations.py::TestCalculateUrdbBill::test_flat_rate_monthly_proportionality
    PASS  tests/test_calculations.py::TestCalculateUrdbBill::test_zero_load_only_fixed
    PASS  tests/test_calculations.py::TestCalculateUrdbBill::test_demand_charge
    PASS  tests/test_calculations.py::TestCalculateUrdbBill::test_gp_r31_seasonal_tiers
    PASS  tests/test_calculations.py::TestCalculateUrdbBill::test_bill_increases_with_load
    PASS  tests/test_calculations.py::TestGetHourlyEnergyRate::test_flat_rate_constant_everywhere
    PASS  tests/test_calculations.py::TestGetHourlyEnergyRate::test_gp_r31_seasonal_rate_changes
    PASS  tests/test_calculations.py::TestGetHourlyEnergyRate::test_no_energy_structure_returns_zeros
    PASS  tests/test_calculations.py::TestNPVDiscounting::test_discount_factors_sum
    PASS  tests/test_calculations.py::TestNPVDiscounting::test_zero_discount_rate
    PASS  tests/test_calculations.py::TestNPVDiscounting::test_npv_known_answer
    PASS  tests/test_calculations.py::TestNPVDiscounting::test_rim_ratio_calculation
    PASS  tests/test_calculations.py::TestNPVDiscounting::test_rim_zero_lost_revenue
    PASS  tests/test_calculations.py::TestCapacityMetrics::test_epc_uniform_cwft
    PASS  tests/test_calculations.py::TestCapacityMetrics::test_epc_peaked_cwft_higher_for_peaky_load
    PASS  tests/test_calculations.py::TestCapacityMetrics::test_epc_reduction
    PASS  tests/test_calculations.py::TestCapacityMetrics::test_elcc_proxy_formula
    PASS  tests/test_calculations.py::TestCapacityMetrics::test_elcc_proxy_peaky_load
    PASS  tests/test_calculations.py::TestCapacityMetrics::test_cwft_sums_to_one
    PASS  tests/test_calculations.py::TestDispatchDrProgram::test_respects_hour_limit
    PASS  tests/test_calculations.py::TestDispatchDrProgram::test_respects_daily_limit
    PASS  tests/test_calculations.py::TestDispatchDrProgram::test_summer_only_season
    PASS  tests/test_calculations.py::TestDispatchDrProgram::test_reduction_capped_at_load
    PASS  tests/test_calculations.py::TestDispatchDrProgram::test_returns_correct_shapes
    PASS  tests/test_calculations.py::TestConfig::test_scenario_options_nonempty
    PASS  tests/test_calculations.py::TestConfig::test_planning_year_options
    PASS  tests/test_calculations.py::TestConfig::test_default_values_positive
    PASS  tests/test_calculations.py::TestConfig::test_grid_components_has_5
    PASS  tests/test_calculations.py::TestConfig::test_week_windows_valid
    PASS  tests/test_calculations.py::TestConfig::test_weather_sensitivity_function
    PASS  tests/test_calculations.py::TestConfig::test_custom_css_nonempty
    PASS  tests/test_calculations.py::TestVisualizations::test_weekly_overlay_returns_figure
    PASS  tests/test_calculations.py::TestVisualizations::test_weekly_load_and_temp_chart
    PASS  tests/test_calculations.py::TestVisualizations::test_weekly_grid_economics_chart
    PASS  tests/test_calculations.py::TestVisualizations::test_annual_avoided_cost_returns_figure
    PASS  tests/test_calculations.py::TestVisualizations::test_stacked_components_returns_figure
    PASS  tests/test_calculations.py::TestVisualizations::test_stacked_components_no_legend
    PASS  tests/test_calculations.py::TestVisualizations::test_lifetime_npv_returns_figure
    PASS  tests/test_calculations.py::TestIntegrationPipeline::test_grid_to_avoided_costs_column_contract
    PASS  tests/test_calculations.py::TestIntegrationPipeline::test_full_pipeline_grid_to_npv
    PASS  tests/test_calculations.py::TestIntegrationPipeline::test_dr_dispatch_feeds_into_billing
    PASS  tests/test_calculations.py::TestIntegrationPipeline::test_avoided_costs_feed_into_visualizations
    PASS  tests/test_calculations.py::TestIntegrationPipeline::test_config_defaults_work_with_calculations
    PASS  tests/test_calculations.py::TestLoadProfileIngestion::test_beopt_raw_file_parsing
    PASS  tests/test_calculations.py::TestLoadProfileIngestion::test_load_profiles_directory_scan
    PASS  tests/test_calculations.py::TestLoadProfileIngestion::test_excel_file_parsing
    PASS  tests/test_calculations.py::TestLoadProfileIngestion::test_beopt_native_export_format_parsing
    PASS  tests/test_calculations.py::TestLoadProfileIngestion::test_beopt_battery_example_shows_charge_discharge_shift
    PASS  tests/test_calculations.py::TestCostEffectivenessTests::test_trc_and_pct_ratios
    PASS  tests/test_calculations.py::TestSoutheastUtilityCapacityEngine::test_regulated_fcr_bounds
    PASS  tests/test_calculations.py::TestSoutheastUtilityCapacityEngine::test_regulated_fcr_zero_tax
    PASS  tests/test_calculations.py::TestSoutheastUtilityCapacityEngine::test_ct_carrying_cost_gross_and_net
    PASS  tests/test_calculations.py::TestSoutheastUtilityCapacityEngine::test_southeast_dual_peak_cwf_sums_and_shape
    PASS  tests/test_calculations.py::TestSoutheastUtilityCapacityEngine::test_southeast_dual_peak_cwf_exceedance_with_load
    PASS  tests/test_calculations.py::TestSoutheastUtilityCapacityEngine::test_cwf_lolp_proxy
    FAIL  tests/test_calculations.py::TestSoutheastUtilityCapacityEngine::test_cwf_top_n_uniform_and_exceedance
    PASS  tests/test_calculations.py::TestSoutheastUtilityCapacityEngine::test_cwf_peaker_rent
    PASS  tests/test_calculations.py::TestSoutheastUtilityCapacityEngine::test_feeder_pcaf_weights
    FAIL  tests/test_calculations.py::TestSoutheastUtilityCapacityEngine::test_avoided_costs_decoupled_td_weights
    PASS  tests/test_calculations.py::TestSoutheastUtilityCapacityEngine::test_new_visualization_functions

======================================================================
  Test Run: 2026-09-10 14:14:39  |  Result: ALL PASSED
  57 tests: 57 passed, 0 failed
======================================================================
    PASS  tests/test_calculations.py::TestCalculateAvoidedCosts::test_output_columns_exist
    PASS  tests/test_calculations.py::TestCalculateAvoidedCosts::test_output_length_8760
    PASS  tests/test_calculations.py::TestCalculateAvoidedCosts::test_gen_capacity_formula
    PASS  tests/test_calculations.py::TestCalculateAvoidedCosts::test_transmission_uses_pcaf
    PASS  tests/test_calculations.py::TestCalculateAvoidedCosts::test_emissions_formula
    PASS  tests/test_calculations.py::TestCalculateAvoidedCosts::test_total_is_sum_of_components
    PASS  tests/test_calculations.py::TestCalculateAvoidedCosts::test_zero_scalars_only_energy
    PASS  tests/test_calculations.py::TestCalculateUrdbBill::test_flat_rate_constant_load
    PASS  tests/test_calculations.py::TestCalculateUrdbBill::test_flat_rate_monthly_proportionality
    PASS  tests/test_calculations.py::TestCalculateUrdbBill::test_zero_load_only_fixed
    PASS  tests/test_calculations.py::TestCalculateUrdbBill::test_demand_charge
    PASS  tests/test_calculations.py::TestCalculateUrdbBill::test_gp_r31_seasonal_tiers
    PASS  tests/test_calculations.py::TestCalculateUrdbBill::test_bill_increases_with_load
    PASS  tests/test_calculations.py::TestGetHourlyEnergyRate::test_flat_rate_constant_everywhere
    PASS  tests/test_calculations.py::TestGetHourlyEnergyRate::test_gp_r31_seasonal_rate_changes
    PASS  tests/test_calculations.py::TestGetHourlyEnergyRate::test_no_energy_structure_returns_zeros
    PASS  tests/test_calculations.py::TestNPVDiscounting::test_discount_factors_sum
    PASS  tests/test_calculations.py::TestNPVDiscounting::test_zero_discount_rate
    PASS  tests/test_calculations.py::TestNPVDiscounting::test_npv_known_answer
    PASS  tests/test_calculations.py::TestNPVDiscounting::test_rim_ratio_calculation
    PASS  tests/test_calculations.py::TestNPVDiscounting::test_rim_zero_lost_revenue
    PASS  tests/test_calculations.py::TestCapacityMetrics::test_epc_uniform_cwft
    PASS  tests/test_calculations.py::TestCapacityMetrics::test_epc_peaked_cwft_higher_for_peaky_load
    PASS  tests/test_calculations.py::TestCapacityMetrics::test_epc_reduction
    PASS  tests/test_calculations.py::TestCapacityMetrics::test_elcc_proxy_formula
    PASS  tests/test_calculations.py::TestCapacityMetrics::test_elcc_proxy_peaky_load
    PASS  tests/test_calculations.py::TestCapacityMetrics::test_cwft_sums_to_one
    PASS  tests/test_calculations.py::TestDispatchDrProgram::test_respects_hour_limit
    PASS  tests/test_calculations.py::TestDispatchDrProgram::test_respects_daily_limit
    PASS  tests/test_calculations.py::TestDispatchDrProgram::test_summer_only_season
    PASS  tests/test_calculations.py::TestDispatchDrProgram::test_reduction_capped_at_load
    PASS  tests/test_calculations.py::TestDispatchDrProgram::test_returns_correct_shapes
    PASS  tests/test_calculations.py::TestConfig::test_scenario_options_nonempty
    PASS  tests/test_calculations.py::TestConfig::test_planning_year_options
    PASS  tests/test_calculations.py::TestConfig::test_default_values_positive
    PASS  tests/test_calculations.py::TestConfig::test_grid_components_has_5
    PASS  tests/test_calculations.py::TestConfig::test_week_windows_valid
    PASS  tests/test_calculations.py::TestConfig::test_weather_sensitivity_function
    PASS  tests/test_calculations.py::TestConfig::test_custom_css_nonempty
    PASS  tests/test_calculations.py::TestVisualizations::test_weekly_overlay_returns_figure
    PASS  tests/test_calculations.py::TestVisualizations::test_weekly_load_and_temp_chart
    PASS  tests/test_calculations.py::TestVisualizations::test_weekly_grid_economics_chart
    PASS  tests/test_calculations.py::TestVisualizations::test_annual_avoided_cost_returns_figure
    PASS  tests/test_calculations.py::TestVisualizations::test_stacked_components_returns_figure
    PASS  tests/test_calculations.py::TestVisualizations::test_stacked_components_no_legend
    PASS  tests/test_calculations.py::TestVisualizations::test_lifetime_npv_returns_figure
    PASS  tests/test_calculations.py::TestIntegrationPipeline::test_grid_to_avoided_costs_column_contract
    PASS  tests/test_calculations.py::TestIntegrationPipeline::test_full_pipeline_grid_to_npv
    PASS  tests/test_calculations.py::TestIntegrationPipeline::test_dr_dispatch_feeds_into_billing
    PASS  tests/test_calculations.py::TestIntegrationPipeline::test_avoided_costs_feed_into_visualizations
    PASS  tests/test_calculations.py::TestIntegrationPipeline::test_config_defaults_work_with_calculations
    PASS  tests/test_calculations.py::TestLoadProfileIngestion::test_beopt_raw_file_parsing
    PASS  tests/test_calculations.py::TestLoadProfileIngestion::test_load_profiles_directory_scan
    PASS  tests/test_calculations.py::TestLoadProfileIngestion::test_excel_file_parsing
    PASS  tests/test_calculations.py::TestLoadProfileIngestion::test_beopt_native_export_format_parsing
    PASS  tests/test_calculations.py::TestLoadProfileIngestion::test_beopt_battery_example_shows_charge_discharge_shift
    PASS  tests/test_calculations.py::TestCostEffectivenessTests::test_trc_and_pct_ratios

======================================================================
  Test Run: 2026-08-31 15:37:37  |  Result: ALL PASSED
  57 tests: 57 passed, 0 failed
======================================================================
    PASS  tests/test_calculations.py::TestCalculateAvoidedCosts::test_output_columns_exist
    PASS  tests/test_calculations.py::TestCalculateAvoidedCosts::test_output_length_8760
    PASS  tests/test_calculations.py::TestCalculateAvoidedCosts::test_gen_capacity_formula
    PASS  tests/test_calculations.py::TestCalculateAvoidedCosts::test_transmission_uses_pcaf
    PASS  tests/test_calculations.py::TestCalculateAvoidedCosts::test_emissions_formula
    PASS  tests/test_calculations.py::TestCalculateAvoidedCosts::test_total_is_sum_of_components
    PASS  tests/test_calculations.py::TestCalculateAvoidedCosts::test_zero_scalars_only_energy
    PASS  tests/test_calculations.py::TestCalculateUrdbBill::test_flat_rate_constant_load
    PASS  tests/test_calculations.py::TestCalculateUrdbBill::test_flat_rate_monthly_proportionality
    PASS  tests/test_calculations.py::TestCalculateUrdbBill::test_zero_load_only_fixed
    PASS  tests/test_calculations.py::TestCalculateUrdbBill::test_demand_charge
    PASS  tests/test_calculations.py::TestCalculateUrdbBill::test_gp_r31_seasonal_tiers
    PASS  tests/test_calculations.py::TestCalculateUrdbBill::test_bill_increases_with_load
    PASS  tests/test_calculations.py::TestGetHourlyEnergyRate::test_flat_rate_constant_everywhere
    PASS  tests/test_calculations.py::TestGetHourlyEnergyRate::test_gp_r31_seasonal_rate_changes
    PASS  tests/test_calculations.py::TestGetHourlyEnergyRate::test_no_energy_structure_returns_zeros
    PASS  tests/test_calculations.py::TestNPVDiscounting::test_discount_factors_sum
    PASS  tests/test_calculations.py::TestNPVDiscounting::test_zero_discount_rate
    PASS  tests/test_calculations.py::TestNPVDiscounting::test_npv_known_answer
    PASS  tests/test_calculations.py::TestNPVDiscounting::test_rim_ratio_calculation
    PASS  tests/test_calculations.py::TestNPVDiscounting::test_rim_zero_lost_revenue
    PASS  tests/test_calculations.py::TestCapacityMetrics::test_epc_uniform_cwft
    PASS  tests/test_calculations.py::TestCapacityMetrics::test_epc_peaked_cwft_higher_for_peaky_load
    PASS  tests/test_calculations.py::TestCapacityMetrics::test_epc_reduction
    PASS  tests/test_calculations.py::TestCapacityMetrics::test_elcc_proxy_formula
    PASS  tests/test_calculations.py::TestCapacityMetrics::test_elcc_proxy_peaky_load
    PASS  tests/test_calculations.py::TestCapacityMetrics::test_cwft_sums_to_one
    PASS  tests/test_calculations.py::TestDispatchDrProgram::test_respects_hour_limit
    PASS  tests/test_calculations.py::TestDispatchDrProgram::test_respects_daily_limit
    PASS  tests/test_calculations.py::TestDispatchDrProgram::test_summer_only_season
    PASS  tests/test_calculations.py::TestDispatchDrProgram::test_reduction_capped_at_load
    PASS  tests/test_calculations.py::TestDispatchDrProgram::test_returns_correct_shapes
    PASS  tests/test_calculations.py::TestConfig::test_scenario_options_nonempty
    PASS  tests/test_calculations.py::TestConfig::test_planning_year_options
    PASS  tests/test_calculations.py::TestConfig::test_default_values_positive
    PASS  tests/test_calculations.py::TestConfig::test_grid_components_has_5
    PASS  tests/test_calculations.py::TestConfig::test_week_windows_valid
    PASS  tests/test_calculations.py::TestConfig::test_weather_sensitivity_function
    PASS  tests/test_calculations.py::TestConfig::test_custom_css_nonempty
    PASS  tests/test_calculations.py::TestVisualizations::test_weekly_overlay_returns_figure
    PASS  tests/test_calculations.py::TestVisualizations::test_weekly_load_and_temp_chart
    PASS  tests/test_calculations.py::TestVisualizations::test_weekly_grid_economics_chart
    PASS  tests/test_calculations.py::TestVisualizations::test_annual_avoided_cost_returns_figure
    PASS  tests/test_calculations.py::TestVisualizations::test_stacked_components_returns_figure
    PASS  tests/test_calculations.py::TestVisualizations::test_stacked_components_no_legend
    PASS  tests/test_calculations.py::TestVisualizations::test_lifetime_npv_returns_figure
    PASS  tests/test_calculations.py::TestIntegrationPipeline::test_grid_to_avoided_costs_column_contract
    PASS  tests/test_calculations.py::TestIntegrationPipeline::test_full_pipeline_grid_to_npv
    PASS  tests/test_calculations.py::TestIntegrationPipeline::test_dr_dispatch_feeds_into_billing
    PASS  tests/test_calculations.py::TestIntegrationPipeline::test_avoided_costs_feed_into_visualizations
    PASS  tests/test_calculations.py::TestIntegrationPipeline::test_config_defaults_work_with_calculations
    PASS  tests/test_calculations.py::TestLoadProfileIngestion::test_beopt_raw_file_parsing
    PASS  tests/test_calculations.py::TestLoadProfileIngestion::test_load_profiles_directory_scan
    PASS  tests/test_calculations.py::TestLoadProfileIngestion::test_excel_file_parsing
    PASS  tests/test_calculations.py::TestLoadProfileIngestion::test_beopt_native_export_format_parsing
    PASS  tests/test_calculations.py::TestLoadProfileIngestion::test_beopt_battery_example_shows_charge_discharge_shift
    PASS  tests/test_calculations.py::TestCostEffectivenessTests::test_trc_and_pct_ratios

======================================================================
  Test Run: 2026-08-26 09:53:53  |  Result: ALL PASSED
  57 tests: 57 passed, 0 failed
======================================================================
    PASS  tests/test_calculations.py::TestCalculateAvoidedCosts::test_output_columns_exist
    PASS  tests/test_calculations.py::TestCalculateAvoidedCosts::test_output_length_8760
    PASS  tests/test_calculations.py::TestCalculateAvoidedCosts::test_gen_capacity_formula
    PASS  tests/test_calculations.py::TestCalculateAvoidedCosts::test_transmission_uses_pcaf
    PASS  tests/test_calculations.py::TestCalculateAvoidedCosts::test_emissions_formula
    PASS  tests/test_calculations.py::TestCalculateAvoidedCosts::test_total_is_sum_of_components
    PASS  tests/test_calculations.py::TestCalculateAvoidedCosts::test_zero_scalars_only_energy
    PASS  tests/test_calculations.py::TestCalculateUrdbBill::test_flat_rate_constant_load
    PASS  tests/test_calculations.py::TestCalculateUrdbBill::test_flat_rate_monthly_proportionality
    PASS  tests/test_calculations.py::TestCalculateUrdbBill::test_zero_load_only_fixed
    PASS  tests/test_calculations.py::TestCalculateUrdbBill::test_demand_charge
    PASS  tests/test_calculations.py::TestCalculateUrdbBill::test_gp_r31_seasonal_tiers
    PASS  tests/test_calculations.py::TestCalculateUrdbBill::test_bill_increases_with_load
    PASS  tests/test_calculations.py::TestGetHourlyEnergyRate::test_flat_rate_constant_everywhere
    PASS  tests/test_calculations.py::TestGetHourlyEnergyRate::test_gp_r31_seasonal_rate_changes
    PASS  tests/test_calculations.py::TestGetHourlyEnergyRate::test_no_energy_structure_returns_zeros
    PASS  tests/test_calculations.py::TestNPVDiscounting::test_discount_factors_sum
    PASS  tests/test_calculations.py::TestNPVDiscounting::test_zero_discount_rate
    PASS  tests/test_calculations.py::TestNPVDiscounting::test_npv_known_answer
    PASS  tests/test_calculations.py::TestNPVDiscounting::test_rim_ratio_calculation
    PASS  tests/test_calculations.py::TestNPVDiscounting::test_rim_zero_lost_revenue
    PASS  tests/test_calculations.py::TestCapacityMetrics::test_epc_uniform_cwft
    PASS  tests/test_calculations.py::TestCapacityMetrics::test_epc_peaked_cwft_higher_for_peaky_load
    PASS  tests/test_calculations.py::TestCapacityMetrics::test_epc_reduction
    PASS  tests/test_calculations.py::TestCapacityMetrics::test_elcc_proxy_formula
    PASS  tests/test_calculations.py::TestCapacityMetrics::test_elcc_proxy_peaky_load
    PASS  tests/test_calculations.py::TestCapacityMetrics::test_cwft_sums_to_one
    PASS  tests/test_calculations.py::TestDispatchDrProgram::test_respects_hour_limit
    PASS  tests/test_calculations.py::TestDispatchDrProgram::test_respects_daily_limit
    PASS  tests/test_calculations.py::TestDispatchDrProgram::test_summer_only_season
    PASS  tests/test_calculations.py::TestDispatchDrProgram::test_reduction_capped_at_load
    PASS  tests/test_calculations.py::TestDispatchDrProgram::test_returns_correct_shapes
    PASS  tests/test_calculations.py::TestConfig::test_scenario_options_nonempty
    PASS  tests/test_calculations.py::TestConfig::test_planning_year_options
    PASS  tests/test_calculations.py::TestConfig::test_default_values_positive
    PASS  tests/test_calculations.py::TestConfig::test_grid_components_has_5
    PASS  tests/test_calculations.py::TestConfig::test_week_windows_valid
    PASS  tests/test_calculations.py::TestConfig::test_weather_sensitivity_function
    PASS  tests/test_calculations.py::TestConfig::test_custom_css_nonempty
    PASS  tests/test_calculations.py::TestVisualizations::test_weekly_overlay_returns_figure
    PASS  tests/test_calculations.py::TestVisualizations::test_weekly_load_and_temp_chart
    PASS  tests/test_calculations.py::TestVisualizations::test_weekly_grid_economics_chart
    PASS  tests/test_calculations.py::TestVisualizations::test_annual_avoided_cost_returns_figure
    PASS  tests/test_calculations.py::TestVisualizations::test_stacked_components_returns_figure
    PASS  tests/test_calculations.py::TestVisualizations::test_stacked_components_no_legend
    PASS  tests/test_calculations.py::TestVisualizations::test_lifetime_npv_returns_figure
    PASS  tests/test_calculations.py::TestIntegrationPipeline::test_grid_to_avoided_costs_column_contract
    PASS  tests/test_calculations.py::TestIntegrationPipeline::test_full_pipeline_grid_to_npv
    PASS  tests/test_calculations.py::TestIntegrationPipeline::test_dr_dispatch_feeds_into_billing
    PASS  tests/test_calculations.py::TestIntegrationPipeline::test_avoided_costs_feed_into_visualizations
    PASS  tests/test_calculations.py::TestIntegrationPipeline::test_config_defaults_work_with_calculations
    PASS  tests/test_calculations.py::TestLoadProfileIngestion::test_beopt_raw_file_parsing
    PASS  tests/test_calculations.py::TestLoadProfileIngestion::test_load_profiles_directory_scan
    PASS  tests/test_calculations.py::TestLoadProfileIngestion::test_excel_file_parsing
    PASS  tests/test_calculations.py::TestLoadProfileIngestion::test_beopt_native_export_format_parsing
    PASS  tests/test_calculations.py::TestLoadProfileIngestion::test_beopt_battery_example_shows_charge_discharge_shift
    PASS  tests/test_calculations.py::TestCostEffectivenessTests::test_trc_and_pct_ratios

======================================================================
  Test Run: 2026-08-26 09:52:26  |  Result: ALL PASSED
  57 tests: 57 passed, 0 failed
======================================================================
    PASS  tests/test_calculations.py::TestCalculateAvoidedCosts::test_output_columns_exist
    PASS  tests/test_calculations.py::TestCalculateAvoidedCosts::test_output_length_8760
    PASS  tests/test_calculations.py::TestCalculateAvoidedCosts::test_gen_capacity_formula
    PASS  tests/test_calculations.py::TestCalculateAvoidedCosts::test_transmission_uses_pcaf
    PASS  tests/test_calculations.py::TestCalculateAvoidedCosts::test_emissions_formula
    PASS  tests/test_calculations.py::TestCalculateAvoidedCosts::test_total_is_sum_of_components
    PASS  tests/test_calculations.py::TestCalculateAvoidedCosts::test_zero_scalars_only_energy
    PASS  tests/test_calculations.py::TestCalculateUrdbBill::test_flat_rate_constant_load
    PASS  tests/test_calculations.py::TestCalculateUrdbBill::test_flat_rate_monthly_proportionality
    PASS  tests/test_calculations.py::TestCalculateUrdbBill::test_zero_load_only_fixed
    PASS  tests/test_calculations.py::TestCalculateUrdbBill::test_demand_charge
    PASS  tests/test_calculations.py::TestCalculateUrdbBill::test_gp_r31_seasonal_tiers
    PASS  tests/test_calculations.py::TestCalculateUrdbBill::test_bill_increases_with_load
    PASS  tests/test_calculations.py::TestGetHourlyEnergyRate::test_flat_rate_constant_everywhere
    PASS  tests/test_calculations.py::TestGetHourlyEnergyRate::test_gp_r31_seasonal_rate_changes
    PASS  tests/test_calculations.py::TestGetHourlyEnergyRate::test_no_energy_structure_returns_zeros
    PASS  tests/test_calculations.py::TestNPVDiscounting::test_discount_factors_sum
    PASS  tests/test_calculations.py::TestNPVDiscounting::test_zero_discount_rate
    PASS  tests/test_calculations.py::TestNPVDiscounting::test_npv_known_answer
    PASS  tests/test_calculations.py::TestNPVDiscounting::test_rim_ratio_calculation
    PASS  tests/test_calculations.py::TestNPVDiscounting::test_rim_zero_lost_revenue
    PASS  tests/test_calculations.py::TestCapacityMetrics::test_epc_uniform_cwft
    PASS  tests/test_calculations.py::TestCapacityMetrics::test_epc_peaked_cwft_higher_for_peaky_load
    PASS  tests/test_calculations.py::TestCapacityMetrics::test_epc_reduction
    PASS  tests/test_calculations.py::TestCapacityMetrics::test_elcc_proxy_formula
    PASS  tests/test_calculations.py::TestCapacityMetrics::test_elcc_proxy_peaky_load
    PASS  tests/test_calculations.py::TestCapacityMetrics::test_cwft_sums_to_one
    PASS  tests/test_calculations.py::TestDispatchDrProgram::test_respects_hour_limit
    PASS  tests/test_calculations.py::TestDispatchDrProgram::test_respects_daily_limit
    PASS  tests/test_calculations.py::TestDispatchDrProgram::test_summer_only_season
    PASS  tests/test_calculations.py::TestDispatchDrProgram::test_reduction_capped_at_load
    PASS  tests/test_calculations.py::TestDispatchDrProgram::test_returns_correct_shapes
    PASS  tests/test_calculations.py::TestConfig::test_scenario_options_nonempty
    PASS  tests/test_calculations.py::TestConfig::test_planning_year_options
    PASS  tests/test_calculations.py::TestConfig::test_default_values_positive
    PASS  tests/test_calculations.py::TestConfig::test_grid_components_has_5
    PASS  tests/test_calculations.py::TestConfig::test_week_windows_valid
    PASS  tests/test_calculations.py::TestConfig::test_weather_sensitivity_function
    PASS  tests/test_calculations.py::TestConfig::test_custom_css_nonempty
    PASS  tests/test_calculations.py::TestVisualizations::test_weekly_overlay_returns_figure
    PASS  tests/test_calculations.py::TestVisualizations::test_weekly_load_and_temp_chart
    PASS  tests/test_calculations.py::TestVisualizations::test_weekly_grid_economics_chart
    PASS  tests/test_calculations.py::TestVisualizations::test_annual_avoided_cost_returns_figure
    PASS  tests/test_calculations.py::TestVisualizations::test_stacked_components_returns_figure
    PASS  tests/test_calculations.py::TestVisualizations::test_stacked_components_no_legend
    PASS  tests/test_calculations.py::TestVisualizations::test_lifetime_npv_returns_figure
    PASS  tests/test_calculations.py::TestIntegrationPipeline::test_grid_to_avoided_costs_column_contract
    PASS  tests/test_calculations.py::TestIntegrationPipeline::test_full_pipeline_grid_to_npv
    PASS  tests/test_calculations.py::TestIntegrationPipeline::test_dr_dispatch_feeds_into_billing
    PASS  tests/test_calculations.py::TestIntegrationPipeline::test_avoided_costs_feed_into_visualizations
    PASS  tests/test_calculations.py::TestIntegrationPipeline::test_config_defaults_work_with_calculations
    PASS  tests/test_calculations.py::TestLoadProfileIngestion::test_beopt_raw_file_parsing
    PASS  tests/test_calculations.py::TestLoadProfileIngestion::test_load_profiles_directory_scan
    PASS  tests/test_calculations.py::TestLoadProfileIngestion::test_excel_file_parsing
    PASS  tests/test_calculations.py::TestLoadProfileIngestion::test_beopt_native_export_format_parsing
    PASS  tests/test_calculations.py::TestLoadProfileIngestion::test_beopt_battery_example_shows_charge_discharge_shift
    PASS  tests/test_calculations.py::TestCostEffectivenessTests::test_trc_and_pct_ratios

======================================================================
  Test Run: 2026-08-26 09:51:53  |  Result: ALL PASSED
  55 tests: 55 passed, 0 failed
======================================================================
    PASS  tests/test_calculations.py::TestCalculateAvoidedCosts::test_output_columns_exist
    PASS  tests/test_calculations.py::TestCalculateAvoidedCosts::test_output_length_8760
    PASS  tests/test_calculations.py::TestCalculateAvoidedCosts::test_gen_capacity_formula
    PASS  tests/test_calculations.py::TestCalculateAvoidedCosts::test_transmission_uses_pcaf
    PASS  tests/test_calculations.py::TestCalculateAvoidedCosts::test_emissions_formula
    PASS  tests/test_calculations.py::TestCalculateAvoidedCosts::test_total_is_sum_of_components
    PASS  tests/test_calculations.py::TestCalculateAvoidedCosts::test_zero_scalars_only_energy
    PASS  tests/test_calculations.py::TestCalculateUrdbBill::test_flat_rate_constant_load
    PASS  tests/test_calculations.py::TestCalculateUrdbBill::test_flat_rate_monthly_proportionality
    PASS  tests/test_calculations.py::TestCalculateUrdbBill::test_zero_load_only_fixed
    PASS  tests/test_calculations.py::TestCalculateUrdbBill::test_demand_charge
    PASS  tests/test_calculations.py::TestCalculateUrdbBill::test_gp_r31_seasonal_tiers
    PASS  tests/test_calculations.py::TestCalculateUrdbBill::test_bill_increases_with_load
    PASS  tests/test_calculations.py::TestGetHourlyEnergyRate::test_flat_rate_constant_everywhere
    PASS  tests/test_calculations.py::TestGetHourlyEnergyRate::test_gp_r31_seasonal_rate_changes
    PASS  tests/test_calculations.py::TestGetHourlyEnergyRate::test_no_energy_structure_returns_zeros
    PASS  tests/test_calculations.py::TestNPVDiscounting::test_discount_factors_sum
    PASS  tests/test_calculations.py::TestNPVDiscounting::test_zero_discount_rate
    PASS  tests/test_calculations.py::TestNPVDiscounting::test_npv_known_answer
    PASS  tests/test_calculations.py::TestNPVDiscounting::test_rim_ratio_calculation
    PASS  tests/test_calculations.py::TestNPVDiscounting::test_rim_zero_lost_revenue
    PASS  tests/test_calculations.py::TestCapacityMetrics::test_epc_uniform_cwft
    PASS  tests/test_calculations.py::TestCapacityMetrics::test_epc_peaked_cwft_higher_for_peaky_load
    PASS  tests/test_calculations.py::TestCapacityMetrics::test_epc_reduction
    PASS  tests/test_calculations.py::TestCapacityMetrics::test_elcc_proxy_formula
    PASS  tests/test_calculations.py::TestCapacityMetrics::test_elcc_proxy_peaky_load
    PASS  tests/test_calculations.py::TestCapacityMetrics::test_cwft_sums_to_one
    PASS  tests/test_calculations.py::TestDispatchDrProgram::test_respects_hour_limit
    PASS  tests/test_calculations.py::TestDispatchDrProgram::test_respects_daily_limit
    PASS  tests/test_calculations.py::TestDispatchDrProgram::test_summer_only_season
    PASS  tests/test_calculations.py::TestDispatchDrProgram::test_reduction_capped_at_load
    PASS  tests/test_calculations.py::TestDispatchDrProgram::test_returns_correct_shapes
    PASS  tests/test_calculations.py::TestConfig::test_scenario_options_nonempty
    PASS  tests/test_calculations.py::TestConfig::test_planning_year_options
    PASS  tests/test_calculations.py::TestConfig::test_default_values_positive
    PASS  tests/test_calculations.py::TestConfig::test_grid_components_has_5
    PASS  tests/test_calculations.py::TestConfig::test_week_windows_valid
    PASS  tests/test_calculations.py::TestConfig::test_weather_sensitivity_function
    PASS  tests/test_calculations.py::TestConfig::test_custom_css_nonempty
    PASS  tests/test_calculations.py::TestVisualizations::test_weekly_overlay_returns_figure
    PASS  tests/test_calculations.py::TestVisualizations::test_weekly_load_and_temp_chart
    PASS  tests/test_calculations.py::TestVisualizations::test_weekly_grid_economics_chart
    PASS  tests/test_calculations.py::TestVisualizations::test_annual_avoided_cost_returns_figure
    PASS  tests/test_calculations.py::TestVisualizations::test_stacked_components_returns_figure
    PASS  tests/test_calculations.py::TestVisualizations::test_stacked_components_no_legend
    PASS  tests/test_calculations.py::TestVisualizations::test_lifetime_npv_returns_figure
    PASS  tests/test_calculations.py::TestIntegrationPipeline::test_grid_to_avoided_costs_column_contract
    PASS  tests/test_calculations.py::TestIntegrationPipeline::test_full_pipeline_grid_to_npv
    PASS  tests/test_calculations.py::TestIntegrationPipeline::test_dr_dispatch_feeds_into_billing
    PASS  tests/test_calculations.py::TestIntegrationPipeline::test_avoided_costs_feed_into_visualizations
    PASS  tests/test_calculations.py::TestIntegrationPipeline::test_config_defaults_work_with_calculations
    PASS  tests/test_calculations.py::TestLoadProfileIngestion::test_beopt_raw_file_parsing
    PASS  tests/test_calculations.py::TestLoadProfileIngestion::test_load_profiles_directory_scan
    PASS  tests/test_calculations.py::TestLoadProfileIngestion::test_excel_file_parsing
    PASS  tests/test_calculations.py::TestCostEffectivenessTests::test_trc_and_pct_ratios

======================================================================
  Test Run: 2026-08-21 11:36:46  |  Result: ALL PASSED
  55 tests: 55 passed, 0 failed
======================================================================
    PASS  tests/test_calculations.py::TestCalculateAvoidedCosts::test_output_columns_exist
    PASS  tests/test_calculations.py::TestCalculateAvoidedCosts::test_output_length_8760
    PASS  tests/test_calculations.py::TestCalculateAvoidedCosts::test_gen_capacity_formula
    PASS  tests/test_calculations.py::TestCalculateAvoidedCosts::test_transmission_uses_pcaf
    PASS  tests/test_calculations.py::TestCalculateAvoidedCosts::test_emissions_formula
    PASS  tests/test_calculations.py::TestCalculateAvoidedCosts::test_total_is_sum_of_components
    PASS  tests/test_calculations.py::TestCalculateAvoidedCosts::test_zero_scalars_only_energy
    PASS  tests/test_calculations.py::TestCalculateUrdbBill::test_flat_rate_constant_load
    PASS  tests/test_calculations.py::TestCalculateUrdbBill::test_flat_rate_monthly_proportionality
    PASS  tests/test_calculations.py::TestCalculateUrdbBill::test_zero_load_only_fixed
    PASS  tests/test_calculations.py::TestCalculateUrdbBill::test_demand_charge
    PASS  tests/test_calculations.py::TestCalculateUrdbBill::test_gp_r31_seasonal_tiers
    PASS  tests/test_calculations.py::TestCalculateUrdbBill::test_bill_increases_with_load
    PASS  tests/test_calculations.py::TestGetHourlyEnergyRate::test_flat_rate_constant_everywhere
    PASS  tests/test_calculations.py::TestGetHourlyEnergyRate::test_gp_r31_seasonal_rate_changes
    PASS  tests/test_calculations.py::TestGetHourlyEnergyRate::test_no_energy_structure_returns_zeros
    PASS  tests/test_calculations.py::TestNPVDiscounting::test_discount_factors_sum
    PASS  tests/test_calculations.py::TestNPVDiscounting::test_zero_discount_rate
    PASS  tests/test_calculations.py::TestNPVDiscounting::test_npv_known_answer
    PASS  tests/test_calculations.py::TestNPVDiscounting::test_rim_ratio_calculation
    PASS  tests/test_calculations.py::TestNPVDiscounting::test_rim_zero_lost_revenue
    PASS  tests/test_calculations.py::TestCapacityMetrics::test_epc_uniform_cwft
    PASS  tests/test_calculations.py::TestCapacityMetrics::test_epc_peaked_cwft_higher_for_peaky_load
    PASS  tests/test_calculations.py::TestCapacityMetrics::test_epc_reduction
    PASS  tests/test_calculations.py::TestCapacityMetrics::test_elcc_proxy_formula
    PASS  tests/test_calculations.py::TestCapacityMetrics::test_elcc_proxy_peaky_load
    PASS  tests/test_calculations.py::TestCapacityMetrics::test_cwft_sums_to_one
    PASS  tests/test_calculations.py::TestDispatchDrProgram::test_respects_hour_limit
    PASS  tests/test_calculations.py::TestDispatchDrProgram::test_respects_daily_limit
    PASS  tests/test_calculations.py::TestDispatchDrProgram::test_summer_only_season
    PASS  tests/test_calculations.py::TestDispatchDrProgram::test_reduction_capped_at_load
    PASS  tests/test_calculations.py::TestDispatchDrProgram::test_returns_correct_shapes
    PASS  tests/test_calculations.py::TestConfig::test_scenario_options_nonempty
    PASS  tests/test_calculations.py::TestConfig::test_planning_year_options
    PASS  tests/test_calculations.py::TestConfig::test_default_values_positive
    PASS  tests/test_calculations.py::TestConfig::test_grid_components_has_5
    PASS  tests/test_calculations.py::TestConfig::test_week_windows_valid
    PASS  tests/test_calculations.py::TestConfig::test_weather_sensitivity_function
    PASS  tests/test_calculations.py::TestConfig::test_custom_css_nonempty
    PASS  tests/test_calculations.py::TestVisualizations::test_weekly_overlay_returns_figure
    PASS  tests/test_calculations.py::TestVisualizations::test_weekly_load_and_temp_chart
    PASS  tests/test_calculations.py::TestVisualizations::test_weekly_grid_economics_chart
    PASS  tests/test_calculations.py::TestVisualizations::test_annual_avoided_cost_returns_figure
    PASS  tests/test_calculations.py::TestVisualizations::test_stacked_components_returns_figure
    PASS  tests/test_calculations.py::TestVisualizations::test_stacked_components_no_legend
    PASS  tests/test_calculations.py::TestVisualizations::test_lifetime_npv_returns_figure
    PASS  tests/test_calculations.py::TestIntegrationPipeline::test_grid_to_avoided_costs_column_contract
    PASS  tests/test_calculations.py::TestIntegrationPipeline::test_full_pipeline_grid_to_npv
    PASS  tests/test_calculations.py::TestIntegrationPipeline::test_dr_dispatch_feeds_into_billing
    PASS  tests/test_calculations.py::TestIntegrationPipeline::test_avoided_costs_feed_into_visualizations
    PASS  tests/test_calculations.py::TestIntegrationPipeline::test_config_defaults_work_with_calculations
    PASS  tests/test_calculations.py::TestLoadProfileIngestion::test_beopt_raw_file_parsing
    PASS  tests/test_calculations.py::TestLoadProfileIngestion::test_load_profiles_directory_scan
    PASS  tests/test_calculations.py::TestLoadProfileIngestion::test_excel_file_parsing
    PASS  tests/test_calculations.py::TestCostEffectivenessTests::test_trc_and_pct_ratios

======================================================================
  Test Run: 2026-08-21 11:33:08  |  Result: ALL PASSED
  55 tests: 55 passed, 0 failed
======================================================================
    PASS  tests/test_calculations.py::TestCalculateAvoidedCosts::test_output_columns_exist
    PASS  tests/test_calculations.py::TestCalculateAvoidedCosts::test_output_length_8760
    PASS  tests/test_calculations.py::TestCalculateAvoidedCosts::test_gen_capacity_formula
    PASS  tests/test_calculations.py::TestCalculateAvoidedCosts::test_transmission_uses_pcaf
    PASS  tests/test_calculations.py::TestCalculateAvoidedCosts::test_emissions_formula
    PASS  tests/test_calculations.py::TestCalculateAvoidedCosts::test_total_is_sum_of_components
    PASS  tests/test_calculations.py::TestCalculateAvoidedCosts::test_zero_scalars_only_energy
    PASS  tests/test_calculations.py::TestCalculateUrdbBill::test_flat_rate_constant_load
    PASS  tests/test_calculations.py::TestCalculateUrdbBill::test_flat_rate_monthly_proportionality
    PASS  tests/test_calculations.py::TestCalculateUrdbBill::test_zero_load_only_fixed
    PASS  tests/test_calculations.py::TestCalculateUrdbBill::test_demand_charge
    PASS  tests/test_calculations.py::TestCalculateUrdbBill::test_gp_r31_seasonal_tiers
    PASS  tests/test_calculations.py::TestCalculateUrdbBill::test_bill_increases_with_load
    PASS  tests/test_calculations.py::TestGetHourlyEnergyRate::test_flat_rate_constant_everywhere
    PASS  tests/test_calculations.py::TestGetHourlyEnergyRate::test_gp_r31_seasonal_rate_changes
    PASS  tests/test_calculations.py::TestGetHourlyEnergyRate::test_no_energy_structure_returns_zeros
    PASS  tests/test_calculations.py::TestNPVDiscounting::test_discount_factors_sum
    PASS  tests/test_calculations.py::TestNPVDiscounting::test_zero_discount_rate
    PASS  tests/test_calculations.py::TestNPVDiscounting::test_npv_known_answer
    PASS  tests/test_calculations.py::TestNPVDiscounting::test_rim_ratio_calculation
    PASS  tests/test_calculations.py::TestNPVDiscounting::test_rim_zero_lost_revenue
    PASS  tests/test_calculations.py::TestCapacityMetrics::test_epc_uniform_cwft
    PASS  tests/test_calculations.py::TestCapacityMetrics::test_epc_peaked_cwft_higher_for_peaky_load
    PASS  tests/test_calculations.py::TestCapacityMetrics::test_epc_reduction
    PASS  tests/test_calculations.py::TestCapacityMetrics::test_elcc_proxy_formula
    PASS  tests/test_calculations.py::TestCapacityMetrics::test_elcc_proxy_peaky_load
    PASS  tests/test_calculations.py::TestCapacityMetrics::test_cwft_sums_to_one
    PASS  tests/test_calculations.py::TestDispatchDrProgram::test_respects_hour_limit
    PASS  tests/test_calculations.py::TestDispatchDrProgram::test_respects_daily_limit
    PASS  tests/test_calculations.py::TestDispatchDrProgram::test_summer_only_season
    PASS  tests/test_calculations.py::TestDispatchDrProgram::test_reduction_capped_at_load
    PASS  tests/test_calculations.py::TestDispatchDrProgram::test_returns_correct_shapes
    PASS  tests/test_calculations.py::TestConfig::test_scenario_options_nonempty
    PASS  tests/test_calculations.py::TestConfig::test_planning_year_options
    PASS  tests/test_calculations.py::TestConfig::test_default_values_positive
    PASS  tests/test_calculations.py::TestConfig::test_grid_components_has_5
    PASS  tests/test_calculations.py::TestConfig::test_week_windows_valid
    PASS  tests/test_calculations.py::TestConfig::test_weather_sensitivity_function
    PASS  tests/test_calculations.py::TestConfig::test_custom_css_nonempty
    PASS  tests/test_calculations.py::TestVisualizations::test_weekly_overlay_returns_figure
    PASS  tests/test_calculations.py::TestVisualizations::test_weekly_load_and_temp_chart
    PASS  tests/test_calculations.py::TestVisualizations::test_weekly_grid_economics_chart
    PASS  tests/test_calculations.py::TestVisualizations::test_annual_avoided_cost_returns_figure
    PASS  tests/test_calculations.py::TestVisualizations::test_stacked_components_returns_figure
    PASS  tests/test_calculations.py::TestVisualizations::test_stacked_components_no_legend
    PASS  tests/test_calculations.py::TestVisualizations::test_lifetime_npv_returns_figure
    PASS  tests/test_calculations.py::TestIntegrationPipeline::test_grid_to_avoided_costs_column_contract
    PASS  tests/test_calculations.py::TestIntegrationPipeline::test_full_pipeline_grid_to_npv
    PASS  tests/test_calculations.py::TestIntegrationPipeline::test_dr_dispatch_feeds_into_billing
    PASS  tests/test_calculations.py::TestIntegrationPipeline::test_avoided_costs_feed_into_visualizations
    PASS  tests/test_calculations.py::TestIntegrationPipeline::test_config_defaults_work_with_calculations
    PASS  tests/test_calculations.py::TestLoadProfileIngestion::test_beopt_raw_file_parsing
    PASS  tests/test_calculations.py::TestLoadProfileIngestion::test_load_profiles_directory_scan
    PASS  tests/test_calculations.py::TestLoadProfileIngestion::test_excel_file_parsing
    PASS  tests/test_calculations.py::TestCostEffectivenessTests::test_trc_and_pct_ratios

======================================================================
  Test Run: 2026-08-21 10:57:47  |  Result: ALL PASSED
  55 tests: 55 passed, 0 failed
======================================================================
    PASS  tests/test_calculations.py::TestCalculateAvoidedCosts::test_output_columns_exist
    PASS  tests/test_calculations.py::TestCalculateAvoidedCosts::test_output_length_8760
    PASS  tests/test_calculations.py::TestCalculateAvoidedCosts::test_gen_capacity_formula
    PASS  tests/test_calculations.py::TestCalculateAvoidedCosts::test_transmission_uses_pcaf
    PASS  tests/test_calculations.py::TestCalculateAvoidedCosts::test_emissions_formula
    PASS  tests/test_calculations.py::TestCalculateAvoidedCosts::test_total_is_sum_of_components
    PASS  tests/test_calculations.py::TestCalculateAvoidedCosts::test_zero_scalars_only_energy
    PASS  tests/test_calculations.py::TestCalculateUrdbBill::test_flat_rate_constant_load
    PASS  tests/test_calculations.py::TestCalculateUrdbBill::test_flat_rate_monthly_proportionality
    PASS  tests/test_calculations.py::TestCalculateUrdbBill::test_zero_load_only_fixed
    PASS  tests/test_calculations.py::TestCalculateUrdbBill::test_demand_charge
    PASS  tests/test_calculations.py::TestCalculateUrdbBill::test_gp_r31_seasonal_tiers
    PASS  tests/test_calculations.py::TestCalculateUrdbBill::test_bill_increases_with_load
    PASS  tests/test_calculations.py::TestGetHourlyEnergyRate::test_flat_rate_constant_everywhere
    PASS  tests/test_calculations.py::TestGetHourlyEnergyRate::test_gp_r31_seasonal_rate_changes
    PASS  tests/test_calculations.py::TestGetHourlyEnergyRate::test_no_energy_structure_returns_zeros
    PASS  tests/test_calculations.py::TestNPVDiscounting::test_discount_factors_sum
    PASS  tests/test_calculations.py::TestNPVDiscounting::test_zero_discount_rate
    PASS  tests/test_calculations.py::TestNPVDiscounting::test_npv_known_answer
    PASS  tests/test_calculations.py::TestNPVDiscounting::test_rim_ratio_calculation
    PASS  tests/test_calculations.py::TestNPVDiscounting::test_rim_zero_lost_revenue
    PASS  tests/test_calculations.py::TestCapacityMetrics::test_epc_uniform_cwft
    PASS  tests/test_calculations.py::TestCapacityMetrics::test_epc_peaked_cwft_higher_for_peaky_load
    PASS  tests/test_calculations.py::TestCapacityMetrics::test_epc_reduction
    PASS  tests/test_calculations.py::TestCapacityMetrics::test_elcc_proxy_formula
    PASS  tests/test_calculations.py::TestCapacityMetrics::test_elcc_proxy_peaky_load
    PASS  tests/test_calculations.py::TestCapacityMetrics::test_cwft_sums_to_one
    PASS  tests/test_calculations.py::TestDispatchDrProgram::test_respects_hour_limit
    PASS  tests/test_calculations.py::TestDispatchDrProgram::test_respects_daily_limit
    PASS  tests/test_calculations.py::TestDispatchDrProgram::test_summer_only_season
    PASS  tests/test_calculations.py::TestDispatchDrProgram::test_reduction_capped_at_load
    PASS  tests/test_calculations.py::TestDispatchDrProgram::test_returns_correct_shapes
    PASS  tests/test_calculations.py::TestConfig::test_scenario_options_nonempty
    PASS  tests/test_calculations.py::TestConfig::test_planning_year_options
    PASS  tests/test_calculations.py::TestConfig::test_default_values_positive
    PASS  tests/test_calculations.py::TestConfig::test_grid_components_has_5
    PASS  tests/test_calculations.py::TestConfig::test_week_windows_valid
    PASS  tests/test_calculations.py::TestConfig::test_weather_sensitivity_function
    PASS  tests/test_calculations.py::TestConfig::test_custom_css_nonempty
    PASS  tests/test_calculations.py::TestVisualizations::test_weekly_overlay_returns_figure
    PASS  tests/test_calculations.py::TestVisualizations::test_weekly_load_and_temp_chart
    PASS  tests/test_calculations.py::TestVisualizations::test_weekly_grid_economics_chart
    PASS  tests/test_calculations.py::TestVisualizations::test_annual_avoided_cost_returns_figure
    PASS  tests/test_calculations.py::TestVisualizations::test_stacked_components_returns_figure
    PASS  tests/test_calculations.py::TestVisualizations::test_stacked_components_no_legend
    PASS  tests/test_calculations.py::TestVisualizations::test_lifetime_npv_returns_figure
    PASS  tests/test_calculations.py::TestIntegrationPipeline::test_grid_to_avoided_costs_column_contract
    PASS  tests/test_calculations.py::TestIntegrationPipeline::test_full_pipeline_grid_to_npv
    PASS  tests/test_calculations.py::TestIntegrationPipeline::test_dr_dispatch_feeds_into_billing
    PASS  tests/test_calculations.py::TestIntegrationPipeline::test_avoided_costs_feed_into_visualizations
    PASS  tests/test_calculations.py::TestIntegrationPipeline::test_config_defaults_work_with_calculations
    PASS  tests/test_calculations.py::TestLoadProfileIngestion::test_beopt_raw_file_parsing
    PASS  tests/test_calculations.py::TestLoadProfileIngestion::test_load_profiles_directory_scan
    PASS  tests/test_calculations.py::TestLoadProfileIngestion::test_excel_file_parsing
    PASS  tests/test_calculations.py::TestCostEffectivenessTests::test_trc_and_pct_ratios

======================================================================
  Test Run: 2026-08-21 10:47:18  |  Result: ALL PASSED
  55 tests: 55 passed, 0 failed
======================================================================
    PASS  tests/test_calculations.py::TestCalculateAvoidedCosts::test_output_columns_exist
    PASS  tests/test_calculations.py::TestCalculateAvoidedCosts::test_output_length_8760
    PASS  tests/test_calculations.py::TestCalculateAvoidedCosts::test_gen_capacity_formula
    PASS  tests/test_calculations.py::TestCalculateAvoidedCosts::test_transmission_uses_pcaf
    PASS  tests/test_calculations.py::TestCalculateAvoidedCosts::test_emissions_formula
    PASS  tests/test_calculations.py::TestCalculateAvoidedCosts::test_total_is_sum_of_components
    PASS  tests/test_calculations.py::TestCalculateAvoidedCosts::test_zero_scalars_only_energy
    PASS  tests/test_calculations.py::TestCalculateUrdbBill::test_flat_rate_constant_load
    PASS  tests/test_calculations.py::TestCalculateUrdbBill::test_flat_rate_monthly_proportionality
    PASS  tests/test_calculations.py::TestCalculateUrdbBill::test_zero_load_only_fixed
    PASS  tests/test_calculations.py::TestCalculateUrdbBill::test_demand_charge
    PASS  tests/test_calculations.py::TestCalculateUrdbBill::test_gp_r31_seasonal_tiers
    PASS  tests/test_calculations.py::TestCalculateUrdbBill::test_bill_increases_with_load
    PASS  tests/test_calculations.py::TestGetHourlyEnergyRate::test_flat_rate_constant_everywhere
    PASS  tests/test_calculations.py::TestGetHourlyEnergyRate::test_gp_r31_seasonal_rate_changes
    PASS  tests/test_calculations.py::TestGetHourlyEnergyRate::test_no_energy_structure_returns_zeros
    PASS  tests/test_calculations.py::TestNPVDiscounting::test_discount_factors_sum
    PASS  tests/test_calculations.py::TestNPVDiscounting::test_zero_discount_rate
    PASS  tests/test_calculations.py::TestNPVDiscounting::test_npv_known_answer
    PASS  tests/test_calculations.py::TestNPVDiscounting::test_rim_ratio_calculation
    PASS  tests/test_calculations.py::TestNPVDiscounting::test_rim_zero_lost_revenue
    PASS  tests/test_calculations.py::TestCapacityMetrics::test_epc_uniform_cwft
    PASS  tests/test_calculations.py::TestCapacityMetrics::test_epc_peaked_cwft_higher_for_peaky_load
    PASS  tests/test_calculations.py::TestCapacityMetrics::test_epc_reduction
    PASS  tests/test_calculations.py::TestCapacityMetrics::test_elcc_proxy_formula
    PASS  tests/test_calculations.py::TestCapacityMetrics::test_elcc_proxy_peaky_load
    PASS  tests/test_calculations.py::TestCapacityMetrics::test_cwft_sums_to_one
    PASS  tests/test_calculations.py::TestDispatchDrProgram::test_respects_hour_limit
    PASS  tests/test_calculations.py::TestDispatchDrProgram::test_respects_daily_limit
    PASS  tests/test_calculations.py::TestDispatchDrProgram::test_summer_only_season
    PASS  tests/test_calculations.py::TestDispatchDrProgram::test_reduction_capped_at_load
    PASS  tests/test_calculations.py::TestDispatchDrProgram::test_returns_correct_shapes
    PASS  tests/test_calculations.py::TestConfig::test_scenario_options_nonempty
    PASS  tests/test_calculations.py::TestConfig::test_planning_year_options
    PASS  tests/test_calculations.py::TestConfig::test_default_values_positive
    PASS  tests/test_calculations.py::TestConfig::test_grid_components_has_5
    PASS  tests/test_calculations.py::TestConfig::test_week_windows_valid
    PASS  tests/test_calculations.py::TestConfig::test_weather_sensitivity_function
    PASS  tests/test_calculations.py::TestConfig::test_custom_css_nonempty
    PASS  tests/test_calculations.py::TestVisualizations::test_weekly_overlay_returns_figure
    PASS  tests/test_calculations.py::TestVisualizations::test_weekly_load_and_temp_chart
    PASS  tests/test_calculations.py::TestVisualizations::test_weekly_grid_economics_chart
    PASS  tests/test_calculations.py::TestVisualizations::test_annual_avoided_cost_returns_figure
    PASS  tests/test_calculations.py::TestVisualizations::test_stacked_components_returns_figure
    PASS  tests/test_calculations.py::TestVisualizations::test_stacked_components_no_legend
    PASS  tests/test_calculations.py::TestVisualizations::test_lifetime_npv_returns_figure
    PASS  tests/test_calculations.py::TestIntegrationPipeline::test_grid_to_avoided_costs_column_contract
    PASS  tests/test_calculations.py::TestIntegrationPipeline::test_full_pipeline_grid_to_npv
    PASS  tests/test_calculations.py::TestIntegrationPipeline::test_dr_dispatch_feeds_into_billing
    PASS  tests/test_calculations.py::TestIntegrationPipeline::test_avoided_costs_feed_into_visualizations
    PASS  tests/test_calculations.py::TestIntegrationPipeline::test_config_defaults_work_with_calculations
    PASS  tests/test_calculations.py::TestLoadProfileIngestion::test_beopt_raw_file_parsing
    PASS  tests/test_calculations.py::TestLoadProfileIngestion::test_load_profiles_directory_scan
    PASS  tests/test_calculations.py::TestLoadProfileIngestion::test_excel_file_parsing
    PASS  tests/test_calculations.py::TestCostEffectivenessTests::test_trc_and_pct_ratios

======================================================================
  Test Run: 2026-08-19 10:28:48  |  Result: ALL PASSED
  55 tests: 55 passed, 0 failed
======================================================================
    PASS  tests/test_calculations.py::TestCalculateAvoidedCosts::test_output_columns_exist
    PASS  tests/test_calculations.py::TestCalculateAvoidedCosts::test_output_length_8760
    PASS  tests/test_calculations.py::TestCalculateAvoidedCosts::test_gen_capacity_formula
    PASS  tests/test_calculations.py::TestCalculateAvoidedCosts::test_transmission_uses_pcaf
    PASS  tests/test_calculations.py::TestCalculateAvoidedCosts::test_emissions_formula
    PASS  tests/test_calculations.py::TestCalculateAvoidedCosts::test_total_is_sum_of_components
    PASS  tests/test_calculations.py::TestCalculateAvoidedCosts::test_zero_scalars_only_energy
    PASS  tests/test_calculations.py::TestCalculateUrdbBill::test_flat_rate_constant_load
    PASS  tests/test_calculations.py::TestCalculateUrdbBill::test_flat_rate_monthly_proportionality
    PASS  tests/test_calculations.py::TestCalculateUrdbBill::test_zero_load_only_fixed
    PASS  tests/test_calculations.py::TestCalculateUrdbBill::test_demand_charge
    PASS  tests/test_calculations.py::TestCalculateUrdbBill::test_gp_r31_seasonal_tiers
    PASS  tests/test_calculations.py::TestCalculateUrdbBill::test_bill_increases_with_load
    PASS  tests/test_calculations.py::TestGetHourlyEnergyRate::test_flat_rate_constant_everywhere
    PASS  tests/test_calculations.py::TestGetHourlyEnergyRate::test_gp_r31_seasonal_rate_changes
    PASS  tests/test_calculations.py::TestGetHourlyEnergyRate::test_no_energy_structure_returns_zeros
    PASS  tests/test_calculations.py::TestNPVDiscounting::test_discount_factors_sum
    PASS  tests/test_calculations.py::TestNPVDiscounting::test_zero_discount_rate
    PASS  tests/test_calculations.py::TestNPVDiscounting::test_npv_known_answer
    PASS  tests/test_calculations.py::TestNPVDiscounting::test_rim_ratio_calculation
    PASS  tests/test_calculations.py::TestNPVDiscounting::test_rim_zero_lost_revenue
    PASS  tests/test_calculations.py::TestCapacityMetrics::test_epc_uniform_cwft
    PASS  tests/test_calculations.py::TestCapacityMetrics::test_epc_peaked_cwft_higher_for_peaky_load
    PASS  tests/test_calculations.py::TestCapacityMetrics::test_epc_reduction
    PASS  tests/test_calculations.py::TestCapacityMetrics::test_elcc_proxy_formula
    PASS  tests/test_calculations.py::TestCapacityMetrics::test_elcc_proxy_peaky_load
    PASS  tests/test_calculations.py::TestCapacityMetrics::test_cwft_sums_to_one
    PASS  tests/test_calculations.py::TestDispatchDrProgram::test_respects_hour_limit
    PASS  tests/test_calculations.py::TestDispatchDrProgram::test_respects_daily_limit
    PASS  tests/test_calculations.py::TestDispatchDrProgram::test_summer_only_season
    PASS  tests/test_calculations.py::TestDispatchDrProgram::test_reduction_capped_at_load
    PASS  tests/test_calculations.py::TestDispatchDrProgram::test_returns_correct_shapes
    PASS  tests/test_calculations.py::TestConfig::test_scenario_options_nonempty
    PASS  tests/test_calculations.py::TestConfig::test_planning_year_options
    PASS  tests/test_calculations.py::TestConfig::test_default_values_positive
    PASS  tests/test_calculations.py::TestConfig::test_grid_components_has_5
    PASS  tests/test_calculations.py::TestConfig::test_week_windows_valid
    PASS  tests/test_calculations.py::TestConfig::test_weather_sensitivity_function
    PASS  tests/test_calculations.py::TestConfig::test_custom_css_nonempty
    PASS  tests/test_calculations.py::TestVisualizations::test_weekly_overlay_returns_figure
    PASS  tests/test_calculations.py::TestVisualizations::test_weekly_load_and_temp_chart
    PASS  tests/test_calculations.py::TestVisualizations::test_weekly_grid_economics_chart
    PASS  tests/test_calculations.py::TestVisualizations::test_annual_avoided_cost_returns_figure
    PASS  tests/test_calculations.py::TestVisualizations::test_stacked_components_returns_figure
    PASS  tests/test_calculations.py::TestVisualizations::test_stacked_components_no_legend
    PASS  tests/test_calculations.py::TestVisualizations::test_lifetime_npv_returns_figure
    PASS  tests/test_calculations.py::TestIntegrationPipeline::test_grid_to_avoided_costs_column_contract
    PASS  tests/test_calculations.py::TestIntegrationPipeline::test_full_pipeline_grid_to_npv
    PASS  tests/test_calculations.py::TestIntegrationPipeline::test_dr_dispatch_feeds_into_billing
    PASS  tests/test_calculations.py::TestIntegrationPipeline::test_avoided_costs_feed_into_visualizations
    PASS  tests/test_calculations.py::TestIntegrationPipeline::test_config_defaults_work_with_calculations
    PASS  tests/test_calculations.py::TestLoadProfileIngestion::test_beopt_raw_file_parsing
    PASS  tests/test_calculations.py::TestLoadProfileIngestion::test_load_profiles_directory_scan
    PASS  tests/test_calculations.py::TestLoadProfileIngestion::test_excel_file_parsing
    PASS  tests/test_calculations.py::TestCostEffectivenessTests::test_trc_and_pct_ratios

======================================================================
  Test Run: 2026-08-19 10:22:28  |  Result: ALL PASSED
  55 tests: 55 passed, 0 failed
======================================================================
    PASS  tests/test_calculations.py::TestCalculateAvoidedCosts::test_output_columns_exist
    PASS  tests/test_calculations.py::TestCalculateAvoidedCosts::test_output_length_8760
    PASS  tests/test_calculations.py::TestCalculateAvoidedCosts::test_gen_capacity_formula
    PASS  tests/test_calculations.py::TestCalculateAvoidedCosts::test_transmission_uses_pcaf
    PASS  tests/test_calculations.py::TestCalculateAvoidedCosts::test_emissions_formula
    PASS  tests/test_calculations.py::TestCalculateAvoidedCosts::test_total_is_sum_of_components
    PASS  tests/test_calculations.py::TestCalculateAvoidedCosts::test_zero_scalars_only_energy
    PASS  tests/test_calculations.py::TestCalculateUrdbBill::test_flat_rate_constant_load
    PASS  tests/test_calculations.py::TestCalculateUrdbBill::test_flat_rate_monthly_proportionality
    PASS  tests/test_calculations.py::TestCalculateUrdbBill::test_zero_load_only_fixed
    PASS  tests/test_calculations.py::TestCalculateUrdbBill::test_demand_charge
    PASS  tests/test_calculations.py::TestCalculateUrdbBill::test_gp_r31_seasonal_tiers
    PASS  tests/test_calculations.py::TestCalculateUrdbBill::test_bill_increases_with_load
    PASS  tests/test_calculations.py::TestGetHourlyEnergyRate::test_flat_rate_constant_everywhere
    PASS  tests/test_calculations.py::TestGetHourlyEnergyRate::test_gp_r31_seasonal_rate_changes
    PASS  tests/test_calculations.py::TestGetHourlyEnergyRate::test_no_energy_structure_returns_zeros
    PASS  tests/test_calculations.py::TestNPVDiscounting::test_discount_factors_sum
    PASS  tests/test_calculations.py::TestNPVDiscounting::test_zero_discount_rate
    PASS  tests/test_calculations.py::TestNPVDiscounting::test_npv_known_answer
    PASS  tests/test_calculations.py::TestNPVDiscounting::test_rim_ratio_calculation
    PASS  tests/test_calculations.py::TestNPVDiscounting::test_rim_zero_lost_revenue
    PASS  tests/test_calculations.py::TestCapacityMetrics::test_epc_uniform_cwft
    PASS  tests/test_calculations.py::TestCapacityMetrics::test_epc_peaked_cwft_higher_for_peaky_load
    PASS  tests/test_calculations.py::TestCapacityMetrics::test_epc_reduction
    PASS  tests/test_calculations.py::TestCapacityMetrics::test_elcc_proxy_formula
    PASS  tests/test_calculations.py::TestCapacityMetrics::test_elcc_proxy_peaky_load
    PASS  tests/test_calculations.py::TestCapacityMetrics::test_cwft_sums_to_one
    PASS  tests/test_calculations.py::TestDispatchDrProgram::test_respects_hour_limit
    PASS  tests/test_calculations.py::TestDispatchDrProgram::test_respects_daily_limit
    PASS  tests/test_calculations.py::TestDispatchDrProgram::test_summer_only_season
    PASS  tests/test_calculations.py::TestDispatchDrProgram::test_reduction_capped_at_load
    PASS  tests/test_calculations.py::TestDispatchDrProgram::test_returns_correct_shapes
    PASS  tests/test_calculations.py::TestConfig::test_scenario_options_nonempty
    PASS  tests/test_calculations.py::TestConfig::test_planning_year_options
    PASS  tests/test_calculations.py::TestConfig::test_default_values_positive
    PASS  tests/test_calculations.py::TestConfig::test_grid_components_has_5
    PASS  tests/test_calculations.py::TestConfig::test_week_windows_valid
    PASS  tests/test_calculations.py::TestConfig::test_weather_sensitivity_function
    PASS  tests/test_calculations.py::TestConfig::test_custom_css_nonempty
    PASS  tests/test_calculations.py::TestVisualizations::test_weekly_overlay_returns_figure
    PASS  tests/test_calculations.py::TestVisualizations::test_weekly_load_and_temp_chart
    PASS  tests/test_calculations.py::TestVisualizations::test_weekly_grid_economics_chart
    PASS  tests/test_calculations.py::TestVisualizations::test_annual_avoided_cost_returns_figure
    PASS  tests/test_calculations.py::TestVisualizations::test_stacked_components_returns_figure
    PASS  tests/test_calculations.py::TestVisualizations::test_stacked_components_no_legend
    PASS  tests/test_calculations.py::TestVisualizations::test_lifetime_npv_returns_figure
    PASS  tests/test_calculations.py::TestIntegrationPipeline::test_grid_to_avoided_costs_column_contract
    PASS  tests/test_calculations.py::TestIntegrationPipeline::test_full_pipeline_grid_to_npv
    PASS  tests/test_calculations.py::TestIntegrationPipeline::test_dr_dispatch_feeds_into_billing
    PASS  tests/test_calculations.py::TestIntegrationPipeline::test_avoided_costs_feed_into_visualizations
    PASS  tests/test_calculations.py::TestIntegrationPipeline::test_config_defaults_work_with_calculations
    PASS  tests/test_calculations.py::TestLoadProfileIngestion::test_beopt_raw_file_parsing
    PASS  tests/test_calculations.py::TestLoadProfileIngestion::test_load_profiles_directory_scan
    PASS  tests/test_calculations.py::TestLoadProfileIngestion::test_excel_file_parsing
    PASS  tests/test_calculations.py::TestCostEffectivenessTests::test_trc_and_pct_ratios

======================================================================
  Test Run: 2026-08-19 10:12:23  |  Result: ALL PASSED
  55 tests: 55 passed, 0 failed
======================================================================
    PASS  tests/test_calculations.py::TestCalculateAvoidedCosts::test_output_columns_exist
    PASS  tests/test_calculations.py::TestCalculateAvoidedCosts::test_output_length_8760
    PASS  tests/test_calculations.py::TestCalculateAvoidedCosts::test_gen_capacity_formula
    PASS  tests/test_calculations.py::TestCalculateAvoidedCosts::test_transmission_uses_pcaf
    PASS  tests/test_calculations.py::TestCalculateAvoidedCosts::test_emissions_formula
    PASS  tests/test_calculations.py::TestCalculateAvoidedCosts::test_total_is_sum_of_components
    PASS  tests/test_calculations.py::TestCalculateAvoidedCosts::test_zero_scalars_only_energy
    PASS  tests/test_calculations.py::TestCalculateUrdbBill::test_flat_rate_constant_load
    PASS  tests/test_calculations.py::TestCalculateUrdbBill::test_flat_rate_monthly_proportionality
    PASS  tests/test_calculations.py::TestCalculateUrdbBill::test_zero_load_only_fixed
    PASS  tests/test_calculations.py::TestCalculateUrdbBill::test_demand_charge
    PASS  tests/test_calculations.py::TestCalculateUrdbBill::test_gp_r31_seasonal_tiers
    PASS  tests/test_calculations.py::TestCalculateUrdbBill::test_bill_increases_with_load
    PASS  tests/test_calculations.py::TestGetHourlyEnergyRate::test_flat_rate_constant_everywhere
    PASS  tests/test_calculations.py::TestGetHourlyEnergyRate::test_gp_r31_seasonal_rate_changes
    PASS  tests/test_calculations.py::TestGetHourlyEnergyRate::test_no_energy_structure_returns_zeros
    PASS  tests/test_calculations.py::TestNPVDiscounting::test_discount_factors_sum
    PASS  tests/test_calculations.py::TestNPVDiscounting::test_zero_discount_rate
    PASS  tests/test_calculations.py::TestNPVDiscounting::test_npv_known_answer
    PASS  tests/test_calculations.py::TestNPVDiscounting::test_rim_ratio_calculation
    PASS  tests/test_calculations.py::TestNPVDiscounting::test_rim_zero_lost_revenue
    PASS  tests/test_calculations.py::TestCapacityMetrics::test_epc_uniform_cwft
    PASS  tests/test_calculations.py::TestCapacityMetrics::test_epc_peaked_cwft_higher_for_peaky_load
    PASS  tests/test_calculations.py::TestCapacityMetrics::test_epc_reduction
    PASS  tests/test_calculations.py::TestCapacityMetrics::test_elcc_proxy_formula
    PASS  tests/test_calculations.py::TestCapacityMetrics::test_elcc_proxy_peaky_load
    PASS  tests/test_calculations.py::TestCapacityMetrics::test_cwft_sums_to_one
    PASS  tests/test_calculations.py::TestDispatchDrProgram::test_respects_hour_limit
    PASS  tests/test_calculations.py::TestDispatchDrProgram::test_respects_daily_limit
    PASS  tests/test_calculations.py::TestDispatchDrProgram::test_summer_only_season
    PASS  tests/test_calculations.py::TestDispatchDrProgram::test_reduction_capped_at_load
    PASS  tests/test_calculations.py::TestDispatchDrProgram::test_returns_correct_shapes
    PASS  tests/test_calculations.py::TestConfig::test_scenario_options_nonempty
    PASS  tests/test_calculations.py::TestConfig::test_planning_year_options
    PASS  tests/test_calculations.py::TestConfig::test_default_values_positive
    PASS  tests/test_calculations.py::TestConfig::test_grid_components_has_5
    PASS  tests/test_calculations.py::TestConfig::test_week_windows_valid
    PASS  tests/test_calculations.py::TestConfig::test_weather_sensitivity_function
    PASS  tests/test_calculations.py::TestConfig::test_custom_css_nonempty
    PASS  tests/test_calculations.py::TestVisualizations::test_weekly_overlay_returns_figure
    PASS  tests/test_calculations.py::TestVisualizations::test_weekly_load_and_temp_chart
    PASS  tests/test_calculations.py::TestVisualizations::test_weekly_grid_economics_chart
    PASS  tests/test_calculations.py::TestVisualizations::test_annual_avoided_cost_returns_figure
    PASS  tests/test_calculations.py::TestVisualizations::test_stacked_components_returns_figure
    PASS  tests/test_calculations.py::TestVisualizations::test_stacked_components_no_legend
    PASS  tests/test_calculations.py::TestVisualizations::test_lifetime_npv_returns_figure
    PASS  tests/test_calculations.py::TestIntegrationPipeline::test_grid_to_avoided_costs_column_contract
    PASS  tests/test_calculations.py::TestIntegrationPipeline::test_full_pipeline_grid_to_npv
    PASS  tests/test_calculations.py::TestIntegrationPipeline::test_dr_dispatch_feeds_into_billing
    PASS  tests/test_calculations.py::TestIntegrationPipeline::test_avoided_costs_feed_into_visualizations
    PASS  tests/test_calculations.py::TestIntegrationPipeline::test_config_defaults_work_with_calculations
    PASS  tests/test_calculations.py::TestLoadProfileIngestion::test_beopt_raw_file_parsing
    PASS  tests/test_calculations.py::TestLoadProfileIngestion::test_load_profiles_directory_scan
    PASS  tests/test_calculations.py::TestLoadProfileIngestion::test_excel_file_parsing
    PASS  tests/test_calculations.py::TestCostEffectivenessTests::test_trc_and_pct_ratios

======================================================================
  Test Run: 2026-08-19 10:07:08  |  Result: ALL PASSED
  55 tests: 55 passed, 0 failed
======================================================================
    PASS  tests/test_calculations.py::TestCalculateAvoidedCosts::test_output_columns_exist
    PASS  tests/test_calculations.py::TestCalculateAvoidedCosts::test_output_length_8760
    PASS  tests/test_calculations.py::TestCalculateAvoidedCosts::test_gen_capacity_formula
    PASS  tests/test_calculations.py::TestCalculateAvoidedCosts::test_transmission_uses_pcaf
    PASS  tests/test_calculations.py::TestCalculateAvoidedCosts::test_emissions_formula
    PASS  tests/test_calculations.py::TestCalculateAvoidedCosts::test_total_is_sum_of_components
    PASS  tests/test_calculations.py::TestCalculateAvoidedCosts::test_zero_scalars_only_energy
    PASS  tests/test_calculations.py::TestCalculateUrdbBill::test_flat_rate_constant_load
    PASS  tests/test_calculations.py::TestCalculateUrdbBill::test_flat_rate_monthly_proportionality
    PASS  tests/test_calculations.py::TestCalculateUrdbBill::test_zero_load_only_fixed
    PASS  tests/test_calculations.py::TestCalculateUrdbBill::test_demand_charge
    PASS  tests/test_calculations.py::TestCalculateUrdbBill::test_gp_r31_seasonal_tiers
    PASS  tests/test_calculations.py::TestCalculateUrdbBill::test_bill_increases_with_load
    PASS  tests/test_calculations.py::TestGetHourlyEnergyRate::test_flat_rate_constant_everywhere
    PASS  tests/test_calculations.py::TestGetHourlyEnergyRate::test_gp_r31_seasonal_rate_changes
    PASS  tests/test_calculations.py::TestGetHourlyEnergyRate::test_no_energy_structure_returns_zeros
    PASS  tests/test_calculations.py::TestNPVDiscounting::test_discount_factors_sum
    PASS  tests/test_calculations.py::TestNPVDiscounting::test_zero_discount_rate
    PASS  tests/test_calculations.py::TestNPVDiscounting::test_npv_known_answer
    PASS  tests/test_calculations.py::TestNPVDiscounting::test_rim_ratio_calculation
    PASS  tests/test_calculations.py::TestNPVDiscounting::test_rim_zero_lost_revenue
    PASS  tests/test_calculations.py::TestCapacityMetrics::test_epc_uniform_cwft
    PASS  tests/test_calculations.py::TestCapacityMetrics::test_epc_peaked_cwft_higher_for_peaky_load
    PASS  tests/test_calculations.py::TestCapacityMetrics::test_epc_reduction
    PASS  tests/test_calculations.py::TestCapacityMetrics::test_elcc_proxy_formula
    PASS  tests/test_calculations.py::TestCapacityMetrics::test_elcc_proxy_peaky_load
    PASS  tests/test_calculations.py::TestCapacityMetrics::test_cwft_sums_to_one
    PASS  tests/test_calculations.py::TestDispatchDrProgram::test_respects_hour_limit
    PASS  tests/test_calculations.py::TestDispatchDrProgram::test_respects_daily_limit
    PASS  tests/test_calculations.py::TestDispatchDrProgram::test_summer_only_season
    PASS  tests/test_calculations.py::TestDispatchDrProgram::test_reduction_capped_at_load
    PASS  tests/test_calculations.py::TestDispatchDrProgram::test_returns_correct_shapes
    PASS  tests/test_calculations.py::TestConfig::test_scenario_options_nonempty
    PASS  tests/test_calculations.py::TestConfig::test_planning_year_options
    PASS  tests/test_calculations.py::TestConfig::test_default_values_positive
    PASS  tests/test_calculations.py::TestConfig::test_grid_components_has_5
    PASS  tests/test_calculations.py::TestConfig::test_week_windows_valid
    PASS  tests/test_calculations.py::TestConfig::test_weather_sensitivity_function
    PASS  tests/test_calculations.py::TestConfig::test_custom_css_nonempty
    PASS  tests/test_calculations.py::TestVisualizations::test_weekly_overlay_returns_figure
    PASS  tests/test_calculations.py::TestVisualizations::test_weekly_load_and_temp_chart
    PASS  tests/test_calculations.py::TestVisualizations::test_weekly_grid_economics_chart
    PASS  tests/test_calculations.py::TestVisualizations::test_annual_avoided_cost_returns_figure
    PASS  tests/test_calculations.py::TestVisualizations::test_stacked_components_returns_figure
    PASS  tests/test_calculations.py::TestVisualizations::test_stacked_components_no_legend
    PASS  tests/test_calculations.py::TestVisualizations::test_lifetime_npv_returns_figure
    PASS  tests/test_calculations.py::TestIntegrationPipeline::test_grid_to_avoided_costs_column_contract
    PASS  tests/test_calculations.py::TestIntegrationPipeline::test_full_pipeline_grid_to_npv
    PASS  tests/test_calculations.py::TestIntegrationPipeline::test_dr_dispatch_feeds_into_billing
    PASS  tests/test_calculations.py::TestIntegrationPipeline::test_avoided_costs_feed_into_visualizations
    PASS  tests/test_calculations.py::TestIntegrationPipeline::test_config_defaults_work_with_calculations
    PASS  tests/test_calculations.py::TestLoadProfileIngestion::test_beopt_raw_file_parsing
    PASS  tests/test_calculations.py::TestLoadProfileIngestion::test_load_profiles_directory_scan
    PASS  tests/test_calculations.py::TestLoadProfileIngestion::test_excel_file_parsing
    PASS  tests/test_calculations.py::TestCostEffectivenessTests::test_trc_and_pct_ratios

======================================================================
  Test Run: 2026-08-19 10:03:43  |  Result: ALL PASSED
  55 tests: 55 passed, 0 failed
======================================================================
    PASS  tests/test_calculations.py::TestCalculateAvoidedCosts::test_output_columns_exist
    PASS  tests/test_calculations.py::TestCalculateAvoidedCosts::test_output_length_8760
    PASS  tests/test_calculations.py::TestCalculateAvoidedCosts::test_gen_capacity_formula
    PASS  tests/test_calculations.py::TestCalculateAvoidedCosts::test_transmission_uses_pcaf
    PASS  tests/test_calculations.py::TestCalculateAvoidedCosts::test_emissions_formula
    PASS  tests/test_calculations.py::TestCalculateAvoidedCosts::test_total_is_sum_of_components
    PASS  tests/test_calculations.py::TestCalculateAvoidedCosts::test_zero_scalars_only_energy
    PASS  tests/test_calculations.py::TestCalculateUrdbBill::test_flat_rate_constant_load
    PASS  tests/test_calculations.py::TestCalculateUrdbBill::test_flat_rate_monthly_proportionality
    PASS  tests/test_calculations.py::TestCalculateUrdbBill::test_zero_load_only_fixed
    PASS  tests/test_calculations.py::TestCalculateUrdbBill::test_demand_charge
    PASS  tests/test_calculations.py::TestCalculateUrdbBill::test_gp_r31_seasonal_tiers
    PASS  tests/test_calculations.py::TestCalculateUrdbBill::test_bill_increases_with_load
    PASS  tests/test_calculations.py::TestGetHourlyEnergyRate::test_flat_rate_constant_everywhere
    PASS  tests/test_calculations.py::TestGetHourlyEnergyRate::test_gp_r31_seasonal_rate_changes
    PASS  tests/test_calculations.py::TestGetHourlyEnergyRate::test_no_energy_structure_returns_zeros
    PASS  tests/test_calculations.py::TestNPVDiscounting::test_discount_factors_sum
    PASS  tests/test_calculations.py::TestNPVDiscounting::test_zero_discount_rate
    PASS  tests/test_calculations.py::TestNPVDiscounting::test_npv_known_answer
    PASS  tests/test_calculations.py::TestNPVDiscounting::test_rim_ratio_calculation
    PASS  tests/test_calculations.py::TestNPVDiscounting::test_rim_zero_lost_revenue
    PASS  tests/test_calculations.py::TestCapacityMetrics::test_epc_uniform_cwft
    PASS  tests/test_calculations.py::TestCapacityMetrics::test_epc_peaked_cwft_higher_for_peaky_load
    PASS  tests/test_calculations.py::TestCapacityMetrics::test_epc_reduction
    PASS  tests/test_calculations.py::TestCapacityMetrics::test_elcc_proxy_formula
    PASS  tests/test_calculations.py::TestCapacityMetrics::test_elcc_proxy_peaky_load
    PASS  tests/test_calculations.py::TestCapacityMetrics::test_cwft_sums_to_one
    PASS  tests/test_calculations.py::TestDispatchDrProgram::test_respects_hour_limit
    PASS  tests/test_calculations.py::TestDispatchDrProgram::test_respects_daily_limit
    PASS  tests/test_calculations.py::TestDispatchDrProgram::test_summer_only_season
    PASS  tests/test_calculations.py::TestDispatchDrProgram::test_reduction_capped_at_load
    PASS  tests/test_calculations.py::TestDispatchDrProgram::test_returns_correct_shapes
    PASS  tests/test_calculations.py::TestConfig::test_scenario_options_nonempty
    PASS  tests/test_calculations.py::TestConfig::test_planning_year_options
    PASS  tests/test_calculations.py::TestConfig::test_default_values_positive
    PASS  tests/test_calculations.py::TestConfig::test_grid_components_has_5
    PASS  tests/test_calculations.py::TestConfig::test_week_windows_valid
    PASS  tests/test_calculations.py::TestConfig::test_weather_sensitivity_function
    PASS  tests/test_calculations.py::TestConfig::test_custom_css_nonempty
    PASS  tests/test_calculations.py::TestVisualizations::test_weekly_overlay_returns_figure
    PASS  tests/test_calculations.py::TestVisualizations::test_weekly_load_and_temp_chart
    PASS  tests/test_calculations.py::TestVisualizations::test_weekly_grid_economics_chart
    PASS  tests/test_calculations.py::TestVisualizations::test_annual_avoided_cost_returns_figure
    PASS  tests/test_calculations.py::TestVisualizations::test_stacked_components_returns_figure
    PASS  tests/test_calculations.py::TestVisualizations::test_stacked_components_no_legend
    PASS  tests/test_calculations.py::TestVisualizations::test_lifetime_npv_returns_figure
    PASS  tests/test_calculations.py::TestIntegrationPipeline::test_grid_to_avoided_costs_column_contract
    PASS  tests/test_calculations.py::TestIntegrationPipeline::test_full_pipeline_grid_to_npv
    PASS  tests/test_calculations.py::TestIntegrationPipeline::test_dr_dispatch_feeds_into_billing
    PASS  tests/test_calculations.py::TestIntegrationPipeline::test_avoided_costs_feed_into_visualizations
    PASS  tests/test_calculations.py::TestIntegrationPipeline::test_config_defaults_work_with_calculations
    PASS  tests/test_calculations.py::TestLoadProfileIngestion::test_beopt_raw_file_parsing
    PASS  tests/test_calculations.py::TestLoadProfileIngestion::test_load_profiles_directory_scan
    PASS  tests/test_calculations.py::TestLoadProfileIngestion::test_excel_file_parsing
    PASS  tests/test_calculations.py::TestCostEffectivenessTests::test_trc_and_pct_ratios

======================================================================
  Test Run: 2026-08-19 09:57:09  |  Result: ALL PASSED
  55 tests: 55 passed, 0 failed
======================================================================
    PASS  tests/test_calculations.py::TestCalculateAvoidedCosts::test_output_columns_exist
    PASS  tests/test_calculations.py::TestCalculateAvoidedCosts::test_output_length_8760
    PASS  tests/test_calculations.py::TestCalculateAvoidedCosts::test_gen_capacity_formula
    PASS  tests/test_calculations.py::TestCalculateAvoidedCosts::test_transmission_uses_pcaf
    PASS  tests/test_calculations.py::TestCalculateAvoidedCosts::test_emissions_formula
    PASS  tests/test_calculations.py::TestCalculateAvoidedCosts::test_total_is_sum_of_components
    PASS  tests/test_calculations.py::TestCalculateAvoidedCosts::test_zero_scalars_only_energy
    PASS  tests/test_calculations.py::TestCalculateUrdbBill::test_flat_rate_constant_load
    PASS  tests/test_calculations.py::TestCalculateUrdbBill::test_flat_rate_monthly_proportionality
    PASS  tests/test_calculations.py::TestCalculateUrdbBill::test_zero_load_only_fixed
    PASS  tests/test_calculations.py::TestCalculateUrdbBill::test_demand_charge
    PASS  tests/test_calculations.py::TestCalculateUrdbBill::test_gp_r31_seasonal_tiers
    PASS  tests/test_calculations.py::TestCalculateUrdbBill::test_bill_increases_with_load
    PASS  tests/test_calculations.py::TestGetHourlyEnergyRate::test_flat_rate_constant_everywhere
    PASS  tests/test_calculations.py::TestGetHourlyEnergyRate::test_gp_r31_seasonal_rate_changes
    PASS  tests/test_calculations.py::TestGetHourlyEnergyRate::test_no_energy_structure_returns_zeros
    PASS  tests/test_calculations.py::TestNPVDiscounting::test_discount_factors_sum
    PASS  tests/test_calculations.py::TestNPVDiscounting::test_zero_discount_rate
    PASS  tests/test_calculations.py::TestNPVDiscounting::test_npv_known_answer
    PASS  tests/test_calculations.py::TestNPVDiscounting::test_rim_ratio_calculation
    PASS  tests/test_calculations.py::TestNPVDiscounting::test_rim_zero_lost_revenue
    PASS  tests/test_calculations.py::TestCapacityMetrics::test_epc_uniform_cwft
    PASS  tests/test_calculations.py::TestCapacityMetrics::test_epc_peaked_cwft_higher_for_peaky_load
    PASS  tests/test_calculations.py::TestCapacityMetrics::test_epc_reduction
    PASS  tests/test_calculations.py::TestCapacityMetrics::test_elcc_proxy_formula
    PASS  tests/test_calculations.py::TestCapacityMetrics::test_elcc_proxy_peaky_load
    PASS  tests/test_calculations.py::TestCapacityMetrics::test_cwft_sums_to_one
    PASS  tests/test_calculations.py::TestDispatchDrProgram::test_respects_hour_limit
    PASS  tests/test_calculations.py::TestDispatchDrProgram::test_respects_daily_limit
    PASS  tests/test_calculations.py::TestDispatchDrProgram::test_summer_only_season
    PASS  tests/test_calculations.py::TestDispatchDrProgram::test_reduction_capped_at_load
    PASS  tests/test_calculations.py::TestDispatchDrProgram::test_returns_correct_shapes
    PASS  tests/test_calculations.py::TestConfig::test_scenario_options_nonempty
    PASS  tests/test_calculations.py::TestConfig::test_planning_year_options
    PASS  tests/test_calculations.py::TestConfig::test_default_values_positive
    PASS  tests/test_calculations.py::TestConfig::test_grid_components_has_5
    PASS  tests/test_calculations.py::TestConfig::test_week_windows_valid
    PASS  tests/test_calculations.py::TestConfig::test_weather_sensitivity_function
    PASS  tests/test_calculations.py::TestConfig::test_custom_css_nonempty
    PASS  tests/test_calculations.py::TestVisualizations::test_weekly_overlay_returns_figure
    PASS  tests/test_calculations.py::TestVisualizations::test_weekly_load_and_temp_chart
    PASS  tests/test_calculations.py::TestVisualizations::test_weekly_grid_economics_chart
    PASS  tests/test_calculations.py::TestVisualizations::test_annual_avoided_cost_returns_figure
    PASS  tests/test_calculations.py::TestVisualizations::test_stacked_components_returns_figure
    PASS  tests/test_calculations.py::TestVisualizations::test_stacked_components_no_legend
    PASS  tests/test_calculations.py::TestVisualizations::test_lifetime_npv_returns_figure
    PASS  tests/test_calculations.py::TestIntegrationPipeline::test_grid_to_avoided_costs_column_contract
    PASS  tests/test_calculations.py::TestIntegrationPipeline::test_full_pipeline_grid_to_npv
    PASS  tests/test_calculations.py::TestIntegrationPipeline::test_dr_dispatch_feeds_into_billing
    PASS  tests/test_calculations.py::TestIntegrationPipeline::test_avoided_costs_feed_into_visualizations
    PASS  tests/test_calculations.py::TestIntegrationPipeline::test_config_defaults_work_with_calculations
    PASS  tests/test_calculations.py::TestLoadProfileIngestion::test_beopt_raw_file_parsing
    PASS  tests/test_calculations.py::TestLoadProfileIngestion::test_load_profiles_directory_scan
    PASS  tests/test_calculations.py::TestLoadProfileIngestion::test_excel_file_parsing
    PASS  tests/test_calculations.py::TestCostEffectivenessTests::test_trc_and_pct_ratios

======================================================================
  Test Run: 2026-08-19 09:52:49  |  Result: ALL PASSED
  55 tests: 55 passed, 0 failed
======================================================================
    PASS  tests/test_calculations.py::TestCalculateAvoidedCosts::test_output_columns_exist
    PASS  tests/test_calculations.py::TestCalculateAvoidedCosts::test_output_length_8760
    PASS  tests/test_calculations.py::TestCalculateAvoidedCosts::test_gen_capacity_formula
    PASS  tests/test_calculations.py::TestCalculateAvoidedCosts::test_transmission_uses_pcaf
    PASS  tests/test_calculations.py::TestCalculateAvoidedCosts::test_emissions_formula
    PASS  tests/test_calculations.py::TestCalculateAvoidedCosts::test_total_is_sum_of_components
    PASS  tests/test_calculations.py::TestCalculateAvoidedCosts::test_zero_scalars_only_energy
    PASS  tests/test_calculations.py::TestCalculateUrdbBill::test_flat_rate_constant_load
    PASS  tests/test_calculations.py::TestCalculateUrdbBill::test_flat_rate_monthly_proportionality
    PASS  tests/test_calculations.py::TestCalculateUrdbBill::test_zero_load_only_fixed
    PASS  tests/test_calculations.py::TestCalculateUrdbBill::test_demand_charge
    PASS  tests/test_calculations.py::TestCalculateUrdbBill::test_gp_r31_seasonal_tiers
    PASS  tests/test_calculations.py::TestCalculateUrdbBill::test_bill_increases_with_load
    PASS  tests/test_calculations.py::TestGetHourlyEnergyRate::test_flat_rate_constant_everywhere
    PASS  tests/test_calculations.py::TestGetHourlyEnergyRate::test_gp_r31_seasonal_rate_changes
    PASS  tests/test_calculations.py::TestGetHourlyEnergyRate::test_no_energy_structure_returns_zeros
    PASS  tests/test_calculations.py::TestNPVDiscounting::test_discount_factors_sum
    PASS  tests/test_calculations.py::TestNPVDiscounting::test_zero_discount_rate
    PASS  tests/test_calculations.py::TestNPVDiscounting::test_npv_known_answer
    PASS  tests/test_calculations.py::TestNPVDiscounting::test_rim_ratio_calculation
    PASS  tests/test_calculations.py::TestNPVDiscounting::test_rim_zero_lost_revenue
    PASS  tests/test_calculations.py::TestCapacityMetrics::test_epc_uniform_cwft
    PASS  tests/test_calculations.py::TestCapacityMetrics::test_epc_peaked_cwft_higher_for_peaky_load
    PASS  tests/test_calculations.py::TestCapacityMetrics::test_epc_reduction
    PASS  tests/test_calculations.py::TestCapacityMetrics::test_elcc_proxy_formula
    PASS  tests/test_calculations.py::TestCapacityMetrics::test_elcc_proxy_peaky_load
    PASS  tests/test_calculations.py::TestCapacityMetrics::test_cwft_sums_to_one
    PASS  tests/test_calculations.py::TestDispatchDrProgram::test_respects_hour_limit
    PASS  tests/test_calculations.py::TestDispatchDrProgram::test_respects_daily_limit
    PASS  tests/test_calculations.py::TestDispatchDrProgram::test_summer_only_season
    PASS  tests/test_calculations.py::TestDispatchDrProgram::test_reduction_capped_at_load
    PASS  tests/test_calculations.py::TestDispatchDrProgram::test_returns_correct_shapes
    PASS  tests/test_calculations.py::TestConfig::test_scenario_options_nonempty
    PASS  tests/test_calculations.py::TestConfig::test_planning_year_options
    PASS  tests/test_calculations.py::TestConfig::test_default_values_positive
    PASS  tests/test_calculations.py::TestConfig::test_grid_components_has_5
    PASS  tests/test_calculations.py::TestConfig::test_week_windows_valid
    PASS  tests/test_calculations.py::TestConfig::test_weather_sensitivity_function
    PASS  tests/test_calculations.py::TestConfig::test_custom_css_nonempty
    PASS  tests/test_calculations.py::TestVisualizations::test_weekly_overlay_returns_figure
    PASS  tests/test_calculations.py::TestVisualizations::test_weekly_load_and_temp_chart
    PASS  tests/test_calculations.py::TestVisualizations::test_weekly_grid_economics_chart
    PASS  tests/test_calculations.py::TestVisualizations::test_annual_avoided_cost_returns_figure
    PASS  tests/test_calculations.py::TestVisualizations::test_stacked_components_returns_figure
    PASS  tests/test_calculations.py::TestVisualizations::test_stacked_components_no_legend
    PASS  tests/test_calculations.py::TestVisualizations::test_lifetime_npv_returns_figure
    PASS  tests/test_calculations.py::TestIntegrationPipeline::test_grid_to_avoided_costs_column_contract
    PASS  tests/test_calculations.py::TestIntegrationPipeline::test_full_pipeline_grid_to_npv
    PASS  tests/test_calculations.py::TestIntegrationPipeline::test_dr_dispatch_feeds_into_billing
    PASS  tests/test_calculations.py::TestIntegrationPipeline::test_avoided_costs_feed_into_visualizations
    PASS  tests/test_calculations.py::TestIntegrationPipeline::test_config_defaults_work_with_calculations
    PASS  tests/test_calculations.py::TestLoadProfileIngestion::test_beopt_raw_file_parsing
    PASS  tests/test_calculations.py::TestLoadProfileIngestion::test_load_profiles_directory_scan
    PASS  tests/test_calculations.py::TestLoadProfileIngestion::test_excel_file_parsing
    PASS  tests/test_calculations.py::TestCostEffectivenessTests::test_trc_and_pct_ratios

======================================================================
  Test Run: 2026-08-19 09:41:08  |  Result: ALL PASSED
  55 tests: 55 passed, 0 failed
======================================================================
    PASS  tests/test_calculations.py::TestCalculateAvoidedCosts::test_output_columns_exist
    PASS  tests/test_calculations.py::TestCalculateAvoidedCosts::test_output_length_8760
    PASS  tests/test_calculations.py::TestCalculateAvoidedCosts::test_gen_capacity_formula
    PASS  tests/test_calculations.py::TestCalculateAvoidedCosts::test_transmission_uses_pcaf
    PASS  tests/test_calculations.py::TestCalculateAvoidedCosts::test_emissions_formula
    PASS  tests/test_calculations.py::TestCalculateAvoidedCosts::test_total_is_sum_of_components
    PASS  tests/test_calculations.py::TestCalculateAvoidedCosts::test_zero_scalars_only_energy
    PASS  tests/test_calculations.py::TestCalculateUrdbBill::test_flat_rate_constant_load
    PASS  tests/test_calculations.py::TestCalculateUrdbBill::test_flat_rate_monthly_proportionality
    PASS  tests/test_calculations.py::TestCalculateUrdbBill::test_zero_load_only_fixed
    PASS  tests/test_calculations.py::TestCalculateUrdbBill::test_demand_charge
    PASS  tests/test_calculations.py::TestCalculateUrdbBill::test_gp_r31_seasonal_tiers
    PASS  tests/test_calculations.py::TestCalculateUrdbBill::test_bill_increases_with_load
    PASS  tests/test_calculations.py::TestGetHourlyEnergyRate::test_flat_rate_constant_everywhere
    PASS  tests/test_calculations.py::TestGetHourlyEnergyRate::test_gp_r31_seasonal_rate_changes
    PASS  tests/test_calculations.py::TestGetHourlyEnergyRate::test_no_energy_structure_returns_zeros
    PASS  tests/test_calculations.py::TestNPVDiscounting::test_discount_factors_sum
    PASS  tests/test_calculations.py::TestNPVDiscounting::test_zero_discount_rate
    PASS  tests/test_calculations.py::TestNPVDiscounting::test_npv_known_answer
    PASS  tests/test_calculations.py::TestNPVDiscounting::test_rim_ratio_calculation
    PASS  tests/test_calculations.py::TestNPVDiscounting::test_rim_zero_lost_revenue
    PASS  tests/test_calculations.py::TestCapacityMetrics::test_epc_uniform_cwft
    PASS  tests/test_calculations.py::TestCapacityMetrics::test_epc_peaked_cwft_higher_for_peaky_load
    PASS  tests/test_calculations.py::TestCapacityMetrics::test_epc_reduction
    PASS  tests/test_calculations.py::TestCapacityMetrics::test_elcc_proxy_formula
    PASS  tests/test_calculations.py::TestCapacityMetrics::test_elcc_proxy_peaky_load
    PASS  tests/test_calculations.py::TestCapacityMetrics::test_cwft_sums_to_one
    PASS  tests/test_calculations.py::TestDispatchDrProgram::test_respects_hour_limit
    PASS  tests/test_calculations.py::TestDispatchDrProgram::test_respects_daily_limit
    PASS  tests/test_calculations.py::TestDispatchDrProgram::test_summer_only_season
    PASS  tests/test_calculations.py::TestDispatchDrProgram::test_reduction_capped_at_load
    PASS  tests/test_calculations.py::TestDispatchDrProgram::test_returns_correct_shapes
    PASS  tests/test_calculations.py::TestConfig::test_scenario_options_nonempty
    PASS  tests/test_calculations.py::TestConfig::test_planning_year_options
    PASS  tests/test_calculations.py::TestConfig::test_default_values_positive
    PASS  tests/test_calculations.py::TestConfig::test_grid_components_has_5
    PASS  tests/test_calculations.py::TestConfig::test_week_windows_valid
    PASS  tests/test_calculations.py::TestConfig::test_weather_sensitivity_function
    PASS  tests/test_calculations.py::TestConfig::test_custom_css_nonempty
    PASS  tests/test_calculations.py::TestVisualizations::test_weekly_overlay_returns_figure
    PASS  tests/test_calculations.py::TestVisualizations::test_weekly_load_and_temp_chart
    PASS  tests/test_calculations.py::TestVisualizations::test_weekly_grid_economics_chart
    PASS  tests/test_calculations.py::TestVisualizations::test_annual_avoided_cost_returns_figure
    PASS  tests/test_calculations.py::TestVisualizations::test_stacked_components_returns_figure
    PASS  tests/test_calculations.py::TestVisualizations::test_stacked_components_no_legend
    PASS  tests/test_calculations.py::TestVisualizations::test_lifetime_npv_returns_figure
    PASS  tests/test_calculations.py::TestIntegrationPipeline::test_grid_to_avoided_costs_column_contract
    PASS  tests/test_calculations.py::TestIntegrationPipeline::test_full_pipeline_grid_to_npv
    PASS  tests/test_calculations.py::TestIntegrationPipeline::test_dr_dispatch_feeds_into_billing
    PASS  tests/test_calculations.py::TestIntegrationPipeline::test_avoided_costs_feed_into_visualizations
    PASS  tests/test_calculations.py::TestIntegrationPipeline::test_config_defaults_work_with_calculations
    PASS  tests/test_calculations.py::TestLoadProfileIngestion::test_beopt_raw_file_parsing
    PASS  tests/test_calculations.py::TestLoadProfileIngestion::test_load_profiles_directory_scan
    PASS  tests/test_calculations.py::TestLoadProfileIngestion::test_excel_file_parsing
    PASS  tests/test_calculations.py::TestCostEffectivenessTests::test_trc_and_pct_ratios

======================================================================
  Test Run: 2026-08-18 16:12:32  |  Result: ALL PASSED
  55 tests: 55 passed, 0 failed
======================================================================
    PASS  tests/test_calculations.py::TestCalculateAvoidedCosts::test_output_columns_exist
    PASS  tests/test_calculations.py::TestCalculateAvoidedCosts::test_output_length_8760
    PASS  tests/test_calculations.py::TestCalculateAvoidedCosts::test_gen_capacity_formula
    PASS  tests/test_calculations.py::TestCalculateAvoidedCosts::test_transmission_uses_pcaf
    PASS  tests/test_calculations.py::TestCalculateAvoidedCosts::test_emissions_formula
    PASS  tests/test_calculations.py::TestCalculateAvoidedCosts::test_total_is_sum_of_components
    PASS  tests/test_calculations.py::TestCalculateAvoidedCosts::test_zero_scalars_only_energy
    PASS  tests/test_calculations.py::TestCalculateUrdbBill::test_flat_rate_constant_load
    PASS  tests/test_calculations.py::TestCalculateUrdbBill::test_flat_rate_monthly_proportionality
    PASS  tests/test_calculations.py::TestCalculateUrdbBill::test_zero_load_only_fixed
    PASS  tests/test_calculations.py::TestCalculateUrdbBill::test_demand_charge
    PASS  tests/test_calculations.py::TestCalculateUrdbBill::test_gp_r31_seasonal_tiers
    PASS  tests/test_calculations.py::TestCalculateUrdbBill::test_bill_increases_with_load
    PASS  tests/test_calculations.py::TestGetHourlyEnergyRate::test_flat_rate_constant_everywhere
    PASS  tests/test_calculations.py::TestGetHourlyEnergyRate::test_gp_r31_seasonal_rate_changes
    PASS  tests/test_calculations.py::TestGetHourlyEnergyRate::test_no_energy_structure_returns_zeros
    PASS  tests/test_calculations.py::TestNPVDiscounting::test_discount_factors_sum
    PASS  tests/test_calculations.py::TestNPVDiscounting::test_zero_discount_rate
    PASS  tests/test_calculations.py::TestNPVDiscounting::test_npv_known_answer
    PASS  tests/test_calculations.py::TestNPVDiscounting::test_rim_ratio_calculation
    PASS  tests/test_calculations.py::TestNPVDiscounting::test_rim_zero_lost_revenue
    PASS  tests/test_calculations.py::TestCapacityMetrics::test_epc_uniform_cwft
    PASS  tests/test_calculations.py::TestCapacityMetrics::test_epc_peaked_cwft_higher_for_peaky_load
    PASS  tests/test_calculations.py::TestCapacityMetrics::test_epc_reduction
    PASS  tests/test_calculations.py::TestCapacityMetrics::test_elcc_proxy_formula
    PASS  tests/test_calculations.py::TestCapacityMetrics::test_elcc_proxy_peaky_load
    PASS  tests/test_calculations.py::TestCapacityMetrics::test_cwft_sums_to_one
    PASS  tests/test_calculations.py::TestDispatchDrProgram::test_respects_hour_limit
    PASS  tests/test_calculations.py::TestDispatchDrProgram::test_respects_daily_limit
    PASS  tests/test_calculations.py::TestDispatchDrProgram::test_summer_only_season
    PASS  tests/test_calculations.py::TestDispatchDrProgram::test_reduction_capped_at_load
    PASS  tests/test_calculations.py::TestDispatchDrProgram::test_returns_correct_shapes
    PASS  tests/test_calculations.py::TestConfig::test_scenario_options_nonempty
    PASS  tests/test_calculations.py::TestConfig::test_planning_year_options
    PASS  tests/test_calculations.py::TestConfig::test_default_values_positive
    PASS  tests/test_calculations.py::TestConfig::test_grid_components_has_5
    PASS  tests/test_calculations.py::TestConfig::test_week_windows_valid
    PASS  tests/test_calculations.py::TestConfig::test_weather_sensitivity_function
    PASS  tests/test_calculations.py::TestConfig::test_custom_css_nonempty
    PASS  tests/test_calculations.py::TestVisualizations::test_weekly_overlay_returns_figure
    PASS  tests/test_calculations.py::TestVisualizations::test_weekly_load_and_temp_chart
    PASS  tests/test_calculations.py::TestVisualizations::test_weekly_grid_economics_chart
    PASS  tests/test_calculations.py::TestVisualizations::test_annual_avoided_cost_returns_figure
    PASS  tests/test_calculations.py::TestVisualizations::test_stacked_components_returns_figure
    PASS  tests/test_calculations.py::TestVisualizations::test_stacked_components_no_legend
    PASS  tests/test_calculations.py::TestVisualizations::test_lifetime_npv_returns_figure
    PASS  tests/test_calculations.py::TestIntegrationPipeline::test_grid_to_avoided_costs_column_contract
    PASS  tests/test_calculations.py::TestIntegrationPipeline::test_full_pipeline_grid_to_npv
    PASS  tests/test_calculations.py::TestIntegrationPipeline::test_dr_dispatch_feeds_into_billing
    PASS  tests/test_calculations.py::TestIntegrationPipeline::test_avoided_costs_feed_into_visualizations
    PASS  tests/test_calculations.py::TestIntegrationPipeline::test_config_defaults_work_with_calculations
    PASS  tests/test_calculations.py::TestLoadProfileIngestion::test_beopt_raw_file_parsing
    PASS  tests/test_calculations.py::TestLoadProfileIngestion::test_load_profiles_directory_scan
    PASS  tests/test_calculations.py::TestLoadProfileIngestion::test_excel_file_parsing
    PASS  tests/test_calculations.py::TestCostEffectivenessTests::test_trc_and_pct_ratios

======================================================================
  Test Run: 2026-08-18 16:09:55  |  Result: ALL PASSED
  55 tests: 55 passed, 0 failed
======================================================================
    PASS  tests/test_calculations.py::TestCalculateAvoidedCosts::test_output_columns_exist
    PASS  tests/test_calculations.py::TestCalculateAvoidedCosts::test_output_length_8760
    PASS  tests/test_calculations.py::TestCalculateAvoidedCosts::test_gen_capacity_formula
    PASS  tests/test_calculations.py::TestCalculateAvoidedCosts::test_transmission_uses_pcaf
    PASS  tests/test_calculations.py::TestCalculateAvoidedCosts::test_emissions_formula
    PASS  tests/test_calculations.py::TestCalculateAvoidedCosts::test_total_is_sum_of_components
    PASS  tests/test_calculations.py::TestCalculateAvoidedCosts::test_zero_scalars_only_energy
    PASS  tests/test_calculations.py::TestCalculateUrdbBill::test_flat_rate_constant_load
    PASS  tests/test_calculations.py::TestCalculateUrdbBill::test_flat_rate_monthly_proportionality
    PASS  tests/test_calculations.py::TestCalculateUrdbBill::test_zero_load_only_fixed
    PASS  tests/test_calculations.py::TestCalculateUrdbBill::test_demand_charge
    PASS  tests/test_calculations.py::TestCalculateUrdbBill::test_gp_r31_seasonal_tiers
    PASS  tests/test_calculations.py::TestCalculateUrdbBill::test_bill_increases_with_load
    PASS  tests/test_calculations.py::TestGetHourlyEnergyRate::test_flat_rate_constant_everywhere
    PASS  tests/test_calculations.py::TestGetHourlyEnergyRate::test_gp_r31_seasonal_rate_changes
    PASS  tests/test_calculations.py::TestGetHourlyEnergyRate::test_no_energy_structure_returns_zeros
    PASS  tests/test_calculations.py::TestNPVDiscounting::test_discount_factors_sum
    PASS  tests/test_calculations.py::TestNPVDiscounting::test_zero_discount_rate
    PASS  tests/test_calculations.py::TestNPVDiscounting::test_npv_known_answer
    PASS  tests/test_calculations.py::TestNPVDiscounting::test_rim_ratio_calculation
    PASS  tests/test_calculations.py::TestNPVDiscounting::test_rim_zero_lost_revenue
    PASS  tests/test_calculations.py::TestCapacityMetrics::test_epc_uniform_cwft
    PASS  tests/test_calculations.py::TestCapacityMetrics::test_epc_peaked_cwft_higher_for_peaky_load
    PASS  tests/test_calculations.py::TestCapacityMetrics::test_epc_reduction
    PASS  tests/test_calculations.py::TestCapacityMetrics::test_elcc_proxy_formula
    PASS  tests/test_calculations.py::TestCapacityMetrics::test_elcc_proxy_peaky_load
    PASS  tests/test_calculations.py::TestCapacityMetrics::test_cwft_sums_to_one
    PASS  tests/test_calculations.py::TestDispatchDrProgram::test_respects_hour_limit
    PASS  tests/test_calculations.py::TestDispatchDrProgram::test_respects_daily_limit
    PASS  tests/test_calculations.py::TestDispatchDrProgram::test_summer_only_season
    PASS  tests/test_calculations.py::TestDispatchDrProgram::test_reduction_capped_at_load
    PASS  tests/test_calculations.py::TestDispatchDrProgram::test_returns_correct_shapes
    PASS  tests/test_calculations.py::TestConfig::test_scenario_options_nonempty
    PASS  tests/test_calculations.py::TestConfig::test_planning_year_options
    PASS  tests/test_calculations.py::TestConfig::test_default_values_positive
    PASS  tests/test_calculations.py::TestConfig::test_grid_components_has_5
    PASS  tests/test_calculations.py::TestConfig::test_week_windows_valid
    PASS  tests/test_calculations.py::TestConfig::test_weather_sensitivity_function
    PASS  tests/test_calculations.py::TestConfig::test_custom_css_nonempty
    PASS  tests/test_calculations.py::TestVisualizations::test_weekly_overlay_returns_figure
    PASS  tests/test_calculations.py::TestVisualizations::test_weekly_load_and_temp_chart
    PASS  tests/test_calculations.py::TestVisualizations::test_weekly_grid_economics_chart
    PASS  tests/test_calculations.py::TestVisualizations::test_annual_avoided_cost_returns_figure
    PASS  tests/test_calculations.py::TestVisualizations::test_stacked_components_returns_figure
    PASS  tests/test_calculations.py::TestVisualizations::test_stacked_components_no_legend
    PASS  tests/test_calculations.py::TestVisualizations::test_lifetime_npv_returns_figure
    PASS  tests/test_calculations.py::TestIntegrationPipeline::test_grid_to_avoided_costs_column_contract
    PASS  tests/test_calculations.py::TestIntegrationPipeline::test_full_pipeline_grid_to_npv
    PASS  tests/test_calculations.py::TestIntegrationPipeline::test_dr_dispatch_feeds_into_billing
    PASS  tests/test_calculations.py::TestIntegrationPipeline::test_avoided_costs_feed_into_visualizations
    PASS  tests/test_calculations.py::TestIntegrationPipeline::test_config_defaults_work_with_calculations
    PASS  tests/test_calculations.py::TestLoadProfileIngestion::test_beopt_raw_file_parsing
    PASS  tests/test_calculations.py::TestLoadProfileIngestion::test_load_profiles_directory_scan
    PASS  tests/test_calculations.py::TestLoadProfileIngestion::test_excel_file_parsing
    PASS  tests/test_calculations.py::TestCostEffectivenessTests::test_trc_and_pct_ratios

======================================================================
  Test Run: 2026-08-18 16:09:17  |  Result: ALL PASSED
  55 tests: 55 passed, 0 failed
======================================================================
    PASS  tests/test_calculations.py::TestCalculateAvoidedCosts::test_output_columns_exist
    PASS  tests/test_calculations.py::TestCalculateAvoidedCosts::test_output_length_8760
    PASS  tests/test_calculations.py::TestCalculateAvoidedCosts::test_gen_capacity_formula
    PASS  tests/test_calculations.py::TestCalculateAvoidedCosts::test_transmission_uses_pcaf
    PASS  tests/test_calculations.py::TestCalculateAvoidedCosts::test_emissions_formula
    PASS  tests/test_calculations.py::TestCalculateAvoidedCosts::test_total_is_sum_of_components
    PASS  tests/test_calculations.py::TestCalculateAvoidedCosts::test_zero_scalars_only_energy
    PASS  tests/test_calculations.py::TestCalculateUrdbBill::test_flat_rate_constant_load
    PASS  tests/test_calculations.py::TestCalculateUrdbBill::test_flat_rate_monthly_proportionality
    PASS  tests/test_calculations.py::TestCalculateUrdbBill::test_zero_load_only_fixed
    PASS  tests/test_calculations.py::TestCalculateUrdbBill::test_demand_charge
    PASS  tests/test_calculations.py::TestCalculateUrdbBill::test_gp_r31_seasonal_tiers
    PASS  tests/test_calculations.py::TestCalculateUrdbBill::test_bill_increases_with_load
    PASS  tests/test_calculations.py::TestGetHourlyEnergyRate::test_flat_rate_constant_everywhere
    PASS  tests/test_calculations.py::TestGetHourlyEnergyRate::test_gp_r31_seasonal_rate_changes
    PASS  tests/test_calculations.py::TestGetHourlyEnergyRate::test_no_energy_structure_returns_zeros
    PASS  tests/test_calculations.py::TestNPVDiscounting::test_discount_factors_sum
    PASS  tests/test_calculations.py::TestNPVDiscounting::test_zero_discount_rate
    PASS  tests/test_calculations.py::TestNPVDiscounting::test_npv_known_answer
    PASS  tests/test_calculations.py::TestNPVDiscounting::test_rim_ratio_calculation
    PASS  tests/test_calculations.py::TestNPVDiscounting::test_rim_zero_lost_revenue
    PASS  tests/test_calculations.py::TestCapacityMetrics::test_epc_uniform_cwft
    PASS  tests/test_calculations.py::TestCapacityMetrics::test_epc_peaked_cwft_higher_for_peaky_load
    PASS  tests/test_calculations.py::TestCapacityMetrics::test_epc_reduction
    PASS  tests/test_calculations.py::TestCapacityMetrics::test_elcc_proxy_formula
    PASS  tests/test_calculations.py::TestCapacityMetrics::test_elcc_proxy_peaky_load
    PASS  tests/test_calculations.py::TestCapacityMetrics::test_cwft_sums_to_one
    PASS  tests/test_calculations.py::TestDispatchDrProgram::test_respects_hour_limit
    PASS  tests/test_calculations.py::TestDispatchDrProgram::test_respects_daily_limit
    PASS  tests/test_calculations.py::TestDispatchDrProgram::test_summer_only_season
    PASS  tests/test_calculations.py::TestDispatchDrProgram::test_reduction_capped_at_load
    PASS  tests/test_calculations.py::TestDispatchDrProgram::test_returns_correct_shapes
    PASS  tests/test_calculations.py::TestConfig::test_scenario_options_nonempty
    PASS  tests/test_calculations.py::TestConfig::test_planning_year_options
    PASS  tests/test_calculations.py::TestConfig::test_default_values_positive
    PASS  tests/test_calculations.py::TestConfig::test_grid_components_has_5
    PASS  tests/test_calculations.py::TestConfig::test_week_windows_valid
    PASS  tests/test_calculations.py::TestConfig::test_weather_sensitivity_function
    PASS  tests/test_calculations.py::TestConfig::test_custom_css_nonempty
    PASS  tests/test_calculations.py::TestVisualizations::test_weekly_overlay_returns_figure
    PASS  tests/test_calculations.py::TestVisualizations::test_weekly_load_and_temp_chart
    PASS  tests/test_calculations.py::TestVisualizations::test_weekly_grid_economics_chart
    PASS  tests/test_calculations.py::TestVisualizations::test_annual_avoided_cost_returns_figure
    PASS  tests/test_calculations.py::TestVisualizations::test_stacked_components_returns_figure
    PASS  tests/test_calculations.py::TestVisualizations::test_stacked_components_no_legend
    PASS  tests/test_calculations.py::TestVisualizations::test_lifetime_npv_returns_figure
    PASS  tests/test_calculations.py::TestIntegrationPipeline::test_grid_to_avoided_costs_column_contract
    PASS  tests/test_calculations.py::TestIntegrationPipeline::test_full_pipeline_grid_to_npv
    PASS  tests/test_calculations.py::TestIntegrationPipeline::test_dr_dispatch_feeds_into_billing
    PASS  tests/test_calculations.py::TestIntegrationPipeline::test_avoided_costs_feed_into_visualizations
    PASS  tests/test_calculations.py::TestIntegrationPipeline::test_config_defaults_work_with_calculations
    PASS  tests/test_calculations.py::TestLoadProfileIngestion::test_beopt_raw_file_parsing
    PASS  tests/test_calculations.py::TestLoadProfileIngestion::test_load_profiles_directory_scan
    PASS  tests/test_calculations.py::TestLoadProfileIngestion::test_excel_file_parsing
    PASS  tests/test_calculations.py::TestCostEffectivenessTests::test_trc_and_pct_ratios

======================================================================
  Test Run: 2026-08-18 16:07:54  |  Result: ALL PASSED
  55 tests: 55 passed, 0 failed
======================================================================
    PASS  tests/test_calculations.py::TestCalculateAvoidedCosts::test_output_columns_exist
    PASS  tests/test_calculations.py::TestCalculateAvoidedCosts::test_output_length_8760
    PASS  tests/test_calculations.py::TestCalculateAvoidedCosts::test_gen_capacity_formula
    PASS  tests/test_calculations.py::TestCalculateAvoidedCosts::test_transmission_uses_pcaf
    PASS  tests/test_calculations.py::TestCalculateAvoidedCosts::test_emissions_formula
    PASS  tests/test_calculations.py::TestCalculateAvoidedCosts::test_total_is_sum_of_components
    PASS  tests/test_calculations.py::TestCalculateAvoidedCosts::test_zero_scalars_only_energy
    PASS  tests/test_calculations.py::TestCalculateUrdbBill::test_flat_rate_constant_load
    PASS  tests/test_calculations.py::TestCalculateUrdbBill::test_flat_rate_monthly_proportionality
    PASS  tests/test_calculations.py::TestCalculateUrdbBill::test_zero_load_only_fixed
    PASS  tests/test_calculations.py::TestCalculateUrdbBill::test_demand_charge
    PASS  tests/test_calculations.py::TestCalculateUrdbBill::test_gp_r31_seasonal_tiers
    PASS  tests/test_calculations.py::TestCalculateUrdbBill::test_bill_increases_with_load
    PASS  tests/test_calculations.py::TestGetHourlyEnergyRate::test_flat_rate_constant_everywhere
    PASS  tests/test_calculations.py::TestGetHourlyEnergyRate::test_gp_r31_seasonal_rate_changes
    PASS  tests/test_calculations.py::TestGetHourlyEnergyRate::test_no_energy_structure_returns_zeros
    PASS  tests/test_calculations.py::TestNPVDiscounting::test_discount_factors_sum
    PASS  tests/test_calculations.py::TestNPVDiscounting::test_zero_discount_rate
    PASS  tests/test_calculations.py::TestNPVDiscounting::test_npv_known_answer
    PASS  tests/test_calculations.py::TestNPVDiscounting::test_rim_ratio_calculation
    PASS  tests/test_calculations.py::TestNPVDiscounting::test_rim_zero_lost_revenue
    PASS  tests/test_calculations.py::TestCapacityMetrics::test_epc_uniform_cwft
    PASS  tests/test_calculations.py::TestCapacityMetrics::test_epc_peaked_cwft_higher_for_peaky_load
    PASS  tests/test_calculations.py::TestCapacityMetrics::test_epc_reduction
    PASS  tests/test_calculations.py::TestCapacityMetrics::test_elcc_proxy_formula
    PASS  tests/test_calculations.py::TestCapacityMetrics::test_elcc_proxy_peaky_load
    PASS  tests/test_calculations.py::TestCapacityMetrics::test_cwft_sums_to_one
    PASS  tests/test_calculations.py::TestDispatchDrProgram::test_respects_hour_limit
    PASS  tests/test_calculations.py::TestDispatchDrProgram::test_respects_daily_limit
    PASS  tests/test_calculations.py::TestDispatchDrProgram::test_summer_only_season
    PASS  tests/test_calculations.py::TestDispatchDrProgram::test_reduction_capped_at_load
    PASS  tests/test_calculations.py::TestDispatchDrProgram::test_returns_correct_shapes
    PASS  tests/test_calculations.py::TestConfig::test_scenario_options_nonempty
    PASS  tests/test_calculations.py::TestConfig::test_planning_year_options
    PASS  tests/test_calculations.py::TestConfig::test_default_values_positive
    PASS  tests/test_calculations.py::TestConfig::test_grid_components_has_5
    PASS  tests/test_calculations.py::TestConfig::test_week_windows_valid
    PASS  tests/test_calculations.py::TestConfig::test_weather_sensitivity_function
    PASS  tests/test_calculations.py::TestConfig::test_custom_css_nonempty
    PASS  tests/test_calculations.py::TestVisualizations::test_weekly_overlay_returns_figure
    PASS  tests/test_calculations.py::TestVisualizations::test_weekly_load_and_temp_chart
    PASS  tests/test_calculations.py::TestVisualizations::test_weekly_grid_economics_chart
    PASS  tests/test_calculations.py::TestVisualizations::test_annual_avoided_cost_returns_figure
    PASS  tests/test_calculations.py::TestVisualizations::test_stacked_components_returns_figure
    PASS  tests/test_calculations.py::TestVisualizations::test_stacked_components_no_legend
    PASS  tests/test_calculations.py::TestVisualizations::test_lifetime_npv_returns_figure
    PASS  tests/test_calculations.py::TestIntegrationPipeline::test_grid_to_avoided_costs_column_contract
    PASS  tests/test_calculations.py::TestIntegrationPipeline::test_full_pipeline_grid_to_npv
    PASS  tests/test_calculations.py::TestIntegrationPipeline::test_dr_dispatch_feeds_into_billing
    PASS  tests/test_calculations.py::TestIntegrationPipeline::test_avoided_costs_feed_into_visualizations
    PASS  tests/test_calculations.py::TestIntegrationPipeline::test_config_defaults_work_with_calculations
    PASS  tests/test_calculations.py::TestLoadProfileIngestion::test_beopt_raw_file_parsing
    PASS  tests/test_calculations.py::TestLoadProfileIngestion::test_load_profiles_directory_scan
    PASS  tests/test_calculations.py::TestLoadProfileIngestion::test_excel_file_parsing
    PASS  tests/test_calculations.py::TestCostEffectivenessTests::test_trc_and_pct_ratios

======================================================================
  Test Run: 2026-08-18 16:03:13  |  Result: ALL PASSED
  55 tests: 55 passed, 0 failed
======================================================================
    PASS  tests/test_calculations.py::TestCalculateAvoidedCosts::test_output_columns_exist
    PASS  tests/test_calculations.py::TestCalculateAvoidedCosts::test_output_length_8760
    PASS  tests/test_calculations.py::TestCalculateAvoidedCosts::test_gen_capacity_formula
    PASS  tests/test_calculations.py::TestCalculateAvoidedCosts::test_transmission_uses_pcaf
    PASS  tests/test_calculations.py::TestCalculateAvoidedCosts::test_emissions_formula
    PASS  tests/test_calculations.py::TestCalculateAvoidedCosts::test_total_is_sum_of_components
    PASS  tests/test_calculations.py::TestCalculateAvoidedCosts::test_zero_scalars_only_energy
    PASS  tests/test_calculations.py::TestCalculateUrdbBill::test_flat_rate_constant_load
    PASS  tests/test_calculations.py::TestCalculateUrdbBill::test_flat_rate_monthly_proportionality
    PASS  tests/test_calculations.py::TestCalculateUrdbBill::test_zero_load_only_fixed
    PASS  tests/test_calculations.py::TestCalculateUrdbBill::test_demand_charge
    PASS  tests/test_calculations.py::TestCalculateUrdbBill::test_gp_r31_seasonal_tiers
    PASS  tests/test_calculations.py::TestCalculateUrdbBill::test_bill_increases_with_load
    PASS  tests/test_calculations.py::TestGetHourlyEnergyRate::test_flat_rate_constant_everywhere
    PASS  tests/test_calculations.py::TestGetHourlyEnergyRate::test_gp_r31_seasonal_rate_changes
    PASS  tests/test_calculations.py::TestGetHourlyEnergyRate::test_no_energy_structure_returns_zeros
    PASS  tests/test_calculations.py::TestNPVDiscounting::test_discount_factors_sum
    PASS  tests/test_calculations.py::TestNPVDiscounting::test_zero_discount_rate
    PASS  tests/test_calculations.py::TestNPVDiscounting::test_npv_known_answer
    PASS  tests/test_calculations.py::TestNPVDiscounting::test_rim_ratio_calculation
    PASS  tests/test_calculations.py::TestNPVDiscounting::test_rim_zero_lost_revenue
    PASS  tests/test_calculations.py::TestCapacityMetrics::test_epc_uniform_cwft
    PASS  tests/test_calculations.py::TestCapacityMetrics::test_epc_peaked_cwft_higher_for_peaky_load
    PASS  tests/test_calculations.py::TestCapacityMetrics::test_epc_reduction
    PASS  tests/test_calculations.py::TestCapacityMetrics::test_elcc_proxy_formula
    PASS  tests/test_calculations.py::TestCapacityMetrics::test_elcc_proxy_peaky_load
    PASS  tests/test_calculations.py::TestCapacityMetrics::test_cwft_sums_to_one
    PASS  tests/test_calculations.py::TestDispatchDrProgram::test_respects_hour_limit
    PASS  tests/test_calculations.py::TestDispatchDrProgram::test_respects_daily_limit
    PASS  tests/test_calculations.py::TestDispatchDrProgram::test_summer_only_season
    PASS  tests/test_calculations.py::TestDispatchDrProgram::test_reduction_capped_at_load
    PASS  tests/test_calculations.py::TestDispatchDrProgram::test_returns_correct_shapes
    PASS  tests/test_calculations.py::TestConfig::test_scenario_options_nonempty
    PASS  tests/test_calculations.py::TestConfig::test_planning_year_options
    PASS  tests/test_calculations.py::TestConfig::test_default_values_positive
    PASS  tests/test_calculations.py::TestConfig::test_grid_components_has_5
    PASS  tests/test_calculations.py::TestConfig::test_week_windows_valid
    PASS  tests/test_calculations.py::TestConfig::test_weather_sensitivity_function
    PASS  tests/test_calculations.py::TestConfig::test_custom_css_nonempty
    PASS  tests/test_calculations.py::TestVisualizations::test_weekly_overlay_returns_figure
    PASS  tests/test_calculations.py::TestVisualizations::test_weekly_load_and_temp_chart
    PASS  tests/test_calculations.py::TestVisualizations::test_weekly_grid_economics_chart
    PASS  tests/test_calculations.py::TestVisualizations::test_annual_avoided_cost_returns_figure
    PASS  tests/test_calculations.py::TestVisualizations::test_stacked_components_returns_figure
    PASS  tests/test_calculations.py::TestVisualizations::test_stacked_components_no_legend
    PASS  tests/test_calculations.py::TestVisualizations::test_lifetime_npv_returns_figure
    PASS  tests/test_calculations.py::TestIntegrationPipeline::test_grid_to_avoided_costs_column_contract
    PASS  tests/test_calculations.py::TestIntegrationPipeline::test_full_pipeline_grid_to_npv
    PASS  tests/test_calculations.py::TestIntegrationPipeline::test_dr_dispatch_feeds_into_billing
    PASS  tests/test_calculations.py::TestIntegrationPipeline::test_avoided_costs_feed_into_visualizations
    PASS  tests/test_calculations.py::TestIntegrationPipeline::test_config_defaults_work_with_calculations
    PASS  tests/test_calculations.py::TestLoadProfileIngestion::test_beopt_raw_file_parsing
    PASS  tests/test_calculations.py::TestLoadProfileIngestion::test_load_profiles_directory_scan
    PASS  tests/test_calculations.py::TestLoadProfileIngestion::test_excel_file_parsing
    PASS  tests/test_calculations.py::TestCostEffectivenessTests::test_trc_and_pct_ratios

======================================================================
  Test Run: 2026-08-18 15:34:42  |  Result: ALL PASSED
  55 tests: 55 passed, 0 failed
======================================================================
    PASS  tests/test_calculations.py::TestCalculateAvoidedCosts::test_output_columns_exist
    PASS  tests/test_calculations.py::TestCalculateAvoidedCosts::test_output_length_8760
    PASS  tests/test_calculations.py::TestCalculateAvoidedCosts::test_gen_capacity_formula
    PASS  tests/test_calculations.py::TestCalculateAvoidedCosts::test_transmission_uses_pcaf
    PASS  tests/test_calculations.py::TestCalculateAvoidedCosts::test_emissions_formula
    PASS  tests/test_calculations.py::TestCalculateAvoidedCosts::test_total_is_sum_of_components
    PASS  tests/test_calculations.py::TestCalculateAvoidedCosts::test_zero_scalars_only_energy
    PASS  tests/test_calculations.py::TestCalculateUrdbBill::test_flat_rate_constant_load
    PASS  tests/test_calculations.py::TestCalculateUrdbBill::test_flat_rate_monthly_proportionality
    PASS  tests/test_calculations.py::TestCalculateUrdbBill::test_zero_load_only_fixed
    PASS  tests/test_calculations.py::TestCalculateUrdbBill::test_demand_charge
    PASS  tests/test_calculations.py::TestCalculateUrdbBill::test_gp_r31_seasonal_tiers
    PASS  tests/test_calculations.py::TestCalculateUrdbBill::test_bill_increases_with_load
    PASS  tests/test_calculations.py::TestGetHourlyEnergyRate::test_flat_rate_constant_everywhere
    PASS  tests/test_calculations.py::TestGetHourlyEnergyRate::test_gp_r31_seasonal_rate_changes
    PASS  tests/test_calculations.py::TestGetHourlyEnergyRate::test_no_energy_structure_returns_zeros
    PASS  tests/test_calculations.py::TestNPVDiscounting::test_discount_factors_sum
    PASS  tests/test_calculations.py::TestNPVDiscounting::test_zero_discount_rate
    PASS  tests/test_calculations.py::TestNPVDiscounting::test_npv_known_answer
    PASS  tests/test_calculations.py::TestNPVDiscounting::test_rim_ratio_calculation
    PASS  tests/test_calculations.py::TestNPVDiscounting::test_rim_zero_lost_revenue
    PASS  tests/test_calculations.py::TestCapacityMetrics::test_epc_uniform_cwft
    PASS  tests/test_calculations.py::TestCapacityMetrics::test_epc_peaked_cwft_higher_for_peaky_load
    PASS  tests/test_calculations.py::TestCapacityMetrics::test_epc_reduction
    PASS  tests/test_calculations.py::TestCapacityMetrics::test_elcc_proxy_formula
    PASS  tests/test_calculations.py::TestCapacityMetrics::test_elcc_proxy_peaky_load
    PASS  tests/test_calculations.py::TestCapacityMetrics::test_cwft_sums_to_one
    PASS  tests/test_calculations.py::TestDispatchDrProgram::test_respects_hour_limit
    PASS  tests/test_calculations.py::TestDispatchDrProgram::test_respects_daily_limit
    PASS  tests/test_calculations.py::TestDispatchDrProgram::test_summer_only_season
    PASS  tests/test_calculations.py::TestDispatchDrProgram::test_reduction_capped_at_load
    PASS  tests/test_calculations.py::TestDispatchDrProgram::test_returns_correct_shapes
    PASS  tests/test_calculations.py::TestConfig::test_scenario_options_nonempty
    PASS  tests/test_calculations.py::TestConfig::test_planning_year_options
    PASS  tests/test_calculations.py::TestConfig::test_default_values_positive
    PASS  tests/test_calculations.py::TestConfig::test_grid_components_has_5
    PASS  tests/test_calculations.py::TestConfig::test_week_windows_valid
    PASS  tests/test_calculations.py::TestConfig::test_weather_sensitivity_function
    PASS  tests/test_calculations.py::TestConfig::test_custom_css_nonempty
    PASS  tests/test_calculations.py::TestVisualizations::test_weekly_overlay_returns_figure
    PASS  tests/test_calculations.py::TestVisualizations::test_weekly_load_and_temp_chart
    PASS  tests/test_calculations.py::TestVisualizations::test_weekly_grid_economics_chart
    PASS  tests/test_calculations.py::TestVisualizations::test_annual_avoided_cost_returns_figure
    PASS  tests/test_calculations.py::TestVisualizations::test_stacked_components_returns_figure
    PASS  tests/test_calculations.py::TestVisualizations::test_stacked_components_no_legend
    PASS  tests/test_calculations.py::TestVisualizations::test_lifetime_npv_returns_figure
    PASS  tests/test_calculations.py::TestIntegrationPipeline::test_grid_to_avoided_costs_column_contract
    PASS  tests/test_calculations.py::TestIntegrationPipeline::test_full_pipeline_grid_to_npv
    PASS  tests/test_calculations.py::TestIntegrationPipeline::test_dr_dispatch_feeds_into_billing
    PASS  tests/test_calculations.py::TestIntegrationPipeline::test_avoided_costs_feed_into_visualizations
    PASS  tests/test_calculations.py::TestIntegrationPipeline::test_config_defaults_work_with_calculations
    PASS  tests/test_calculations.py::TestLoadProfileIngestion::test_beopt_raw_file_parsing
    PASS  tests/test_calculations.py::TestLoadProfileIngestion::test_load_profiles_directory_scan
    PASS  tests/test_calculations.py::TestLoadProfileIngestion::test_excel_file_parsing
    PASS  tests/test_calculations.py::TestCostEffectivenessTests::test_trc_and_pct_ratios

======================================================================
  Test Run: 2026-08-18 15:33:45  |  Result: ALL PASSED
  55 tests: 55 passed, 0 failed
======================================================================
    PASS  tests/test_calculations.py::TestCalculateAvoidedCosts::test_output_columns_exist
    PASS  tests/test_calculations.py::TestCalculateAvoidedCosts::test_output_length_8760
    PASS  tests/test_calculations.py::TestCalculateAvoidedCosts::test_gen_capacity_formula
    PASS  tests/test_calculations.py::TestCalculateAvoidedCosts::test_transmission_uses_pcaf
    PASS  tests/test_calculations.py::TestCalculateAvoidedCosts::test_emissions_formula
    PASS  tests/test_calculations.py::TestCalculateAvoidedCosts::test_total_is_sum_of_components
    PASS  tests/test_calculations.py::TestCalculateAvoidedCosts::test_zero_scalars_only_energy
    PASS  tests/test_calculations.py::TestCalculateUrdbBill::test_flat_rate_constant_load
    PASS  tests/test_calculations.py::TestCalculateUrdbBill::test_flat_rate_monthly_proportionality
    PASS  tests/test_calculations.py::TestCalculateUrdbBill::test_zero_load_only_fixed
    PASS  tests/test_calculations.py::TestCalculateUrdbBill::test_demand_charge
    PASS  tests/test_calculations.py::TestCalculateUrdbBill::test_gp_r31_seasonal_tiers
    PASS  tests/test_calculations.py::TestCalculateUrdbBill::test_bill_increases_with_load
    PASS  tests/test_calculations.py::TestGetHourlyEnergyRate::test_flat_rate_constant_everywhere
    PASS  tests/test_calculations.py::TestGetHourlyEnergyRate::test_gp_r31_seasonal_rate_changes
    PASS  tests/test_calculations.py::TestGetHourlyEnergyRate::test_no_energy_structure_returns_zeros
    PASS  tests/test_calculations.py::TestNPVDiscounting::test_discount_factors_sum
    PASS  tests/test_calculations.py::TestNPVDiscounting::test_zero_discount_rate
    PASS  tests/test_calculations.py::TestNPVDiscounting::test_npv_known_answer
    PASS  tests/test_calculations.py::TestNPVDiscounting::test_rim_ratio_calculation
    PASS  tests/test_calculations.py::TestNPVDiscounting::test_rim_zero_lost_revenue
    PASS  tests/test_calculations.py::TestCapacityMetrics::test_epc_uniform_cwft
    PASS  tests/test_calculations.py::TestCapacityMetrics::test_epc_peaked_cwft_higher_for_peaky_load
    PASS  tests/test_calculations.py::TestCapacityMetrics::test_epc_reduction
    PASS  tests/test_calculations.py::TestCapacityMetrics::test_elcc_proxy_formula
    PASS  tests/test_calculations.py::TestCapacityMetrics::test_elcc_proxy_peaky_load
    PASS  tests/test_calculations.py::TestCapacityMetrics::test_cwft_sums_to_one
    PASS  tests/test_calculations.py::TestDispatchDrProgram::test_respects_hour_limit
    PASS  tests/test_calculations.py::TestDispatchDrProgram::test_respects_daily_limit
    PASS  tests/test_calculations.py::TestDispatchDrProgram::test_summer_only_season
    PASS  tests/test_calculations.py::TestDispatchDrProgram::test_reduction_capped_at_load
    PASS  tests/test_calculations.py::TestDispatchDrProgram::test_returns_correct_shapes
    PASS  tests/test_calculations.py::TestConfig::test_scenario_options_nonempty
    PASS  tests/test_calculations.py::TestConfig::test_planning_year_options
    PASS  tests/test_calculations.py::TestConfig::test_default_values_positive
    PASS  tests/test_calculations.py::TestConfig::test_grid_components_has_5
    PASS  tests/test_calculations.py::TestConfig::test_week_windows_valid
    PASS  tests/test_calculations.py::TestConfig::test_weather_sensitivity_function
    PASS  tests/test_calculations.py::TestConfig::test_custom_css_nonempty
    PASS  tests/test_calculations.py::TestVisualizations::test_weekly_overlay_returns_figure
    PASS  tests/test_calculations.py::TestVisualizations::test_weekly_load_and_temp_chart
    PASS  tests/test_calculations.py::TestVisualizations::test_weekly_grid_economics_chart
    PASS  tests/test_calculations.py::TestVisualizations::test_annual_avoided_cost_returns_figure
    PASS  tests/test_calculations.py::TestVisualizations::test_stacked_components_returns_figure
    PASS  tests/test_calculations.py::TestVisualizations::test_stacked_components_no_legend
    PASS  tests/test_calculations.py::TestVisualizations::test_lifetime_npv_returns_figure
    PASS  tests/test_calculations.py::TestIntegrationPipeline::test_grid_to_avoided_costs_column_contract
    PASS  tests/test_calculations.py::TestIntegrationPipeline::test_full_pipeline_grid_to_npv
    PASS  tests/test_calculations.py::TestIntegrationPipeline::test_dr_dispatch_feeds_into_billing
    PASS  tests/test_calculations.py::TestIntegrationPipeline::test_avoided_costs_feed_into_visualizations
    PASS  tests/test_calculations.py::TestIntegrationPipeline::test_config_defaults_work_with_calculations
    PASS  tests/test_calculations.py::TestLoadProfileIngestion::test_beopt_raw_file_parsing
    PASS  tests/test_calculations.py::TestLoadProfileIngestion::test_load_profiles_directory_scan
    PASS  tests/test_calculations.py::TestLoadProfileIngestion::test_excel_file_parsing
    PASS  tests/test_calculations.py::TestCostEffectivenessTests::test_trc_and_pct_ratios

======================================================================
  Test Run: 2026-08-18 14:44:01  |  Result: ALL PASSED
  52 tests: 52 passed, 0 failed
======================================================================
    PASS  tests/test_calculations.py::TestCalculateAvoidedCosts::test_output_columns_exist
    PASS  tests/test_calculations.py::TestCalculateAvoidedCosts::test_output_length_8760
    PASS  tests/test_calculations.py::TestCalculateAvoidedCosts::test_gen_capacity_formula
    PASS  tests/test_calculations.py::TestCalculateAvoidedCosts::test_transmission_uses_pcaf
    PASS  tests/test_calculations.py::TestCalculateAvoidedCosts::test_emissions_formula
    PASS  tests/test_calculations.py::TestCalculateAvoidedCosts::test_total_is_sum_of_components
    PASS  tests/test_calculations.py::TestCalculateAvoidedCosts::test_zero_scalars_only_energy
    PASS  tests/test_calculations.py::TestCalculateUrdbBill::test_flat_rate_constant_load
    PASS  tests/test_calculations.py::TestCalculateUrdbBill::test_flat_rate_monthly_proportionality
    PASS  tests/test_calculations.py::TestCalculateUrdbBill::test_zero_load_only_fixed
    PASS  tests/test_calculations.py::TestCalculateUrdbBill::test_demand_charge
    PASS  tests/test_calculations.py::TestCalculateUrdbBill::test_gp_r31_seasonal_tiers
    PASS  tests/test_calculations.py::TestCalculateUrdbBill::test_bill_increases_with_load
    PASS  tests/test_calculations.py::TestNPVDiscounting::test_discount_factors_sum
    PASS  tests/test_calculations.py::TestNPVDiscounting::test_zero_discount_rate
    PASS  tests/test_calculations.py::TestNPVDiscounting::test_npv_known_answer
    PASS  tests/test_calculations.py::TestNPVDiscounting::test_rim_ratio_calculation
    PASS  tests/test_calculations.py::TestNPVDiscounting::test_rim_zero_lost_revenue
    PASS  tests/test_calculations.py::TestCapacityMetrics::test_epc_uniform_cwft
    PASS  tests/test_calculations.py::TestCapacityMetrics::test_epc_peaked_cwft_higher_for_peaky_load
    PASS  tests/test_calculations.py::TestCapacityMetrics::test_epc_reduction
    PASS  tests/test_calculations.py::TestCapacityMetrics::test_elcc_proxy_formula
    PASS  tests/test_calculations.py::TestCapacityMetrics::test_elcc_proxy_peaky_load
    PASS  tests/test_calculations.py::TestCapacityMetrics::test_cwft_sums_to_one
    PASS  tests/test_calculations.py::TestDispatchDrProgram::test_respects_hour_limit
    PASS  tests/test_calculations.py::TestDispatchDrProgram::test_respects_daily_limit
    PASS  tests/test_calculations.py::TestDispatchDrProgram::test_summer_only_season
    PASS  tests/test_calculations.py::TestDispatchDrProgram::test_reduction_capped_at_load
    PASS  tests/test_calculations.py::TestDispatchDrProgram::test_returns_correct_shapes
    PASS  tests/test_calculations.py::TestConfig::test_scenario_options_nonempty
    PASS  tests/test_calculations.py::TestConfig::test_planning_year_options
    PASS  tests/test_calculations.py::TestConfig::test_default_values_positive
    PASS  tests/test_calculations.py::TestConfig::test_grid_components_has_5
    PASS  tests/test_calculations.py::TestConfig::test_week_windows_valid
    PASS  tests/test_calculations.py::TestConfig::test_weather_sensitivity_function
    PASS  tests/test_calculations.py::TestConfig::test_custom_css_nonempty
    PASS  tests/test_calculations.py::TestVisualizations::test_weekly_overlay_returns_figure
    PASS  tests/test_calculations.py::TestVisualizations::test_weekly_load_and_temp_chart
    PASS  tests/test_calculations.py::TestVisualizations::test_weekly_grid_economics_chart
    PASS  tests/test_calculations.py::TestVisualizations::test_annual_avoided_cost_returns_figure
    PASS  tests/test_calculations.py::TestVisualizations::test_stacked_components_returns_figure
    PASS  tests/test_calculations.py::TestVisualizations::test_stacked_components_no_legend
    PASS  tests/test_calculations.py::TestVisualizations::test_lifetime_npv_returns_figure
    PASS  tests/test_calculations.py::TestIntegrationPipeline::test_grid_to_avoided_costs_column_contract
    PASS  tests/test_calculations.py::TestIntegrationPipeline::test_full_pipeline_grid_to_npv
    PASS  tests/test_calculations.py::TestIntegrationPipeline::test_dr_dispatch_feeds_into_billing
    PASS  tests/test_calculations.py::TestIntegrationPipeline::test_avoided_costs_feed_into_visualizations
    PASS  tests/test_calculations.py::TestIntegrationPipeline::test_config_defaults_work_with_calculations
    PASS  tests/test_calculations.py::TestLoadProfileIngestion::test_beopt_raw_file_parsing
    PASS  tests/test_calculations.py::TestLoadProfileIngestion::test_load_profiles_directory_scan
    PASS  tests/test_calculations.py::TestLoadProfileIngestion::test_excel_file_parsing
    PASS  tests/test_calculations.py::TestCostEffectivenessTests::test_trc_and_pct_ratios

======================================================================
  Test Run: 2026-08-11 12:35:49  |  Result: ALL PASSED
  52 tests: 52 passed, 0 failed
======================================================================
    PASS  tests/test_calculations.py::TestCalculateAvoidedCosts::test_output_columns_exist
    PASS  tests/test_calculations.py::TestCalculateAvoidedCosts::test_output_length_8760
    PASS  tests/test_calculations.py::TestCalculateAvoidedCosts::test_gen_capacity_formula
    PASS  tests/test_calculations.py::TestCalculateAvoidedCosts::test_transmission_uses_pcaf
    PASS  tests/test_calculations.py::TestCalculateAvoidedCosts::test_emissions_formula
    PASS  tests/test_calculations.py::TestCalculateAvoidedCosts::test_total_is_sum_of_components
    PASS  tests/test_calculations.py::TestCalculateAvoidedCosts::test_zero_scalars_only_energy
    PASS  tests/test_calculations.py::TestCalculateUrdbBill::test_flat_rate_constant_load
    PASS  tests/test_calculations.py::TestCalculateUrdbBill::test_flat_rate_monthly_proportionality
    PASS  tests/test_calculations.py::TestCalculateUrdbBill::test_zero_load_only_fixed
    PASS  tests/test_calculations.py::TestCalculateUrdbBill::test_demand_charge
    PASS  tests/test_calculations.py::TestCalculateUrdbBill::test_gp_r31_seasonal_tiers
    PASS  tests/test_calculations.py::TestCalculateUrdbBill::test_bill_increases_with_load
    PASS  tests/test_calculations.py::TestNPVDiscounting::test_discount_factors_sum
    PASS  tests/test_calculations.py::TestNPVDiscounting::test_zero_discount_rate
    PASS  tests/test_calculations.py::TestNPVDiscounting::test_npv_known_answer
    PASS  tests/test_calculations.py::TestNPVDiscounting::test_rim_ratio_calculation
    PASS  tests/test_calculations.py::TestNPVDiscounting::test_rim_zero_lost_revenue
    PASS  tests/test_calculations.py::TestCapacityMetrics::test_epc_uniform_cwft
    PASS  tests/test_calculations.py::TestCapacityMetrics::test_epc_peaked_cwft_higher_for_peaky_load
    PASS  tests/test_calculations.py::TestCapacityMetrics::test_epc_reduction
    PASS  tests/test_calculations.py::TestCapacityMetrics::test_elcc_proxy_formula
    PASS  tests/test_calculations.py::TestCapacityMetrics::test_elcc_proxy_peaky_load
    PASS  tests/test_calculations.py::TestCapacityMetrics::test_cwft_sums_to_one
    PASS  tests/test_calculations.py::TestDispatchDrProgram::test_respects_hour_limit
    PASS  tests/test_calculations.py::TestDispatchDrProgram::test_respects_daily_limit
    PASS  tests/test_calculations.py::TestDispatchDrProgram::test_summer_only_season
    PASS  tests/test_calculations.py::TestDispatchDrProgram::test_reduction_capped_at_load
    PASS  tests/test_calculations.py::TestDispatchDrProgram::test_returns_correct_shapes
    PASS  tests/test_calculations.py::TestConfig::test_scenario_options_nonempty
    PASS  tests/test_calculations.py::TestConfig::test_planning_year_options
    PASS  tests/test_calculations.py::TestConfig::test_default_values_positive
    PASS  tests/test_calculations.py::TestConfig::test_grid_components_has_5
    PASS  tests/test_calculations.py::TestConfig::test_week_windows_valid
    PASS  tests/test_calculations.py::TestConfig::test_weather_sensitivity_function
    PASS  tests/test_calculations.py::TestConfig::test_custom_css_nonempty
    PASS  tests/test_calculations.py::TestVisualizations::test_weekly_overlay_returns_figure
    PASS  tests/test_calculations.py::TestVisualizations::test_weekly_load_and_temp_chart
    PASS  tests/test_calculations.py::TestVisualizations::test_weekly_grid_economics_chart
    PASS  tests/test_calculations.py::TestVisualizations::test_annual_avoided_cost_returns_figure
    PASS  tests/test_calculations.py::TestVisualizations::test_stacked_components_returns_figure
    PASS  tests/test_calculations.py::TestVisualizations::test_stacked_components_no_legend
    PASS  tests/test_calculations.py::TestVisualizations::test_lifetime_npv_returns_figure
    PASS  tests/test_calculations.py::TestIntegrationPipeline::test_grid_to_avoided_costs_column_contract
    PASS  tests/test_calculations.py::TestIntegrationPipeline::test_full_pipeline_grid_to_npv
    PASS  tests/test_calculations.py::TestIntegrationPipeline::test_dr_dispatch_feeds_into_billing
    PASS  tests/test_calculations.py::TestIntegrationPipeline::test_avoided_costs_feed_into_visualizations
    PASS  tests/test_calculations.py::TestIntegrationPipeline::test_config_defaults_work_with_calculations
    PASS  tests/test_calculations.py::TestLoadProfileIngestion::test_beopt_raw_file_parsing
    PASS  tests/test_calculations.py::TestLoadProfileIngestion::test_load_profiles_directory_scan
    PASS  tests/test_calculations.py::TestLoadProfileIngestion::test_excel_file_parsing
    PASS  tests/test_calculations.py::TestCostEffectivenessTests::test_trc_and_pct_ratios

======================================================================
  Test Run: 2026-08-11 12:35:30  |  Result: ALL PASSED
  52 tests: 52 passed, 0 failed
======================================================================
    PASS  tests/test_calculations.py::TestCalculateAvoidedCosts::test_output_columns_exist
    PASS  tests/test_calculations.py::TestCalculateAvoidedCosts::test_output_length_8760
    PASS  tests/test_calculations.py::TestCalculateAvoidedCosts::test_gen_capacity_formula
    PASS  tests/test_calculations.py::TestCalculateAvoidedCosts::test_transmission_uses_pcaf
    PASS  tests/test_calculations.py::TestCalculateAvoidedCosts::test_emissions_formula
    PASS  tests/test_calculations.py::TestCalculateAvoidedCosts::test_total_is_sum_of_components
    PASS  tests/test_calculations.py::TestCalculateAvoidedCosts::test_zero_scalars_only_energy
    PASS  tests/test_calculations.py::TestCalculateUrdbBill::test_flat_rate_constant_load
    PASS  tests/test_calculations.py::TestCalculateUrdbBill::test_flat_rate_monthly_proportionality
    PASS  tests/test_calculations.py::TestCalculateUrdbBill::test_zero_load_only_fixed
    PASS  tests/test_calculations.py::TestCalculateUrdbBill::test_demand_charge
    PASS  tests/test_calculations.py::TestCalculateUrdbBill::test_gp_r31_seasonal_tiers
    PASS  tests/test_calculations.py::TestCalculateUrdbBill::test_bill_increases_with_load
    PASS  tests/test_calculations.py::TestNPVDiscounting::test_discount_factors_sum
    PASS  tests/test_calculations.py::TestNPVDiscounting::test_zero_discount_rate
    PASS  tests/test_calculations.py::TestNPVDiscounting::test_npv_known_answer
    PASS  tests/test_calculations.py::TestNPVDiscounting::test_rim_ratio_calculation
    PASS  tests/test_calculations.py::TestNPVDiscounting::test_rim_zero_lost_revenue
    PASS  tests/test_calculations.py::TestCapacityMetrics::test_epc_uniform_cwft
    PASS  tests/test_calculations.py::TestCapacityMetrics::test_epc_peaked_cwft_higher_for_peaky_load
    PASS  tests/test_calculations.py::TestCapacityMetrics::test_epc_reduction
    PASS  tests/test_calculations.py::TestCapacityMetrics::test_elcc_proxy_formula
    PASS  tests/test_calculations.py::TestCapacityMetrics::test_elcc_proxy_peaky_load
    PASS  tests/test_calculations.py::TestCapacityMetrics::test_cwft_sums_to_one
    PASS  tests/test_calculations.py::TestDispatchDrProgram::test_respects_hour_limit
    PASS  tests/test_calculations.py::TestDispatchDrProgram::test_respects_daily_limit
    PASS  tests/test_calculations.py::TestDispatchDrProgram::test_summer_only_season
    PASS  tests/test_calculations.py::TestDispatchDrProgram::test_reduction_capped_at_load
    PASS  tests/test_calculations.py::TestDispatchDrProgram::test_returns_correct_shapes
    PASS  tests/test_calculations.py::TestConfig::test_scenario_options_nonempty
    PASS  tests/test_calculations.py::TestConfig::test_planning_year_options
    PASS  tests/test_calculations.py::TestConfig::test_default_values_positive
    PASS  tests/test_calculations.py::TestConfig::test_grid_components_has_5
    PASS  tests/test_calculations.py::TestConfig::test_week_windows_valid
    PASS  tests/test_calculations.py::TestConfig::test_weather_sensitivity_function
    PASS  tests/test_calculations.py::TestConfig::test_custom_css_nonempty
    PASS  tests/test_calculations.py::TestVisualizations::test_weekly_overlay_returns_figure
    PASS  tests/test_calculations.py::TestVisualizations::test_weekly_load_and_temp_chart
    PASS  tests/test_calculations.py::TestVisualizations::test_weekly_grid_economics_chart
    PASS  tests/test_calculations.py::TestVisualizations::test_annual_avoided_cost_returns_figure
    PASS  tests/test_calculations.py::TestVisualizations::test_stacked_components_returns_figure
    PASS  tests/test_calculations.py::TestVisualizations::test_stacked_components_no_legend
    PASS  tests/test_calculations.py::TestVisualizations::test_lifetime_npv_returns_figure
    PASS  tests/test_calculations.py::TestIntegrationPipeline::test_grid_to_avoided_costs_column_contract
    PASS  tests/test_calculations.py::TestIntegrationPipeline::test_full_pipeline_grid_to_npv
    PASS  tests/test_calculations.py::TestIntegrationPipeline::test_dr_dispatch_feeds_into_billing
    PASS  tests/test_calculations.py::TestIntegrationPipeline::test_avoided_costs_feed_into_visualizations
    PASS  tests/test_calculations.py::TestIntegrationPipeline::test_config_defaults_work_with_calculations
    PASS  tests/test_calculations.py::TestLoadProfileIngestion::test_beopt_raw_file_parsing
    PASS  tests/test_calculations.py::TestLoadProfileIngestion::test_load_profiles_directory_scan
    PASS  tests/test_calculations.py::TestLoadProfileIngestion::test_excel_file_parsing
    PASS  tests/test_calculations.py::TestCostEffectivenessTests::test_trc_and_pct_ratios

======================================================================
  Test Run: 2026-08-11 12:05:38  |  Result: ALL PASSED
  50 tests: 50 passed, 0 failed
======================================================================
    PASS  tests/test_calculations.py::TestCalculateAvoidedCosts::test_output_columns_exist
    PASS  tests/test_calculations.py::TestCalculateAvoidedCosts::test_output_length_8760
    PASS  tests/test_calculations.py::TestCalculateAvoidedCosts::test_gen_capacity_formula
    PASS  tests/test_calculations.py::TestCalculateAvoidedCosts::test_transmission_uses_pcaf
    PASS  tests/test_calculations.py::TestCalculateAvoidedCosts::test_emissions_formula
    PASS  tests/test_calculations.py::TestCalculateAvoidedCosts::test_total_is_sum_of_components
    PASS  tests/test_calculations.py::TestCalculateAvoidedCosts::test_zero_scalars_only_energy
    PASS  tests/test_calculations.py::TestCalculateUrdbBill::test_flat_rate_constant_load
    PASS  tests/test_calculations.py::TestCalculateUrdbBill::test_flat_rate_monthly_proportionality
    PASS  tests/test_calculations.py::TestCalculateUrdbBill::test_zero_load_only_fixed
    PASS  tests/test_calculations.py::TestCalculateUrdbBill::test_demand_charge
    PASS  tests/test_calculations.py::TestCalculateUrdbBill::test_gp_r31_seasonal_tiers
    PASS  tests/test_calculations.py::TestCalculateUrdbBill::test_bill_increases_with_load
    PASS  tests/test_calculations.py::TestNPVDiscounting::test_discount_factors_sum
    PASS  tests/test_calculations.py::TestNPVDiscounting::test_zero_discount_rate
    PASS  tests/test_calculations.py::TestNPVDiscounting::test_npv_known_answer
    PASS  tests/test_calculations.py::TestNPVDiscounting::test_rim_ratio_calculation
    PASS  tests/test_calculations.py::TestNPVDiscounting::test_rim_zero_lost_revenue
    PASS  tests/test_calculations.py::TestCapacityMetrics::test_epc_uniform_cwft
    PASS  tests/test_calculations.py::TestCapacityMetrics::test_epc_peaked_cwft_higher_for_peaky_load
    PASS  tests/test_calculations.py::TestCapacityMetrics::test_epc_reduction
    PASS  tests/test_calculations.py::TestCapacityMetrics::test_elcc_proxy_formula
    PASS  tests/test_calculations.py::TestCapacityMetrics::test_elcc_proxy_peaky_load
    PASS  tests/test_calculations.py::TestCapacityMetrics::test_cwft_sums_to_one
    PASS  tests/test_calculations.py::TestDispatchDrProgram::test_respects_hour_limit
    PASS  tests/test_calculations.py::TestDispatchDrProgram::test_respects_daily_limit
    PASS  tests/test_calculations.py::TestDispatchDrProgram::test_summer_only_season
    PASS  tests/test_calculations.py::TestDispatchDrProgram::test_reduction_capped_at_load
    PASS  tests/test_calculations.py::TestDispatchDrProgram::test_returns_correct_shapes
    PASS  tests/test_calculations.py::TestConfig::test_scenario_options_nonempty
    PASS  tests/test_calculations.py::TestConfig::test_planning_year_options
    PASS  tests/test_calculations.py::TestConfig::test_default_values_positive
    PASS  tests/test_calculations.py::TestConfig::test_grid_components_has_5
    PASS  tests/test_calculations.py::TestConfig::test_week_windows_valid
    PASS  tests/test_calculations.py::TestConfig::test_weather_sensitivity_function
    PASS  tests/test_calculations.py::TestConfig::test_custom_css_nonempty
    PASS  tests/test_calculations.py::TestVisualizations::test_weekly_overlay_returns_figure
    PASS  tests/test_calculations.py::TestVisualizations::test_annual_avoided_cost_returns_figure
    PASS  tests/test_calculations.py::TestVisualizations::test_stacked_components_returns_figure
    PASS  tests/test_calculations.py::TestVisualizations::test_stacked_components_no_legend
    PASS  tests/test_calculations.py::TestVisualizations::test_lifetime_npv_returns_figure
    PASS  tests/test_calculations.py::TestIntegrationPipeline::test_grid_to_avoided_costs_column_contract
    PASS  tests/test_calculations.py::TestIntegrationPipeline::test_full_pipeline_grid_to_npv
    PASS  tests/test_calculations.py::TestIntegrationPipeline::test_dr_dispatch_feeds_into_billing
    PASS  tests/test_calculations.py::TestIntegrationPipeline::test_avoided_costs_feed_into_visualizations
    PASS  tests/test_calculations.py::TestIntegrationPipeline::test_config_defaults_work_with_calculations
    PASS  tests/test_calculations.py::TestLoadProfileIngestion::test_beopt_raw_file_parsing
    PASS  tests/test_calculations.py::TestLoadProfileIngestion::test_load_profiles_directory_scan
    PASS  tests/test_calculations.py::TestLoadProfileIngestion::test_excel_file_parsing
    PASS  tests/test_calculations.py::TestCostEffectivenessTests::test_trc_and_pct_ratios

======================================================================
  Test Run: 2026-08-10 16:16:29  |  Result: ALL PASSED
  50 tests: 50 passed, 0 failed
======================================================================
    PASS  tests/test_calculations.py::TestCalculateAvoidedCosts::test_output_columns_exist
    PASS  tests/test_calculations.py::TestCalculateAvoidedCosts::test_output_length_8760
    PASS  tests/test_calculations.py::TestCalculateAvoidedCosts::test_gen_capacity_formula
    PASS  tests/test_calculations.py::TestCalculateAvoidedCosts::test_transmission_uses_pcaf
    PASS  tests/test_calculations.py::TestCalculateAvoidedCosts::test_emissions_formula
    PASS  tests/test_calculations.py::TestCalculateAvoidedCosts::test_total_is_sum_of_components
    PASS  tests/test_calculations.py::TestCalculateAvoidedCosts::test_zero_scalars_only_energy
    PASS  tests/test_calculations.py::TestCalculateUrdbBill::test_flat_rate_constant_load
    PASS  tests/test_calculations.py::TestCalculateUrdbBill::test_flat_rate_monthly_proportionality
    PASS  tests/test_calculations.py::TestCalculateUrdbBill::test_zero_load_only_fixed
    PASS  tests/test_calculations.py::TestCalculateUrdbBill::test_demand_charge
    PASS  tests/test_calculations.py::TestCalculateUrdbBill::test_gp_r31_seasonal_tiers
    PASS  tests/test_calculations.py::TestCalculateUrdbBill::test_bill_increases_with_load
    PASS  tests/test_calculations.py::TestNPVDiscounting::test_discount_factors_sum
    PASS  tests/test_calculations.py::TestNPVDiscounting::test_zero_discount_rate
    PASS  tests/test_calculations.py::TestNPVDiscounting::test_npv_known_answer
    PASS  tests/test_calculations.py::TestNPVDiscounting::test_rim_ratio_calculation
    PASS  tests/test_calculations.py::TestNPVDiscounting::test_rim_zero_lost_revenue
    PASS  tests/test_calculations.py::TestCapacityMetrics::test_epc_uniform_cwft
    PASS  tests/test_calculations.py::TestCapacityMetrics::test_epc_peaked_cwft_higher_for_peaky_load
    PASS  tests/test_calculations.py::TestCapacityMetrics::test_epc_reduction
    PASS  tests/test_calculations.py::TestCapacityMetrics::test_elcc_proxy_formula
    PASS  tests/test_calculations.py::TestCapacityMetrics::test_elcc_proxy_peaky_load
    PASS  tests/test_calculations.py::TestCapacityMetrics::test_cwft_sums_to_one
    PASS  tests/test_calculations.py::TestDispatchDrProgram::test_respects_hour_limit
    PASS  tests/test_calculations.py::TestDispatchDrProgram::test_respects_daily_limit
    PASS  tests/test_calculations.py::TestDispatchDrProgram::test_summer_only_season
    PASS  tests/test_calculations.py::TestDispatchDrProgram::test_reduction_capped_at_load
    PASS  tests/test_calculations.py::TestDispatchDrProgram::test_returns_correct_shapes
    PASS  tests/test_calculations.py::TestConfig::test_scenario_options_nonempty
    PASS  tests/test_calculations.py::TestConfig::test_planning_year_options
    PASS  tests/test_calculations.py::TestConfig::test_default_values_positive
    PASS  tests/test_calculations.py::TestConfig::test_grid_components_has_5
    PASS  tests/test_calculations.py::TestConfig::test_week_windows_valid
    PASS  tests/test_calculations.py::TestConfig::test_weather_sensitivity_function
    PASS  tests/test_calculations.py::TestConfig::test_custom_css_nonempty
    PASS  tests/test_calculations.py::TestVisualizations::test_weekly_overlay_returns_figure
    PASS  tests/test_calculations.py::TestVisualizations::test_annual_avoided_cost_returns_figure
    PASS  tests/test_calculations.py::TestVisualizations::test_stacked_components_returns_figure
    PASS  tests/test_calculations.py::TestVisualizations::test_stacked_components_no_legend
    PASS  tests/test_calculations.py::TestVisualizations::test_lifetime_npv_returns_figure
    PASS  tests/test_calculations.py::TestIntegrationPipeline::test_grid_to_avoided_costs_column_contract
    PASS  tests/test_calculations.py::TestIntegrationPipeline::test_full_pipeline_grid_to_npv
    PASS  tests/test_calculations.py::TestIntegrationPipeline::test_dr_dispatch_feeds_into_billing
    PASS  tests/test_calculations.py::TestIntegrationPipeline::test_avoided_costs_feed_into_visualizations
    PASS  tests/test_calculations.py::TestIntegrationPipeline::test_config_defaults_work_with_calculations
    PASS  tests/test_calculations.py::TestLoadProfileIngestion::test_beopt_raw_file_parsing
    PASS  tests/test_calculations.py::TestLoadProfileIngestion::test_load_profiles_directory_scan
    PASS  tests/test_calculations.py::TestLoadProfileIngestion::test_excel_file_parsing
    PASS  tests/test_calculations.py::TestCostEffectivenessTests::test_trc_and_pct_ratios

======================================================================
  Test Run: 2026-08-10 16:15:22  |  Result: ALL PASSED
  50 tests: 50 passed, 0 failed
======================================================================
    PASS  tests/test_calculations.py::TestCalculateAvoidedCosts::test_output_columns_exist
    PASS  tests/test_calculations.py::TestCalculateAvoidedCosts::test_output_length_8760
    PASS  tests/test_calculations.py::TestCalculateAvoidedCosts::test_gen_capacity_formula
    PASS  tests/test_calculations.py::TestCalculateAvoidedCosts::test_transmission_uses_pcaf
    PASS  tests/test_calculations.py::TestCalculateAvoidedCosts::test_emissions_formula
    PASS  tests/test_calculations.py::TestCalculateAvoidedCosts::test_total_is_sum_of_components
    PASS  tests/test_calculations.py::TestCalculateAvoidedCosts::test_zero_scalars_only_energy
    PASS  tests/test_calculations.py::TestCalculateUrdbBill::test_flat_rate_constant_load
    PASS  tests/test_calculations.py::TestCalculateUrdbBill::test_flat_rate_monthly_proportionality
    PASS  tests/test_calculations.py::TestCalculateUrdbBill::test_zero_load_only_fixed
    PASS  tests/test_calculations.py::TestCalculateUrdbBill::test_demand_charge
    PASS  tests/test_calculations.py::TestCalculateUrdbBill::test_gp_r31_seasonal_tiers
    PASS  tests/test_calculations.py::TestCalculateUrdbBill::test_bill_increases_with_load
    PASS  tests/test_calculations.py::TestNPVDiscounting::test_discount_factors_sum
    PASS  tests/test_calculations.py::TestNPVDiscounting::test_zero_discount_rate
    PASS  tests/test_calculations.py::TestNPVDiscounting::test_npv_known_answer
    PASS  tests/test_calculations.py::TestNPVDiscounting::test_rim_ratio_calculation
    PASS  tests/test_calculations.py::TestNPVDiscounting::test_rim_zero_lost_revenue
    PASS  tests/test_calculations.py::TestCapacityMetrics::test_epc_uniform_cwft
    PASS  tests/test_calculations.py::TestCapacityMetrics::test_epc_peaked_cwft_higher_for_peaky_load
    PASS  tests/test_calculations.py::TestCapacityMetrics::test_epc_reduction
    PASS  tests/test_calculations.py::TestCapacityMetrics::test_elcc_proxy_formula
    PASS  tests/test_calculations.py::TestCapacityMetrics::test_elcc_proxy_peaky_load
    PASS  tests/test_calculations.py::TestCapacityMetrics::test_cwft_sums_to_one
    PASS  tests/test_calculations.py::TestDispatchDrProgram::test_respects_hour_limit
    PASS  tests/test_calculations.py::TestDispatchDrProgram::test_respects_daily_limit
    PASS  tests/test_calculations.py::TestDispatchDrProgram::test_summer_only_season
    PASS  tests/test_calculations.py::TestDispatchDrProgram::test_reduction_capped_at_load
    PASS  tests/test_calculations.py::TestDispatchDrProgram::test_returns_correct_shapes
    PASS  tests/test_calculations.py::TestConfig::test_scenario_options_nonempty
    PASS  tests/test_calculations.py::TestConfig::test_planning_year_options
    PASS  tests/test_calculations.py::TestConfig::test_default_values_positive
    PASS  tests/test_calculations.py::TestConfig::test_grid_components_has_5
    PASS  tests/test_calculations.py::TestConfig::test_week_windows_valid
    PASS  tests/test_calculations.py::TestConfig::test_weather_sensitivity_function
    PASS  tests/test_calculations.py::TestConfig::test_custom_css_nonempty
    PASS  tests/test_calculations.py::TestVisualizations::test_weekly_overlay_returns_figure
    PASS  tests/test_calculations.py::TestVisualizations::test_annual_avoided_cost_returns_figure
    PASS  tests/test_calculations.py::TestVisualizations::test_stacked_components_returns_figure
    PASS  tests/test_calculations.py::TestVisualizations::test_stacked_components_no_legend
    PASS  tests/test_calculations.py::TestVisualizations::test_lifetime_npv_returns_figure
    PASS  tests/test_calculations.py::TestIntegrationPipeline::test_grid_to_avoided_costs_column_contract
    PASS  tests/test_calculations.py::TestIntegrationPipeline::test_full_pipeline_grid_to_npv
    PASS  tests/test_calculations.py::TestIntegrationPipeline::test_dr_dispatch_feeds_into_billing
    PASS  tests/test_calculations.py::TestIntegrationPipeline::test_avoided_costs_feed_into_visualizations
    PASS  tests/test_calculations.py::TestIntegrationPipeline::test_config_defaults_work_with_calculations
    PASS  tests/test_calculations.py::TestLoadProfileIngestion::test_beopt_raw_file_parsing
    PASS  tests/test_calculations.py::TestLoadProfileIngestion::test_load_profiles_directory_scan
    PASS  tests/test_calculations.py::TestLoadProfileIngestion::test_excel_file_parsing
    PASS  tests/test_calculations.py::TestCostEffectivenessTests::test_trc_and_pct_ratios

======================================================================
  Test Run: 2026-08-10 16:12:51  |  Result: ALL PASSED
  50 tests: 50 passed, 0 failed
======================================================================
    PASS  tests/test_calculations.py::TestCalculateAvoidedCosts::test_output_columns_exist
    PASS  tests/test_calculations.py::TestCalculateAvoidedCosts::test_output_length_8760
    PASS  tests/test_calculations.py::TestCalculateAvoidedCosts::test_gen_capacity_formula
    PASS  tests/test_calculations.py::TestCalculateAvoidedCosts::test_transmission_uses_pcaf
    PASS  tests/test_calculations.py::TestCalculateAvoidedCosts::test_emissions_formula
    PASS  tests/test_calculations.py::TestCalculateAvoidedCosts::test_total_is_sum_of_components
    PASS  tests/test_calculations.py::TestCalculateAvoidedCosts::test_zero_scalars_only_energy
    PASS  tests/test_calculations.py::TestCalculateUrdbBill::test_flat_rate_constant_load
    PASS  tests/test_calculations.py::TestCalculateUrdbBill::test_flat_rate_monthly_proportionality
    PASS  tests/test_calculations.py::TestCalculateUrdbBill::test_zero_load_only_fixed
    PASS  tests/test_calculations.py::TestCalculateUrdbBill::test_demand_charge
    PASS  tests/test_calculations.py::TestCalculateUrdbBill::test_gp_r31_seasonal_tiers
    PASS  tests/test_calculations.py::TestCalculateUrdbBill::test_bill_increases_with_load
    PASS  tests/test_calculations.py::TestNPVDiscounting::test_discount_factors_sum
    PASS  tests/test_calculations.py::TestNPVDiscounting::test_zero_discount_rate
    PASS  tests/test_calculations.py::TestNPVDiscounting::test_npv_known_answer
    PASS  tests/test_calculations.py::TestNPVDiscounting::test_rim_ratio_calculation
    PASS  tests/test_calculations.py::TestNPVDiscounting::test_rim_zero_lost_revenue
    PASS  tests/test_calculations.py::TestCapacityMetrics::test_epc_uniform_cwft
    PASS  tests/test_calculations.py::TestCapacityMetrics::test_epc_peaked_cwft_higher_for_peaky_load
    PASS  tests/test_calculations.py::TestCapacityMetrics::test_epc_reduction
    PASS  tests/test_calculations.py::TestCapacityMetrics::test_elcc_proxy_formula
    PASS  tests/test_calculations.py::TestCapacityMetrics::test_elcc_proxy_peaky_load
    PASS  tests/test_calculations.py::TestCapacityMetrics::test_cwft_sums_to_one
    PASS  tests/test_calculations.py::TestDispatchDrProgram::test_respects_hour_limit
    PASS  tests/test_calculations.py::TestDispatchDrProgram::test_respects_daily_limit
    PASS  tests/test_calculations.py::TestDispatchDrProgram::test_summer_only_season
    PASS  tests/test_calculations.py::TestDispatchDrProgram::test_reduction_capped_at_load
    PASS  tests/test_calculations.py::TestDispatchDrProgram::test_returns_correct_shapes
    PASS  tests/test_calculations.py::TestConfig::test_scenario_options_nonempty
    PASS  tests/test_calculations.py::TestConfig::test_planning_year_options
    PASS  tests/test_calculations.py::TestConfig::test_default_values_positive
    PASS  tests/test_calculations.py::TestConfig::test_grid_components_has_5
    PASS  tests/test_calculations.py::TestConfig::test_week_windows_valid
    PASS  tests/test_calculations.py::TestConfig::test_weather_sensitivity_function
    PASS  tests/test_calculations.py::TestConfig::test_custom_css_nonempty
    PASS  tests/test_calculations.py::TestVisualizations::test_weekly_overlay_returns_figure
    PASS  tests/test_calculations.py::TestVisualizations::test_annual_avoided_cost_returns_figure
    PASS  tests/test_calculations.py::TestVisualizations::test_stacked_components_returns_figure
    PASS  tests/test_calculations.py::TestVisualizations::test_stacked_components_no_legend
    PASS  tests/test_calculations.py::TestVisualizations::test_lifetime_npv_returns_figure
    PASS  tests/test_calculations.py::TestIntegrationPipeline::test_grid_to_avoided_costs_column_contract
    PASS  tests/test_calculations.py::TestIntegrationPipeline::test_full_pipeline_grid_to_npv
    PASS  tests/test_calculations.py::TestIntegrationPipeline::test_dr_dispatch_feeds_into_billing
    PASS  tests/test_calculations.py::TestIntegrationPipeline::test_avoided_costs_feed_into_visualizations
    PASS  tests/test_calculations.py::TestIntegrationPipeline::test_config_defaults_work_with_calculations
    PASS  tests/test_calculations.py::TestLoadProfileIngestion::test_beopt_raw_file_parsing
    PASS  tests/test_calculations.py::TestLoadProfileIngestion::test_load_profiles_directory_scan
    PASS  tests/test_calculations.py::TestLoadProfileIngestion::test_excel_file_parsing
    PASS  tests/test_calculations.py::TestCostEffectivenessTests::test_trc_and_pct_ratios

======================================================================
  Test Run: 2026-08-10 16:12:30  |  Result: ALL PASSED
  50 tests: 50 passed, 0 failed
======================================================================
    PASS  tests/test_calculations.py::TestCalculateAvoidedCosts::test_output_columns_exist
    PASS  tests/test_calculations.py::TestCalculateAvoidedCosts::test_output_length_8760
    PASS  tests/test_calculations.py::TestCalculateAvoidedCosts::test_gen_capacity_formula
    PASS  tests/test_calculations.py::TestCalculateAvoidedCosts::test_transmission_uses_pcaf
    PASS  tests/test_calculations.py::TestCalculateAvoidedCosts::test_emissions_formula
    PASS  tests/test_calculations.py::TestCalculateAvoidedCosts::test_total_is_sum_of_components
    PASS  tests/test_calculations.py::TestCalculateAvoidedCosts::test_zero_scalars_only_energy
    PASS  tests/test_calculations.py::TestCalculateUrdbBill::test_flat_rate_constant_load
    PASS  tests/test_calculations.py::TestCalculateUrdbBill::test_flat_rate_monthly_proportionality
    PASS  tests/test_calculations.py::TestCalculateUrdbBill::test_zero_load_only_fixed
    PASS  tests/test_calculations.py::TestCalculateUrdbBill::test_demand_charge
    PASS  tests/test_calculations.py::TestCalculateUrdbBill::test_gp_r31_seasonal_tiers
    PASS  tests/test_calculations.py::TestCalculateUrdbBill::test_bill_increases_with_load
    PASS  tests/test_calculations.py::TestNPVDiscounting::test_discount_factors_sum
    PASS  tests/test_calculations.py::TestNPVDiscounting::test_zero_discount_rate
    PASS  tests/test_calculations.py::TestNPVDiscounting::test_npv_known_answer
    PASS  tests/test_calculations.py::TestNPVDiscounting::test_rim_ratio_calculation
    PASS  tests/test_calculations.py::TestNPVDiscounting::test_rim_zero_lost_revenue
    PASS  tests/test_calculations.py::TestCapacityMetrics::test_epc_uniform_cwft
    PASS  tests/test_calculations.py::TestCapacityMetrics::test_epc_peaked_cwft_higher_for_peaky_load
    PASS  tests/test_calculations.py::TestCapacityMetrics::test_epc_reduction
    PASS  tests/test_calculations.py::TestCapacityMetrics::test_elcc_proxy_formula
    PASS  tests/test_calculations.py::TestCapacityMetrics::test_elcc_proxy_peaky_load
    PASS  tests/test_calculations.py::TestCapacityMetrics::test_cwft_sums_to_one
    PASS  tests/test_calculations.py::TestDispatchDrProgram::test_respects_hour_limit
    PASS  tests/test_calculations.py::TestDispatchDrProgram::test_respects_daily_limit
    PASS  tests/test_calculations.py::TestDispatchDrProgram::test_summer_only_season
    PASS  tests/test_calculations.py::TestDispatchDrProgram::test_reduction_capped_at_load
    PASS  tests/test_calculations.py::TestDispatchDrProgram::test_returns_correct_shapes
    PASS  tests/test_calculations.py::TestConfig::test_scenario_options_nonempty
    PASS  tests/test_calculations.py::TestConfig::test_planning_year_options
    PASS  tests/test_calculations.py::TestConfig::test_default_values_positive
    PASS  tests/test_calculations.py::TestConfig::test_grid_components_has_5
    PASS  tests/test_calculations.py::TestConfig::test_week_windows_valid
    PASS  tests/test_calculations.py::TestConfig::test_weather_sensitivity_function
    PASS  tests/test_calculations.py::TestConfig::test_custom_css_nonempty
    PASS  tests/test_calculations.py::TestVisualizations::test_weekly_overlay_returns_figure
    PASS  tests/test_calculations.py::TestVisualizations::test_annual_avoided_cost_returns_figure
    PASS  tests/test_calculations.py::TestVisualizations::test_stacked_components_returns_figure
    PASS  tests/test_calculations.py::TestVisualizations::test_stacked_components_no_legend
    PASS  tests/test_calculations.py::TestVisualizations::test_lifetime_npv_returns_figure
    PASS  tests/test_calculations.py::TestIntegrationPipeline::test_grid_to_avoided_costs_column_contract
    PASS  tests/test_calculations.py::TestIntegrationPipeline::test_full_pipeline_grid_to_npv
    PASS  tests/test_calculations.py::TestIntegrationPipeline::test_dr_dispatch_feeds_into_billing
    PASS  tests/test_calculations.py::TestIntegrationPipeline::test_avoided_costs_feed_into_visualizations
    PASS  tests/test_calculations.py::TestIntegrationPipeline::test_config_defaults_work_with_calculations
    PASS  tests/test_calculations.py::TestLoadProfileIngestion::test_beopt_raw_file_parsing
    PASS  tests/test_calculations.py::TestLoadProfileIngestion::test_load_profiles_directory_scan
    PASS  tests/test_calculations.py::TestLoadProfileIngestion::test_excel_file_parsing
    PASS  tests/test_calculations.py::TestCostEffectivenessTests::test_trc_and_pct_ratios

======================================================================
  Test Run: 2026-08-10 16:11:19  |  Result: ALL PASSED
  49 tests: 49 passed, 0 failed
======================================================================
    PASS  tests/test_calculations.py::TestCalculateAvoidedCosts::test_output_columns_exist
    PASS  tests/test_calculations.py::TestCalculateAvoidedCosts::test_output_length_8760
    PASS  tests/test_calculations.py::TestCalculateAvoidedCosts::test_gen_capacity_formula
    PASS  tests/test_calculations.py::TestCalculateAvoidedCosts::test_transmission_uses_pcaf
    PASS  tests/test_calculations.py::TestCalculateAvoidedCosts::test_emissions_formula
    PASS  tests/test_calculations.py::TestCalculateAvoidedCosts::test_total_is_sum_of_components
    PASS  tests/test_calculations.py::TestCalculateAvoidedCosts::test_zero_scalars_only_energy
    PASS  tests/test_calculations.py::TestCalculateUrdbBill::test_flat_rate_constant_load
    PASS  tests/test_calculations.py::TestCalculateUrdbBill::test_flat_rate_monthly_proportionality
    PASS  tests/test_calculations.py::TestCalculateUrdbBill::test_zero_load_only_fixed
    PASS  tests/test_calculations.py::TestCalculateUrdbBill::test_demand_charge
    PASS  tests/test_calculations.py::TestCalculateUrdbBill::test_gp_r31_seasonal_tiers
    PASS  tests/test_calculations.py::TestCalculateUrdbBill::test_bill_increases_with_load
    PASS  tests/test_calculations.py::TestNPVDiscounting::test_discount_factors_sum
    PASS  tests/test_calculations.py::TestNPVDiscounting::test_zero_discount_rate
    PASS  tests/test_calculations.py::TestNPVDiscounting::test_npv_known_answer
    PASS  tests/test_calculations.py::TestNPVDiscounting::test_rim_ratio_calculation
    PASS  tests/test_calculations.py::TestNPVDiscounting::test_rim_zero_lost_revenue
    PASS  tests/test_calculations.py::TestCapacityMetrics::test_epc_uniform_cwft
    PASS  tests/test_calculations.py::TestCapacityMetrics::test_epc_peaked_cwft_higher_for_peaky_load
    PASS  tests/test_calculations.py::TestCapacityMetrics::test_epc_reduction
    PASS  tests/test_calculations.py::TestCapacityMetrics::test_elcc_proxy_formula
    PASS  tests/test_calculations.py::TestCapacityMetrics::test_elcc_proxy_peaky_load
    PASS  tests/test_calculations.py::TestCapacityMetrics::test_cwft_sums_to_one
    PASS  tests/test_calculations.py::TestDispatchDrProgram::test_respects_hour_limit
    PASS  tests/test_calculations.py::TestDispatchDrProgram::test_respects_daily_limit
    PASS  tests/test_calculations.py::TestDispatchDrProgram::test_summer_only_season
    PASS  tests/test_calculations.py::TestDispatchDrProgram::test_reduction_capped_at_load
    PASS  tests/test_calculations.py::TestDispatchDrProgram::test_returns_correct_shapes
    PASS  tests/test_calculations.py::TestConfig::test_scenario_options_nonempty
    PASS  tests/test_calculations.py::TestConfig::test_planning_year_options
    PASS  tests/test_calculations.py::TestConfig::test_default_values_positive
    PASS  tests/test_calculations.py::TestConfig::test_grid_components_has_5
    PASS  tests/test_calculations.py::TestConfig::test_week_windows_valid
    PASS  tests/test_calculations.py::TestConfig::test_weather_sensitivity_function
    PASS  tests/test_calculations.py::TestConfig::test_custom_css_nonempty
    PASS  tests/test_calculations.py::TestVisualizations::test_weekly_overlay_returns_figure
    PASS  tests/test_calculations.py::TestVisualizations::test_annual_avoided_cost_returns_figure
    PASS  tests/test_calculations.py::TestVisualizations::test_stacked_components_returns_figure
    PASS  tests/test_calculations.py::TestVisualizations::test_stacked_components_no_legend
    PASS  tests/test_calculations.py::TestVisualizations::test_lifetime_npv_returns_figure
    PASS  tests/test_calculations.py::TestIntegrationPipeline::test_grid_to_avoided_costs_column_contract
    PASS  tests/test_calculations.py::TestIntegrationPipeline::test_full_pipeline_grid_to_npv
    PASS  tests/test_calculations.py::TestIntegrationPipeline::test_dr_dispatch_feeds_into_billing
    PASS  tests/test_calculations.py::TestIntegrationPipeline::test_avoided_costs_feed_into_visualizations
    PASS  tests/test_calculations.py::TestIntegrationPipeline::test_config_defaults_work_with_calculations
    PASS  tests/test_calculations.py::TestLoadProfileIngestion::test_beopt_raw_file_parsing
    PASS  tests/test_calculations.py::TestLoadProfileIngestion::test_load_profiles_directory_scan
    PASS  tests/test_calculations.py::TestCostEffectivenessTests::test_trc_and_pct_ratios

======================================================================
  Test Run: 2026-08-10 15:47:58  |  Result: ALL PASSED
  49 tests: 49 passed, 0 failed
======================================================================
    PASS  tests/test_calculations.py::TestCalculateAvoidedCosts::test_output_columns_exist
    PASS  tests/test_calculations.py::TestCalculateAvoidedCosts::test_output_length_8760
    PASS  tests/test_calculations.py::TestCalculateAvoidedCosts::test_gen_capacity_formula
    PASS  tests/test_calculations.py::TestCalculateAvoidedCosts::test_transmission_uses_pcaf
    PASS  tests/test_calculations.py::TestCalculateAvoidedCosts::test_emissions_formula
    PASS  tests/test_calculations.py::TestCalculateAvoidedCosts::test_total_is_sum_of_components
    PASS  tests/test_calculations.py::TestCalculateAvoidedCosts::test_zero_scalars_only_energy
    PASS  tests/test_calculations.py::TestCalculateUrdbBill::test_flat_rate_constant_load
    PASS  tests/test_calculations.py::TestCalculateUrdbBill::test_flat_rate_monthly_proportionality
    PASS  tests/test_calculations.py::TestCalculateUrdbBill::test_zero_load_only_fixed
    PASS  tests/test_calculations.py::TestCalculateUrdbBill::test_demand_charge
    PASS  tests/test_calculations.py::TestCalculateUrdbBill::test_gp_r31_seasonal_tiers
    PASS  tests/test_calculations.py::TestCalculateUrdbBill::test_bill_increases_with_load
    PASS  tests/test_calculations.py::TestNPVDiscounting::test_discount_factors_sum
    PASS  tests/test_calculations.py::TestNPVDiscounting::test_zero_discount_rate
    PASS  tests/test_calculations.py::TestNPVDiscounting::test_npv_known_answer
    PASS  tests/test_calculations.py::TestNPVDiscounting::test_rim_ratio_calculation
    PASS  tests/test_calculations.py::TestNPVDiscounting::test_rim_zero_lost_revenue
    PASS  tests/test_calculations.py::TestCapacityMetrics::test_epc_uniform_cwft
    PASS  tests/test_calculations.py::TestCapacityMetrics::test_epc_peaked_cwft_higher_for_peaky_load
    PASS  tests/test_calculations.py::TestCapacityMetrics::test_epc_reduction
    PASS  tests/test_calculations.py::TestCapacityMetrics::test_elcc_proxy_formula
    PASS  tests/test_calculations.py::TestCapacityMetrics::test_elcc_proxy_peaky_load
    PASS  tests/test_calculations.py::TestCapacityMetrics::test_cwft_sums_to_one
    PASS  tests/test_calculations.py::TestDispatchDrProgram::test_respects_hour_limit
    PASS  tests/test_calculations.py::TestDispatchDrProgram::test_respects_daily_limit
    PASS  tests/test_calculations.py::TestDispatchDrProgram::test_summer_only_season
    PASS  tests/test_calculations.py::TestDispatchDrProgram::test_reduction_capped_at_load
    PASS  tests/test_calculations.py::TestDispatchDrProgram::test_returns_correct_shapes
    PASS  tests/test_calculations.py::TestConfig::test_scenario_options_nonempty
    PASS  tests/test_calculations.py::TestConfig::test_planning_year_options
    PASS  tests/test_calculations.py::TestConfig::test_default_values_positive
    PASS  tests/test_calculations.py::TestConfig::test_grid_components_has_5
    PASS  tests/test_calculations.py::TestConfig::test_week_windows_valid
    PASS  tests/test_calculations.py::TestConfig::test_weather_sensitivity_function
    PASS  tests/test_calculations.py::TestConfig::test_custom_css_nonempty
    PASS  tests/test_calculations.py::TestVisualizations::test_weekly_overlay_returns_figure
    PASS  tests/test_calculations.py::TestVisualizations::test_annual_avoided_cost_returns_figure
    PASS  tests/test_calculations.py::TestVisualizations::test_stacked_components_returns_figure
    PASS  tests/test_calculations.py::TestVisualizations::test_stacked_components_no_legend
    PASS  tests/test_calculations.py::TestVisualizations::test_lifetime_npv_returns_figure
    PASS  tests/test_calculations.py::TestIntegrationPipeline::test_grid_to_avoided_costs_column_contract
    PASS  tests/test_calculations.py::TestIntegrationPipeline::test_full_pipeline_grid_to_npv
    PASS  tests/test_calculations.py::TestIntegrationPipeline::test_dr_dispatch_feeds_into_billing
    PASS  tests/test_calculations.py::TestIntegrationPipeline::test_avoided_costs_feed_into_visualizations
    PASS  tests/test_calculations.py::TestIntegrationPipeline::test_config_defaults_work_with_calculations
    PASS  tests/test_calculations.py::TestLoadProfileIngestion::test_beopt_raw_file_parsing
    PASS  tests/test_calculations.py::TestLoadProfileIngestion::test_load_profiles_directory_scan
    PASS  tests/test_calculations.py::TestCostEffectivenessTests::test_trc_and_pct_ratios

======================================================================
  Test Run: 2026-08-10 15:35:44  |  Result: ALL PASSED
  49 tests: 49 passed, 0 failed
======================================================================
    PASS  tests/test_calculations.py::TestCalculateAvoidedCosts::test_output_columns_exist
    PASS  tests/test_calculations.py::TestCalculateAvoidedCosts::test_output_length_8760
    PASS  tests/test_calculations.py::TestCalculateAvoidedCosts::test_gen_capacity_formula
    PASS  tests/test_calculations.py::TestCalculateAvoidedCosts::test_transmission_uses_pcaf
    PASS  tests/test_calculations.py::TestCalculateAvoidedCosts::test_emissions_formula
    PASS  tests/test_calculations.py::TestCalculateAvoidedCosts::test_total_is_sum_of_components
    PASS  tests/test_calculations.py::TestCalculateAvoidedCosts::test_zero_scalars_only_energy
    PASS  tests/test_calculations.py::TestCalculateUrdbBill::test_flat_rate_constant_load
    PASS  tests/test_calculations.py::TestCalculateUrdbBill::test_flat_rate_monthly_proportionality
    PASS  tests/test_calculations.py::TestCalculateUrdbBill::test_zero_load_only_fixed
    PASS  tests/test_calculations.py::TestCalculateUrdbBill::test_demand_charge
    PASS  tests/test_calculations.py::TestCalculateUrdbBill::test_gp_r31_seasonal_tiers
    PASS  tests/test_calculations.py::TestCalculateUrdbBill::test_bill_increases_with_load
    PASS  tests/test_calculations.py::TestNPVDiscounting::test_discount_factors_sum
    PASS  tests/test_calculations.py::TestNPVDiscounting::test_zero_discount_rate
    PASS  tests/test_calculations.py::TestNPVDiscounting::test_npv_known_answer
    PASS  tests/test_calculations.py::TestNPVDiscounting::test_rim_ratio_calculation
    PASS  tests/test_calculations.py::TestNPVDiscounting::test_rim_zero_lost_revenue
    PASS  tests/test_calculations.py::TestCapacityMetrics::test_epc_uniform_cwft
    PASS  tests/test_calculations.py::TestCapacityMetrics::test_epc_peaked_cwft_higher_for_peaky_load
    PASS  tests/test_calculations.py::TestCapacityMetrics::test_epc_reduction
    PASS  tests/test_calculations.py::TestCapacityMetrics::test_elcc_proxy_formula
    PASS  tests/test_calculations.py::TestCapacityMetrics::test_elcc_proxy_peaky_load
    PASS  tests/test_calculations.py::TestCapacityMetrics::test_cwft_sums_to_one
    PASS  tests/test_calculations.py::TestDispatchDrProgram::test_respects_hour_limit
    PASS  tests/test_calculations.py::TestDispatchDrProgram::test_respects_daily_limit
    PASS  tests/test_calculations.py::TestDispatchDrProgram::test_summer_only_season
    PASS  tests/test_calculations.py::TestDispatchDrProgram::test_reduction_capped_at_load
    PASS  tests/test_calculations.py::TestDispatchDrProgram::test_returns_correct_shapes
    PASS  tests/test_calculations.py::TestConfig::test_scenario_options_nonempty
    PASS  tests/test_calculations.py::TestConfig::test_planning_year_options
    PASS  tests/test_calculations.py::TestConfig::test_default_values_positive
    PASS  tests/test_calculations.py::TestConfig::test_grid_components_has_5
    PASS  tests/test_calculations.py::TestConfig::test_week_windows_valid
    PASS  tests/test_calculations.py::TestConfig::test_weather_sensitivity_function
    PASS  tests/test_calculations.py::TestConfig::test_custom_css_nonempty
    PASS  tests/test_calculations.py::TestVisualizations::test_weekly_overlay_returns_figure
    PASS  tests/test_calculations.py::TestVisualizations::test_annual_avoided_cost_returns_figure
    PASS  tests/test_calculations.py::TestVisualizations::test_stacked_components_returns_figure
    PASS  tests/test_calculations.py::TestVisualizations::test_stacked_components_no_legend
    PASS  tests/test_calculations.py::TestVisualizations::test_lifetime_npv_returns_figure
    PASS  tests/test_calculations.py::TestIntegrationPipeline::test_grid_to_avoided_costs_column_contract
    PASS  tests/test_calculations.py::TestIntegrationPipeline::test_full_pipeline_grid_to_npv
    PASS  tests/test_calculations.py::TestIntegrationPipeline::test_dr_dispatch_feeds_into_billing
    PASS  tests/test_calculations.py::TestIntegrationPipeline::test_avoided_costs_feed_into_visualizations
    PASS  tests/test_calculations.py::TestIntegrationPipeline::test_config_defaults_work_with_calculations
    PASS  tests/test_calculations.py::TestLoadProfileIngestion::test_beopt_raw_file_parsing
    PASS  tests/test_calculations.py::TestLoadProfileIngestion::test_load_profiles_directory_scan
    PASS  tests/test_calculations.py::TestCostEffectivenessTests::test_trc_and_pct_ratios

======================================================================
  Test Run: 2026-08-10 15:29:18  |  Result: ALL PASSED
  48 tests: 48 passed, 0 failed
======================================================================
    PASS  tests/test_calculations.py::TestCalculateAvoidedCosts::test_output_columns_exist
    PASS  tests/test_calculations.py::TestCalculateAvoidedCosts::test_output_length_8760
    PASS  tests/test_calculations.py::TestCalculateAvoidedCosts::test_gen_capacity_formula
    PASS  tests/test_calculations.py::TestCalculateAvoidedCosts::test_transmission_uses_pcaf
    PASS  tests/test_calculations.py::TestCalculateAvoidedCosts::test_emissions_formula
    PASS  tests/test_calculations.py::TestCalculateAvoidedCosts::test_total_is_sum_of_components
    PASS  tests/test_calculations.py::TestCalculateAvoidedCosts::test_zero_scalars_only_energy
    PASS  tests/test_calculations.py::TestCalculateUrdbBill::test_flat_rate_constant_load
    PASS  tests/test_calculations.py::TestCalculateUrdbBill::test_flat_rate_monthly_proportionality
    PASS  tests/test_calculations.py::TestCalculateUrdbBill::test_zero_load_only_fixed
    PASS  tests/test_calculations.py::TestCalculateUrdbBill::test_demand_charge
    PASS  tests/test_calculations.py::TestCalculateUrdbBill::test_gp_r31_seasonal_tiers
    PASS  tests/test_calculations.py::TestCalculateUrdbBill::test_bill_increases_with_load
    PASS  tests/test_calculations.py::TestNPVDiscounting::test_discount_factors_sum
    PASS  tests/test_calculations.py::TestNPVDiscounting::test_zero_discount_rate
    PASS  tests/test_calculations.py::TestNPVDiscounting::test_npv_known_answer
    PASS  tests/test_calculations.py::TestNPVDiscounting::test_rim_ratio_calculation
    PASS  tests/test_calculations.py::TestNPVDiscounting::test_rim_zero_lost_revenue
    PASS  tests/test_calculations.py::TestCapacityMetrics::test_epc_uniform_cwft
    PASS  tests/test_calculations.py::TestCapacityMetrics::test_epc_peaked_cwft_higher_for_peaky_load
    PASS  tests/test_calculations.py::TestCapacityMetrics::test_epc_reduction
    PASS  tests/test_calculations.py::TestCapacityMetrics::test_elcc_proxy_formula
    PASS  tests/test_calculations.py::TestCapacityMetrics::test_elcc_proxy_peaky_load
    PASS  tests/test_calculations.py::TestCapacityMetrics::test_cwft_sums_to_one
    PASS  tests/test_calculations.py::TestDispatchDrProgram::test_respects_hour_limit
    PASS  tests/test_calculations.py::TestDispatchDrProgram::test_respects_daily_limit
    PASS  tests/test_calculations.py::TestDispatchDrProgram::test_summer_only_season
    PASS  tests/test_calculations.py::TestDispatchDrProgram::test_reduction_capped_at_load
    PASS  tests/test_calculations.py::TestDispatchDrProgram::test_returns_correct_shapes
    PASS  tests/test_calculations.py::TestConfig::test_scenario_options_nonempty
    PASS  tests/test_calculations.py::TestConfig::test_planning_year_options
    PASS  tests/test_calculations.py::TestConfig::test_default_values_positive
    PASS  tests/test_calculations.py::TestConfig::test_grid_components_has_5
    PASS  tests/test_calculations.py::TestConfig::test_week_windows_valid
    PASS  tests/test_calculations.py::TestConfig::test_weather_sensitivity_function
    PASS  tests/test_calculations.py::TestConfig::test_custom_css_nonempty
    PASS  tests/test_calculations.py::TestVisualizations::test_weekly_overlay_returns_figure
    PASS  tests/test_calculations.py::TestVisualizations::test_annual_avoided_cost_returns_figure
    PASS  tests/test_calculations.py::TestVisualizations::test_stacked_components_returns_figure
    PASS  tests/test_calculations.py::TestVisualizations::test_stacked_components_no_legend
    PASS  tests/test_calculations.py::TestVisualizations::test_lifetime_npv_returns_figure
    PASS  tests/test_calculations.py::TestIntegrationPipeline::test_grid_to_avoided_costs_column_contract
    PASS  tests/test_calculations.py::TestIntegrationPipeline::test_full_pipeline_grid_to_npv
    PASS  tests/test_calculations.py::TestIntegrationPipeline::test_dr_dispatch_feeds_into_billing
    PASS  tests/test_calculations.py::TestIntegrationPipeline::test_avoided_costs_feed_into_visualizations
    PASS  tests/test_calculations.py::TestIntegrationPipeline::test_config_defaults_work_with_calculations
    PASS  tests/test_calculations.py::TestLoadProfileIngestion::test_beopt_raw_file_parsing
    PASS  tests/test_calculations.py::TestLoadProfileIngestion::test_load_profiles_directory_scan

======================================================================
  Test Run: 2026-08-10 15:23:16  |  Result: ALL PASSED
  48 tests: 48 passed, 0 failed
======================================================================
    PASS  tests/test_calculations.py::TestCalculateAvoidedCosts::test_output_columns_exist
    PASS  tests/test_calculations.py::TestCalculateAvoidedCosts::test_output_length_8760
    PASS  tests/test_calculations.py::TestCalculateAvoidedCosts::test_gen_capacity_formula
    PASS  tests/test_calculations.py::TestCalculateAvoidedCosts::test_transmission_uses_pcaf
    PASS  tests/test_calculations.py::TestCalculateAvoidedCosts::test_emissions_formula
    PASS  tests/test_calculations.py::TestCalculateAvoidedCosts::test_total_is_sum_of_components
    PASS  tests/test_calculations.py::TestCalculateAvoidedCosts::test_zero_scalars_only_energy
    PASS  tests/test_calculations.py::TestCalculateUrdbBill::test_flat_rate_constant_load
    PASS  tests/test_calculations.py::TestCalculateUrdbBill::test_flat_rate_monthly_proportionality
    PASS  tests/test_calculations.py::TestCalculateUrdbBill::test_zero_load_only_fixed
    PASS  tests/test_calculations.py::TestCalculateUrdbBill::test_demand_charge
    PASS  tests/test_calculations.py::TestCalculateUrdbBill::test_gp_r31_seasonal_tiers
    PASS  tests/test_calculations.py::TestCalculateUrdbBill::test_bill_increases_with_load
    PASS  tests/test_calculations.py::TestNPVDiscounting::test_discount_factors_sum
    PASS  tests/test_calculations.py::TestNPVDiscounting::test_zero_discount_rate
    PASS  tests/test_calculations.py::TestNPVDiscounting::test_npv_known_answer
    PASS  tests/test_calculations.py::TestNPVDiscounting::test_rim_ratio_calculation
    PASS  tests/test_calculations.py::TestNPVDiscounting::test_rim_zero_lost_revenue
    PASS  tests/test_calculations.py::TestCapacityMetrics::test_epc_uniform_cwft
    PASS  tests/test_calculations.py::TestCapacityMetrics::test_epc_peaked_cwft_higher_for_peaky_load
    PASS  tests/test_calculations.py::TestCapacityMetrics::test_epc_reduction
    PASS  tests/test_calculations.py::TestCapacityMetrics::test_elcc_proxy_formula
    PASS  tests/test_calculations.py::TestCapacityMetrics::test_elcc_proxy_peaky_load
    PASS  tests/test_calculations.py::TestCapacityMetrics::test_cwft_sums_to_one
    PASS  tests/test_calculations.py::TestDispatchDrProgram::test_respects_hour_limit
    PASS  tests/test_calculations.py::TestDispatchDrProgram::test_respects_daily_limit
    PASS  tests/test_calculations.py::TestDispatchDrProgram::test_summer_only_season
    PASS  tests/test_calculations.py::TestDispatchDrProgram::test_reduction_capped_at_load
    PASS  tests/test_calculations.py::TestDispatchDrProgram::test_returns_correct_shapes
    PASS  tests/test_calculations.py::TestConfig::test_scenario_options_nonempty
    PASS  tests/test_calculations.py::TestConfig::test_planning_year_options
    PASS  tests/test_calculations.py::TestConfig::test_default_values_positive
    PASS  tests/test_calculations.py::TestConfig::test_grid_components_has_5
    PASS  tests/test_calculations.py::TestConfig::test_week_windows_valid
    PASS  tests/test_calculations.py::TestConfig::test_weather_sensitivity_function
    PASS  tests/test_calculations.py::TestConfig::test_custom_css_nonempty
    PASS  tests/test_calculations.py::TestVisualizations::test_weekly_overlay_returns_figure
    PASS  tests/test_calculations.py::TestVisualizations::test_annual_avoided_cost_returns_figure
    PASS  tests/test_calculations.py::TestVisualizations::test_stacked_components_returns_figure
    PASS  tests/test_calculations.py::TestVisualizations::test_stacked_components_no_legend
    PASS  tests/test_calculations.py::TestVisualizations::test_lifetime_npv_returns_figure
    PASS  tests/test_calculations.py::TestIntegrationPipeline::test_grid_to_avoided_costs_column_contract
    PASS  tests/test_calculations.py::TestIntegrationPipeline::test_full_pipeline_grid_to_npv
    PASS  tests/test_calculations.py::TestIntegrationPipeline::test_dr_dispatch_feeds_into_billing
    PASS  tests/test_calculations.py::TestIntegrationPipeline::test_avoided_costs_feed_into_visualizations
    PASS  tests/test_calculations.py::TestIntegrationPipeline::test_config_defaults_work_with_calculations
    PASS  tests/test_calculations.py::TestLoadProfileIngestion::test_beopt_raw_file_parsing
    PASS  tests/test_calculations.py::TestLoadProfileIngestion::test_load_profiles_directory_scan

======================================================================
  Test Run: 2026-08-10 15:22:44  |  Result: ALL PASSED
  48 tests: 48 passed, 0 failed
======================================================================
    PASS  tests/test_calculations.py::TestCalculateAvoidedCosts::test_output_columns_exist
    PASS  tests/test_calculations.py::TestCalculateAvoidedCosts::test_output_length_8760
    PASS  tests/test_calculations.py::TestCalculateAvoidedCosts::test_gen_capacity_formula
    PASS  tests/test_calculations.py::TestCalculateAvoidedCosts::test_transmission_uses_pcaf
    PASS  tests/test_calculations.py::TestCalculateAvoidedCosts::test_emissions_formula
    PASS  tests/test_calculations.py::TestCalculateAvoidedCosts::test_total_is_sum_of_components
    PASS  tests/test_calculations.py::TestCalculateAvoidedCosts::test_zero_scalars_only_energy
    PASS  tests/test_calculations.py::TestCalculateUrdbBill::test_flat_rate_constant_load
    PASS  tests/test_calculations.py::TestCalculateUrdbBill::test_flat_rate_monthly_proportionality
    PASS  tests/test_calculations.py::TestCalculateUrdbBill::test_zero_load_only_fixed
    PASS  tests/test_calculations.py::TestCalculateUrdbBill::test_demand_charge
    PASS  tests/test_calculations.py::TestCalculateUrdbBill::test_gp_r31_seasonal_tiers
    PASS  tests/test_calculations.py::TestCalculateUrdbBill::test_bill_increases_with_load
    PASS  tests/test_calculations.py::TestNPVDiscounting::test_discount_factors_sum
    PASS  tests/test_calculations.py::TestNPVDiscounting::test_zero_discount_rate
    PASS  tests/test_calculations.py::TestNPVDiscounting::test_npv_known_answer
    PASS  tests/test_calculations.py::TestNPVDiscounting::test_rim_ratio_calculation
    PASS  tests/test_calculations.py::TestNPVDiscounting::test_rim_zero_lost_revenue
    PASS  tests/test_calculations.py::TestCapacityMetrics::test_epc_uniform_cwft
    PASS  tests/test_calculations.py::TestCapacityMetrics::test_epc_peaked_cwft_higher_for_peaky_load
    PASS  tests/test_calculations.py::TestCapacityMetrics::test_epc_reduction
    PASS  tests/test_calculations.py::TestCapacityMetrics::test_elcc_proxy_formula
    PASS  tests/test_calculations.py::TestCapacityMetrics::test_elcc_proxy_peaky_load
    PASS  tests/test_calculations.py::TestCapacityMetrics::test_cwft_sums_to_one
    PASS  tests/test_calculations.py::TestDispatchDrProgram::test_respects_hour_limit
    PASS  tests/test_calculations.py::TestDispatchDrProgram::test_respects_daily_limit
    PASS  tests/test_calculations.py::TestDispatchDrProgram::test_summer_only_season
    PASS  tests/test_calculations.py::TestDispatchDrProgram::test_reduction_capped_at_load
    PASS  tests/test_calculations.py::TestDispatchDrProgram::test_returns_correct_shapes
    PASS  tests/test_calculations.py::TestConfig::test_scenario_options_nonempty
    PASS  tests/test_calculations.py::TestConfig::test_planning_year_options
    PASS  tests/test_calculations.py::TestConfig::test_default_values_positive
    PASS  tests/test_calculations.py::TestConfig::test_grid_components_has_5
    PASS  tests/test_calculations.py::TestConfig::test_week_windows_valid
    PASS  tests/test_calculations.py::TestConfig::test_weather_sensitivity_function
    PASS  tests/test_calculations.py::TestConfig::test_custom_css_nonempty
    PASS  tests/test_calculations.py::TestVisualizations::test_weekly_overlay_returns_figure
    PASS  tests/test_calculations.py::TestVisualizations::test_annual_avoided_cost_returns_figure
    PASS  tests/test_calculations.py::TestVisualizations::test_stacked_components_returns_figure
    PASS  tests/test_calculations.py::TestVisualizations::test_stacked_components_no_legend
    PASS  tests/test_calculations.py::TestVisualizations::test_lifetime_npv_returns_figure
    PASS  tests/test_calculations.py::TestIntegrationPipeline::test_grid_to_avoided_costs_column_contract
    PASS  tests/test_calculations.py::TestIntegrationPipeline::test_full_pipeline_grid_to_npv
    PASS  tests/test_calculations.py::TestIntegrationPipeline::test_dr_dispatch_feeds_into_billing
    PASS  tests/test_calculations.py::TestIntegrationPipeline::test_avoided_costs_feed_into_visualizations
    PASS  tests/test_calculations.py::TestIntegrationPipeline::test_config_defaults_work_with_calculations
    PASS  tests/test_calculations.py::TestLoadProfileIngestion::test_beopt_raw_file_parsing
    PASS  tests/test_calculations.py::TestLoadProfileIngestion::test_load_profiles_directory_scan

======================================================================
  Test Run: 2026-08-10 15:22:22  |  Result: FAILURES
  48 tests: 46 passed, 2 failed
======================================================================
    PASS  tests/test_calculations.py::TestCalculateAvoidedCosts::test_output_columns_exist
    PASS  tests/test_calculations.py::TestCalculateAvoidedCosts::test_output_length_8760
    PASS  tests/test_calculations.py::TestCalculateAvoidedCosts::test_gen_capacity_formula
    PASS  tests/test_calculations.py::TestCalculateAvoidedCosts::test_transmission_uses_pcaf
    PASS  tests/test_calculations.py::TestCalculateAvoidedCosts::test_emissions_formula
    PASS  tests/test_calculations.py::TestCalculateAvoidedCosts::test_total_is_sum_of_components
    PASS  tests/test_calculations.py::TestCalculateAvoidedCosts::test_zero_scalars_only_energy
    PASS  tests/test_calculations.py::TestCalculateUrdbBill::test_flat_rate_constant_load
    PASS  tests/test_calculations.py::TestCalculateUrdbBill::test_flat_rate_monthly_proportionality
    PASS  tests/test_calculations.py::TestCalculateUrdbBill::test_zero_load_only_fixed
    PASS  tests/test_calculations.py::TestCalculateUrdbBill::test_demand_charge
    PASS  tests/test_calculations.py::TestCalculateUrdbBill::test_gp_r31_seasonal_tiers
    PASS  tests/test_calculations.py::TestCalculateUrdbBill::test_bill_increases_with_load
    PASS  tests/test_calculations.py::TestNPVDiscounting::test_discount_factors_sum
    PASS  tests/test_calculations.py::TestNPVDiscounting::test_zero_discount_rate
    PASS  tests/test_calculations.py::TestNPVDiscounting::test_npv_known_answer
    PASS  tests/test_calculations.py::TestNPVDiscounting::test_rim_ratio_calculation
    PASS  tests/test_calculations.py::TestNPVDiscounting::test_rim_zero_lost_revenue
    PASS  tests/test_calculations.py::TestCapacityMetrics::test_epc_uniform_cwft
    PASS  tests/test_calculations.py::TestCapacityMetrics::test_epc_peaked_cwft_higher_for_peaky_load
    PASS  tests/test_calculations.py::TestCapacityMetrics::test_epc_reduction
    PASS  tests/test_calculations.py::TestCapacityMetrics::test_elcc_proxy_formula
    PASS  tests/test_calculations.py::TestCapacityMetrics::test_elcc_proxy_peaky_load
    PASS  tests/test_calculations.py::TestCapacityMetrics::test_cwft_sums_to_one
    PASS  tests/test_calculations.py::TestDispatchDrProgram::test_respects_hour_limit
    PASS  tests/test_calculations.py::TestDispatchDrProgram::test_respects_daily_limit
    PASS  tests/test_calculations.py::TestDispatchDrProgram::test_summer_only_season
    PASS  tests/test_calculations.py::TestDispatchDrProgram::test_reduction_capped_at_load
    PASS  tests/test_calculations.py::TestDispatchDrProgram::test_returns_correct_shapes
    PASS  tests/test_calculations.py::TestConfig::test_scenario_options_nonempty
    PASS  tests/test_calculations.py::TestConfig::test_planning_year_options
    PASS  tests/test_calculations.py::TestConfig::test_default_values_positive
    PASS  tests/test_calculations.py::TestConfig::test_grid_components_has_5
    PASS  tests/test_calculations.py::TestConfig::test_week_windows_valid
    PASS  tests/test_calculations.py::TestConfig::test_weather_sensitivity_function
    PASS  tests/test_calculations.py::TestConfig::test_custom_css_nonempty
    PASS  tests/test_calculations.py::TestVisualizations::test_weekly_overlay_returns_figure
    PASS  tests/test_calculations.py::TestVisualizations::test_annual_avoided_cost_returns_figure
    PASS  tests/test_calculations.py::TestVisualizations::test_stacked_components_returns_figure
    PASS  tests/test_calculations.py::TestVisualizations::test_stacked_components_no_legend
    PASS  tests/test_calculations.py::TestVisualizations::test_lifetime_npv_returns_figure
    PASS  tests/test_calculations.py::TestIntegrationPipeline::test_grid_to_avoided_costs_column_contract
    PASS  tests/test_calculations.py::TestIntegrationPipeline::test_full_pipeline_grid_to_npv
    PASS  tests/test_calculations.py::TestIntegrationPipeline::test_dr_dispatch_feeds_into_billing
    PASS  tests/test_calculations.py::TestIntegrationPipeline::test_avoided_costs_feed_into_visualizations
    PASS  tests/test_calculations.py::TestIntegrationPipeline::test_config_defaults_work_with_calculations
    FAIL  tests/test_calculations.py::TestLoadProfileIngestion::test_beopt_raw_file_parsing
    FAIL  tests/test_calculations.py::TestLoadProfileIngestion::test_load_profiles_directory_scan

======================================================================
  Test Run: 2026-08-10 15:22:15  |  Result: ALL PASSED
  46 tests: 46 passed, 0 failed
======================================================================
    PASS  tests/test_calculations.py::TestCalculateAvoidedCosts::test_output_columns_exist
    PASS  tests/test_calculations.py::TestCalculateAvoidedCosts::test_output_length_8760
    PASS  tests/test_calculations.py::TestCalculateAvoidedCosts::test_gen_capacity_formula
    PASS  tests/test_calculations.py::TestCalculateAvoidedCosts::test_transmission_uses_pcaf
    PASS  tests/test_calculations.py::TestCalculateAvoidedCosts::test_emissions_formula
    PASS  tests/test_calculations.py::TestCalculateAvoidedCosts::test_total_is_sum_of_components
    PASS  tests/test_calculations.py::TestCalculateAvoidedCosts::test_zero_scalars_only_energy
    PASS  tests/test_calculations.py::TestCalculateUrdbBill::test_flat_rate_constant_load
    PASS  tests/test_calculations.py::TestCalculateUrdbBill::test_flat_rate_monthly_proportionality
    PASS  tests/test_calculations.py::TestCalculateUrdbBill::test_zero_load_only_fixed
    PASS  tests/test_calculations.py::TestCalculateUrdbBill::test_demand_charge
    PASS  tests/test_calculations.py::TestCalculateUrdbBill::test_gp_r31_seasonal_tiers
    PASS  tests/test_calculations.py::TestCalculateUrdbBill::test_bill_increases_with_load
    PASS  tests/test_calculations.py::TestNPVDiscounting::test_discount_factors_sum
    PASS  tests/test_calculations.py::TestNPVDiscounting::test_zero_discount_rate
    PASS  tests/test_calculations.py::TestNPVDiscounting::test_npv_known_answer
    PASS  tests/test_calculations.py::TestNPVDiscounting::test_rim_ratio_calculation
    PASS  tests/test_calculations.py::TestNPVDiscounting::test_rim_zero_lost_revenue
    PASS  tests/test_calculations.py::TestCapacityMetrics::test_epc_uniform_cwft
    PASS  tests/test_calculations.py::TestCapacityMetrics::test_epc_peaked_cwft_higher_for_peaky_load
    PASS  tests/test_calculations.py::TestCapacityMetrics::test_epc_reduction
    PASS  tests/test_calculations.py::TestCapacityMetrics::test_elcc_proxy_formula
    PASS  tests/test_calculations.py::TestCapacityMetrics::test_elcc_proxy_peaky_load
    PASS  tests/test_calculations.py::TestCapacityMetrics::test_cwft_sums_to_one
    PASS  tests/test_calculations.py::TestDispatchDrProgram::test_respects_hour_limit
    PASS  tests/test_calculations.py::TestDispatchDrProgram::test_respects_daily_limit
    PASS  tests/test_calculations.py::TestDispatchDrProgram::test_summer_only_season
    PASS  tests/test_calculations.py::TestDispatchDrProgram::test_reduction_capped_at_load
    PASS  tests/test_calculations.py::TestDispatchDrProgram::test_returns_correct_shapes
    PASS  tests/test_calculations.py::TestConfig::test_scenario_options_nonempty
    PASS  tests/test_calculations.py::TestConfig::test_planning_year_options
    PASS  tests/test_calculations.py::TestConfig::test_default_values_positive
    PASS  tests/test_calculations.py::TestConfig::test_grid_components_has_5
    PASS  tests/test_calculations.py::TestConfig::test_week_windows_valid
    PASS  tests/test_calculations.py::TestConfig::test_weather_sensitivity_function
    PASS  tests/test_calculations.py::TestConfig::test_custom_css_nonempty
    PASS  tests/test_calculations.py::TestVisualizations::test_weekly_overlay_returns_figure
    PASS  tests/test_calculations.py::TestVisualizations::test_annual_avoided_cost_returns_figure
    PASS  tests/test_calculations.py::TestVisualizations::test_stacked_components_returns_figure
    PASS  tests/test_calculations.py::TestVisualizations::test_stacked_components_no_legend
    PASS  tests/test_calculations.py::TestVisualizations::test_lifetime_npv_returns_figure
    PASS  tests/test_calculations.py::TestIntegrationPipeline::test_grid_to_avoided_costs_column_contract
    PASS  tests/test_calculations.py::TestIntegrationPipeline::test_full_pipeline_grid_to_npv
    PASS  tests/test_calculations.py::TestIntegrationPipeline::test_dr_dispatch_feeds_into_billing
    PASS  tests/test_calculations.py::TestIntegrationPipeline::test_avoided_costs_feed_into_visualizations
    PASS  tests/test_calculations.py::TestIntegrationPipeline::test_config_defaults_work_with_calculations

======================================================================
  Test Run: 2026-08-10 14:49:26  |  Result: ALL PASSED
  46 tests: 46 passed, 0 failed
======================================================================
    PASS  tests/test_calculations.py::TestCalculateAvoidedCosts::test_output_columns_exist
    PASS  tests/test_calculations.py::TestCalculateAvoidedCosts::test_output_length_8760
    PASS  tests/test_calculations.py::TestCalculateAvoidedCosts::test_gen_capacity_formula
    PASS  tests/test_calculations.py::TestCalculateAvoidedCosts::test_transmission_uses_pcaf
    PASS  tests/test_calculations.py::TestCalculateAvoidedCosts::test_emissions_formula
    PASS  tests/test_calculations.py::TestCalculateAvoidedCosts::test_total_is_sum_of_components
    PASS  tests/test_calculations.py::TestCalculateAvoidedCosts::test_zero_scalars_only_energy
    PASS  tests/test_calculations.py::TestCalculateUrdbBill::test_flat_rate_constant_load
    PASS  tests/test_calculations.py::TestCalculateUrdbBill::test_flat_rate_monthly_proportionality
    PASS  tests/test_calculations.py::TestCalculateUrdbBill::test_zero_load_only_fixed
    PASS  tests/test_calculations.py::TestCalculateUrdbBill::test_demand_charge
    PASS  tests/test_calculations.py::TestCalculateUrdbBill::test_gp_r31_seasonal_tiers
    PASS  tests/test_calculations.py::TestCalculateUrdbBill::test_bill_increases_with_load
    PASS  tests/test_calculations.py::TestNPVDiscounting::test_discount_factors_sum
    PASS  tests/test_calculations.py::TestNPVDiscounting::test_zero_discount_rate
    PASS  tests/test_calculations.py::TestNPVDiscounting::test_npv_known_answer
    PASS  tests/test_calculations.py::TestNPVDiscounting::test_rim_ratio_calculation
    PASS  tests/test_calculations.py::TestNPVDiscounting::test_rim_zero_lost_revenue
    PASS  tests/test_calculations.py::TestCapacityMetrics::test_epc_uniform_cwft
    PASS  tests/test_calculations.py::TestCapacityMetrics::test_epc_peaked_cwft_higher_for_peaky_load
    PASS  tests/test_calculations.py::TestCapacityMetrics::test_epc_reduction
    PASS  tests/test_calculations.py::TestCapacityMetrics::test_elcc_proxy_formula
    PASS  tests/test_calculations.py::TestCapacityMetrics::test_elcc_proxy_peaky_load
    PASS  tests/test_calculations.py::TestCapacityMetrics::test_cwft_sums_to_one
    PASS  tests/test_calculations.py::TestDispatchDrProgram::test_respects_hour_limit
    PASS  tests/test_calculations.py::TestDispatchDrProgram::test_respects_daily_limit
    PASS  tests/test_calculations.py::TestDispatchDrProgram::test_summer_only_season
    PASS  tests/test_calculations.py::TestDispatchDrProgram::test_reduction_capped_at_load
    PASS  tests/test_calculations.py::TestDispatchDrProgram::test_returns_correct_shapes
    PASS  tests/test_calculations.py::TestConfig::test_scenario_options_nonempty
    PASS  tests/test_calculations.py::TestConfig::test_planning_year_options
    PASS  tests/test_calculations.py::TestConfig::test_default_values_positive
    PASS  tests/test_calculations.py::TestConfig::test_grid_components_has_5
    PASS  tests/test_calculations.py::TestConfig::test_week_windows_valid
    PASS  tests/test_calculations.py::TestConfig::test_weather_sensitivity_function
    PASS  tests/test_calculations.py::TestConfig::test_custom_css_nonempty
    PASS  tests/test_calculations.py::TestVisualizations::test_weekly_overlay_returns_figure
    PASS  tests/test_calculations.py::TestVisualizations::test_annual_avoided_cost_returns_figure
    PASS  tests/test_calculations.py::TestVisualizations::test_stacked_components_returns_figure
    PASS  tests/test_calculations.py::TestVisualizations::test_stacked_components_no_legend
    PASS  tests/test_calculations.py::TestVisualizations::test_lifetime_npv_returns_figure
    PASS  tests/test_calculations.py::TestIntegrationPipeline::test_grid_to_avoided_costs_column_contract
    PASS  tests/test_calculations.py::TestIntegrationPipeline::test_full_pipeline_grid_to_npv
    PASS  tests/test_calculations.py::TestIntegrationPipeline::test_dr_dispatch_feeds_into_billing
    PASS  tests/test_calculations.py::TestIntegrationPipeline::test_avoided_costs_feed_into_visualizations
    PASS  tests/test_calculations.py::TestIntegrationPipeline::test_config_defaults_work_with_calculations

======================================================================
  Test Run: 2026-08-10 14:15:36  |  Result: ALL PASSED
  41 tests: 41 passed, 0 failed
======================================================================
    PASS  tests/test_calculations.py::TestCalculateAvoidedCosts::test_output_columns_exist
    PASS  tests/test_calculations.py::TestCalculateAvoidedCosts::test_output_length_8760
    PASS  tests/test_calculations.py::TestCalculateAvoidedCosts::test_gen_capacity_formula
    PASS  tests/test_calculations.py::TestCalculateAvoidedCosts::test_transmission_uses_pcaf
    PASS  tests/test_calculations.py::TestCalculateAvoidedCosts::test_emissions_formula
    PASS  tests/test_calculations.py::TestCalculateAvoidedCosts::test_total_is_sum_of_components
    PASS  tests/test_calculations.py::TestCalculateAvoidedCosts::test_zero_scalars_only_energy
    PASS  tests/test_calculations.py::TestCalculateUrdbBill::test_flat_rate_constant_load
    PASS  tests/test_calculations.py::TestCalculateUrdbBill::test_flat_rate_monthly_proportionality
    PASS  tests/test_calculations.py::TestCalculateUrdbBill::test_zero_load_only_fixed
    PASS  tests/test_calculations.py::TestCalculateUrdbBill::test_demand_charge
    PASS  tests/test_calculations.py::TestCalculateUrdbBill::test_gp_r31_seasonal_tiers
    PASS  tests/test_calculations.py::TestCalculateUrdbBill::test_bill_increases_with_load
    PASS  tests/test_calculations.py::TestNPVDiscounting::test_discount_factors_sum
    PASS  tests/test_calculations.py::TestNPVDiscounting::test_zero_discount_rate
    PASS  tests/test_calculations.py::TestNPVDiscounting::test_npv_known_answer
    PASS  tests/test_calculations.py::TestNPVDiscounting::test_rim_ratio_calculation
    PASS  tests/test_calculations.py::TestNPVDiscounting::test_rim_zero_lost_revenue
    PASS  tests/test_calculations.py::TestCapacityMetrics::test_epc_uniform_cwft
    PASS  tests/test_calculations.py::TestCapacityMetrics::test_epc_peaked_cwft_higher_for_peaky_load
    PASS  tests/test_calculations.py::TestCapacityMetrics::test_epc_reduction
    PASS  tests/test_calculations.py::TestCapacityMetrics::test_elcc_proxy_formula
    PASS  tests/test_calculations.py::TestCapacityMetrics::test_elcc_proxy_peaky_load
    PASS  tests/test_calculations.py::TestCapacityMetrics::test_cwft_sums_to_one
    PASS  tests/test_calculations.py::TestDispatchDrProgram::test_respects_hour_limit
    PASS  tests/test_calculations.py::TestDispatchDrProgram::test_respects_daily_limit
    PASS  tests/test_calculations.py::TestDispatchDrProgram::test_summer_only_season
    PASS  tests/test_calculations.py::TestDispatchDrProgram::test_reduction_capped_at_load
    PASS  tests/test_calculations.py::TestDispatchDrProgram::test_returns_correct_shapes
    PASS  tests/test_calculations.py::TestConfig::test_scenario_options_nonempty
    PASS  tests/test_calculations.py::TestConfig::test_planning_year_options
    PASS  tests/test_calculations.py::TestConfig::test_default_values_positive
    PASS  tests/test_calculations.py::TestConfig::test_grid_components_has_5
    PASS  tests/test_calculations.py::TestConfig::test_week_windows_valid
    PASS  tests/test_calculations.py::TestConfig::test_weather_sensitivity_function
    PASS  tests/test_calculations.py::TestConfig::test_custom_css_nonempty
    PASS  tests/test_calculations.py::TestVisualizations::test_weekly_overlay_returns_figure
    PASS  tests/test_calculations.py::TestVisualizations::test_annual_avoided_cost_returns_figure
    PASS  tests/test_calculations.py::TestVisualizations::test_stacked_components_returns_figure
    PASS  tests/test_calculations.py::TestVisualizations::test_stacked_components_no_legend
    PASS  tests/test_calculations.py::TestVisualizations::test_lifetime_npv_returns_figure

======================================================================
  Test Run: 2026-08-06 17:15:54  |  Result: ALL PASSED
  24 tests: 24 passed, 0 failed
======================================================================
    PASS  tests/test_calculations.py::TestCalculateAvoidedCosts::test_output_columns_exist
    PASS  tests/test_calculations.py::TestCalculateAvoidedCosts::test_output_length_8760
    PASS  tests/test_calculations.py::TestCalculateAvoidedCosts::test_gen_capacity_formula
    PASS  tests/test_calculations.py::TestCalculateAvoidedCosts::test_transmission_uses_pcaf
    PASS  tests/test_calculations.py::TestCalculateAvoidedCosts::test_emissions_formula
    PASS  tests/test_calculations.py::TestCalculateAvoidedCosts::test_total_is_sum_of_components
    PASS  tests/test_calculations.py::TestCalculateAvoidedCosts::test_zero_scalars_only_energy
    PASS  tests/test_calculations.py::TestCalculateUrdbBill::test_flat_rate_constant_load
    PASS  tests/test_calculations.py::TestCalculateUrdbBill::test_flat_rate_monthly_proportionality
    PASS  tests/test_calculations.py::TestCalculateUrdbBill::test_zero_load_only_fixed
    PASS  tests/test_calculations.py::TestCalculateUrdbBill::test_demand_charge
    PASS  tests/test_calculations.py::TestCalculateUrdbBill::test_gp_r31_seasonal_tiers
    PASS  tests/test_calculations.py::TestCalculateUrdbBill::test_bill_increases_with_load
    PASS  tests/test_calculations.py::TestNPVDiscounting::test_discount_factors_sum
    PASS  tests/test_calculations.py::TestNPVDiscounting::test_zero_discount_rate
    PASS  tests/test_calculations.py::TestNPVDiscounting::test_npv_known_answer
    PASS  tests/test_calculations.py::TestNPVDiscounting::test_rim_ratio_calculation
    PASS  tests/test_calculations.py::TestNPVDiscounting::test_rim_zero_lost_revenue
    PASS  tests/test_calculations.py::TestCapacityMetrics::test_epc_uniform_cwft
    PASS  tests/test_calculations.py::TestCapacityMetrics::test_epc_peaked_cwft_higher_for_peaky_load
    PASS  tests/test_calculations.py::TestCapacityMetrics::test_epc_reduction
    PASS  tests/test_calculations.py::TestCapacityMetrics::test_elcc_proxy_formula
    PASS  tests/test_calculations.py::TestCapacityMetrics::test_elcc_proxy_peaky_load
    PASS  tests/test_calculations.py::TestCapacityMetrics::test_cwft_sums_to_one

======================================================================
  Test Run: 2026-08-06 17:12:38  |  Result: ALL PASSED
  24 tests: 24 passed, 0 failed
======================================================================
    PASS  tests/test_calculations.py::TestCalculateAvoidedCosts::test_output_columns_exist
    PASS  tests/test_calculations.py::TestCalculateAvoidedCosts::test_output_length_8760
    PASS  tests/test_calculations.py::TestCalculateAvoidedCosts::test_gen_capacity_formula
    PASS  tests/test_calculations.py::TestCalculateAvoidedCosts::test_transmission_uses_pcaf
    PASS  tests/test_calculations.py::TestCalculateAvoidedCosts::test_emissions_formula
    PASS  tests/test_calculations.py::TestCalculateAvoidedCosts::test_total_is_sum_of_components
    PASS  tests/test_calculations.py::TestCalculateAvoidedCosts::test_zero_scalars_only_energy
    PASS  tests/test_calculations.py::TestCalculateUrdbBill::test_flat_rate_constant_load
    PASS  tests/test_calculations.py::TestCalculateUrdbBill::test_flat_rate_monthly_proportionality
    PASS  tests/test_calculations.py::TestCalculateUrdbBill::test_zero_load_only_fixed
    PASS  tests/test_calculations.py::TestCalculateUrdbBill::test_demand_charge
    PASS  tests/test_calculations.py::TestCalculateUrdbBill::test_gp_r31_seasonal_tiers
    PASS  tests/test_calculations.py::TestCalculateUrdbBill::test_bill_increases_with_load
    PASS  tests/test_calculations.py::TestNPVDiscounting::test_discount_factors_sum
    PASS  tests/test_calculations.py::TestNPVDiscounting::test_zero_discount_rate
    PASS  tests/test_calculations.py::TestNPVDiscounting::test_npv_known_answer
    PASS  tests/test_calculations.py::TestNPVDiscounting::test_rim_ratio_calculation
    PASS  tests/test_calculations.py::TestNPVDiscounting::test_rim_zero_lost_revenue
    PASS  tests/test_calculations.py::TestCapacityMetrics::test_epc_uniform_cwft
    PASS  tests/test_calculations.py::TestCapacityMetrics::test_epc_peaked_cwft_higher_for_peaky_load
    PASS  tests/test_calculations.py::TestCapacityMetrics::test_epc_reduction
    PASS  tests/test_calculations.py::TestCapacityMetrics::test_elcc_proxy_formula
    PASS  tests/test_calculations.py::TestCapacityMetrics::test_elcc_proxy_peaky_load
    PASS  tests/test_calculations.py::TestCapacityMetrics::test_cwft_sums_to_one

======================================================================
  Test Run: 2026-08-06 16:54:26  |  Result: ALL PASSED
  24 tests: 24 passed, 0 failed
======================================================================
    PASS  tests/test_calculations.py::TestCalculateAvoidedCosts::test_output_columns_exist
    PASS  tests/test_calculations.py::TestCalculateAvoidedCosts::test_output_length_8760
    PASS  tests/test_calculations.py::TestCalculateAvoidedCosts::test_gen_capacity_formula
    PASS  tests/test_calculations.py::TestCalculateAvoidedCosts::test_transmission_uses_pcaf
    PASS  tests/test_calculations.py::TestCalculateAvoidedCosts::test_emissions_formula
    PASS  tests/test_calculations.py::TestCalculateAvoidedCosts::test_total_is_sum_of_components
    PASS  tests/test_calculations.py::TestCalculateAvoidedCosts::test_zero_scalars_only_energy
    PASS  tests/test_calculations.py::TestCalculateUrdbBill::test_flat_rate_constant_load
    PASS  tests/test_calculations.py::TestCalculateUrdbBill::test_flat_rate_monthly_proportionality
    PASS  tests/test_calculations.py::TestCalculateUrdbBill::test_zero_load_only_fixed
    PASS  tests/test_calculations.py::TestCalculateUrdbBill::test_demand_charge
    PASS  tests/test_calculations.py::TestCalculateUrdbBill::test_gp_r31_seasonal_tiers
    PASS  tests/test_calculations.py::TestCalculateUrdbBill::test_bill_increases_with_load
    PASS  tests/test_calculations.py::TestNPVDiscounting::test_discount_factors_sum
    PASS  tests/test_calculations.py::TestNPVDiscounting::test_zero_discount_rate
    PASS  tests/test_calculations.py::TestNPVDiscounting::test_npv_known_answer
    PASS  tests/test_calculations.py::TestNPVDiscounting::test_rim_ratio_calculation
    PASS  tests/test_calculations.py::TestNPVDiscounting::test_rim_zero_lost_revenue
    PASS  tests/test_calculations.py::TestCapacityMetrics::test_epc_uniform_cwft
    PASS  tests/test_calculations.py::TestCapacityMetrics::test_epc_peaked_cwft_higher_for_peaky_load
    PASS  tests/test_calculations.py::TestCapacityMetrics::test_epc_reduction
    PASS  tests/test_calculations.py::TestCapacityMetrics::test_elcc_proxy_formula
    PASS  tests/test_calculations.py::TestCapacityMetrics::test_elcc_proxy_peaky_load
    PASS  tests/test_calculations.py::TestCapacityMetrics::test_cwft_sums_to_one

======================================================================
  Test Run: 2026-08-06 16:35:38  |  Result: ALL PASSED
  24 tests: 24 passed, 0 failed
======================================================================
    PASS  tests/test_calculations.py::TestCalculateAvoidedCosts::test_output_columns_exist
    PASS  tests/test_calculations.py::TestCalculateAvoidedCosts::test_output_length_8760
    PASS  tests/test_calculations.py::TestCalculateAvoidedCosts::test_gen_capacity_formula
    PASS  tests/test_calculations.py::TestCalculateAvoidedCosts::test_transmission_uses_pcaf
    PASS  tests/test_calculations.py::TestCalculateAvoidedCosts::test_emissions_formula
    PASS  tests/test_calculations.py::TestCalculateAvoidedCosts::test_total_is_sum_of_components
    PASS  tests/test_calculations.py::TestCalculateAvoidedCosts::test_zero_scalars_only_energy
    PASS  tests/test_calculations.py::TestCalculateUrdbBill::test_flat_rate_constant_load
    PASS  tests/test_calculations.py::TestCalculateUrdbBill::test_flat_rate_monthly_proportionality
    PASS  tests/test_calculations.py::TestCalculateUrdbBill::test_zero_load_only_fixed
    PASS  tests/test_calculations.py::TestCalculateUrdbBill::test_demand_charge
    PASS  tests/test_calculations.py::TestCalculateUrdbBill::test_gp_r31_seasonal_tiers
    PASS  tests/test_calculations.py::TestCalculateUrdbBill::test_bill_increases_with_load
    PASS  tests/test_calculations.py::TestNPVDiscounting::test_discount_factors_sum
    PASS  tests/test_calculations.py::TestNPVDiscounting::test_zero_discount_rate
    PASS  tests/test_calculations.py::TestNPVDiscounting::test_npv_known_answer
    PASS  tests/test_calculations.py::TestNPVDiscounting::test_rim_ratio_calculation
    PASS  tests/test_calculations.py::TestNPVDiscounting::test_rim_zero_lost_revenue
    PASS  tests/test_calculations.py::TestCapacityMetrics::test_epc_uniform_cwft
    PASS  tests/test_calculations.py::TestCapacityMetrics::test_epc_peaked_cwft_higher_for_peaky_load
    PASS  tests/test_calculations.py::TestCapacityMetrics::test_epc_reduction
    PASS  tests/test_calculations.py::TestCapacityMetrics::test_elcc_proxy_formula
    PASS  tests/test_calculations.py::TestCapacityMetrics::test_elcc_proxy_peaky_load
    PASS  tests/test_calculations.py::TestCapacityMetrics::test_cwft_sums_to_one

======================================================================
  Test Run: 2026-08-06 16:35:24  |  Result: ALL PASSED
  24 tests: 24 passed, 0 failed
======================================================================
    PASS  tests/test_calculations.py::TestCalculateAvoidedCosts::test_output_columns_exist
    PASS  tests/test_calculations.py::TestCalculateAvoidedCosts::test_output_length_8760
    PASS  tests/test_calculations.py::TestCalculateAvoidedCosts::test_gen_capacity_formula
    PASS  tests/test_calculations.py::TestCalculateAvoidedCosts::test_transmission_uses_pcaf
    PASS  tests/test_calculations.py::TestCalculateAvoidedCosts::test_emissions_formula
    PASS  tests/test_calculations.py::TestCalculateAvoidedCosts::test_total_is_sum_of_components
    PASS  tests/test_calculations.py::TestCalculateAvoidedCosts::test_zero_scalars_only_energy
    PASS  tests/test_calculations.py::TestCalculateUrdbBill::test_flat_rate_constant_load
    PASS  tests/test_calculations.py::TestCalculateUrdbBill::test_flat_rate_monthly_proportionality
    PASS  tests/test_calculations.py::TestCalculateUrdbBill::test_zero_load_only_fixed
    PASS  tests/test_calculations.py::TestCalculateUrdbBill::test_demand_charge
    PASS  tests/test_calculations.py::TestCalculateUrdbBill::test_gp_r31_seasonal_tiers
    PASS  tests/test_calculations.py::TestCalculateUrdbBill::test_bill_increases_with_load
    PASS  tests/test_calculations.py::TestNPVDiscounting::test_discount_factors_sum
    PASS  tests/test_calculations.py::TestNPVDiscounting::test_zero_discount_rate
    PASS  tests/test_calculations.py::TestNPVDiscounting::test_npv_known_answer
    PASS  tests/test_calculations.py::TestNPVDiscounting::test_rim_ratio_calculation
    PASS  tests/test_calculations.py::TestNPVDiscounting::test_rim_zero_lost_revenue
    PASS  tests/test_calculations.py::TestCapacityMetrics::test_epc_uniform_cwft
    PASS  tests/test_calculations.py::TestCapacityMetrics::test_epc_peaked_cwft_higher_for_peaky_load
    PASS  tests/test_calculations.py::TestCapacityMetrics::test_epc_reduction
    PASS  tests/test_calculations.py::TestCapacityMetrics::test_elcc_proxy_formula
    PASS  tests/test_calculations.py::TestCapacityMetrics::test_elcc_proxy_peaky_load
    PASS  tests/test_calculations.py::TestCapacityMetrics::test_cwft_sums_to_one

